<!doctype html public "-//w3c//dtd html 4.0 transitional//en">
<html><head>
<title>Static Call Graph - [.\Objects\Sleep_Test.axf]</title></head>
<body><HR>
<H1>Static Call Graph for image .\Objects\Sleep_Test.axf</H1><HR>
<BR><P>#&#060CALLGRAPH&#062# ARM Linker, 5060528: Last Updated: Tue Jan 30 10:25:44 2018
<BR><P>
<H3>Maximum Stack Usage =        688 bytes + Unknown(Functions without stacksize, Cycles, Untraceable Function Pointers)</H3><H3>
Call chain for Maximum Stack Depth:</H3>
RESET_HANDLER &rArr; main &rArr; BTLE_StackTick &rArr; Timer_ProcessQ &rArr; TimerCallback &rArr; HAL_VTimerTimeoutCallback &rArr; sleep_timer &rArr;  BTLE_StackTick (Cycle)
<P>
<H3>
Functions with no stack information
</H3><UL>
 <LI><a href="#[8c]">AES128ECB_Wrapper</a>
 <LI><a href="#[90]">AES_CMAC_Encrypt</a>
 <LI><a href="#[92]">AES_CMAC_Encrypt_Append</a>
 <LI><a href="#[93]">AES_CMAC_Encrypt_Finish</a>
 <LI><a href="#[91]">AES_CMAC_Encrypt_Init</a>
 <LI><a href="#[8f]">AES_general_SW_enc</a>
 <LI><a href="#[8d]">AES_keyschedule_enc</a>
 <LI><a href="#[97]">Accu_Handles_Requiring_Auth</a>
 <LI><a href="#[9c]">Accu_UuidTypes_Requiring_Auth</a>
 <LI><a href="#[9e]">Acl_Clone_Fragment</a>
 <LI><a href="#[a1]">Acl_Disconnected_Peer</a>
 <LI><a href="#[1cf]">Acl_Get_Last</a>
 <LI><a href="#[a0]">Acl_Get_Pack_Off</a>
 <LI><a href="#[a4]">Acl_Init</a>
 <LI><a href="#[a6]">Acl_Rcv_Pkt_Handler</a>
 <LI><a href="#[a9]">Acl_Transmit_Data</a>
 <LI><a href="#[aa]">Acl_Transmit_Packet</a>
 <LI><a href="#[ad]">Acl_Tx_Cmpl_Pkt_Handler</a>
 <LI><a href="#[ae]">Att_Send_Read_Blob_Req_Pdu</a>
 <LI><a href="#[b0]">Att_Send_Read_By_Typ_Req_Pdu</a>
 <LI><a href="#[b2]">BTLE_StackTick</a>
 <LI><a href="#[c5]">BlueNRG_Stack_Initialization</a>
 <LI><a href="#[c8]">BlueNRG_Stack_Initialize_ConfigData</a>
 <LI><a href="#[ca]">BlueNRG_Stack_Initialize_Layers</a>
 <LI><a href="#[d4]">BlueNRG_Stack_Initialize_RAM</a>
 <LI><a href="#[c6]">BlueNRG_Stack_Initialize_RAM_check</a>
 <LI><a href="#[c2]">BlueNRG_Stack_Perform_Deep_Sleep_Check</a>
 <LI><a href="#[d8]">BlueNRG_Start_Crystal_Measurement</a>
 <LI><a href="#[dc]">Blue_Init_Global</a>
 <LI><a href="#[dd]">Blue_Set_Radio_Config_Data</a>
 <LI><a href="#[df]">Build_Notif_Or_Ind</a>
 <LI><a href="#[e0]">CheckSecForSignedWrite</a>
 <LI><a href="#[156]">Check_Encry_Key_Size</a>
 <LI><a href="#[e3]">Check_Flags</a>
 <LI><a href="#[e7]">Check_For_Service_Change</a>
 <LI><a href="#[ec]">Check_Permission</a>
 <LI><a href="#[ef]">Check_Serv_Chng_Charac_Ind_Not</a>
 <LI><a href="#[f1]">Check_Stat</a>
 <LI><a href="#[b5]">Controller_Process_Q</a>
 <LI><a href="#[234]">Delay_With_NOP_Cycles</a>
 <LI><a href="#[d5]">Dynamic_allocator</a>
 <LI><a href="#[d6]">Dynamic_allocator_noRet</a>
 <LI><a href="#[b6]">Events_Process_Q</a>
 <LI><a href="#[d3]">Events_Process_init</a>
 <LI><a href="#[ff]">Exchg_Mtu_Resp</a>
 <LI><a href="#[101]">Exec_Write_Resp</a>
 <LI><a href="#[e9]">Fetch_Handle</a>
 <LI><a href="#[ea]">Find_Attr_Index</a>
 <LI><a href="#[109]">Find_By_Type_Val_Resp</a>
 <LI><a href="#[10c]">Find_Client_Data</a>
 <LI><a href="#[e4]">Find_Gatt_Client</a>
 <LI><a href="#[111]">Find_Info_Resp</a>
 <LI><a href="#[198]">Find_L2cap_signalling_connection</a>
 <LI><a href="#[148]">Find_Timed_Out_Connection</a>
 <LI><a href="#[112]">Flash_Write_Client_Data</a>
 <LI><a href="#[118]">Flash_Write_Flagged</a>
 <LI><a href="#[119]">GAP_Connection_Complete_Handler</a>
 <LI><a href="#[11b]">GAP_Delete_ADType</a>
 <LI><a href="#[11f]">GAP_DiscProcTimeoutcb</a>
 <LI><a href="#[121]">GAP_Init</a>
 <LI><a href="#[d0]">GAP_Init_Context</a>
 <LI><a href="#[12a]">GAP_Internal_Evt_Handler</a>
 <LI><a href="#[12b]">GAP_LL_Event_Handler_ISR</a>
 <LI><a href="#[12d]">GAP_LimDiscTimeoutcb</a>
 <LI><a href="#[130]">GAP_Notify_Add_Charac</a>
 <LI><a href="#[12c]">GAP_Parse_Advertising_Report</a>
 <LI><a href="#[134]">GAP_Privacy1v2</a>
 <LI><a href="#[13c]">GAP_PrivateAddrTimercb</a>
 <LI><a href="#[ba]">GAP_Process_Q</a>
 <LI><a href="#[140]">GAP_Set_Discoverable_Mode</a>
 <LI><a href="#[142]">GAP_Set_Non_Discoverable_Mode</a>
 <LI><a href="#[173]">GAP_Started_Gatt_Proc</a>
 <LI><a href="#[15f]">GATT_Clear_Flag</a>
 <LI><a href="#[143]">GATT_Connection_Complete_Handler</a>
 <LI><a href="#[131]">GATT_Num_Charac_Present</a>
 <LI><a href="#[145]">GATT_Set_Flag</a>
 <LI><a href="#[147]">GATT_TimeOut_Handler</a>
 <LI><a href="#[29f]">GapIsPrivacySupported</a>
 <LI><a href="#[151]">Gatt_Add_Charac_Desc</a>
 <LI><a href="#[128]">Gatt_Add_Characteristic</a>
 <LI><a href="#[155]">Gatt_Add_Descriptor</a>
 <LI><a href="#[127]">Gatt_Add_Service</a>
 <LI><a href="#[159]">Gatt_Check_Not_Error_Resp</a>
 <LI><a href="#[1f8]">Gatt_Find_Srv_From_Handle</a>
 <LI><a href="#[99]">Gatt_Find_Srv_Owner_Of_Handle</a>
 <LI><a href="#[167]">Gatt_Find_Timed_Out_Connection_Index</a>
 <LI><a href="#[15b]">Gatt_Flush_Pending_AclPacket_Lists</a>
 <LI><a href="#[bb]">Gatt_Process_Q</a>
 <LI><a href="#[13f]">Gatt_Read_Charac_By_Uuid</a>
 <LI><a href="#[1d]">Gatt_Read_Charac_By_Uuid_Cb</a>
 <LI><a href="#[15c]">Gatt_Reset_To_Closed_State</a>
 <LI><a href="#[152]">Gatt_Server_Db_Check</a>
 <LI><a href="#[16b]">Gatt_Server_Init</a>
 <LI><a href="#[16d]">Gatt_Server_L2C_Handler</a>
 <LI><a href="#[171]">Gatt_Server_L2C_Handler_ISR</a>
 <LI><a href="#[166]">Gatt_Super_Handler_Task7</a>
 <LI><a href="#[129]">Gatt_Update_Charac_Value</a>
 <LI><a href="#[17b]">Gatt_Update_Charac_Value_Ext</a>
 <LI><a href="#[138]">Generate_Non_Resolvable_Private_Address</a>
 <LI><a href="#[146]">Get_GAP_Handle</a>
 <LI><a href="#[10e]">Get_Max_SecDb_Size</a>
 <LI><a href="#[115]">Get_SecRec_Len_In_Words</a>
 <LI><a href="#[17f]">Get_SecRecord_Size</a>
 <LI><a href="#[123]">Get_StaticRandAddr</a>
 <LI><a href="#[180]">HAL_Flash_Store_Data</a>
 <LI><a href="#[181]">HAL_Generate_Random_Bytes_To</a>
 <LI><a href="#[d2]">HAL_Init</a>
 <LI><a href="#[236]">HAL_Set_TX_Power_Level</a>
 <LI><a href="#[185]">HAL_VTimerAcc_sysT32_ms</a>
 <LI><a href="#[18b]">HAL_VTimerDiff_ms_sysT32</a>
 <LI><a href="#[182]">HAL_VTimerGetCurrentTime_sysT32</a>
 <LI><a href="#[184]">HAL_VTimerStart_ms</a>
 <LI><a href="#[186]">HAL_VTimerStart_sysT32</a>
 <LI><a href="#[189]">HAL_VTimer_Stop</a>
 <LI><a href="#[d1]">HCI_Init</a>
 <LI><a href="#[17c]">Hal_Get_Random_Number</a>
 <LI><a href="#[192]">Hal_Get_Random_Number32</a>
 <LI><a href="#[122]">IDD_Initialize_Device_IDs</a>
 <LI><a href="#[eb]">Ind_Service_Change_Charac</a>
 <LI><a href="#[194]">InvaliDate_Record</a>
 <LI><a href="#[1a7]">Is_Address_Initialized</a>
 <LI><a href="#[1e2]">Is_Flash_Write_On_Going</a>
 <LI><a href="#[9b]">L2CAP_Get_PDU_Len</a>
 <LI><a href="#[195]">L2CAP_Reset_To_Closed_State</a>
 <LI><a href="#[197]">L2C_Build_Command_Reject_Pdu</a>
 <LI><a href="#[199]">L2C_Connection_Complete_Handler</a>
 <LI><a href="#[19c]">L2C_Connection_Complete_Signal_Handler</a>
 <LI><a href="#[ce]">L2C_Init</a>
 <LI><a href="#[19d]">L2C_Rcv_Event_Handler</a>
 <LI><a href="#[1a0]">L2C_Rcv_Event_Handler_ISR</a>
 <LI><a href="#[164]">L2C_Send_Data</a>
 <LI><a href="#[1a2]">L2C_SigChan_Req_TimeOut_Handler</a>
 <LI><a href="#[19f]">L2C_Signal_Channel_Handler</a>
 <LI><a href="#[19b]">L2C_Signal_Channel_Handler_ISR</a>
 <LI><a href="#[1a4]">LE_TO_NRG_32</a>
 <LI><a href="#[135]">LL_Allow_Address_Setting</a>
 <LI><a href="#[1a6]">LL_Check_And_Set_Addresses</a>
 <LI><a href="#[12e]">LL_Enable_Disable_Adv</a>
 <LI><a href="#[120]">LL_Enable_Disable_Scan</a>
 <LI><a href="#[1b4]">LL_Encrypt_Plain_Data</a>
 <LI><a href="#[1a5]">LL_Get_Address</a>
 <LI><a href="#[136]">LL_Get_AdvAddress</a>
 <LI><a href="#[11d]">LL_Get_Adv_Data</a>
 <LI><a href="#[1b6]">LL_Get_Adv_Tx_Power_Level</a>
 <LI><a href="#[1b8]">LL_Get_LTK</a>
 <LI><a href="#[137]">LL_Get_ScanAddress</a>
 <LI><a href="#[cc]">LL_Init</a>
 <LI><a href="#[1bb]">LL_LE_Clear_White_List</a>
 <LI><a href="#[1bd]">LL_LE_Set_Address_Resolution_Enable</a>
 <LI><a href="#[124]">LL_LE_Set_Resolvable_Private_Address_Timeout</a>
 <LI><a href="#[1ba]">LL_Rcv_ACL_Data</a>
 <LI><a href="#[ab]">LL_Send_ACL_Data</a>
 <LI><a href="#[126]">LL_SetAddressResolutionEnable</a>
 <LI><a href="#[11e]">LL_Set_Adv_Data</a>
 <LI><a href="#[1be]">LL_Set_Adv_Params</a>
 <LI><a href="#[1ad]">LL_Set_Advertising_Buffers</a>
 <LI><a href="#[1aa]">LL_Set_DirectAddress</a>
 <LI><a href="#[1ab]">LL_Set_OwnAddress</a>
 <LI><a href="#[293]">LL_Set_Scan_Resp_Data</a>
 <LI><a href="#[1b0]">LL_Sleep_Req</a>
 <LI><a href="#[1bf]">LL_Start_Encryption</a>
 <LI><a href="#[1c0]">LL_Update_Advertising_Buffers</a>
 <LI><a href="#[1c1]">LL_Update_Scanning_Initiating_Buffers</a>
 <LI><a href="#[1e9]">LL_receive_data_patch</a>
 <LI><a href="#[1eb]">LL_update_proc</a>
 <LI><a href="#[153]">List_Circular_Get_Size</a>
 <LI><a href="#[267]">List_Circular_Insert_Head</a>
 <LI><a href="#[158]">List_Circular_Insert_Tail</a>
 <LI><a href="#[1c2]">List_Circular_Node_Present</a>
 <LI><a href="#[22b]">List_Circular_Remove_Head</a>
 <LI><a href="#[157]">List_Circular_Remove_Node</a>
 <LI><a href="#[1c4]">PKA_Generate_ECDH_Public_Key</a>
 <LI><a href="#[1c8]">PKA_Get_Current_Operation</a>
 <LI><a href="#[f3]">PKA_Offline_Processing</a>
 <LI><a href="#[1cd]">PKA_Start_Generate_DHKey</a>
 <LI><a href="#[1ce]">PM_Append_Fragment</a>
 <LI><a href="#[1d0]">PM_Clone_Pckt</a>
 <LI><a href="#[103]">PM_Copy_Pckt_Data</a>
 <LI><a href="#[1d2]">PM_Eng_Config</a>
 <LI><a href="#[10a]">PM_Extend_Pckt_Pdu_Size</a>
 <LI><a href="#[169]">PM_Get_Available_Fragments</a>
 <LI><a href="#[1d1]">PM_Get_Fragments_Count</a>
 <LI><a href="#[e5]">PM_Get_Pckt</a>
 <LI><a href="#[cd]">PM_Init</a>
 <LI><a href="#[10b]">PM_Pckt_Cmp</a>
 <LI><a href="#[a3]">PM_Release_Pckt</a>
 <LI><a href="#[af]">PM_Set_Att_Pdu_Length</a>
 <LI><a href="#[e6]">PM_Set_ConnHandle</a>
 <LI><a href="#[b1]">PM_Write_Pckt_Data</a>
 <LI><a href="#[1d3]">PRIVWHIT_u8AddAddrInList</a>
 <LI><a href="#[1d4]">PRIVWHIT_u8RemoveAddrInList</a>
 <LI><a href="#[1a8]">PRIVWHIT_u8SearchAddrInList</a>
 <LI><a href="#[1d5]">PRIVWHIT_vInit_Struct</a>
 <LI><a href="#[1e5]">PRIV_SearchAddrInWhiteList</a>
 <LI><a href="#[1d6]">PRIV_u32ProcessAdvPacket</a>
 <LI><a href="#[f2]">PRIV_u8OfflineProcessing</a>
 <LI><a href="#[1d7]">PRIV_u8ResolvePrivateAddress</a>
 <LI><a href="#[1a9]">PRIV_vGeneratePrivateAddress</a>
 <LI><a href="#[1d8]">Prepare_Write_Resp</a>
 <LI><a href="#[162]">Process_Peer_Client_Data</a>
 <LI><a href="#[160]">Process_Peer_Server_Data</a>
 <LI><a href="#[db]">RAL_Isr</a>
 <LI><a href="#[1dc]">Read_Blob_Resp</a>
 <LI><a href="#[1de]">Read_By_Grp_Type_Resp</a>
 <LI><a href="#[1da]">Read_By_Type_Resp</a>
 <LI><a href="#[1dd]">Read_Multi_Resp</a>
 <LI><a href="#[10f]">Read_RecordValidity</a>
 <LI><a href="#[1db]">Read_Resp</a>
 <LI><a href="#[113]">Read_SDBRecord</a>
 <LI><a href="#[1fa]">Reclassify_All_Channels</a>
 <LI><a href="#[1fb]">SDB_Add_Record</a>
 <LI><a href="#[117]">SDB_Delete</a>
 <LI><a href="#[1fe]">SDB_Find_Matching_LTK</a>
 <LI><a href="#[202]">SDB_Find_Record</a>
 <LI><a href="#[203]">SDB_Find_Record_By_ConnHandle</a>
 <LI><a href="#[200]">SDB_Get_Data_From_Record</a>
 <LI><a href="#[232]">SDB_Get_GattDb_End_Addr</a>
 <LI><a href="#[10d]">SDB_Get_GattDb_Start_Addr</a>
 <LI><a href="#[132]">SDB_Get_Number_Of_Records</a>
 <LI><a href="#[1fd]">SDB_Get_SecurityDb_Start_Addr</a>
 <LI><a href="#[e8]">SDB_Read_Peer_Bonded_Data</a>
 <LI><a href="#[201]">SMA_Diversify</a>
 <LI><a href="#[1ff]">SMA_GenEDIV_RecovDIV</a>
 <LI><a href="#[204]">SMA_Generate_CSRK</a>
 <LI><a href="#[205]">SMA_Generate_IRK</a>
 <LI><a href="#[206]">SMA_LP_s1_Generate_STK</a>
 <LI><a href="#[207]">SMA_SC_Gen_f4_Confirm</a>
 <LI><a href="#[209]">SMA_SC_Gen_f5_Keys</a>
 <LI><a href="#[20a]">SMA_SC_Gen_f6_Check_Val</a>
 <LI><a href="#[20b]">SMA_SC_Gen_g2_NumComp_Val</a>
 <LI><a href="#[15e]">SMP_Check_Is_Device_Bonded</a>
 <LI><a href="#[15d]">SMP_Forget_Device_by_ConnHandle</a>
 <LI><a href="#[cf]">SMP_Init</a>
 <LI><a href="#[20d]">SMP_MI_PairingRequest_Send</a>
 <LI><a href="#[bc]">SMP_Process_Q</a>
 <LI><a href="#[21a]">SMP_Repeated_Attacks_Timer_cb</a>
 <LI><a href="#[21b]">SMP_Timer_cb</a>
 <LI><a href="#[ee]">SM_Check_Encryption_KeySize</a>
 <LI><a href="#[139]">SM_Generate_Resolvable_Private_Address</a>
 <LI><a href="#[ed]">SM_Get_Link_Status</a>
 <LI><a href="#[e2]">SM_Get_Remote_Device_Info</a>
 <LI><a href="#[1a1]">SM_L2CAP_Encryption_changed_Handler_ISR</a>
 <LI><a href="#[19e]">SM_L2CAP_Handler</a>
 <LI><a href="#[19a]">SM_L2CAP_Handler_ISR</a>
 <LI><a href="#[114]">SM_Resolve_Private_Address</a>
 <LI><a href="#[223]">SM_Validate_Signed_Packet</a>
 <LI><a href="#[177]">STORE_LE_16</a>
 <LI><a href="#[110]">STORE_LE_32</a>
 <LI><a href="#[9a]">Search_Handle</a>
 <LI><a href="#[a2]">Search_In_Stat</a>
 <LI><a href="#[f0]">Search_Service_Handle</a>
 <LI><a href="#[224]">Select_Next_Notification_Client</a>
 <LI><a href="#[100]">Send_Error_Resp</a>
 <LI><a href="#[170]">Send_Notif_Or_Ind</a>
 <LI><a href="#[16f]">Start_Gatt_Timer</a>
 <LI><a href="#[16e]">Stop_Gatt_Timer</a>
 <LI><a href="#[1e1]">Timer_ExpiryCallback</a>
 <LI><a href="#[cb]">Timer_Init</a>
 <LI><a href="#[b3]">Timer_ProcessQ</a>
 <LI><a href="#[13b]">Timer_StartOneShot</a>
 <LI><a href="#[187]">Timer_StartOneShot_sysTime32</a>
 <LI><a href="#[13a]">Timer_StopOneShot</a>
 <LI><a href="#[183]">Timer_sysTime32_convMachineTime</a>
 <LI><a href="#[e1]">ValidLinkPermRequest</a>
 <LI><a href="#[26d]">WindowWiden1</a>
 <LI><a href="#[26f]">WindowWiden2</a>
 <LI><a href="#[116]">Write_Client_Data</a>
 <LI><a href="#[1e0]">Write_Cmd</a>
 <LI><a href="#[1df]">Write_Resp</a>
 <LI><a href="#[c7]">_BlueNRG_Stack_Initialization</a>
 <LI><a href="#[154]">__ARM_common_switch8</a>
 <LI><a href="#[141]">_gap_set_discoverable_connectable</a>
 <LI><a href="#[23b]">aci_att_exchange_mtu_resp_event</a>
 <LI><a href="#[40]">aci_att_exchange_mtu_resp_event_cb</a>
 <LI><a href="#[23c]">aci_att_exec_write_resp_event</a>
 <LI><a href="#[4a]">aci_att_exec_write_resp_event_cb</a>
 <LI><a href="#[23d]">aci_att_find_by_type_value_resp_event</a>
 <LI><a href="#[42]">aci_att_find_by_type_value_resp_event_cb</a>
 <LI><a href="#[23e]">aci_att_find_info_resp_event</a>
 <LI><a href="#[41]">aci_att_find_info_resp_event_cb</a>
 <LI><a href="#[23f]">aci_att_prepare_write_resp_event</a>
 <LI><a href="#[49]">aci_att_prepare_write_resp_event_cb</a>
 <LI><a href="#[240]">aci_att_read_blob_resp_event</a>
 <LI><a href="#[45]">aci_att_read_blob_resp_event_cb</a>
 <LI><a href="#[241]">aci_att_read_by_group_type_resp_event</a>
 <LI><a href="#[47]">aci_att_read_by_group_type_resp_event_cb</a>
 <LI><a href="#[242]">aci_att_read_by_type_resp_event</a>
 <LI><a href="#[43]">aci_att_read_by_type_resp_event_cb</a>
 <LI><a href="#[243]">aci_att_read_multiple_resp_event</a>
 <LI><a href="#[46]">aci_att_read_multiple_resp_event_cb</a>
 <LI><a href="#[244]">aci_att_read_resp_event</a>
 <LI><a href="#[44]">aci_att_read_resp_event_cb</a>
 <LI><a href="#[245]">aci_att_write_resp_event</a>
 <LI><a href="#[48]">aci_att_write_resp_event_cb</a>
 <LI><a href="#[a8]">aci_event_fifo_push</a>
 <LI><a href="#[a7]">aci_event_fifo_push_header</a>
 <LI><a href="#[247]">aci_gap_addr_not_resolved_event</a>
 <LI><a href="#[37]">aci_gap_addr_not_resolved_event_cb</a>
 <LI><a href="#[248]">aci_gap_authorization_req_event</a>
 <LI><a href="#[32]">aci_gap_authorization_req_event_cb</a>
 <LI><a href="#[24a]">aci_gap_bond_lost_event</a>
 <LI><a href="#[34]">aci_gap_bond_lost_event_cb</a>
 <LI><a href="#[24b]">aci_gap_device_found_event</a>
 <LI><a href="#[35]">aci_gap_device_found_event_cb</a>
 <LI><a href="#[f7]">aci_gap_init</a>
 <LI><a href="#[24c]">aci_gap_keypress_notification_event</a>
 <LI><a href="#[39]">aci_gap_keypress_notification_event_cb</a>
 <LI><a href="#[24d]">aci_gap_limited_discoverable_event</a>
 <LI><a href="#[2f]">aci_gap_limited_discoverable_event_cb</a>
 <LI><a href="#[24e]">aci_gap_numeric_comparison_value_event</a>
 <LI><a href="#[38]">aci_gap_numeric_comparison_value_event_cb</a>
 <LI><a href="#[250]">aci_gap_pairing_complete_event</a>
 <LI><a href="#[30]">aci_gap_pairing_complete_event_cb</a>
 <LI><a href="#[251]">aci_gap_pass_key_req_event</a>
 <LI><a href="#[31]">aci_gap_pass_key_req_event_cb</a>
 <LI><a href="#[252]">aci_gap_proc_complete_event</a>
 <LI><a href="#[36]">aci_gap_proc_complete_event_cb</a>
 <LI><a href="#[226]">aci_gap_set_discoverable</a>
 <LI><a href="#[18d]">aci_gap_set_non_discoverable</a>
 <LI><a href="#[254]">aci_gap_slave_security_initiated_event</a>
 <LI><a href="#[33]">aci_gap_slave_security_initiated_event_cb</a>
 <LI><a href="#[255]">aci_gatt_attribute_modified_event</a>
 <LI><a href="#[3e]">aci_gatt_attribute_modified_event_cb</a>
 <LI><a href="#[256]">aci_gatt_disc_read_char_by_uuid_resp_event</a>
 <LI><a href="#[4f]">aci_gatt_disc_read_char_by_uuid_resp_event_cb</a>
 <LI><a href="#[257]">aci_gatt_error_resp_event</a>
 <LI><a href="#[4e]">aci_gatt_error_resp_event_cb</a>
 <LI><a href="#[258]">aci_gatt_indication_event</a>
 <LI><a href="#[4b]">aci_gatt_indication_event_cb</a>
 <LI><a href="#[f6]">aci_gatt_init</a>
 <LI><a href="#[259]">aci_gatt_notification_event</a>
 <LI><a href="#[4c]">aci_gatt_notification_event_cb</a>
 <LI><a href="#[25a]">aci_gatt_prepare_write_permit_req_event</a>
 <LI><a href="#[51]">aci_gatt_prepare_write_permit_req_event_cb</a>
 <LI><a href="#[25b]">aci_gatt_proc_complete_event</a>
 <LI><a href="#[4d]">aci_gatt_proc_complete_event_cb</a>
 <LI><a href="#[25c]">aci_gatt_proc_timeout_event</a>
 <LI><a href="#[3f]">aci_gatt_proc_timeout_event_cb</a>
 <LI><a href="#[25d]">aci_gatt_read_multi_permit_req_event</a>
 <LI><a href="#[53]">aci_gatt_read_multi_permit_req_event_cb</a>
 <LI><a href="#[25e]">aci_gatt_read_permit_req_event</a>
 <LI><a href="#[52]">aci_gatt_read_permit_req_event_cb</a>
 <LI><a href="#[25f]">aci_gatt_server_confirmation_event</a>
 <LI><a href="#[55]">aci_gatt_server_confirmation_event_cb</a>
 <LI><a href="#[260]">aci_gatt_tx_pool_available_event</a>
 <LI><a href="#[54]">aci_gatt_tx_pool_available_event_cb</a>
 <LI><a href="#[261]">aci_gatt_write_permit_req_event</a>
 <LI><a href="#[50]">aci_gatt_write_permit_req_event_cb</a>
 <LI><a href="#[27a]">aci_hal_end_of_radio_activity_event</a>
 <LI><a href="#[262]">aci_hal_scan_req_report_event</a>
 <LI><a href="#[2c]">aci_hal_scan_req_report_event_cb</a>
 <LI><a href="#[f5]">aci_hal_set_tx_power_level</a>
 <LI><a href="#[263]">aci_l2cap_command_reject_event</a>
 <LI><a href="#[3d]">aci_l2cap_command_reject_event_cb</a>
 <LI><a href="#[264]">aci_l2cap_connection_update_req_event</a>
 <LI><a href="#[3c]">aci_l2cap_connection_update_req_event_cb</a>
 <LI><a href="#[265]">aci_l2cap_connection_update_resp_event</a>
 <LI><a href="#[3a]">aci_l2cap_connection_update_resp_event_cb</a>
 <LI><a href="#[266]">aci_l2cap_proc_timeout_event</a>
 <LI><a href="#[3b]">aci_l2cap_proc_timeout_event_cb</a>
 <LI><a href="#[1d9]">acl_list_full_on_packt</a>
 <LI><a href="#[102]">acl_list_get_pckt_count</a>
 <LI><a href="#[16c]">acl_list_init</a>
 <LI><a href="#[219]">acl_list_insert_head</a>
 <LI><a href="#[165]">acl_list_insert_tail</a>
 <LI><a href="#[161]">acl_list_is_empty</a>
 <LI><a href="#[104]">acl_list_remove</a>
 <LI><a href="#[163]">acl_list_remove_head</a>
 <LI><a href="#[239]">advParamsCheckAndSet</a>
 <LI><a href="#[1ed]">advance_slave_timing_MultiSlave</a>
 <LI><a href="#[299]">advance_transmit</a>
 <LI><a href="#[1b1]">advance_wakeup_timer</a>
 <LI><a href="#[1f2]">anchor_replace</a>
 <LI><a href="#[1af]">cancel_current_master</a>
 <LI><a href="#[274]">cancel_master</a>
 <LI><a href="#[275]">cancel_slave</a>
 <LI><a href="#[de]">char_copy</a>
 <LI><a href="#[1b7]">convert_power</a>
 <LI><a href="#[208]">copy_swap_buffer</a>
 <LI><a href="#[da]">deepSleepTimers_check</a>
 <LI><a href="#[1b5]">encrypt</a>
 <LI><a href="#[238]">gapClearAllModeFlags</a>
 <LI><a href="#[1e4]">get_adv_addr</a>
 <LI><a href="#[13d]">get_advertiser</a>
 <LI><a href="#[1b9]">get_connection_no</a>
 <LI><a href="#[1ac]">get_next_free_slot</a>
 <LI><a href="#[1e3]">get_scan_addr</a>
 <LI><a href="#[13e]">get_scan_connection</a>
 <LI><a href="#[1e6]">go_to_connect</a>
 <LI><a href="#[1ef]">go_to_connect_master</a>
 <LI><a href="#[c9]">hal_get_hw_version</a>
 <LI><a href="#[fc]">hal_radio_activity_state_callback_check</a>
 <LI><a href="#[fd]">hal_radio_activity_state_init</a>
 <LI><a href="#[279]">hal_read_radio_activity_state</a>
 <LI><a href="#[b4]">hci_acl_Process_Q</a>
 <LI><a href="#[57]">hci_acl_data_ind_event_int_cb</a>
 <LI><a href="#[56]">hci_acl_data_tx_cmpl_event_int_cb</a>
 <LI><a href="#[28]">hci_data_buffer_overflow_event_cb</a>
 <LI><a href="#[27d]">hci_disconnection_complete_event</a>
 <LI><a href="#[1e]">hci_disconnection_complete_event_cb</a>
 <LI><a href="#[58]">hci_disconnection_complete_event_int_cb</a>
 <LI><a href="#[27e]">hci_encryption_change_event</a>
 <LI><a href="#[1f]">hci_encryption_change_event_cb</a>
 <LI><a href="#[59]">hci_encryption_change_event_int_cb</a>
 <LI><a href="#[280]">hci_encryption_key_refresh_complete_event</a>
 <LI><a href="#[20]">hci_encryption_key_refresh_complete_event_cb</a>
 <LI><a href="#[5a]">hci_encryption_key_refresh_complete_event_int_cb</a>
 <LI><a href="#[fb]">hci_hardware_error_event</a>
 <LI><a href="#[282]">hci_le_advertising_report_event</a>
 <LI><a href="#[23]">hci_le_advertising_report_event_cb</a>
 <LI><a href="#[5d]">hci_le_advertising_report_event_int_cb</a>
 <LI><a href="#[284]">hci_le_connection_complete_event</a>
 <LI><a href="#[21]">hci_le_connection_complete_event_cb</a>
 <LI><a href="#[5b]">hci_le_connection_complete_event_int_cb</a>
 <LI><a href="#[286]">hci_le_connection_update_complete_event</a>
 <LI><a href="#[2a]">hci_le_connection_update_complete_event_cb</a>
 <LI><a href="#[288]">hci_le_direct_advertising_report_event</a>
 <LI><a href="#[27]">hci_le_direct_advertising_report_event_cb</a>
 <LI><a href="#[61]">hci_le_direct_advertising_report_event_int_cb</a>
 <LI><a href="#[28a]">hci_le_enhanced_connection_complete_event</a>
 <LI><a href="#[26]">hci_le_enhanced_connection_complete_event_cb</a>
 <LI><a href="#[60]">hci_le_enhanced_connection_complete_event_int_cb</a>
 <LI><a href="#[28c]">hci_le_generate_dhkey</a>
 <LI><a href="#[28d]">hci_le_generate_dhkey_complete_event</a>
 <LI><a href="#[25]">hci_le_generate_dhkey_complete_event_cb</a>
 <LI><a href="#[5f]">hci_le_generate_dhkey_complete_event_int_cb</a>
 <LI><a href="#[28f]">hci_le_long_term_key_request_event</a>
 <LI><a href="#[22]">hci_le_long_term_key_request_event_cb</a>
 <LI><a href="#[5c]">hci_le_long_term_key_request_event_int_cb</a>
 <LI><a href="#[213]">hci_le_read_local_p256_public_key</a>
 <LI><a href="#[290]">hci_le_read_local_p256_public_key_complete_event</a>
 <LI><a href="#[24]">hci_le_read_local_p256_public_key_complete_event_cb</a>
 <LI><a href="#[5e]">hci_le_read_local_p256_public_key_complete_event_int_cb</a>
 <LI><a href="#[292]">hci_le_read_remote_used_features_complete_event</a>
 <LI><a href="#[2b]">hci_le_read_remote_used_features_complete_event_cb</a>
 <LI><a href="#[18c]">hci_le_set_advertising_data</a>
 <LI><a href="#[125]">hci_le_set_event_mask</a>
 <LI><a href="#[225]">hci_le_set_scan_response_data</a>
 <LI><a href="#[294]">hci_number_of_completed_packets_event</a>
 <LI><a href="#[2d]">hci_number_of_completed_packets_event_cb</a>
 <LI><a href="#[295]">hci_read_remote_version_information_complete_event</a>
 <LI><a href="#[29]">hci_read_remote_version_information_complete_event_cb</a>
 <LI><a href="#[27b]">hci_rx_acl_data</a>
 <LI><a href="#[296]">hci_rx_acl_data_event</a>
 <LI><a href="#[2e]">hci_rx_acl_data_event_cb</a>
 <LI><a href="#[27c]">hci_tx_acl_data_done</a>
 <LI><a href="#[193]">is_Buffer_All_Set_To</a>
 <LI><a href="#[276]">is_slave</a>
 <LI><a href="#[1f4]">isr_event_handler_patched</a>
 <LI><a href="#[1f5]">isr_postproc</a>
 <LI><a href="#[1ea]">isr_postproc1</a>
 <LI><a href="#[1f1]">isr_postproc_encrypt_data</a>
 <LI><a href="#[b8]">machine_time_trans</a>
 <LI><a href="#[d7]">mem_alloc_ctx_init</a>
 <LI><a href="#[271]">microseconds_to_machine_time</a>
 <LI><a href="#[1ec]">modulo_37</a>
 <LI><a href="#[1bc]">nsar_init</a>
 <LI><a href="#[b9]">patch_advance_transmit</a>
 <LI><a href="#[1f3]">read_rssi</a>
 <LI><a href="#[1b2]">request_scan_slot</a>
 <LI><a href="#[1ae]">schedule_advertise_slot</a>
 <LI><a href="#[23a]">setGapAdvData</a>
 <LI><a href="#[d9]">set_freq</a>
 <LI><a href="#[26c]">set_sca</a>
 <LI><a href="#[1ee]">set_string</a>
 <LI><a href="#[ac]">slave_advance</a>
 <LI><a href="#[20e]">sm_Search_BlackList</a>
 <LI><a href="#[29c]">smp_Add_To_Database</a>
 <LI><a href="#[29d]">smp_Determine_Key_Association_Method</a>
 <LI><a href="#[222]">smp_Find_Remote_Device_Index</a>
 <LI><a href="#[2aa]">smp_Get_Local_Identity_Address</a>
 <LI><a href="#[2a7]">smp_Keys_Distribution_Start</a>
 <LI><a href="#[210]">smp_OOB_Check_Is_Remote_Data_Present</a>
 <LI><a href="#[2ac]">smp_OOB_Clear_Remote_Data_Entry_by_Index</a>
 <LI><a href="#[2ad]">smp_OOB_Get_Remote_Data_Reference</a>
 <LI><a href="#[2a9]">smp_Pairing_Completed</a>
 <LI><a href="#[2b3]">smp_Receive_Keys</a>
 <LI><a href="#[212]">smp_Send_Data</a>
 <LI><a href="#[2a6]">smp____PairingFailed_Send</a>
 <LI><a href="#[2bc]">smp____Pairing_2Octets_Packet_Send</a>
 <LI><a href="#[2ba]">smp____SC_Continue_If_Exclusive_SC_Pairing</a>
 <LI><a href="#[2b1]">smp____SC_PairingPublicKey_Receive</a>
 <LI><a href="#[2a1]">smp____SC_PairingPublicKey_Send</a>
 <LI><a href="#[2a3]">smp____SC_Pairing_OOB_Confirm_Receive_and_Verify</a>
 <LI><a href="#[2b6]">smp____SC_Phase_2AS2_DHKeyCheck_Receive</a>
 <LI><a href="#[2c1]">smp____SC_Phase_2AS2_DHKeyCheck_Send</a>
 <LI><a href="#[2a5]">smp____SC_Phase_2AS2_Start</a>
 <LI><a href="#[2be]">smp____SC_Verify_Peer_PK_and_Generate_DHKey</a>
 <LI><a href="#[28e]">smp____SC_hci_le_generate_dhkey_complete_evt_hndl</a>
 <LI><a href="#[291]">smp____SC_hci_le_read_local_p256_public_key_complete_evt_hndl</a>
 <LI><a href="#[20c]">smp____SC_initialize</a>
 <LI><a href="#[2bf]">smp____SC_is_Debug_Key_Usage_Forced</a>
 <LI><a href="#[2bd]">smp____SC_is_any_other_SC_Pairing_Ongoing</a>
 <LI><a href="#[2a0]">smp____SC_submit_ECC_PK_generation_request</a>
 <LI><a href="#[1b3]">start_timebase</a>
 <LI><a href="#[172]">store_data</a>
 <LI><a href="#[1f0]">system_time_trans</a>
 <LI><a href="#[22a]">system_time_trans_ext</a>
 <LI><a href="#[26e]">time_offset1</a>
 <LI><a href="#[270]">time_offset2</a>
 <LI><a href="#[278]">timebase_start_connect</a>
 <LI><a href="#[1e8]">unpack_channel_map</a>
 <LI><a href="#[1e7]">unpack_update_request</a>
 <LI><a href="#[253]">_aci_gap_set_discoverable_param_check</a>
 <LI><a href="#[b7]">BlueNRG_Stack_Perform_Crystal_Check</a>
 <LI><a href="#[1cb]">hci_le_generate_dhkey_complete_event_push</a>
 <LI><a href="#[1ca]">hci_le_read_local_p256_public_key_complete_event_push</a>
 <LI><a href="#[229]">TimerCallback</a>
 <LI><a href="#[246]">fifoBuf_getFreeHeader</a>
 <LI><a href="#[fe]">fifoCtrl_init</a>
 <LI><a href="#[133]">_GAP_Parse_Advertising_Report</a>
 <LI><a href="#[12f]">aci_gap_limited_discoverable_event_push</a>
 <LI><a href="#[11a]">aci_gap_proc_complete_event_push</a>
 <LI><a href="#[176]">aci_att_read_blob_resp_event_push</a>
 <LI><a href="#[175]">aci_att_read_multiple_resp_event_push</a>
 <LI><a href="#[174]">aci_att_read_resp_event_push</a>
 <LI><a href="#[179]">aci_gatt_disc_read_char_by_uuid_resp_event_push</a>
 <LI><a href="#[15a]">aci_gatt_error_resp_event_push</a>
 <LI><a href="#[17a]">aci_gatt_proc_complete_event_push</a>
 <LI><a href="#[144]">GATT_Server_Set_Flag</a>
 <LI><a href="#[168]">Gatt_Store_Server_Database_And_Reset_CCCD</a>
 <LI><a href="#[196]">Find_L2cap_conn_index</a>
 <LI><a href="#[1a3]">aci_l2cap_connection_update_req_event_push</a>
 <LI><a href="#[27f]">hci_encryption_change_event_push</a>
 <LI><a href="#[281]">hci_encryption_key_refresh_complete_event_push</a>
 <LI><a href="#[283]">hci_le_advertising_report_event_push</a>
 <LI><a href="#[285]">hci_le_connection_complete_event_push</a>
 <LI><a href="#[287]">hci_le_connection_update_complete_event_push</a>
 <LI><a href="#[289]">hci_le_direct_advertising_report_event_push</a>
 <LI><a href="#[28b]">hci_le_enhanced_connection_complete_event_push</a>
 <LI><a href="#[f8]">Mem_assign</a>
 <LI><a href="#[268]">adapt_slot</a>
 <LI><a href="#[26a]">nsar_insertSlotListEntry</a>
 <LI><a href="#[26b]">nsar_searchBestFreeSlot</a>
 <LI><a href="#[298]">nsar_updateBestFreeSlot</a>
 <LI><a href="#[269]">nsar_updateSlotListEntry</a>
 <LI><a href="#[272]">swap_char</a>
 <LI><a href="#[273]">swap_short_int</a>
 <LI><a href="#[9f]">Acl_Copy_Data</a>
 <LI><a href="#[f9]">Erase_Sector</a>
 <LI><a href="#[1fc]">Write_SDBRecord</a>
 <LI><a href="#[24f]">aci_gap_numeric_comparison_value_event_push</a>
 <LI><a href="#[214]">sm_Get_Long_Term_Key</a>
 <LI><a href="#[29b]">sm_RepeatedAttacks_Protection</a>
 <LI><a href="#[20f]">smp_Build_AuthReq_Field</a>
 <LI><a href="#[211]">smp_Build_Pairing_ReqResp_Packet</a>
 <LI><a href="#[2b9]">smp_Check_Incoming_Pairing_Parameters</a>
 <LI><a href="#[215]">smp_Execute_Actions_wrt_Current_State</a>
 <LI><a href="#[2bb]">smp_Get_Pairing_Parameters_From_Peer_Packet</a>
 <LI><a href="#[2a8]">smp_Keys_Distribution_Send</a>
 <LI><a href="#[2ab]">smp_LP_MI_Compute_c1_Confirm_Value</a>
 <LI><a href="#[218]">smp_Process_Rx_Packet_Exception_Cases</a>
 <LI><a href="#[216]">smp_Process_Rx_Packet_wrt_Current_State</a>
 <LI><a href="#[2ae]">smp_Reset_Timer</a>
 <LI><a href="#[2b7]">smp_SR_Compute_c1_Confirm_Value</a>
 <LI><a href="#[2b8]">smp_Set_Key_Association_Method</a>
 <LI><a href="#[29e]">smp____MI_PairingConfirm_Receive</a>
 <LI><a href="#[2a2]">smp____MI_PairingConfirm_Send</a>
 <LI><a href="#[2b5]">smp____MI_PairingRandom_Receive</a>
 <LI><a href="#[2b4]">smp____MI_PairingResponse_Receive</a>
 <LI><a href="#[2b0]">smp____MI_SecurityRequest_Receive</a>
 <LI><a href="#[217]">smp____Pairing_Process_Abort</a>
 <LI><a href="#[2a4]">smp____SR_PairingConfirm_Receive</a>
 <LI><a href="#[2b2]">smp____SR_PairingRandom_Receive</a>
 <LI><a href="#[2af]">smp____SR_PairingRequest_Receive</a>
 <LI><a href="#[21f]">SM_Connection_Complete_Handler</a>
 <LI><a href="#[249]">aci_gap_authorization_req_event_push</a>
 <LI><a href="#[21c]">aci_gap_pairing_complete_event_push</a>
 <LI><a href="#[221]">smp_Keys_Distribution_Complete</a>
 <LI><a href="#[105]">aci_gatt_attribute_modified_event_push</a>
 <LI><a href="#[1f9]">aci_gatt_read_multi_permit_req_event_push</a>
 <LI><a href="#[1f7]">aci_gatt_read_permit_req_event_push</a>
 <LI><a href="#[233]">aci_gatt_write_permit_req_event_push</a>
 <LI><a href="#[2c0]">smp____SC_Phase_2AS2_Generate_DHKeyCheck</a>
 <LI><a href="#[2c2]">smp____SC_Phase_2AS2__Set_Addresses</a>
 <LI><a href="#[29a]">LeftShift</a>
 <LI><a href="#[21d]">SM_CMAC_Generate_Tag</a>
 <LI><a href="#[220]">sm_Calculate_Hash</a>
 <LI><a href="#[21e]">sm_Generate_SubKeys</a>
 <LI><a href="#[94]">AES_general_enc</a>
 <LI><a href="#[96]">AES_keyschedule_enc_LL</a>
 <LI><a href="#[95]">AESstdInit</a>
</UL>
</UL>
<P>
<H3>
Mutually Recursive functions
</H3> <LI><a href="#[106]">assert_failed</a>&nbsp;&nbsp;&nbsp;&rArr;&nbsp;&nbsp;&nbsp;<a href="#[106]">assert_failed</a><BR>
 <LI><a href="#[7]">HardFault_Handler</a>&nbsp;&nbsp;&nbsp;&rArr;&nbsp;&nbsp;&nbsp;<a href="#[7]">HardFault_Handler</a><BR>
 <LI><a href="#[18e]">sleep_timer</a>&nbsp;&nbsp;&nbsp;&rArr;&nbsp;&nbsp;&nbsp;<a href="#[b2]">BTLE_StackTick</a><BR>
</UL>
<P>
<H3>
Function Pointers
</H3><UL>
 <LI><a href="#[11]">ADC_Handler</a> from system_bluenrg1.o(i.ADC_Handler) referenced from system_bluenrg1.o(.intvec)
 <LI><a href="#[f]">Blue_Handler</a> from bluenrg1_it.o(i.Blue_Handler) referenced from system_bluenrg1.o(.intvec)
 <LI><a href="#[1a]">DMA_Handler</a> from system_bluenrg1.o(i.DMA_Handler) referenced from system_bluenrg1.o(.intvec)
 <LI><a href="#[b]">GPIO_Handler</a> from bluenrg1_it.o(i.GPIO_Handler) referenced from system_bluenrg1.o(.intvec)
 <LI><a href="#[1d]">Gatt_Read_Charac_By_Uuid_Cb</a> from gatt_client.o(i.Gatt_Read_Charac_By_Uuid_Cb) referenced from gatt_client.o(i.Gatt_Read_Charac_By_Uuid)
 <LI><a href="#[7]">HardFault_Handler</a> from bluenrg1_it.o(i.HardFault_Handler) referenced from system_bluenrg1.o(.intvec)
 <LI><a href="#[13]">I2C1_Handler</a> from system_bluenrg1.o(i.I2C1_Handler) referenced from system_bluenrg1.o(.intvec)
 <LI><a href="#[12]">I2C2_Handler</a> from system_bluenrg1.o(i.I2C2_Handler) referenced from system_bluenrg1.o(.intvec)
 <LI><a href="#[14]">MFT1A_Handler</a> from system_bluenrg1.o(i.MFT1A_Handler) referenced from system_bluenrg1.o(.intvec)
 <LI><a href="#[15]">MFT1B_Handler</a> from system_bluenrg1.o(i.MFT1B_Handler) referenced from system_bluenrg1.o(.intvec)
 <LI><a href="#[16]">MFT2A_Handler</a> from system_bluenrg1.o(i.MFT2A_Handler) referenced from system_bluenrg1.o(.intvec)
 <LI><a href="#[17]">MFT2B_Handler</a> from system_bluenrg1.o(i.MFT2B_Handler) referenced from system_bluenrg1.o(.intvec)
 <LI><a href="#[6]">NMI_Handler</a> from bluenrg1_it.o(i.NMI_Handler) referenced from system_bluenrg1.o(.intvec)
 <LI><a href="#[c]">NVM_Handler</a> from system_bluenrg1.o(i.NVM_Handler) referenced from system_bluenrg1.o(.intvec)
 <LI><a href="#[19]">PKA_Handler</a> from system_bluenrg1.o(i.PKA_Handler) referenced from system_bluenrg1.o(.intvec)
 <LI><a href="#[9]">PendSV_Handler</a> from system_bluenrg1.o(i.PendSV_Handler) referenced from system_bluenrg1.o(.intvec)
 <LI><a href="#[5]">RESET_HANDLER</a> from system_bluenrg1.o(i.RESET_HANDLER) referenced from system_bluenrg1.o(.intvec)
 <LI><a href="#[18]">RTC_Handler</a> from system_bluenrg1.o(i.RTC_Handler) referenced from system_bluenrg1.o(.intvec)
 <LI><a href="#[e]">SPI_Handler</a> from system_bluenrg1.o(i.SPI_Handler) referenced from system_bluenrg1.o(.intvec)
 <LI><a href="#[8]">SVC_Handler</a> from bluenrg1_it.o(i.SVC_Handler) referenced from system_bluenrg1.o(.intvec)
 <LI><a href="#[a]">SysTick_Handler</a> from bluenrg1_it.o(i.SysTick_Handler) referenced from system_bluenrg1.o(.intvec)
 <LI><a href="#[d]">UART_Handler</a> from bluenrg1_it.o(i.UART_Handler) referenced from system_bluenrg1.o(.intvec)
 <LI><a href="#[10]">WDG_Handler</a> from system_bluenrg1.o(i.WDG_Handler) referenced from system_bluenrg1.o(.intvec)
 <LI><a href="#[1c]">_printf_input_char</a> from _printf_char_common.o(.text) referenced from _printf_char_common.o(.text)
 <LI><a href="#[40]">aci_att_exchange_mtu_resp_event_cb</a> from aci_events.o(i.aci_att_exchange_mtu_resp_event_cb) referenced from aci_events.o(.constdata)
 <LI><a href="#[4a]">aci_att_exec_write_resp_event_cb</a> from aci_events.o(i.aci_att_exec_write_resp_event_cb) referenced from aci_events.o(.constdata)
 <LI><a href="#[42]">aci_att_find_by_type_value_resp_event_cb</a> from aci_events.o(i.aci_att_find_by_type_value_resp_event_cb) referenced from aci_events.o(.constdata)
 <LI><a href="#[41]">aci_att_find_info_resp_event_cb</a> from aci_events.o(i.aci_att_find_info_resp_event_cb) referenced from aci_events.o(.constdata)
 <LI><a href="#[49]">aci_att_prepare_write_resp_event_cb</a> from aci_events.o(i.aci_att_prepare_write_resp_event_cb) referenced from aci_events.o(.constdata)
 <LI><a href="#[45]">aci_att_read_blob_resp_event_cb</a> from aci_events.o(i.aci_att_read_blob_resp_event_cb) referenced from aci_events.o(.constdata)
 <LI><a href="#[47]">aci_att_read_by_group_type_resp_event_cb</a> from aci_events.o(i.aci_att_read_by_group_type_resp_event_cb) referenced from aci_events.o(.constdata)
 <LI><a href="#[43]">aci_att_read_by_type_resp_event_cb</a> from aci_events.o(i.aci_att_read_by_type_resp_event_cb) referenced from aci_events.o(.constdata)
 <LI><a href="#[46]">aci_att_read_multiple_resp_event_cb</a> from aci_events.o(i.aci_att_read_multiple_resp_event_cb) referenced from aci_events.o(.constdata)
 <LI><a href="#[44]">aci_att_read_resp_event_cb</a> from aci_events.o(i.aci_att_read_resp_event_cb) referenced from aci_events.o(.constdata)
 <LI><a href="#[48]">aci_att_write_resp_event_cb</a> from aci_events.o(i.aci_att_write_resp_event_cb) referenced from aci_events.o(.constdata)
 <LI><a href="#[37]">aci_gap_addr_not_resolved_event_cb</a> from aci_events.o(i.aci_gap_addr_not_resolved_event_cb) referenced from aci_events.o(.constdata)
 <LI><a href="#[32]">aci_gap_authorization_req_event_cb</a> from aci_events.o(i.aci_gap_authorization_req_event_cb) referenced from aci_events.o(.constdata)
 <LI><a href="#[34]">aci_gap_bond_lost_event_cb</a> from aci_events.o(i.aci_gap_bond_lost_event_cb) referenced from aci_events.o(.constdata)
 <LI><a href="#[35]">aci_gap_device_found_event_cb</a> from aci_events.o(i.aci_gap_device_found_event_cb) referenced from aci_events.o(.constdata)
 <LI><a href="#[39]">aci_gap_keypress_notification_event_cb</a> from aci_events.o(i.aci_gap_keypress_notification_event_cb) referenced from aci_events.o(.constdata)
 <LI><a href="#[2f]">aci_gap_limited_discoverable_event_cb</a> from aci_events.o(i.aci_gap_limited_discoverable_event_cb) referenced from aci_events.o(.constdata)
 <LI><a href="#[38]">aci_gap_numeric_comparison_value_event_cb</a> from aci_events.o(i.aci_gap_numeric_comparison_value_event_cb) referenced from aci_events.o(.constdata)
 <LI><a href="#[30]">aci_gap_pairing_complete_event_cb</a> from aci_events.o(i.aci_gap_pairing_complete_event_cb) referenced from aci_events.o(.constdata)
 <LI><a href="#[31]">aci_gap_pass_key_req_event_cb</a> from aci_events.o(i.aci_gap_pass_key_req_event_cb) referenced from aci_events.o(.constdata)
 <LI><a href="#[36]">aci_gap_proc_complete_event_cb</a> from aci_events.o(i.aci_gap_proc_complete_event_cb) referenced from aci_events.o(.constdata)
 <LI><a href="#[33]">aci_gap_slave_security_initiated_event_cb</a> from aci_events.o(i.aci_gap_slave_security_initiated_event_cb) referenced from aci_events.o(.constdata)
 <LI><a href="#[3e]">aci_gatt_attribute_modified_event_cb</a> from aci_events.o(i.aci_gatt_attribute_modified_event_cb) referenced from aci_events.o(.constdata)
 <LI><a href="#[4f]">aci_gatt_disc_read_char_by_uuid_resp_event_cb</a> from aci_events.o(i.aci_gatt_disc_read_char_by_uuid_resp_event_cb) referenced from aci_events.o(.constdata)
 <LI><a href="#[4e]">aci_gatt_error_resp_event_cb</a> from aci_events.o(i.aci_gatt_error_resp_event_cb) referenced from aci_events.o(.constdata)
 <LI><a href="#[4b]">aci_gatt_indication_event_cb</a> from aci_events.o(i.aci_gatt_indication_event_cb) referenced from aci_events.o(.constdata)
 <LI><a href="#[4c]">aci_gatt_notification_event_cb</a> from aci_events.o(i.aci_gatt_notification_event_cb) referenced from aci_events.o(.constdata)
 <LI><a href="#[51]">aci_gatt_prepare_write_permit_req_event_cb</a> from aci_events.o(i.aci_gatt_prepare_write_permit_req_event_cb) referenced from aci_events.o(.constdata)
 <LI><a href="#[4d]">aci_gatt_proc_complete_event_cb</a> from aci_events.o(i.aci_gatt_proc_complete_event_cb) referenced from aci_events.o(.constdata)
 <LI><a href="#[3f]">aci_gatt_proc_timeout_event_cb</a> from aci_events.o(i.aci_gatt_proc_timeout_event_cb) referenced from aci_events.o(.constdata)
 <LI><a href="#[53]">aci_gatt_read_multi_permit_req_event_cb</a> from aci_events.o(i.aci_gatt_read_multi_permit_req_event_cb) referenced from aci_events.o(.constdata)
 <LI><a href="#[52]">aci_gatt_read_permit_req_event_cb</a> from aci_events.o(i.aci_gatt_read_permit_req_event_cb) referenced from aci_events.o(.constdata)
 <LI><a href="#[55]">aci_gatt_server_confirmation_event_cb</a> from aci_events.o(i.aci_gatt_server_confirmation_event_cb) referenced from aci_events.o(.constdata)
 <LI><a href="#[54]">aci_gatt_tx_pool_available_event_cb</a> from aci_events.o(i.aci_gatt_tx_pool_available_event_cb) referenced from aci_events.o(.constdata)
 <LI><a href="#[50]">aci_gatt_write_permit_req_event_cb</a> from aci_events.o(i.aci_gatt_write_permit_req_event_cb) referenced from aci_events.o(.constdata)
 <LI><a href="#[2c]">aci_hal_scan_req_report_event_cb</a> from aci_events.o(i.aci_hal_scan_req_report_event_cb) referenced from aci_events.o(.constdata)
 <LI><a href="#[3d]">aci_l2cap_command_reject_event_cb</a> from aci_events.o(i.aci_l2cap_command_reject_event_cb) referenced from aci_events.o(.constdata)
 <LI><a href="#[3c]">aci_l2cap_connection_update_req_event_cb</a> from aci_events.o(i.aci_l2cap_connection_update_req_event_cb) referenced from aci_events.o(.constdata)
 <LI><a href="#[3a]">aci_l2cap_connection_update_resp_event_cb</a> from aci_events.o(i.aci_l2cap_connection_update_resp_event_cb) referenced from aci_events.o(.constdata)
 <LI><a href="#[3b]">aci_l2cap_proc_timeout_event_cb</a> from aci_events.o(i.aci_l2cap_proc_timeout_event_cb) referenced from aci_events.o(.constdata)
 <LI><a href="#[1b]">fputc</a> from hw_config.o(i.fputc) referenced from _printf_char_file.o(.text)
 <LI><a href="#[57]">hci_acl_data_ind_event_int_cb</a> from acl.o(i.hci_acl_data_ind_event_int_cb) referenced from aci_events.o(.constdata)
 <LI><a href="#[56]">hci_acl_data_tx_cmpl_event_int_cb</a> from acl.o(i.hci_acl_data_tx_cmpl_event_int_cb) referenced from aci_events.o(.constdata)
 <LI><a href="#[28]">hci_data_buffer_overflow_event_cb</a> from aci_events.o(i.hci_data_buffer_overflow_event_cb) referenced from aci_events.o(.constdata)
 <LI><a href="#[1e]">hci_disconnection_complete_event_cb</a> from aci_events.o(i.hci_disconnection_complete_event_cb) referenced from aci_events.o(.constdata)
 <LI><a href="#[58]">hci_disconnection_complete_event_int_cb</a> from aci_events.o(i.hci_disconnection_complete_event_int_cb) referenced from aci_events.o(.constdata)
 <LI><a href="#[1f]">hci_encryption_change_event_cb</a> from aci_events.o(i.hci_encryption_change_event_cb) referenced from aci_events.o(.constdata)
 <LI><a href="#[59]">hci_encryption_change_event_int_cb</a> from aci_events.o(i.hci_encryption_change_event_int_cb) referenced from aci_events.o(.constdata)
 <LI><a href="#[20]">hci_encryption_key_refresh_complete_event_cb</a> from aci_events.o(i.hci_encryption_key_refresh_complete_event_cb) referenced from aci_events.o(.constdata)
 <LI><a href="#[5a]">hci_encryption_key_refresh_complete_event_int_cb</a> from aci_events.o(i.hci_encryption_key_refresh_complete_event_int_cb) referenced from aci_events.o(.constdata)
 <LI><a href="#[23]">hci_le_advertising_report_event_cb</a> from aci_events.o(i.hci_le_advertising_report_event_cb) referenced from aci_events.o(.constdata)
 <LI><a href="#[5d]">hci_le_advertising_report_event_int_cb</a> from aci_events.o(i.hci_le_advertising_report_event_int_cb) referenced from aci_events.o(.constdata)
 <LI><a href="#[21]">hci_le_connection_complete_event_cb</a> from aci_events.o(i.hci_le_connection_complete_event_cb) referenced from aci_events.o(.constdata)
 <LI><a href="#[5b]">hci_le_connection_complete_event_int_cb</a> from aci_events.o(i.hci_le_connection_complete_event_int_cb) referenced from aci_events.o(.constdata)
 <LI><a href="#[2a]">hci_le_connection_update_complete_event_cb</a> from aci_events.o(i.hci_le_connection_update_complete_event_cb) referenced from aci_events.o(.constdata)
 <LI><a href="#[27]">hci_le_direct_advertising_report_event_cb</a> from aci_events.o(i.hci_le_direct_advertising_report_event_cb) referenced from aci_events.o(.constdata)
 <LI><a href="#[61]">hci_le_direct_advertising_report_event_int_cb</a> from aci_events.o(i.hci_le_direct_advertising_report_event_int_cb) referenced from aci_events.o(.constdata)
 <LI><a href="#[26]">hci_le_enhanced_connection_complete_event_cb</a> from aci_events.o(i.hci_le_enhanced_connection_complete_event_cb) referenced from aci_events.o(.constdata)
 <LI><a href="#[60]">hci_le_enhanced_connection_complete_event_int_cb</a> from aci_events.o(i.hci_le_enhanced_connection_complete_event_int_cb) referenced from aci_events.o(.constdata)
 <LI><a href="#[25]">hci_le_generate_dhkey_complete_event_cb</a> from aci_events.o(i.hci_le_generate_dhkey_complete_event_cb) referenced from aci_events.o(.constdata)
 <LI><a href="#[5f]">hci_le_generate_dhkey_complete_event_int_cb</a> from aci_events.o(i.hci_le_generate_dhkey_complete_event_int_cb) referenced from aci_events.o(.constdata)
 <LI><a href="#[22]">hci_le_long_term_key_request_event_cb</a> from aci_events.o(i.hci_le_long_term_key_request_event_cb) referenced from aci_events.o(.constdata)
 <LI><a href="#[5c]">hci_le_long_term_key_request_event_int_cb</a> from aci_events.o(i.hci_le_long_term_key_request_event_int_cb) referenced from aci_events.o(.constdata)
 <LI><a href="#[24]">hci_le_read_local_p256_public_key_complete_event_cb</a> from aci_events.o(i.hci_le_read_local_p256_public_key_complete_event_cb) referenced from aci_events.o(.constdata)
 <LI><a href="#[5e]">hci_le_read_local_p256_public_key_complete_event_int_cb</a> from aci_events.o(i.hci_le_read_local_p256_public_key_complete_event_int_cb) referenced from aci_events.o(.constdata)
 <LI><a href="#[2b]">hci_le_read_remote_used_features_complete_event_cb</a> from aci_events.o(i.hci_le_read_remote_used_features_complete_event_cb) referenced from aci_events.o(.constdata)
 <LI><a href="#[2d]">hci_number_of_completed_packets_event_cb</a> from aci_events.o(i.hci_number_of_completed_packets_event_cb) referenced from aci_events.o(.constdata)
 <LI><a href="#[29]">hci_read_remote_version_information_complete_event_cb</a> from aci_events.o(i.hci_read_remote_version_information_complete_event_cb) referenced from aci_events.o(.constdata)
 <LI><a href="#[2e]">hci_rx_acl_data_event_cb</a> from aci_events.o(i.hci_rx_acl_data_event_cb) referenced from aci_events.o(.constdata)
</UL>
<P>
<H3>
Global Symbols
</H3>
<P><STRONG><a name="[62]"></a>__main</STRONG> (Thumb, 8 bytes, Stack size 0 bytes, __main.o(!!!main))
<BR><BR>[Calls]<UL><LI><a href="#[63]">&gt;&gt;</a>&nbsp;&nbsp;&nbsp;__scatterload
<LI><a href="#[64]">&gt;&gt;</a>&nbsp;&nbsp;&nbsp;__rt_entry
</UL>
<BR>[Called By]<UL><LI><a href="#[5]">&gt;&gt;</a>&nbsp;&nbsp;&nbsp;RESET_HANDLER
</UL>

<P><STRONG><a name="[63]"></a>__scatterload</STRONG> (Thumb, 0 bytes, Stack size unknown bytes, __scatter.o(!!!scatter))
<BR><BR>[Called By]<UL><LI><a href="#[62]">&gt;&gt;</a>&nbsp;&nbsp;&nbsp;__main
</UL>

<P><STRONG><a name="[65]"></a>__scatterload_rt2</STRONG> (Thumb, 52 bytes, Stack size unknown bytes, __scatter.o(!!!scatter), UNUSED)
<BR><BR>[Calls]<UL><LI><a href="#[64]">&gt;&gt;</a>&nbsp;&nbsp;&nbsp;__rt_entry
</UL>

<P><STRONG><a name="[2c3]"></a>__scatterload_rt2_thumb_only</STRONG> (Thumb, 0 bytes, Stack size unknown bytes, __scatter.o(!!!scatter), UNUSED)

<P><STRONG><a name="[2c4]"></a>__scatterload_null</STRONG> (Thumb, 0 bytes, Stack size unknown bytes, __scatter.o(!!!scatter), UNUSED)

<P><STRONG><a name="[66]"></a>__scatterload_copy</STRONG> (Thumb, 26 bytes, Stack size unknown bytes, __scatter_copy.o(!!handler_copy), UNUSED)
<BR><BR>[Calls]<UL><LI><a href="#[66]">&gt;&gt;</a>&nbsp;&nbsp;&nbsp;__scatterload_copy
</UL>
<BR>[Called By]<UL><LI><a href="#[66]">&gt;&gt;</a>&nbsp;&nbsp;&nbsp;__scatterload_copy
</UL>

<P><STRONG><a name="[2c5]"></a>__scatterload_zeroinit</STRONG> (Thumb, 28 bytes, Stack size unknown bytes, __scatter_zi.o(!!handler_zi), UNUSED)

<P><STRONG><a name="[bf]"></a>CS_contextSave</STRONG> (Thumb, 50 bytes, Stack size 0 bytes, context_switch.o(. text))
<BR><BR>[Called By]<UL><LI><a href="#[bd]">&gt;&gt;</a>&nbsp;&nbsp;&nbsp;BlueNRG_InternalSleep
</UL>

<P><STRONG><a name="[237]"></a>CS_contextRestore</STRONG> (Thumb, 20 bytes, Stack size 0 bytes, context_switch.o(. text))
<BR><BR>[Called By]<UL><LI><a href="#[1f6]">&gt;&gt;</a>&nbsp;&nbsp;&nbsp;__low_level_init
</UL>

<P><STRONG><a name="[c4]"></a>BlueNRG_IdleSleep</STRONG> (Thumb, 8 bytes, Stack size 0 bytes, context_switch.o(. text))
<BR><BR>[Called By]<UL><LI><a href="#[c1]">&gt;&gt;</a>&nbsp;&nbsp;&nbsp;BlueNRG_Sleep
</UL>

<P><STRONG><a name="[7d]"></a>_printf_percent</STRONG> (Thumb, 0 bytes, Stack size unknown bytes, _printf_percent.o(.ARM.Collect$$_printf_percent$$00000000))
<BR><BR>[Called By]<UL><LI><a href="#[7b]">&gt;&gt;</a>&nbsp;&nbsp;&nbsp;__printf
</UL>

<P><STRONG><a name="[67]"></a>_printf_d</STRONG> (Thumb, 0 bytes, Stack size unknown bytes, _printf_d.o(.ARM.Collect$$_printf_percent$$00000009))
<BR><BR>[Stack]<UL><LI>Max Depth = 88 + Unknown Stack Size
<LI>Call Chain = _printf_d &rArr; _printf_int_dec &rArr; _printf_int_common &rArr; _printf_post_padding
</UL>
<BR>[Calls]<UL><LI><a href="#[68]">&gt;&gt;</a>&nbsp;&nbsp;&nbsp;_printf_x
<LI><a href="#[69]">&gt;&gt;</a>&nbsp;&nbsp;&nbsp;_printf_int_dec
</UL>

<P><STRONG><a name="[68]"></a>_printf_x</STRONG> (Thumb, 0 bytes, Stack size unknown bytes, _printf_x.o(.ARM.Collect$$_printf_percent$$0000000C))
<BR><BR>[Stack]<UL><LI>Max Depth = 72 + Unknown Stack Size
<LI>Call Chain = _printf_x &rArr; _printf_int_hex &rArr; _printf_int_common &rArr; _printf_post_padding
</UL>
<BR>[Calls]<UL><LI><a href="#[6b]">&gt;&gt;</a>&nbsp;&nbsp;&nbsp;_printf_int_hex
<LI><a href="#[6a]">&gt;&gt;</a>&nbsp;&nbsp;&nbsp;_printf_percent_end
</UL>
<BR>[Called By]<UL><LI><a href="#[67]">&gt;&gt;</a>&nbsp;&nbsp;&nbsp;_printf_d
</UL>

<P><STRONG><a name="[6a]"></a>_printf_percent_end</STRONG> (Thumb, 0 bytes, Stack size unknown bytes, _printf_percent_end.o(.ARM.Collect$$_printf_percent$$00000017))
<BR><BR>[Called By]<UL><LI><a href="#[68]">&gt;&gt;</a>&nbsp;&nbsp;&nbsp;_printf_x
</UL>

<P><STRONG><a name="[6d]"></a>__rt_lib_init</STRONG> (Thumb, 0 bytes, Stack size unknown bytes, libinit.o(.ARM.Collect$$libinit$$00000000))
<BR><BR>[Called By]<UL><LI><a href="#[6c]">&gt;&gt;</a>&nbsp;&nbsp;&nbsp;__rt_entry_li
</UL>

<P><STRONG><a name="[2c6]"></a>__rt_lib_init_alloca_1</STRONG> (Thumb, 0 bytes, Stack size unknown bytes, libinit2.o(.ARM.Collect$$libinit$$0000002E))

<P><STRONG><a name="[2c7]"></a>__rt_lib_init_argv_1</STRONG> (Thumb, 0 bytes, Stack size unknown bytes, libinit2.o(.ARM.Collect$$libinit$$0000002C))

<P><STRONG><a name="[2c8]"></a>__rt_lib_init_atexit_1</STRONG> (Thumb, 0 bytes, Stack size unknown bytes, libinit2.o(.ARM.Collect$$libinit$$0000001B))

<P><STRONG><a name="[2c9]"></a>__rt_lib_init_clock_1</STRONG> (Thumb, 0 bytes, Stack size unknown bytes, libinit2.o(.ARM.Collect$$libinit$$00000021))

<P><STRONG><a name="[2ca]"></a>__rt_lib_init_cpp_1</STRONG> (Thumb, 0 bytes, Stack size unknown bytes, libinit2.o(.ARM.Collect$$libinit$$00000032))

<P><STRONG><a name="[2cb]"></a>__rt_lib_init_exceptions_1</STRONG> (Thumb, 0 bytes, Stack size unknown bytes, libinit2.o(.ARM.Collect$$libinit$$00000030))

<P><STRONG><a name="[2cc]"></a>__rt_lib_init_fp_1</STRONG> (Thumb, 0 bytes, Stack size unknown bytes, libinit2.o(.ARM.Collect$$libinit$$00000002))

<P><STRONG><a name="[2cd]"></a>__rt_lib_init_fp_trap_1</STRONG> (Thumb, 0 bytes, Stack size unknown bytes, libinit2.o(.ARM.Collect$$libinit$$0000001F))

<P><STRONG><a name="[2ce]"></a>__rt_lib_init_getenv_1</STRONG> (Thumb, 0 bytes, Stack size unknown bytes, libinit2.o(.ARM.Collect$$libinit$$00000023))

<P><STRONG><a name="[2cf]"></a>__rt_lib_init_heap_1</STRONG> (Thumb, 0 bytes, Stack size unknown bytes, libinit2.o(.ARM.Collect$$libinit$$0000000A))

<P><STRONG><a name="[2d0]"></a>__rt_lib_init_lc_collate_1</STRONG> (Thumb, 0 bytes, Stack size unknown bytes, libinit2.o(.ARM.Collect$$libinit$$00000011))

<P><STRONG><a name="[2d1]"></a>__rt_lib_init_lc_ctype_1</STRONG> (Thumb, 0 bytes, Stack size unknown bytes, libinit2.o(.ARM.Collect$$libinit$$00000013))

<P><STRONG><a name="[2d2]"></a>__rt_lib_init_lc_monetary_1</STRONG> (Thumb, 0 bytes, Stack size unknown bytes, libinit2.o(.ARM.Collect$$libinit$$00000015))

<P><STRONG><a name="[2d3]"></a>__rt_lib_init_lc_numeric_1</STRONG> (Thumb, 0 bytes, Stack size unknown bytes, libinit2.o(.ARM.Collect$$libinit$$00000017))

<P><STRONG><a name="[2d4]"></a>__rt_lib_init_lc_time_1</STRONG> (Thumb, 0 bytes, Stack size unknown bytes, libinit2.o(.ARM.Collect$$libinit$$00000019))

<P><STRONG><a name="[2d5]"></a>__rt_lib_init_preinit_1</STRONG> (Thumb, 0 bytes, Stack size unknown bytes, libinit2.o(.ARM.Collect$$libinit$$00000004))

<P><STRONG><a name="[2d6]"></a>__rt_lib_init_rand_1</STRONG> (Thumb, 0 bytes, Stack size unknown bytes, libinit2.o(.ARM.Collect$$libinit$$0000000E))

<P><STRONG><a name="[2d7]"></a>__rt_lib_init_return</STRONG> (Thumb, 0 bytes, Stack size unknown bytes, libinit2.o(.ARM.Collect$$libinit$$00000033))

<P><STRONG><a name="[2d8]"></a>__rt_lib_init_signal_1</STRONG> (Thumb, 0 bytes, Stack size unknown bytes, libinit2.o(.ARM.Collect$$libinit$$0000001D))

<P><STRONG><a name="[2d9]"></a>__rt_lib_init_stdio_1</STRONG> (Thumb, 0 bytes, Stack size unknown bytes, libinit2.o(.ARM.Collect$$libinit$$00000025))

<P><STRONG><a name="[2da]"></a>__rt_lib_init_user_alloc_1</STRONG> (Thumb, 0 bytes, Stack size unknown bytes, libinit2.o(.ARM.Collect$$libinit$$0000000C))

<P><STRONG><a name="[72]"></a>__rt_lib_shutdown</STRONG> (Thumb, 0 bytes, Stack size unknown bytes, libshutdown.o(.ARM.Collect$$libshutdown$$00000000))
<BR><BR>[Called By]<UL><LI><a href="#[71]">&gt;&gt;</a>&nbsp;&nbsp;&nbsp;__rt_exit_ls
</UL>

<P><STRONG><a name="[2db]"></a>__rt_lib_shutdown_cpp_1</STRONG> (Thumb, 0 bytes, Stack size unknown bytes, libshutdown2.o(.ARM.Collect$$libshutdown$$00000002))

<P><STRONG><a name="[2dc]"></a>__rt_lib_shutdown_fp_trap_1</STRONG> (Thumb, 0 bytes, Stack size unknown bytes, libshutdown2.o(.ARM.Collect$$libshutdown$$00000007))

<P><STRONG><a name="[2dd]"></a>__rt_lib_shutdown_heap_1</STRONG> (Thumb, 0 bytes, Stack size unknown bytes, libshutdown2.o(.ARM.Collect$$libshutdown$$0000000F))

<P><STRONG><a name="[2de]"></a>__rt_lib_shutdown_return</STRONG> (Thumb, 0 bytes, Stack size unknown bytes, libshutdown2.o(.ARM.Collect$$libshutdown$$00000010))

<P><STRONG><a name="[2df]"></a>__rt_lib_shutdown_signal_1</STRONG> (Thumb, 0 bytes, Stack size unknown bytes, libshutdown2.o(.ARM.Collect$$libshutdown$$0000000A))

<P><STRONG><a name="[2e0]"></a>__rt_lib_shutdown_stdio_1</STRONG> (Thumb, 0 bytes, Stack size unknown bytes, libshutdown2.o(.ARM.Collect$$libshutdown$$00000004))

<P><STRONG><a name="[2e1]"></a>__rt_lib_shutdown_user_alloc_1</STRONG> (Thumb, 0 bytes, Stack size unknown bytes, libshutdown2.o(.ARM.Collect$$libshutdown$$0000000C))

<P><STRONG><a name="[64]"></a>__rt_entry</STRONG> (Thumb, 0 bytes, Stack size unknown bytes, __rtentry.o(.ARM.Collect$$rtentry$$00000000))
<BR><BR>[Called By]<UL><LI><a href="#[62]">&gt;&gt;</a>&nbsp;&nbsp;&nbsp;__main
<LI><a href="#[65]">&gt;&gt;</a>&nbsp;&nbsp;&nbsp;__scatterload_rt2
</UL>

<P><STRONG><a name="[2e2]"></a>__rt_entry_presh_1</STRONG> (Thumb, 0 bytes, Stack size unknown bytes, __rtentry2.o(.ARM.Collect$$rtentry$$00000002))

<P><STRONG><a name="[2e3]"></a>__rt_entry_sh</STRONG> (Thumb, 0 bytes, Stack size unknown bytes, __rtentry6.o(.ARM.Collect$$rtentry$$00000006))

<P><STRONG><a name="[6c]"></a>__rt_entry_li</STRONG> (Thumb, 0 bytes, Stack size unknown bytes, __rtentry2.o(.ARM.Collect$$rtentry$$0000000A))
<BR><BR>[Calls]<UL><LI><a href="#[6d]">&gt;&gt;</a>&nbsp;&nbsp;&nbsp;__rt_lib_init
</UL>

<P><STRONG><a name="[2e4]"></a>__rt_entry_postsh_1</STRONG> (Thumb, 0 bytes, Stack size unknown bytes, __rtentry2.o(.ARM.Collect$$rtentry$$00000009))

<P><STRONG><a name="[6e]"></a>__rt_entry_main</STRONG> (Thumb, 0 bytes, Stack size unknown bytes, __rtentry2.o(.ARM.Collect$$rtentry$$0000000D))
<BR><BR>[Stack]<UL><LI>Max Depth = 680 + Unknown Stack Size
<LI>Call Chain = __rt_entry_main &rArr; main &rArr; BTLE_StackTick &rArr; Timer_ProcessQ &rArr; TimerCallback &rArr; HAL_VTimerTimeoutCallback &rArr; sleep_timer &rArr;  BTLE_StackTick (Cycle)
</UL>
<BR>[Calls]<UL><LI><a href="#[6f]">&gt;&gt;</a>&nbsp;&nbsp;&nbsp;main
<LI><a href="#[70]">&gt;&gt;</a>&nbsp;&nbsp;&nbsp;exit
</UL>

<P><STRONG><a name="[2e5]"></a>__rt_entry_postli_1</STRONG> (Thumb, 0 bytes, Stack size unknown bytes, __rtentry2.o(.ARM.Collect$$rtentry$$0000000C))

<P><STRONG><a name="[8b]"></a>__rt_exit</STRONG> (Thumb, 0 bytes, Stack size unknown bytes, rtexit.o(.ARM.Collect$$rtexit$$00000000))
<BR><BR>[Called By]<UL><LI><a href="#[70]">&gt;&gt;</a>&nbsp;&nbsp;&nbsp;exit
</UL>

<P><STRONG><a name="[71]"></a>__rt_exit_ls</STRONG> (Thumb, 0 bytes, Stack size unknown bytes, rtexit2.o(.ARM.Collect$$rtexit$$00000003))
<BR><BR>[Calls]<UL><LI><a href="#[72]">&gt;&gt;</a>&nbsp;&nbsp;&nbsp;__rt_lib_shutdown
</UL>

<P><STRONG><a name="[2e6]"></a>__rt_exit_prels_1</STRONG> (Thumb, 0 bytes, Stack size unknown bytes, rtexit2.o(.ARM.Collect$$rtexit$$00000002))

<P><STRONG><a name="[73]"></a>__rt_exit_exit</STRONG> (Thumb, 0 bytes, Stack size unknown bytes, rtexit2.o(.ARM.Collect$$rtexit$$00000004))
<BR><BR>[Calls]<UL><LI><a href="#[74]">&gt;&gt;</a>&nbsp;&nbsp;&nbsp;_sys_exit
</UL>

<P><STRONG><a name="[80]"></a>__aeabi_memcpy4</STRONG> (Thumb, 56 bytes, Stack size 0 bytes, rt_memcpy.o(.emb_text))
<BR><BR>[Called By]<UL><LI><a href="#[11b]">&gt;&gt;</a>&nbsp;&nbsp;&nbsp;GAP_Delete_ADType
<LI><a href="#[18a]">&gt;&gt;</a>&nbsp;&nbsp;&nbsp;Start_Beaconing
<LI><a href="#[c0]">&gt;&gt;</a>&nbsp;&nbsp;&nbsp;DeviceConfiguration
<LI><a href="#[7f]">&gt;&gt;</a>&nbsp;&nbsp;&nbsp;__aeabi_memcpy
<LI><a href="#[209]">&gt;&gt;</a>&nbsp;&nbsp;&nbsp;SMA_SC_Gen_f5_Keys
<LI><a href="#[29c]">&gt;&gt;</a>&nbsp;&nbsp;&nbsp;smp_Add_To_Database
<LI><a href="#[29d]">&gt;&gt;</a>&nbsp;&nbsp;&nbsp;smp_Determine_Key_Association_Method
<LI><a href="#[26c]">&gt;&gt;</a>&nbsp;&nbsp;&nbsp;set_sca
</UL>

<P><STRONG><a name="[2e7]"></a>__aeabi_memcpy8</STRONG> (Thumb, 0 bytes, Stack size 0 bytes, rt_memcpy.o(.emb_text), UNUSED)

<P><STRONG><a name="[75]"></a>__2printf</STRONG> (Thumb, 22 bytes, Stack size 24 bytes, noretval__2printf.o(.text))
<BR><BR>[Stack]<UL><LI>Max Depth = 136 + Unknown Stack Size
<LI>Call Chain = __2printf &rArr; _printf_char_file &rArr; _printf_char_common &rArr; __printf
</UL>
<BR>[Calls]<UL><LI><a href="#[76]">&gt;&gt;</a>&nbsp;&nbsp;&nbsp;_printf_char_file
</UL>
<BR>[Called By]<UL><LI><a href="#[18e]">&gt;&gt;</a>&nbsp;&nbsp;&nbsp;sleep_timer
<LI><a href="#[188]">&gt;&gt;</a>&nbsp;&nbsp;&nbsp;HAL_VTimerTimeoutCallback
<LI><a href="#[f4]">&gt;&gt;</a>&nbsp;&nbsp;&nbsp;Device_Init
<LI><a href="#[18a]">&gt;&gt;</a>&nbsp;&nbsp;&nbsp;Start_Beaconing
<LI><a href="#[6f]">&gt;&gt;</a>&nbsp;&nbsp;&nbsp;main
</UL>

<P><STRONG><a name="[86]"></a>_printf_pre_padding</STRONG> (Thumb, 44 bytes, Stack size 16 bytes, _printf_pad.o(.text))
<BR><BR>[Stack]<UL><LI>Max Depth = 16<LI>Call Chain = _printf_pre_padding
</UL>
<BR>[Called By]<UL><LI><a href="#[7a]">&gt;&gt;</a>&nbsp;&nbsp;&nbsp;_printf_int_common
</UL>

<P><STRONG><a name="[87]"></a>_printf_post_padding</STRONG> (Thumb, 34 bytes, Stack size 16 bytes, _printf_pad.o(.text))
<BR><BR>[Stack]<UL><LI>Max Depth = 16<LI>Call Chain = _printf_post_padding
</UL>
<BR>[Called By]<UL><LI><a href="#[7a]">&gt;&gt;</a>&nbsp;&nbsp;&nbsp;_printf_int_common
</UL>

<P><STRONG><a name="[69]"></a>_printf_int_dec</STRONG> (Thumb, 90 bytes, Stack size 32 bytes, _printf_dec.o(.text))
<BR><BR>[Stack]<UL><LI>Max Depth = 88<LI>Call Chain = _printf_int_dec &rArr; _printf_int_common &rArr; _printf_post_padding
</UL>
<BR>[Calls]<UL><LI><a href="#[78]">&gt;&gt;</a>&nbsp;&nbsp;&nbsp;_printf_truncate_unsigned (Weak Reference)
<LI><a href="#[77]">&gt;&gt;</a>&nbsp;&nbsp;&nbsp;_printf_truncate_signed (Weak Reference)
<LI><a href="#[79]">&gt;&gt;</a>&nbsp;&nbsp;&nbsp;__rt_udiv10
<LI><a href="#[7a]">&gt;&gt;</a>&nbsp;&nbsp;&nbsp;_printf_int_common
</UL>
<BR>[Called By]<UL><LI><a href="#[67]">&gt;&gt;</a>&nbsp;&nbsp;&nbsp;_printf_d
</UL>

<P><STRONG><a name="[6b]"></a>_printf_int_hex</STRONG> (Thumb, 84 bytes, Stack size 16 bytes, _printf_hex_int.o(.text))
<BR><BR>[Stack]<UL><LI>Max Depth = 72<LI>Call Chain = _printf_int_hex &rArr; _printf_int_common &rArr; _printf_post_padding
</UL>
<BR>[Calls]<UL><LI><a href="#[78]">&gt;&gt;</a>&nbsp;&nbsp;&nbsp;_printf_truncate_unsigned (Weak Reference)
<LI><a href="#[7a]">&gt;&gt;</a>&nbsp;&nbsp;&nbsp;_printf_int_common
</UL>
<BR>[Called By]<UL><LI><a href="#[68]">&gt;&gt;</a>&nbsp;&nbsp;&nbsp;_printf_x
</UL>

<P><STRONG><a name="[2e8]"></a>_printf_longlong_hex</STRONG> (Thumb, 0 bytes, Stack size 16 bytes, _printf_hex_int.o(.text), UNUSED)

<P><STRONG><a name="[7b]"></a>__printf</STRONG> (Thumb, 306 bytes, Stack size 32 bytes, __printf_flags_wp.o(.text))
<BR><BR>[Stack]<UL><LI>Max Depth = 32 + Unknown Stack Size
<LI>Call Chain = __printf
</UL>
<BR>[Calls]<UL><LI><a href="#[7d]">&gt;&gt;</a>&nbsp;&nbsp;&nbsp;_printf_percent
<LI><a href="#[7c]">&gt;&gt;</a>&nbsp;&nbsp;&nbsp;_is_digit
</UL>
<BR>[Called By]<UL><LI><a href="#[88]">&gt;&gt;</a>&nbsp;&nbsp;&nbsp;_printf_char_common
</UL>

<P><STRONG><a name="[1c3]"></a>memcmp</STRONG> (Thumb, 90 bytes, Stack size 8 bytes, memcmp.o(.text))
<BR><BR>[Stack]<UL><LI>Max Depth = 8<LI>Call Chain = memcmp
</UL>
<BR>[Called By]<UL><LI><a href="#[9d]">&gt;&gt;</a>&nbsp;&nbsp;&nbsp;Osal_MemCmp
</UL>

<P><STRONG><a name="[7e]"></a>memcpy</STRONG> (Thumb, 12 bytes, Stack size 8 bytes, memcpy.o(.text))
<BR><BR>[Stack]<UL><LI>Max Depth = 32<LI>Call Chain = memcpy &rArr; __aeabi_memcpy
</UL>
<BR>[Calls]<UL><LI><a href="#[7f]">&gt;&gt;</a>&nbsp;&nbsp;&nbsp;__aeabi_memcpy
</UL>
<BR>[Called By]<UL><LI><a href="#[98]">&gt;&gt;</a>&nbsp;&nbsp;&nbsp;Osal_MemCpy
</UL>

<P><STRONG><a name="[7f]"></a>__aeabi_memcpy</STRONG> (Thumb, 130 bytes, Stack size 24 bytes, rt_memcpy.o(.text))
<BR><BR>[Stack]<UL><LI>Max Depth = 24<LI>Call Chain = __aeabi_memcpy
</UL>
<BR>[Calls]<UL><LI><a href="#[80]">&gt;&gt;</a>&nbsp;&nbsp;&nbsp;__aeabi_memcpy4
</UL>
<BR>[Called By]<UL><LI><a href="#[13f]">&gt;&gt;</a>&nbsp;&nbsp;&nbsp;Gatt_Read_Charac_By_Uuid
<LI><a href="#[127]">&gt;&gt;</a>&nbsp;&nbsp;&nbsp;Gatt_Add_Service
<LI><a href="#[128]">&gt;&gt;</a>&nbsp;&nbsp;&nbsp;Gatt_Add_Characteristic
<LI><a href="#[7e]">&gt;&gt;</a>&nbsp;&nbsp;&nbsp;memcpy
</UL>

<P><STRONG><a name="[2e9]"></a>__rt_memcpy</STRONG> (Thumb, 0 bytes, Stack size 24 bytes, rt_memcpy.o(.text), UNUSED)

<P><STRONG><a name="[81]"></a>memset</STRONG> (Thumb, 28 bytes, Stack size 8 bytes, memset.o(.text))
<BR><BR>[Stack]<UL><LI>Max Depth = 8<LI>Call Chain = memset
</UL>
<BR>[Calls]<UL><LI><a href="#[82]">&gt;&gt;</a>&nbsp;&nbsp;&nbsp;_memset
</UL>
<BR>[Called By]<UL><LI><a href="#[a5]">&gt;&gt;</a>&nbsp;&nbsp;&nbsp;Osal_MemSet
</UL>

<P><STRONG><a name="[83]"></a>_memset_w</STRONG> (Thumb, 26 bytes, Stack size 0 bytes, rt_memclr.o(.text))
<BR><BR>[Called By]<UL><LI><a href="#[85]">&gt;&gt;</a>&nbsp;&nbsp;&nbsp;__rt_memclr_w
<LI><a href="#[82]">&gt;&gt;</a>&nbsp;&nbsp;&nbsp;_memset
</UL>

<P><STRONG><a name="[82]"></a>_memset</STRONG> (Thumb, 30 bytes, Stack size 0 bytes, rt_memclr.o(.text))
<BR><BR>[Calls]<UL><LI><a href="#[83]">&gt;&gt;</a>&nbsp;&nbsp;&nbsp;_memset_w
</UL>
<BR>[Called By]<UL><LI><a href="#[84]">&gt;&gt;</a>&nbsp;&nbsp;&nbsp;__aeabi_memclr
<LI><a href="#[81]">&gt;&gt;</a>&nbsp;&nbsp;&nbsp;memset
</UL>

<P><STRONG><a name="[84]"></a>__aeabi_memclr</STRONG> (Thumb, 4 bytes, Stack size 0 bytes, rt_memclr.o(.text), UNUSED)
<BR><BR>[Calls]<UL><LI><a href="#[82]">&gt;&gt;</a>&nbsp;&nbsp;&nbsp;_memset
</UL>

<P><STRONG><a name="[2ea]"></a>__rt_memclr</STRONG> (Thumb, 0 bytes, Stack size 0 bytes, rt_memclr.o(.text), UNUSED)

<P><STRONG><a name="[11c]"></a>__aeabi_memclr4</STRONG> (Thumb, 0 bytes, Stack size 0 bytes, rt_memclr.o(.text))
<BR><BR>[Called By]<UL><LI><a href="#[11b]">&gt;&gt;</a>&nbsp;&nbsp;&nbsp;GAP_Delete_ADType
<LI><a href="#[141]">&gt;&gt;</a>&nbsp;&nbsp;&nbsp;_gap_set_discoverable_connectable
<LI><a href="#[213]">&gt;&gt;</a>&nbsp;&nbsp;&nbsp;hci_le_read_local_p256_public_key
<LI><a href="#[28c]">&gt;&gt;</a>&nbsp;&nbsp;&nbsp;hci_le_generate_dhkey
</UL>

<P><STRONG><a name="[2eb]"></a>__aeabi_memclr8</STRONG> (Thumb, 0 bytes, Stack size 0 bytes, rt_memclr.o(.text), UNUSED)

<P><STRONG><a name="[85]"></a>__rt_memclr_w</STRONG> (Thumb, 4 bytes, Stack size 0 bytes, rt_memclr.o(.text), UNUSED)
<BR><BR>[Calls]<UL><LI><a href="#[83]">&gt;&gt;</a>&nbsp;&nbsp;&nbsp;_memset_w
</UL>

<P><STRONG><a name="[8e]"></a>__aeabi_uread4</STRONG> (Thumb, 34 bytes, Stack size 0 bytes, uread4.o(.text))
<BR><BR>[Called By]<UL><LI><a href="#[180]">&gt;&gt;</a>&nbsp;&nbsp;&nbsp;HAL_Flash_Store_Data
<LI><a href="#[1e8]">&gt;&gt;</a>&nbsp;&nbsp;&nbsp;unpack_channel_map
<LI><a href="#[1ef]">&gt;&gt;</a>&nbsp;&nbsp;&nbsp;go_to_connect_master
<LI><a href="#[1e6]">&gt;&gt;</a>&nbsp;&nbsp;&nbsp;go_to_connect
<LI><a href="#[1e3]">&gt;&gt;</a>&nbsp;&nbsp;&nbsp;get_scan_addr
<LI><a href="#[1e4]">&gt;&gt;</a>&nbsp;&nbsp;&nbsp;get_adv_addr
<LI><a href="#[1bf]">&gt;&gt;</a>&nbsp;&nbsp;&nbsp;LL_Start_Encryption
<LI><a href="#[8d]">&gt;&gt;</a>&nbsp;&nbsp;&nbsp;AES_keyschedule_enc
<LI><a href="#[92]">&gt;&gt;</a>&nbsp;&nbsp;&nbsp;AES_CMAC_Encrypt_Append
<LI><a href="#[1a4]">&gt;&gt;</a>&nbsp;&nbsp;&nbsp;LE_TO_NRG_32
<LI><a href="#[116]">&gt;&gt;</a>&nbsp;&nbsp;&nbsp;Write_Client_Data
<LI><a href="#[1ab]">&gt;&gt;</a>&nbsp;&nbsp;&nbsp;LL_Set_OwnAddress
<LI><a href="#[1aa]">&gt;&gt;</a>&nbsp;&nbsp;&nbsp;LL_Set_DirectAddress
<LI><a href="#[8c]">&gt;&gt;</a>&nbsp;&nbsp;&nbsp;AES128ECB_Wrapper
<LI><a href="#[1a6]">&gt;&gt;</a>&nbsp;&nbsp;&nbsp;LL_Check_And_Set_Addresses
</UL>

<P><STRONG><a name="[2ec]"></a>__rt_uread4</STRONG> (Thumb, 0 bytes, Stack size 0 bytes, uread4.o(.text), UNUSED)

<P><STRONG><a name="[2ed]"></a>__aeabi_uidiv</STRONG> (Thumb, 0 bytes, Stack size 0 bytes, aeabi_sdivfast.o(.text), UNUSED)

<P><STRONG><a name="[16a]"></a>__aeabi_uidivmod</STRONG> (Thumb, 28 bytes, Stack size 0 bytes, aeabi_sdivfast.o(.text))
<BR><BR>[Called By]<UL><LI><a href="#[22e]">&gt;&gt;</a>&nbsp;&nbsp;&nbsp;UART_Init
<LI><a href="#[16d]">&gt;&gt;</a>&nbsp;&nbsp;&nbsp;Gatt_Server_L2C_Handler
<LI><a href="#[152]">&gt;&gt;</a>&nbsp;&nbsp;&nbsp;Gatt_Server_Db_Check
<LI><a href="#[cd]">&gt;&gt;</a>&nbsp;&nbsp;&nbsp;PM_Init
<LI><a href="#[2b2]">&gt;&gt;</a>&nbsp;&nbsp;&nbsp;smp____SR_PairingRandom_Receive
<LI><a href="#[2b5]">&gt;&gt;</a>&nbsp;&nbsp;&nbsp;smp____MI_PairingRandom_Receive
</UL>

<P><STRONG><a name="[2ee]"></a>__aeabi_idiv</STRONG> (Thumb, 0 bytes, Stack size 8 bytes, aeabi_sdivfast.o(.text), UNUSED)

<P><STRONG><a name="[178]"></a>__aeabi_idivmod</STRONG> (Thumb, 460 bytes, Stack size 8 bytes, aeabi_sdivfast.o(.text))
<BR><BR>[Stack]<UL><LI>Max Depth = 8<LI>Call Chain = __aeabi_idivmod
</UL>
<BR>[Called By]<UL><LI><a href="#[166]">&gt;&gt;</a>&nbsp;&nbsp;&nbsp;Gatt_Super_Handler_Task7
<LI><a href="#[1b1]">&gt;&gt;</a>&nbsp;&nbsp;&nbsp;advance_wakeup_timer
<LI><a href="#[268]">&gt;&gt;</a>&nbsp;&nbsp;&nbsp;adapt_slot
</UL>

<P><STRONG><a name="[7a]"></a>_printf_int_common</STRONG> (Thumb, 176 bytes, Stack size 40 bytes, _printf_intcommon.o(.text))
<BR><BR>[Stack]<UL><LI>Max Depth = 56<LI>Call Chain = _printf_int_common &rArr; _printf_post_padding
</UL>
<BR>[Calls]<UL><LI><a href="#[87]">&gt;&gt;</a>&nbsp;&nbsp;&nbsp;_printf_post_padding
<LI><a href="#[86]">&gt;&gt;</a>&nbsp;&nbsp;&nbsp;_printf_pre_padding
</UL>
<BR>[Called By]<UL><LI><a href="#[6b]">&gt;&gt;</a>&nbsp;&nbsp;&nbsp;_printf_int_hex
<LI><a href="#[69]">&gt;&gt;</a>&nbsp;&nbsp;&nbsp;_printf_int_dec
</UL>

<P><STRONG><a name="[76]"></a>_printf_char_file</STRONG> (Thumb, 34 bytes, Stack size 16 bytes, _printf_char_file.o(.text))
<BR><BR>[Stack]<UL><LI>Max Depth = 112 + Unknown Stack Size
<LI>Call Chain = _printf_char_file &rArr; _printf_char_common &rArr; __printf
</UL>
<BR>[Calls]<UL><LI><a href="#[89]">&gt;&gt;</a>&nbsp;&nbsp;&nbsp;ferror
<LI><a href="#[88]">&gt;&gt;</a>&nbsp;&nbsp;&nbsp;_printf_char_common
</UL>
<BR>[Called By]<UL><LI><a href="#[75]">&gt;&gt;</a>&nbsp;&nbsp;&nbsp;__2printf
</UL>

<P><STRONG><a name="[79]"></a>__rt_udiv10</STRONG> (Thumb, 40 bytes, Stack size 0 bytes, rtudiv10.o(.text))
<BR><BR>[Called By]<UL><LI><a href="#[69]">&gt;&gt;</a>&nbsp;&nbsp;&nbsp;_printf_int_dec
</UL>

<P><STRONG><a name="[88]"></a>_printf_char_common</STRONG> (Thumb, 32 bytes, Stack size 64 bytes, _printf_char_common.o(.text))
<BR><BR>[Stack]<UL><LI>Max Depth = 96 + Unknown Stack Size
<LI>Call Chain = _printf_char_common &rArr; __printf
</UL>
<BR>[Calls]<UL><LI><a href="#[7b]">&gt;&gt;</a>&nbsp;&nbsp;&nbsp;__printf
</UL>
<BR>[Called By]<UL><LI><a href="#[76]">&gt;&gt;</a>&nbsp;&nbsp;&nbsp;_printf_char_file
</UL>

<P><STRONG><a name="[89]"></a>ferror</STRONG> (Thumb, 8 bytes, Stack size 0 bytes, ferror.o(.text))
<BR><BR>[Called By]<UL><LI><a href="#[76]">&gt;&gt;</a>&nbsp;&nbsp;&nbsp;_printf_char_file
</UL>

<P><STRONG><a name="[70]"></a>exit</STRONG> (Thumb, 16 bytes, Stack size 8 bytes, exit.o(.text))
<BR><BR>[Stack]<UL><LI>Max Depth = 8 + Unknown Stack Size
<LI>Call Chain = exit
</UL>
<BR>[Calls]<UL><LI><a href="#[8b]">&gt;&gt;</a>&nbsp;&nbsp;&nbsp;__rt_exit
<LI><a href="#[8a]">&gt;&gt;</a>&nbsp;&nbsp;&nbsp;_call_atexit_fns (Weak Reference)
</UL>
<BR>[Called By]<UL><LI><a href="#[6e]">&gt;&gt;</a>&nbsp;&nbsp;&nbsp;__rt_entry_main
</UL>

<P><STRONG><a name="[74]"></a>_sys_exit</STRONG> (Thumb, 8 bytes, Stack size 0 bytes, sys_exit.o(.text))
<BR><BR>[Called By]<UL><LI><a href="#[73]">&gt;&gt;</a>&nbsp;&nbsp;&nbsp;__rt_exit_exit
</UL>

<P><STRONG><a name="[2ef]"></a>__I$use$semihosting</STRONG> (Thumb, 0 bytes, Stack size 0 bytes, use_no_semi.o(.text), UNUSED)

<P><STRONG><a name="[2f0]"></a>__use_no_semihosting_swi</STRONG> (Thumb, 2 bytes, Stack size 0 bytes, use_no_semi.o(.text), UNUSED)

<P><STRONG><a name="[2f1]"></a>__decompress</STRONG> (Thumb, 0 bytes, Stack size unknown bytes, __dczerorl.o(.text), UNUSED)

<P><STRONG><a name="[2f2]"></a>__decompress0</STRONG> (Thumb, 58 bytes, Stack size unknown bytes, __dczerorl.o(.text), UNUSED)

<P><STRONG><a name="[2f3]"></a>__semihosting_library_function</STRONG> (Thumb, 0 bytes, Stack size unknown bytes, indicate_semi.o(.text), UNUSED)

<P><STRONG><a name="[11]"></a>ADC_Handler</STRONG> (Thumb, 2 bytes, Stack size 0 bytes, system_bluenrg1.o(i.ADC_Handler))
<BR>[Address Reference Count : 1]<UL><LI> system_bluenrg1.o(.intvec)
</UL>
<P><STRONG><a name="[8c]"></a>AES128ECB_Wrapper</STRONG> (Thumb, 126 bytes, Stack size unknown bytes, aes128cmac.o(i.AES128ECB_Wrapper))
<BR><BR>[Calls]<UL><LI><a href="#[8e]">&gt;&gt;</a>&nbsp;&nbsp;&nbsp;__aeabi_uread4
<LI><a href="#[8d]">&gt;&gt;</a>&nbsp;&nbsp;&nbsp;AES_keyschedule_enc
<LI><a href="#[8f]">&gt;&gt;</a>&nbsp;&nbsp;&nbsp;AES_general_SW_enc
</UL>
<BR>[Called By]<UL><LI><a href="#[1b4]">&gt;&gt;</a>&nbsp;&nbsp;&nbsp;LL_Encrypt_Plain_Data
</UL>

<P><STRONG><a name="[90]"></a>AES_CMAC_Encrypt</STRONG> (Thumb, 58 bytes, Stack size unknown bytes, aes128cmac.o(i.AES_CMAC_Encrypt))
<BR><BR>[Calls]<UL><LI><a href="#[91]">&gt;&gt;</a>&nbsp;&nbsp;&nbsp;AES_CMAC_Encrypt_Init
<LI><a href="#[93]">&gt;&gt;</a>&nbsp;&nbsp;&nbsp;AES_CMAC_Encrypt_Finish
<LI><a href="#[92]">&gt;&gt;</a>&nbsp;&nbsp;&nbsp;AES_CMAC_Encrypt_Append
</UL>
<BR>[Called By]<UL><LI><a href="#[20a]">&gt;&gt;</a>&nbsp;&nbsp;&nbsp;SMA_SC_Gen_f6_Check_Val
<LI><a href="#[209]">&gt;&gt;</a>&nbsp;&nbsp;&nbsp;SMA_SC_Gen_f5_Keys
<LI><a href="#[20b]">&gt;&gt;</a>&nbsp;&nbsp;&nbsp;SMA_SC_Gen_g2_NumComp_Val
<LI><a href="#[207]">&gt;&gt;</a>&nbsp;&nbsp;&nbsp;SMA_SC_Gen_f4_Confirm
</UL>

<P><STRONG><a name="[92]"></a>AES_CMAC_Encrypt_Append</STRONG> (Thumb, 642 bytes, Stack size unknown bytes, crypto.o(i.AES_CMAC_Encrypt_Append))
<BR><BR>[Calls]<UL><LI><a href="#[8e]">&gt;&gt;</a>&nbsp;&nbsp;&nbsp;__aeabi_uread4
<LI><a href="#[94]">&gt;&gt;</a>&nbsp;&nbsp;&nbsp;AES_general_enc
</UL>
<BR>[Called By]<UL><LI><a href="#[93]">&gt;&gt;</a>&nbsp;&nbsp;&nbsp;AES_CMAC_Encrypt_Finish
<LI><a href="#[90]">&gt;&gt;</a>&nbsp;&nbsp;&nbsp;AES_CMAC_Encrypt
</UL>

<P><STRONG><a name="[93]"></a>AES_CMAC_Encrypt_Finish</STRONG> (Thumb, 104 bytes, Stack size unknown bytes, crypto.o(i.AES_CMAC_Encrypt_Finish))
<BR><BR>[Calls]<UL><LI><a href="#[92]">&gt;&gt;</a>&nbsp;&nbsp;&nbsp;AES_CMAC_Encrypt_Append
</UL>
<BR>[Called By]<UL><LI><a href="#[90]">&gt;&gt;</a>&nbsp;&nbsp;&nbsp;AES_CMAC_Encrypt
</UL>

<P><STRONG><a name="[91]"></a>AES_CMAC_Encrypt_Init</STRONG> (Thumb, 52 bytes, Stack size unknown bytes, crypto.o(i.AES_CMAC_Encrypt_Init))
<BR><BR>[Calls]<UL><LI><a href="#[95]">&gt;&gt;</a>&nbsp;&nbsp;&nbsp;AESstdInit
</UL>
<BR>[Called By]<UL><LI><a href="#[90]">&gt;&gt;</a>&nbsp;&nbsp;&nbsp;AES_CMAC_Encrypt
</UL>

<P><STRONG><a name="[8f]"></a>AES_general_SW_enc</STRONG> (Thumb, 604 bytes, Stack size unknown bytes, crypto.o(i.AES_general_SW_enc))
<BR><BR>[Called By]<UL><LI><a href="#[94]">&gt;&gt;</a>&nbsp;&nbsp;&nbsp;AES_general_enc
<LI><a href="#[8c]">&gt;&gt;</a>&nbsp;&nbsp;&nbsp;AES128ECB_Wrapper
</UL>

<P><STRONG><a name="[8d]"></a>AES_keyschedule_enc</STRONG> (Thumb, 54 bytes, Stack size unknown bytes, crypto.o(i.AES_keyschedule_enc))
<BR><BR>[Calls]<UL><LI><a href="#[8e]">&gt;&gt;</a>&nbsp;&nbsp;&nbsp;__aeabi_uread4
<LI><a href="#[96]">&gt;&gt;</a>&nbsp;&nbsp;&nbsp;AES_keyschedule_enc_LL
</UL>
<BR>[Called By]<UL><LI><a href="#[95]">&gt;&gt;</a>&nbsp;&nbsp;&nbsp;AESstdInit
<LI><a href="#[8c]">&gt;&gt;</a>&nbsp;&nbsp;&nbsp;AES128ECB_Wrapper
</UL>

<P><STRONG><a name="[97]"></a>Accu_Handles_Requiring_Auth</STRONG> (Thumb, 110 bytes, Stack size unknown bytes, rom_att.o(i.Accu_Handles_Requiring_Auth))
<BR><BR>[Stack]<UL><LI>Max Depth = 40 + Unknown Stack Size
<LI>Call Chain = Accu_Handles_Requiring_Auth &rArr; Osal_MemCpy &rArr; memcpy &rArr; __aeabi_memcpy
</UL>
<BR>[Calls]<UL><LI><a href="#[98]">&gt;&gt;</a>&nbsp;&nbsp;&nbsp;Osal_MemCpy
<LI><a href="#[9a]">&gt;&gt;</a>&nbsp;&nbsp;&nbsp;Search_Handle
<LI><a href="#[99]">&gt;&gt;</a>&nbsp;&nbsp;&nbsp;Gatt_Find_Srv_Owner_Of_Handle
<LI><a href="#[9b]">&gt;&gt;</a>&nbsp;&nbsp;&nbsp;L2CAP_Get_PDU_Len
</UL>
<BR>[Called By]<UL><LI><a href="#[1dd]">&gt;&gt;</a>&nbsp;&nbsp;&nbsp;Read_Multi_Resp
</UL>

<P><STRONG><a name="[9c]"></a>Accu_UuidTypes_Requiring_Auth</STRONG> (Thumb, 232 bytes, Stack size unknown bytes, rom_att.o(i.Accu_UuidTypes_Requiring_Auth))
<BR><BR>[Stack]<UL><LI>Max Depth = 40 + Unknown Stack Size
<LI>Call Chain = Accu_UuidTypes_Requiring_Auth &rArr; Osal_MemCpy &rArr; memcpy &rArr; __aeabi_memcpy
</UL>
<BR>[Calls]<UL><LI><a href="#[98]">&gt;&gt;</a>&nbsp;&nbsp;&nbsp;Osal_MemCpy
<LI><a href="#[9d]">&gt;&gt;</a>&nbsp;&nbsp;&nbsp;Osal_MemCmp
<LI><a href="#[99]">&gt;&gt;</a>&nbsp;&nbsp;&nbsp;Gatt_Find_Srv_Owner_Of_Handle
</UL>
<BR>[Called By]<UL><LI><a href="#[1da]">&gt;&gt;</a>&nbsp;&nbsp;&nbsp;Read_By_Type_Resp
</UL>

<P><STRONG><a name="[9e]"></a>Acl_Clone_Fragment</STRONG> (Thumb, 32 bytes, Stack size unknown bytes, pm.o(i.Acl_Clone_Fragment))
<BR><BR>[Stack]<UL><LI>Max Depth = 40 + Unknown Stack Size
<LI>Call Chain = Acl_Clone_Fragment &rArr; Osal_MemCpy &rArr; memcpy &rArr; __aeabi_memcpy
</UL>
<BR>[Calls]<UL><LI><a href="#[98]">&gt;&gt;</a>&nbsp;&nbsp;&nbsp;Osal_MemCpy
</UL>
<BR>[Called By]<UL><LI><a href="#[57]">&gt;&gt;</a>&nbsp;&nbsp;&nbsp;hci_acl_data_ind_event_int_cb
<LI><a href="#[1d0]">&gt;&gt;</a>&nbsp;&nbsp;&nbsp;PM_Clone_Pckt
</UL>

<P><STRONG><a name="[a1]"></a>Acl_Disconnected_Peer</STRONG> (Thumb, 76 bytes, Stack size unknown bytes, acl.o(i.Acl_Disconnected_Peer))
<BR><BR>[Calls]<UL><LI><a href="#[a2]">&gt;&gt;</a>&nbsp;&nbsp;&nbsp;Search_In_Stat
<LI><a href="#[a3]">&gt;&gt;</a>&nbsp;&nbsp;&nbsp;PM_Release_Pckt
</UL>
<BR>[Called By]<UL><LI><a href="#[1a0]">&gt;&gt;</a>&nbsp;&nbsp;&nbsp;L2C_Rcv_Event_Handler_ISR
</UL>

<P><STRONG><a name="[1cf]"></a>Acl_Get_Last</STRONG> (Thumb, 12 bytes, Stack size unknown bytes, pm.o(i.Acl_Get_Last))
<BR><BR>[Called By]<UL><LI><a href="#[1ce]">&gt;&gt;</a>&nbsp;&nbsp;&nbsp;PM_Append_Fragment
</UL>

<P><STRONG><a name="[a0]"></a>Acl_Get_Pack_Off</STRONG> (Thumb, 24 bytes, Stack size unknown bytes, pm.o(i.Acl_Get_Pack_Off))
<BR><BR>[Called By]<UL><LI><a href="#[10b]">&gt;&gt;</a>&nbsp;&nbsp;&nbsp;PM_Pckt_Cmp
<LI><a href="#[9f]">&gt;&gt;</a>&nbsp;&nbsp;&nbsp;Acl_Copy_Data
</UL>

<P><STRONG><a name="[a4]"></a>Acl_Init</STRONG> (Thumb, 44 bytes, Stack size unknown bytes, acl.o(i.Acl_Init))
<BR><BR>[Stack]<UL><LI>Max Depth = 16 + Unknown Stack Size
<LI>Call Chain = Acl_Init &rArr; Osal_MemSet &rArr; memset
</UL>
<BR>[Calls]<UL><LI><a href="#[a5]">&gt;&gt;</a>&nbsp;&nbsp;&nbsp;Osal_MemSet
</UL>
<BR>[Called By]<UL><LI><a href="#[ca]">&gt;&gt;</a>&nbsp;&nbsp;&nbsp;BlueNRG_Stack_Initialize_Layers
</UL>

<P><STRONG><a name="[a6]"></a>Acl_Rcv_Pkt_Handler</STRONG> (Thumb, 30 bytes, Stack size unknown bytes, acl.o(i.Acl_Rcv_Pkt_Handler))
<BR><BR>[Calls]<UL><LI><a href="#[a7]">&gt;&gt;</a>&nbsp;&nbsp;&nbsp;aci_event_fifo_push_header
<LI><a href="#[a8]">&gt;&gt;</a>&nbsp;&nbsp;&nbsp;aci_event_fifo_push
</UL>
<BR>[Called By]<UL><LI><a href="#[1f4]">&gt;&gt;</a>&nbsp;&nbsp;&nbsp;isr_event_handler_patched
</UL>

<P><STRONG><a name="[a9]"></a>Acl_Transmit_Data</STRONG> (Thumb, 66 bytes, Stack size unknown bytes, acl.o(i.Acl_Transmit_Data))
<BR><BR>[Calls]<UL><LI><a href="#[aa]">&gt;&gt;</a>&nbsp;&nbsp;&nbsp;Acl_Transmit_Packet
</UL>
<BR>[Called By]<UL><LI><a href="#[164]">&gt;&gt;</a>&nbsp;&nbsp;&nbsp;L2C_Send_Data
<LI><a href="#[b4]">&gt;&gt;</a>&nbsp;&nbsp;&nbsp;hci_acl_Process_Q
</UL>

<P><STRONG><a name="[aa]"></a>Acl_Transmit_Packet</STRONG> (Thumb, 22 bytes, Stack size unknown bytes, acl.o(i.Acl_Transmit_Packet))
<BR><BR>[Calls]<UL><LI><a href="#[ac]">&gt;&gt;</a>&nbsp;&nbsp;&nbsp;slave_advance
<LI><a href="#[ab]">&gt;&gt;</a>&nbsp;&nbsp;&nbsp;LL_Send_ACL_Data
</UL>
<BR>[Called By]<UL><LI><a href="#[a9]">&gt;&gt;</a>&nbsp;&nbsp;&nbsp;Acl_Transmit_Data
</UL>

<P><STRONG><a name="[ad]"></a>Acl_Tx_Cmpl_Pkt_Handler</STRONG> (Thumb, 30 bytes, Stack size unknown bytes, acl.o(i.Acl_Tx_Cmpl_Pkt_Handler))
<BR><BR>[Calls]<UL><LI><a href="#[a7]">&gt;&gt;</a>&nbsp;&nbsp;&nbsp;aci_event_fifo_push_header
<LI><a href="#[a8]">&gt;&gt;</a>&nbsp;&nbsp;&nbsp;aci_event_fifo_push
</UL>
<BR>[Called By]<UL><LI><a href="#[1f4]">&gt;&gt;</a>&nbsp;&nbsp;&nbsp;isr_event_handler_patched
</UL>

<P><STRONG><a name="[c3]"></a>App_SleepMode_Check</STRONG> (Thumb, 4 bytes, Stack size 0 bytes, sleep.o(i.App_SleepMode_Check))
<BR><BR>[Called By]<UL><LI><a href="#[c1]">&gt;&gt;</a>&nbsp;&nbsp;&nbsp;BlueNRG_Sleep
</UL>

<P><STRONG><a name="[ae]"></a>Att_Send_Read_Blob_Req_Pdu</STRONG> (Thumb, 78 bytes, Stack size unknown bytes, rom_att.o(i.Att_Send_Read_Blob_Req_Pdu))
<BR><BR>[Stack]<UL><LI>Max Depth = 40 + Unknown Stack Size
<LI>Call Chain = Att_Send_Read_Blob_Req_Pdu &rArr; Osal_MemCpy &rArr; memcpy &rArr; __aeabi_memcpy
</UL>
<BR>[Calls]<UL><LI><a href="#[98]">&gt;&gt;</a>&nbsp;&nbsp;&nbsp;Osal_MemCpy
<LI><a href="#[af]">&gt;&gt;</a>&nbsp;&nbsp;&nbsp;PM_Set_Att_Pdu_Length
</UL>
<BR>[Called By]<UL><LI><a href="#[166]">&gt;&gt;</a>&nbsp;&nbsp;&nbsp;Gatt_Super_Handler_Task7
</UL>

<P><STRONG><a name="[b0]"></a>Att_Send_Read_By_Typ_Req_Pdu</STRONG> (Thumb, 124 bytes, Stack size unknown bytes, rom_att.o(i.Att_Send_Read_By_Typ_Req_Pdu))
<BR><BR>[Stack]<UL><LI>Max Depth = 40 + Unknown Stack Size
<LI>Call Chain = Att_Send_Read_By_Typ_Req_Pdu &rArr; Osal_MemCpy &rArr; memcpy &rArr; __aeabi_memcpy
</UL>
<BR>[Calls]<UL><LI><a href="#[98]">&gt;&gt;</a>&nbsp;&nbsp;&nbsp;Osal_MemCpy
<LI><a href="#[af]">&gt;&gt;</a>&nbsp;&nbsp;&nbsp;PM_Set_Att_Pdu_Length
<LI><a href="#[b1]">&gt;&gt;</a>&nbsp;&nbsp;&nbsp;PM_Write_Pckt_Data
</UL>
<BR>[Called By]<UL><LI><a href="#[13f]">&gt;&gt;</a>&nbsp;&nbsp;&nbsp;Gatt_Read_Charac_By_Uuid
</UL>

<P><STRONG><a name="[b2]"></a>BTLE_StackTick</STRONG> (Thumb, 132 bytes, Stack size unknown bytes, bluenrg_main_func.o(i.BTLE_StackTick))
<BR><BR>[Stack]<UL><LI>Max Depth = 680 + Unknown Stack Size
<LI>Call Chain = BTLE_StackTick &rArr; Timer_ProcessQ &rArr; TimerCallback &rArr; HAL_VTimerTimeoutCallback &rArr; sleep_timer &rArr;  BTLE_StackTick (Cycle)
</UL>
<BR>[Calls]<UL><LI><a href="#[b6]">&gt;&gt;</a>&nbsp;&nbsp;&nbsp;Events_Process_Q
<LI><a href="#[b5]">&gt;&gt;</a>&nbsp;&nbsp;&nbsp;Controller_Process_Q
<LI><a href="#[b7]">&gt;&gt;</a>&nbsp;&nbsp;&nbsp;BlueNRG_Stack_Perform_Crystal_Check
<LI><a href="#[b9]">&gt;&gt;</a>&nbsp;&nbsp;&nbsp;patch_advance_transmit
<LI><a href="#[b8]">&gt;&gt;</a>&nbsp;&nbsp;&nbsp;machine_time_trans
<LI><a href="#[b4]">&gt;&gt;</a>&nbsp;&nbsp;&nbsp;hci_acl_Process_Q
<LI><a href="#[b3]">&gt;&gt;</a>&nbsp;&nbsp;&nbsp;Timer_ProcessQ
<LI><a href="#[bc]">&gt;&gt;</a>&nbsp;&nbsp;&nbsp;SMP_Process_Q
<LI><a href="#[bb]">&gt;&gt;</a>&nbsp;&nbsp;&nbsp;Gatt_Process_Q
[...]
<LI><a href="#[215]">&gt;&gt;</a>&nbsp;&nbsp;&nbsp;smp_Execute_Actions_wrt_Current_State
</UL>

<P><STRONG><a name="[2a2]"></a>smp____MI_PairingConfirm_Send</STRONG> (Thumb, 146 bytes, Stack size unknown bytes, securitymgr.o(i.smp____MI_PairingConfirm_Send))
<BR><BR>[Stack]<UL><LI>Max Depth = 40 + Unknown Stack Size
<LI>Call Chain = smp____MI_PairingConfirm_Send &rArr; PM_Write_Pckt_Data &rArr; Acl_Copy_Data &rArr; Osal_MemCpy &rArr; memcpy &rArr; __aeabi_memcpy
</UL>
<BR>[Calls]<UL><LI><a href="#[af]">&gt;&gt;</a>&nbsp;&nbsp;&nbsp;PM_Set_Att_Pdu_Length
<LI><a href="#[b1]">&gt;&gt;</a>&nbsp;&nbsp;&nbsp;PM_Write_Pckt_Data
<LI><a href="#[e5]">&gt;&gt;</a>&nbsp;&nbsp;&nbsp;PM_Get_Pckt
<LI><a href="#[207]">&gt;&gt;</a>&nbsp;&nbsp;&nbsp;SMA_SC_Gen_f4_Confirm
<LI><a href="#[212]">&gt;&gt;</a>&nbsp;&nbsp;&nbsp;smp_Send_Data
<LI><a href="#[2ab]">&gt;&gt;</a>&nbsp;&nbsp;&nbsp;smp_LP_MI_Compute_c1_Confirm_Value
</UL>
<BR>[Called By]<UL><LI><a href="#[215]">&gt;&gt;</a>&nbsp;&nbsp;&nbsp;smp_Execute_Actions_wrt_Current_State
</UL>

<P><STRONG><a name="[2b5]"></a>smp____MI_PairingRandom_Receive</STRONG> (Thumb, 418 bytes, Stack size unknown bytes, securitymgr.o(i.smp____MI_PairingRandom_Receive))
<BR><BR>[Stack]<UL><LI>Max Depth = 40 + Unknown Stack Size
<LI>Call Chain = smp____MI_PairingRandom_Receive &rArr; Osal_MemCpy &rArr; memcpy &rArr; __aeabi_memcpy
</UL>
<BR>[Calls]<UL><LI><a href="#[a5]">&gt;&gt;</a>&nbsp;&nbsp;&nbsp;Osal_MemSet
<LI><a href="#[98]">&gt;&gt;</a>&nbsp;&nbsp;&nbsp;Osal_MemCpy
<LI><a href="#[9d]">&gt;&gt;</a>&nbsp;&nbsp;&nbsp;Osal_MemCmp
<LI><a href="#[103]">&gt;&gt;</a>&nbsp;&nbsp;&nbsp;PM_Copy_Pckt_Data
<LI><a href="#[1bf]">&gt;&gt;</a>&nbsp;&nbsp;&nbsp;LL_Start_Encryption
<LI><a href="#[16a]">&gt;&gt;</a>&nbsp;&nbsp;&nbsp;__aeabi_uidivmod
<LI><a href="#[20b]">&gt;&gt;</a>&nbsp;&nbsp;&nbsp;SMA_SC_Gen_g2_NumComp_Val
<LI><a href="#[207]">&gt;&gt;</a>&nbsp;&nbsp;&nbsp;SMA_SC_Gen_f4_Confirm
<LI><a href="#[206]">&gt;&gt;</a>&nbsp;&nbsp;&nbsp;SMA_LP_s1_Generate_STK
<LI><a href="#[2a6]">&gt;&gt;</a>&nbsp;&nbsp;&nbsp;smp____PairingFailed_Send
<LI><a href="#[2ab]">&gt;&gt;</a>&nbsp;&nbsp;&nbsp;smp_LP_MI_Compute_c1_Confirm_Value
<LI><a href="#[24f]">&gt;&gt;</a>&nbsp;&nbsp;&nbsp;aci_gap_numeric_comparison_value_event_push
<LI><a href="#[110]">&gt;&gt;</a>&nbsp;&nbsp;&nbsp;STORE_LE_32
</UL>
<BR>[Called By]<UL><LI><a href="#[216]">&gt;&gt;</a>&nbsp;&nbsp;&nbsp;smp_Process_Rx_Packet_wrt_Current_State
</UL>

<P><STRONG><a name="[2b4]"></a>smp____MI_PairingResponse_Receive</STRONG> (Thumb, 126 bytes, Stack size unknown bytes, securitymgr.o(i.smp____MI_PairingResponse_Receive))
<BR><BR>[Stack]<UL><LI>Max Depth = 40 + Unknown Stack Size
<LI>Call Chain = smp____MI_PairingResponse_Receive &rArr; smp____PairingFailed_Send &rArr; smp____Pairing_Process_Abort &rArr; sm_RepeatedAttacks_Protection &rArr; Osal_MemCpy &rArr; memcpy &rArr; __aeabi_memcpy
</UL>
<BR>[Calls]<UL><LI><a href="#[2ba]">&gt;&gt;</a>&nbsp;&nbsp;&nbsp;smp____SC_Continue_If_Exclusive_SC_Pairing
<LI><a href="#[2a6]">&gt;&gt;</a>&nbsp;&nbsp;&nbsp;smp____PairingFailed_Send
<LI><a href="#[2b8]">&gt;&gt;</a>&nbsp;&nbsp;&nbsp;smp_Set_Key_Association_Method
<LI><a href="#[2bb]">&gt;&gt;</a>&nbsp;&nbsp;&nbsp;smp_Get_Pairing_Parameters_From_Peer_Packet
<LI><a href="#[2b9]">&gt;&gt;</a>&nbsp;&nbsp;&nbsp;smp_Check_Incoming_Pairing_Parameters
</UL>
<BR>[Called By]<UL><LI><a href="#[216]">&gt;&gt;</a>&nbsp;&nbsp;&nbsp;smp_Process_Rx_Packet_wrt_Current_State
</UL>

<P><STRONG><a name="[2b0]"></a>smp____MI_SecurityRequest_Receive</STRONG> (Thumb, 96 bytes, Stack size unknown bytes, securitymgr.o(i.smp____MI_SecurityRequest_Receive))
<BR><BR>[Stack]<UL><LI>Max Depth = 40 + Unknown Stack Size
<LI>Call Chain = smp____MI_SecurityRequest_Receive &rArr; SMP_MI_PairingRequest_Send &rArr; smp_Send_Data &rArr; smp_Reset_Timer &rArr; Timer_StartOneShot &rArr; Timer_StartOneShot_sysTime32 &rArr; Osal_MemCpy &rArr; memcpy &rArr; __aeabi_memcpy
</UL>
<BR>[Calls]<UL><LI><a href="#[20d]">&gt;&gt;</a>&nbsp;&nbsp;&nbsp;SMP_MI_PairingRequest_Send
<LI><a href="#[2a6]">&gt;&gt;</a>&nbsp;&nbsp;&nbsp;smp____PairingFailed_Send
</UL>
<BR>[Called By]<UL><LI><a href="#[216]">&gt;&gt;</a>&nbsp;&nbsp;&nbsp;smp_Process_Rx_Packet_wrt_Current_State
</UL>

<P><STRONG><a name="[217]"></a>smp____Pairing_Process_Abort</STRONG> (Thumb, 182 bytes, Stack size unknown bytes, securitymgr.o(i.smp____Pairing_Process_Abort))
<BR><BR>[Stack]<UL><LI>Max Depth = 40 + Unknown Stack Size
<LI>Call Chain = smp____Pairing_Process_Abort &rArr; sm_RepeatedAttacks_Protection &rArr; Osal_MemCpy &rArr; memcpy &rArr; __aeabi_memcpy
</UL>
<BR>[Calls]<UL><LI><a href="#[13a]">&gt;&gt;</a>&nbsp;&nbsp;&nbsp;Timer_StopOneShot
<LI><a href="#[a7]">&gt;&gt;</a>&nbsp;&nbsp;&nbsp;aci_event_fifo_push_header
<LI><a href="#[a8]">&gt;&gt;</a>&nbsp;&nbsp;&nbsp;aci_event_fifo_push
<LI><a href="#[2a0]">&gt;&gt;</a>&nbsp;&nbsp;&nbsp;smp____SC_submit_ECC_PK_generation_request
<LI><a href="#[222]">&gt;&gt;</a>&nbsp;&nbsp;&nbsp;smp_Find_Remote_Device_Index
<LI><a href="#[29b]">&gt;&gt;</a>&nbsp;&nbsp;&nbsp;sm_RepeatedAttacks_Protection
</UL>
<BR>[Called By]<UL><LI><a href="#[bc]">&gt;&gt;</a>&nbsp;&nbsp;&nbsp;SMP_Process_Q
<LI><a href="#[2a6]">&gt;&gt;</a>&nbsp;&nbsp;&nbsp;smp____PairingFailed_Send
</UL>

<P><STRONG><a name="[2a4]"></a>smp____SR_PairingConfirm_Receive</STRONG> (Thumb, 172 bytes, Stack size unknown bytes, securitymgr.o(i.smp____SR_PairingConfirm_Receive))
<BR><BR>[Stack]<UL><LI>Max Depth = 40 + Unknown Stack Size
<LI>Call Chain = smp____SR_PairingConfirm_Receive &rArr; PM_Write_Pckt_Data &rArr; Acl_Copy_Data &rArr; Osal_MemCpy &rArr; memcpy &rArr; __aeabi_memcpy
</UL>
<BR>[Calls]<UL><LI><a href="#[af]">&gt;&gt;</a>&nbsp;&nbsp;&nbsp;PM_Set_Att_Pdu_Length
<LI><a href="#[b1]">&gt;&gt;</a>&nbsp;&nbsp;&nbsp;PM_Write_Pckt_Data
<LI><a href="#[e5]">&gt;&gt;</a>&nbsp;&nbsp;&nbsp;PM_Get_Pckt
<LI><a href="#[103]">&gt;&gt;</a>&nbsp;&nbsp;&nbsp;PM_Copy_Pckt_Data
<LI><a href="#[207]">&gt;&gt;</a>&nbsp;&nbsp;&nbsp;SMA_SC_Gen_f4_Confirm
<LI><a href="#[212]">&gt;&gt;</a>&nbsp;&nbsp;&nbsp;smp_Send_Data
<LI><a href="#[2b7]">&gt;&gt;</a>&nbsp;&nbsp;&nbsp;smp_SR_Compute_c1_Confirm_Value
</UL>
<BR>[Called By]<UL><LI><a href="#[216]">&gt;&gt;</a>&nbsp;&nbsp;&nbsp;smp_Process_Rx_Packet_wrt_Current_State
<LI><a href="#[215]">&gt;&gt;</a>&nbsp;&nbsp;&nbsp;smp_Execute_Actions_wrt_Current_State
</UL>

<P><STRONG><a name="[2b2]"></a>smp____SR_PairingRandom_Receive</STRONG> (Thumb, 410 bytes, Stack size unknown bytes, securitymgr.o(i.smp____SR_PairingRandom_Receive))
<BR><BR>[Stack]<UL><LI>Max Depth = 40 + Unknown Stack Size
<LI>Call Chain = smp____SR_PairingRandom_Receive &rArr; Osal_MemCpy &rArr; memcpy &rArr; __aeabi_memcpy
</UL>
<BR>[Calls]<UL><LI><a href="#[a5]">&gt;&gt;</a>&nbsp;&nbsp;&nbsp;Osal_MemSet
<LI><a href="#[98]">&gt;&gt;</a>&nbsp;&nbsp;&nbsp;Osal_MemCpy
<LI><a href="#[9d]">&gt;&gt;</a>&nbsp;&nbsp;&nbsp;Osal_MemCmp
<LI><a href="#[af]">&gt;&gt;</a>&nbsp;&nbsp;&nbsp;PM_Set_Att_Pdu_Length
<LI><a href="#[b1]">&gt;&gt;</a>&nbsp;&nbsp;&nbsp;PM_Write_Pckt_Data
<LI><a href="#[e5]">&gt;&gt;</a>&nbsp;&nbsp;&nbsp;PM_Get_Pckt
<LI><a href="#[103]">&gt;&gt;</a>&nbsp;&nbsp;&nbsp;PM_Copy_Pckt_Data
<LI><a href="#[16a]">&gt;&gt;</a>&nbsp;&nbsp;&nbsp;__aeabi_uidivmod
<LI><a href="#[20b]">&gt;&gt;</a>&nbsp;&nbsp;&nbsp;SMA_SC_Gen_g2_NumComp_Val
<LI><a href="#[207]">&gt;&gt;</a>&nbsp;&nbsp;&nbsp;SMA_SC_Gen_f4_Confirm
<LI><a href="#[206]">&gt;&gt;</a>&nbsp;&nbsp;&nbsp;SMA_LP_s1_Generate_STK
<LI><a href="#[2a6]">&gt;&gt;</a>&nbsp;&nbsp;&nbsp;smp____PairingFailed_Send
<LI><a href="#[212]">&gt;&gt;</a>&nbsp;&nbsp;&nbsp;smp_Send_Data
<LI><a href="#[2b7]">&gt;&gt;</a>&nbsp;&nbsp;&nbsp;smp_SR_Compute_c1_Confirm_Value
<LI><a href="#[24f]">&gt;&gt;</a>&nbsp;&nbsp;&nbsp;aci_gap_numeric_comparison_value_event_push
<LI><a href="#[110]">&gt;&gt;</a>&nbsp;&nbsp;&nbsp;STORE_LE_32
</UL>
<BR>[Called By]<UL><LI><a href="#[216]">&gt;&gt;</a>&nbsp;&nbsp;&nbsp;smp_Process_Rx_Packet_wrt_Current_State
</UL>

<P><STRONG><a name="[2af]"></a>smp____SR_PairingRequest_Receive</STRONG> (Thumb, 398 bytes, Stack size unknown bytes, securitymgr.o(i.smp____SR_PairingRequest_Receive))
<BR><BR>[Stack]<UL><LI>Max Depth = 40 + Unknown Stack Size
<LI>Call Chain = smp____SR_PairingRequest_Receive &rArr; smp_Add_To_Database &rArr; Osal_MemCpy &rArr; memcpy &rArr; __aeabi_memcpy
</UL>
<BR>[Calls]<UL><LI><a href="#[e5]">&gt;&gt;</a>&nbsp;&nbsp;&nbsp;PM_Get_Pckt
<LI><a href="#[2ba]">&gt;&gt;</a>&nbsp;&nbsp;&nbsp;smp____SC_Continue_If_Exclusive_SC_Pairing
<LI><a href="#[210]">&gt;&gt;</a>&nbsp;&nbsp;&nbsp;smp_OOB_Check_Is_Remote_Data_Present
<LI><a href="#[29c]">&gt;&gt;</a>&nbsp;&nbsp;&nbsp;smp_Add_To_Database
<LI><a href="#[2a6]">&gt;&gt;</a>&nbsp;&nbsp;&nbsp;smp____PairingFailed_Send
<LI><a href="#[212]">&gt;&gt;</a>&nbsp;&nbsp;&nbsp;smp_Send_Data
<LI><a href="#[2b8]">&gt;&gt;</a>&nbsp;&nbsp;&nbsp;smp_Set_Key_Association_Method
<LI><a href="#[2bb]">&gt;&gt;</a>&nbsp;&nbsp;&nbsp;smp_Get_Pairing_Parameters_From_Peer_Packet
<LI><a href="#[2b9]">&gt;&gt;</a>&nbsp;&nbsp;&nbsp;smp_Check_Incoming_Pairing_Parameters
<LI><a href="#[211]">&gt;&gt;</a>&nbsp;&nbsp;&nbsp;smp_Build_Pairing_ReqResp_Packet
<LI><a href="#[20f]">&gt;&gt;</a>&nbsp;&nbsp;&nbsp;smp_Build_AuthReq_Field
</UL>
<BR>[Called By]<UL><LI><a href="#[216]">&gt;&gt;</a>&nbsp;&nbsp;&nbsp;smp_Process_Rx_Packet_wrt_Current_State
</UL>

<P><STRONG><a name="[21f]"></a>SM_Connection_Complete_Handler</STRONG> (Thumb, 118 bytes, Stack size unknown bytes, sm_common.o(i.SM_Connection_Complete_Handler))
<BR><BR>[Stack]<UL><LI>Max Depth = 40 + Unknown Stack Size
<LI>Call Chain = SM_Connection_Complete_Handler &rArr; Osal_MemCpy &rArr; memcpy &rArr; __aeabi_memcpy
</UL>
<BR>[Calls]<UL><LI><a href="#[98]">&gt;&gt;</a>&nbsp;&nbsp;&nbsp;Osal_MemCpy
</UL>
<BR>[Called By]<UL><LI><a href="#[19a]">&gt;&gt;</a>&nbsp;&nbsp;&nbsp;SM_L2CAP_Handler_ISR
</UL>

<P><STRONG><a name="[249]"></a>aci_gap_authorization_req_event_push</STRONG> (Thumb, 64 bytes, Stack size unknown bytes, sm_common.o(i.aci_gap_authorization_req_event_push))
<BR><BR>[Calls]<UL><LI><a href="#[a7]">&gt;&gt;</a>&nbsp;&nbsp;&nbsp;aci_event_fifo_push_header
<LI><a href="#[a8]">&gt;&gt;</a>&nbsp;&nbsp;&nbsp;aci_event_fifo_push
</UL>
<BR>[Called By]<UL><LI><a href="#[2a9]">&gt;&gt;</a>&nbsp;&nbsp;&nbsp;smp_Pairing_Completed
</UL>

<P><STRONG><a name="[21c]"></a>aci_gap_pairing_complete_event_push</STRONG> (Thumb, 72 bytes, Stack size unknown bytes, sm_common.o(i.aci_gap_pairing_complete_event_push))
<BR><BR>[Calls]<UL><LI><a href="#[a7]">&gt;&gt;</a>&nbsp;&nbsp;&nbsp;aci_event_fifo_push_header
<LI><a href="#[a8]">&gt;&gt;</a>&nbsp;&nbsp;&nbsp;aci_event_fifo_push
</UL>
<BR>[Called By]<UL><LI><a href="#[1a1]">&gt;&gt;</a>&nbsp;&nbsp;&nbsp;SM_L2CAP_Encryption_changed_Handler_ISR
<LI><a href="#[21b]">&gt;&gt;</a>&nbsp;&nbsp;&nbsp;SMP_Timer_cb
<LI><a href="#[2a9]">&gt;&gt;</a>&nbsp;&nbsp;&nbsp;smp_Pairing_Completed
</UL>

<P><STRONG><a name="[221]"></a>smp_Keys_Distribution_Complete</STRONG> (Thumb, 70 bytes, Stack size unknown bytes, sm_common.o(i.smp_Keys_Distribution_Complete))
<BR><BR>[Stack]<UL><LI>Max Depth = 40 + Unknown Stack Size
<LI>Call Chain = smp_Keys_Distribution_Complete &rArr; smp_Pairing_Completed &rArr; smp_Add_To_Database &rArr; Osal_MemCpy &rArr; memcpy &rArr; __aeabi_memcpy
</UL>
<BR>[Calls]<UL><LI><a href="#[1bf]">&gt;&gt;</a>&nbsp;&nbsp;&nbsp;LL_Start_Encryption
<LI><a href="#[2a9]">&gt;&gt;</a>&nbsp;&nbsp;&nbsp;smp_Pairing_Completed
</UL>
<BR>[Called By]<UL><LI><a href="#[19e]">&gt;&gt;</a>&nbsp;&nbsp;&nbsp;SM_L2CAP_Handler
</UL>

<P><STRONG><a name="[105]"></a>aci_gatt_attribute_modified_event_push</STRONG> (Thumb, 100 bytes, Stack size unknown bytes, att.o(i.aci_gatt_attribute_modified_event_push))
<BR><BR>[Stack]<UL><LI>Max Depth = 40 + Unknown Stack Size
<LI>Call Chain = aci_gatt_attribute_modified_event_push &rArr; Osal_MemCpy &rArr; memcpy &rArr; __aeabi_memcpy
</UL>
<BR>[Calls]<UL><LI><a href="#[98]">&gt;&gt;</a>&nbsp;&nbsp;&nbsp;Osal_MemCpy
<LI><a href="#[a7]">&gt;&gt;</a>&nbsp;&nbsp;&nbsp;aci_event_fifo_push_header
<LI><a href="#[a8]">&gt;&gt;</a>&nbsp;&nbsp;&nbsp;aci_event_fifo_push
</UL>
<BR>[Called By]<UL><LI><a href="#[1df]">&gt;&gt;</a>&nbsp;&nbsp;&nbsp;Write_Resp
<LI><a href="#[1e0]">&gt;&gt;</a>&nbsp;&nbsp;&nbsp;Write_Cmd
<LI><a href="#[101]">&gt;&gt;</a>&nbsp;&nbsp;&nbsp;Exec_Write_Resp
</UL>

<P><STRONG><a name="[1f9]"></a>aci_gatt_read_multi_permit_req_event_push</STRONG> (Thumb, 80 bytes, Stack size unknown bytes, att.o(i.aci_gatt_read_multi_permit_req_event_push))
<BR><BR>[Stack]<UL><LI>Max Depth = 40 + Unknown Stack Size
<LI>Call Chain = aci_gatt_read_multi_permit_req_event_push &rArr; Osal_MemCpy &rArr; memcpy &rArr; __aeabi_memcpy
</UL>
<BR>[Calls]<UL><LI><a href="#[98]">&gt;&gt;</a>&nbsp;&nbsp;&nbsp;Osal_MemCpy
<LI><a href="#[a7]">&gt;&gt;</a>&nbsp;&nbsp;&nbsp;aci_event_fifo_push_header
<LI><a href="#[a8]">&gt;&gt;</a>&nbsp;&nbsp;&nbsp;aci_event_fifo_push
</UL>
<BR>[Called By]<UL><LI><a href="#[1dd]">&gt;&gt;</a>&nbsp;&nbsp;&nbsp;Read_Multi_Resp
<LI><a href="#[1da]">&gt;&gt;</a>&nbsp;&nbsp;&nbsp;Read_By_Type_Resp
</UL>

<P><STRONG><a name="[1f7]"></a>aci_gatt_read_permit_req_event_push</STRONG> (Thumb, 56 bytes, Stack size unknown bytes, att.o(i.aci_gatt_read_permit_req_event_push))
<BR><BR>[Calls]<UL><LI><a href="#[a7]">&gt;&gt;</a>&nbsp;&nbsp;&nbsp;aci_event_fifo_push_header
<LI><a href="#[a8]">&gt;&gt;</a>&nbsp;&nbsp;&nbsp;aci_event_fifo_push
</UL>
<BR>[Called By]<UL><LI><a href="#[1db]">&gt;&gt;</a>&nbsp;&nbsp;&nbsp;Read_Resp
<LI><a href="#[1dc]">&gt;&gt;</a>&nbsp;&nbsp;&nbsp;Read_Blob_Resp
</UL>

<P><STRONG><a name="[233]"></a>aci_gatt_write_permit_req_event_push</STRONG> (Thumb, 86 bytes, Stack size unknown bytes, att.o(i.aci_gatt_write_permit_req_event_push))
<BR><BR>[Stack]<UL><LI>Max Depth = 40 + Unknown Stack Size
<LI>Call Chain = aci_gatt_write_permit_req_event_push &rArr; PM_Copy_Pckt_Data &rArr; Acl_Copy_Data &rArr; Osal_MemCpy &rArr; memcpy &rArr; __aeabi_memcpy
</UL>
<BR>[Calls]<UL><LI><a href="#[a7]">&gt;&gt;</a>&nbsp;&nbsp;&nbsp;aci_event_fifo_push_header
<LI><a href="#[a8]">&gt;&gt;</a>&nbsp;&nbsp;&nbsp;aci_event_fifo_push
<LI><a href="#[103]">&gt;&gt;</a>&nbsp;&nbsp;&nbsp;PM_Copy_Pckt_Data
</UL>
<BR>[Called By]<UL><LI><a href="#[1df]">&gt;&gt;</a>&nbsp;&nbsp;&nbsp;Write_Resp
<LI><a href="#[1e0]">&gt;&gt;</a>&nbsp;&nbsp;&nbsp;Write_Cmd
</UL>

<P><STRONG><a name="[2c0]"></a>smp____SC_Phase_2AS2_Generate_DHKeyCheck</STRONG> (Thumb, 298 bytes, Stack size unknown bytes, smp_scv42_isap.o(i.smp____SC_Phase_2AS2_Generate_DHKeyCheck))
<BR><BR>[Stack]<UL><LI>Max Depth = 40 + Unknown Stack Size
<LI>Call Chain = smp____SC_Phase_2AS2_Generate_DHKeyCheck &rArr; Osal_MemCpy &rArr; memcpy &rArr; __aeabi_memcpy
</UL>
<BR>[Calls]<UL><LI><a href="#[a5]">&gt;&gt;</a>&nbsp;&nbsp;&nbsp;Osal_MemSet
<LI><a href="#[98]">&gt;&gt;</a>&nbsp;&nbsp;&nbsp;Osal_MemCpy
<LI><a href="#[20a]">&gt;&gt;</a>&nbsp;&nbsp;&nbsp;SMA_SC_Gen_f6_Check_Val
<LI><a href="#[2c2]">&gt;&gt;</a>&nbsp;&nbsp;&nbsp;smp____SC_Phase_2AS2__Set_Addresses
<LI><a href="#[2ad]">&gt;&gt;</a>&nbsp;&nbsp;&nbsp;smp_OOB_Get_Remote_Data_Reference
<LI><a href="#[210]">&gt;&gt;</a>&nbsp;&nbsp;&nbsp;smp_OOB_Check_Is_Remote_Data_Present
<LI><a href="#[110]">&gt;&gt;</a>&nbsp;&nbsp;&nbsp;STORE_LE_32
</UL>
<BR>[Called By]<UL><LI><a href="#[2a5]">&gt;&gt;</a>&nbsp;&nbsp;&nbsp;smp____SC_Phase_2AS2_Start
<LI><a href="#[2b6]">&gt;&gt;</a>&nbsp;&nbsp;&nbsp;smp____SC_Phase_2AS2_DHKeyCheck_Receive
</UL>

<P><STRONG><a name="[2c2]"></a>smp____SC_Phase_2AS2__Set_Addresses</STRONG> (Thumb, 50 bytes, Stack size unknown bytes, smp_scv42_isap.o(i.smp____SC_Phase_2AS2__Set_Addresses))
<BR><BR>[Stack]<UL><LI>Max Depth = 40 + Unknown Stack Size
<LI>Call Chain = smp____SC_Phase_2AS2__Set_Addresses &rArr; Osal_MemCpy &rArr; memcpy &rArr; __aeabi_memcpy
</UL>
<BR>[Calls]<UL><LI><a href="#[98]">&gt;&gt;</a>&nbsp;&nbsp;&nbsp;Osal_MemCpy
</UL>
<BR>[Called By]<UL><LI><a href="#[2c0]">&gt;&gt;</a>&nbsp;&nbsp;&nbsp;smp____SC_Phase_2AS2_Generate_DHKeyCheck
<LI><a href="#[2a5]">&gt;&gt;</a>&nbsp;&nbsp;&nbsp;smp____SC_Phase_2AS2_Start
</UL>

<P><STRONG><a name="[29a]"></a>LeftShift</STRONG> (Thumb, 44 bytes, Stack size unknown bytes, ssm_algo.o(i.LeftShift))
<BR><BR>[Called By]<UL><LI><a href="#[21e]">&gt;&gt;</a>&nbsp;&nbsp;&nbsp;sm_Generate_SubKeys
</UL>

<P><STRONG><a name="[21d]"></a>SM_CMAC_Generate_Tag</STRONG> (Thumb, 196 bytes, Stack size unknown bytes, ssm_algo.o(i.SM_CMAC_Generate_Tag))
<BR><BR>[Stack]<UL><LI>Max Depth = 40 + Unknown Stack Size
<LI>Call Chain = SM_CMAC_Generate_Tag &rArr; Osal_MemCpy &rArr; memcpy &rArr; __aeabi_memcpy
</UL>
<BR>[Calls]<UL><LI><a href="#[a5]">&gt;&gt;</a>&nbsp;&nbsp;&nbsp;Osal_MemSet
<LI><a href="#[98]">&gt;&gt;</a>&nbsp;&nbsp;&nbsp;Osal_MemCpy
<LI><a href="#[103]">&gt;&gt;</a>&nbsp;&nbsp;&nbsp;PM_Copy_Pckt_Data
<LI><a href="#[1b4]">&gt;&gt;</a>&nbsp;&nbsp;&nbsp;LL_Encrypt_Plain_Data
<LI><a href="#[21e]">&gt;&gt;</a>&nbsp;&nbsp;&nbsp;sm_Generate_SubKeys
</UL>
<BR>[Called By]<UL><LI><a href="#[223]">&gt;&gt;</a>&nbsp;&nbsp;&nbsp;SM_Validate_Signed_Packet
</UL>

<P><STRONG><a name="[220]"></a>sm_Calculate_Hash</STRONG> (Thumb, 56 bytes, Stack size unknown bytes, ssm_algo.o(i.sm_Calculate_Hash))
<BR><BR>[Stack]<UL><LI>Max Depth = 40 + Unknown Stack Size
<LI>Call Chain = sm_Calculate_Hash &rArr; Osal_MemCpy &rArr; memcpy &rArr; __aeabi_memcpy
</UL>
<BR>[Calls]<UL><LI><a href="#[a5]">&gt;&gt;</a>&nbsp;&nbsp;&nbsp;Osal_MemSet
<LI><a href="#[98]">&gt;&gt;</a>&nbsp;&nbsp;&nbsp;Osal_MemCpy
<LI><a href="#[1b4]">&gt;&gt;</a>&nbsp;&nbsp;&nbsp;LL_Encrypt_Plain_Data
</UL>
<BR>[Called By]<UL><LI><a href="#[114]">&gt;&gt;</a>&nbsp;&nbsp;&nbsp;SM_Resolve_Private_Address
<LI><a href="#[139]">&gt;&gt;</a>&nbsp;&nbsp;&nbsp;SM_Generate_Resolvable_Private_Address
</UL>

<P><STRONG><a name="[21e]"></a>sm_Generate_SubKeys</STRONG> (Thumb, 128 bytes, Stack size unknown bytes, ssm_algo.o(i.sm_Generate_SubKeys))
<BR><BR>[Calls]<UL><LI><a href="#[1b4]">&gt;&gt;</a>&nbsp;&nbsp;&nbsp;LL_Encrypt_Plain_Data
<LI><a href="#[29a]">&gt;&gt;</a>&nbsp;&nbsp;&nbsp;LeftShift
</UL>
<BR>[Called By]<UL><LI><a href="#[21d]">&gt;&gt;</a>&nbsp;&nbsp;&nbsp;SM_CMAC_Generate_Tag
</UL>

<P><STRONG><a name="[94]"></a>AES_general_enc</STRONG> (Thumb, 8 bytes, Stack size unknown bytes, crypto.o(i.AES_general_enc))
<BR><BR>[Calls]<UL><LI><a href="#[8f]">&gt;&gt;</a>&nbsp;&nbsp;&nbsp;AES_general_SW_enc
</UL>
<BR>[Called By]<UL><LI><a href="#[92]">&gt;&gt;</a>&nbsp;&nbsp;&nbsp;AES_CMAC_Encrypt_Append
</UL>

<P><STRONG><a name="[96]"></a>AES_keyschedule_enc_LL</STRONG> (Thumb, 344 bytes, Stack size unknown bytes, crypto.o(i.AES_keyschedule_enc_LL))
<BR><BR>[Called By]<UL><LI><a href="#[8d]">&gt;&gt;</a>&nbsp;&nbsp;&nbsp;AES_keyschedule_enc
</UL>

<P><STRONG><a name="[95]"></a>AESstdInit</STRONG> (Thumb, 178 bytes, Stack size unknown bytes, crypto.o(i.AESstdInit))
<BR><BR>[Calls]<UL><LI><a href="#[8d]">&gt;&gt;</a>&nbsp;&nbsp;&nbsp;AES_keyschedule_enc
</UL>
<BR>[Called By]<UL><LI><a href="#[91]">&gt;&gt;</a>&nbsp;&nbsp;&nbsp;AES_CMAC_Encrypt_Init
</UL>

<P><STRONG><a name="[1c]"></a>_printf_input_char</STRONG> (Thumb, 10 bytes, Stack size 0 bytes, _printf_char_common.o(.text))
<BR>[Address Reference Count : 1]<UL><LI> _printf_char_common.o(.text)
</UL><P>
<H3>
Undefined Global Symbols
</H3>
<P><STRONG><a name="[8a]"></a>_call_atexit_fns</STRONG> (ARM, 0 bytes, Stack size 0 bytes, UNDEFINED)
<BR><BR>[Called By]<UL><LI><a href="#[70]">&gt;&gt;</a>&nbsp;&nbsp;&nbsp;exit
</UL>

<P><STRONG><a name="[77]"></a>_printf_truncate_signed</STRONG> (ARM, 0 bytes, Stack size 0 bytes, UNDEFINED)
<BR><BR>[Called By]<UL><LI><a href="#[69]">&gt;&gt;</a>&nbsp;&nbsp;&nbsp;_printf_int_dec
</UL>

<P><STRONG><a name="[78]"></a>_printf_truncate_unsigned</STRONG> (ARM, 0 bytes, Stack size 0 bytes, UNDEFINED)
<BR><BR>[Called By]<UL><LI><a href="#[6b]">&gt;&gt;</a>&nbsp;&nbsp;&nbsp;_printf_int_hex
<LI><a href="#[69]">&gt;&gt;</a>&nbsp;&nbsp;&nbsp;_printf_int_dec
</UL>
<HR></body></html>
