###############################################################################
#
# IAR ANSI C/C++ Compiler V7.70.1.11437/W32 for ARM       29/Jan/2018  14:45:20
# Copyright 1999-2016 IAR Systems AB.
#
#    Cpu mode     =  thumb
#    Endian       =  little
#    Source file  =  
#        C:\Users\Administrator\Desktop\Temporary
#        Files\eeworld_project\Project_Test\Project\STM32L\DTM\src\bluenrg_interface.c
#    Command line =  
#        "C:\Users\Administrator\Desktop\Temporary
#        Files\eeworld_project\Project_Test\Project\STM32L\DTM\src\bluenrg_interface.c"
#        -D STM32L151xB -D STM32L1XX_XL -D USE_STM32L1XX_STEVAL_IDB00xV1 -D
#        USE_HAL_DRIVER -D HCLK_32MHZ=1 -D SYSCLK_MSI=1 -D ENABLE_USART -D
#        USER_DEFINED_PLATFORM=USER_EVAL_PLATFORM -D IRQ_RESET_PIN -D DTM_UART
#        -lC "C:\Users\Administrator\Desktop\Temporary
#        Files\eeworld_project\Project_Test\Project\STM32L\DTM\EWARM\DTM_UART\List"
#        -o "C:\Users\Administrator\Desktop\Temporary
#        Files\eeworld_project\Project_Test\Project\STM32L\DTM\EWARM\DTM_UART\Obj"
#        --no_cse --no_unroll --no_inline --no_code_motion --no_tbaa
#        --no_clustering --no_scheduling --debug --endian=little
#        --cpu=Cortex-M3 -e --fpu=None --dlib_config
#        D:\Software\IAR_BlueNRG\arm\INC\c\DLib_Config_Normal.h -I
#        "C:\Users\Administrator\Desktop\Temporary
#        Files\eeworld_project\Project_Test\Project\STM32L\DTM\EWARM\..\inc\"
#        -I "C:\Users\Administrator\Desktop\Temporary
#        Files\eeworld_project\Project_Test\Project\STM32L\DTM\EWARM\..\..\..\..\Library\STM32L\Middlewares\ST\STM32_BlueNRG1\HAL\inc\"
#        -I "C:\Users\Administrator\Desktop\Temporary
#        Files\eeworld_project\Project_Test\Project\STM32L\DTM\EWARM\..\..\..\..\Library\STM32L\Drivers\BSP\STM32L1xx_BlueNRG1\inc\"
#        -I "C:\Users\Administrator\Desktop\Temporary
#        Files\eeworld_project\Project_Test\Project\STM32L\DTM\EWARM\..\..\..\..\Library\STM32L\Drivers\BSP\STM32L1xx_Nucleo\inc\"
#        -I "C:\Users\Administrator\Desktop\Temporary
#        Files\eeworld_project\Project_Test\Project\STM32L\DTM\EWARM\..\..\..\..\Library\STM32L\Drivers\CMSIS\Device\ST\STM32L1xx\Include\"
#        -I "C:\Users\Administrator\Desktop\Temporary
#        Files\eeworld_project\Project_Test\Project\STM32L\DTM\EWARM\..\..\..\..\Library\STM32L\Drivers\STM32L1xx_HAL_Driver\Inc\"
#        -I "C:\Users\Administrator\Desktop\Temporary
#        Files\eeworld_project\Project_Test\Project\STM32L\DTM\EWARM\..\..\..\..\Library\STM32L\Middlewares\ST\STM32_BlueNRG1\STM32L1xx_HAL_BlueNRG1_Drivers\inc\"
#        -I "C:\Users\Administrator\Desktop\Temporary
#        Files\eeworld_project\Project_Test\Project\STM32L\DTM\EWARM\..\..\..\..\Library\STM32L\Middlewares\ST\STM32_BlueNRG1\SimpleBlueNRG1_HCI\includes\"
#        -On --use_c++_inline -I D:\Software\IAR_BlueNRG\arm\CMSIS\Include\
#    Locale       =  Chinese (Simplified)_China.936
#    List file    =  
#        C:\Users\Administrator\Desktop\Temporary
#        Files\eeworld_project\Project_Test\Project\STM32L\DTM\EWARM\DTM_UART\List\bluenrg_interface.lst
#    Object file  =  
#        C:\Users\Administrator\Desktop\Temporary
#        Files\eeworld_project\Project_Test\Project\STM32L\DTM\EWARM\DTM_UART\Obj\bluenrg_interface.o
#
###############################################################################

C:\Users\Administrator\Desktop\Temporary Files\eeworld_project\Project_Test\Project\STM32L\DTM\src\bluenrg_interface.c
      1          /**
      2            ******************************************************************************
      3            * @file    bluenrg_interface.h 
      4            * @author  MCD Application Team
      5            * @version V1.0.0
      6            * @date    04-July-2014
      7            * @brief   This file provides code for the BlueNRG Expansion board driver
      8            *          based on STM32Cube HAL for STM32 Nucleo boards.
      9            ******************************************************************************
     10            * @attention
     11            *
     12            * <h2><center>&copy; COPYRIGHT(c) 2014 STMicroelectronics</center></h2>
     13            *
     14            * Redistribution and use in source and binary forms, with or without modification,
     15            * are permitted provided that the following conditions are met:
     16            *   1. Redistributions of source code must retain the above copyright notice,
     17            *      this list of conditions and the following disclaimer.
     18            *   2. Redistributions in binary form must reproduce the above copyright notice,
     19            *      this list of conditions and the following disclaimer in the documentation
     20            *      and/or other materials provided with the distribution.
     21            *   3. Neither the name of STMicroelectronics nor the names of its contributors
     22            *      may be used to endorse or promote products derived from this software
     23            *      without specific prior written permission.
     24            *
     25            * THIS SOFTWARE IS PROVIDED BY THE COPYRIGHT HOLDERS AND CONTRIBUTORS "AS IS"
     26            * AND ANY EXPRESS OR IMPLIED WARRANTIES, INCLUDING, BUT NOT LIMITED TO, THE
     27            * IMPLIED WARRANTIES OF MERCHANTABILITY AND FITNESS FOR A PARTICULAR PURPOSE ARE
     28            * DISCLAIMED. IN NO EVENT SHALL THE COPYRIGHT HOLDER OR CONTRIBUTORS BE LIABLE
     29            * FOR ANY DIRECT, INDIRECT, INCIDENTAL, SPECIAL, EXEMPLARY, OR CONSEQUENTIAL
     30            * DAMAGES (INCLUDING, BUT NOT LIMITED TO, PROCUREMENT OF SUBSTITUTE GOODS OR
     31            * SERVICES; LOSS OF USE, DATA, OR PROFITS; OR BUSINESS INTERRUPTION) HOWEVER
     32            * CAUSED AND ON ANY THEORY OF LIABILITY, WHETHER IN CONTRACT, STRICT LIABILITY,
     33            * OR TORT (INCLUDING NEGLIGENCE OR OTHERWISE) ARISING IN ANY WAY OUT OF THE USE
     34            * OF THIS SOFTWARE, EVEN IF ADVISED OF THE POSSIBILITY OF SUCH DAMAGE.
     35            *
     36            ******************************************************************************
     37            */
     38          /* Includes ------------------------------------------------------------------*/
     39          #include "bluenrg_interface.h"
     40          
     41          #include "ble_status.h"
     42          #include "hci.h"
     43          
     44          volatile extern uint8_t spi_irq_flag;
     45          
     46          /**
     47           * @brief  EXTI line detection callback.
     48           * @param  Specifies the pins connected EXTI line
     49           * @retval None
     50           */

   \                                 In section .text, align 2, keep-with-next
     51          void HAL_GPIO_EXTI_Callback(uint16_t GPIO_Pin)
     52          {
   \                     HAL_GPIO_EXTI_Callback: (+1)
   \   00000000   0xB510             PUSH     {R4,LR}
   \   00000002   0x0004             MOVS     R4,R0
     53          #ifdef DTM_UART
     54            if(HAL_GPIO_ReadPin(DTM_USART_CTS_GPIO_PORT, DTM_USART_CTS_PIN) == GPIO_PIN_RESET) {
   \   00000004   0xF44F 0x6100      MOV      R1,#+2048
   \   00000008   0x....             LDR.N    R0,??DataTable0  ;; 0x40020000
   \   0000000A   0x.... 0x....      BL       HAL_GPIO_ReadPin
   \   0000000E   0x2800             CMP      R0,#+0
   \   00000010   0xD102             BNE.N    ??HAL_GPIO_EXTI_Callback_0
     55              DTM_Config_UART_RTS();
   \   00000012   0x.... 0x....      BL       DTM_Config_UART_RTS
   \   00000016   0xE001             B.N      ??HAL_GPIO_EXTI_Callback_1
     56            }
     57            else {
     58              DTM_Config_GPIO_Output_RTS();
   \                     ??HAL_GPIO_EXTI_Callback_0: (+1)
   \   00000018   0x.... 0x....      BL       DTM_Config_GPIO_Output_RTS
     59            }
     60          #endif
     61          #ifdef DTM_SPI
     62            spi_irq_flag = TRUE;
     63          //  HCI_Isr();
     64          #endif
     65          }
   \                     ??HAL_GPIO_EXTI_Callback_1: (+1)
   \   0000001C   0xBD10             POP      {R4,PC}          ;; return
     66          

   \                                 In section .text, align 2, keep-with-next
     67          void BNRG_SPI_EXTI_IRQHandler(void)
     68          {
   \                     EXTI0_IRQHandler: (+1)
   \   00000000   0xB580             PUSH     {R7,LR}
     69            HAL_GPIO_EXTI_IRQHandler(BNRG_SPI_IRQ_PIN);
   \   00000002   0x2001             MOVS     R0,#+1
   \   00000004   0x.... 0x....      BL       HAL_GPIO_EXTI_IRQHandler
     70          }
   \   00000008   0xBD01             POP      {R0,PC}          ;; return

   \                                 In section .text, align 4, keep-with-next
   \                     ??DataTable0:
   \   00000000   0x40020000         DC32     0x40020000
     71          
     72          /************************ (C) COPYRIGHT STMicroelectronics *****END OF FILE****/

   Maximum stack usage in bytes:

   .cstack Function
   ------- --------
       8   EXTI0_IRQHandler
         8   -> HAL_GPIO_EXTI_IRQHandler
       8   HAL_GPIO_EXTI_Callback
         8   -> DTM_Config_GPIO_Output_RTS
         8   -> DTM_Config_UART_RTS
         8   -> HAL_GPIO_ReadPin


   Section sizes:

   Bytes  Function/Label
   -----  --------------
       4  ??DataTable0
      10  EXTI0_IRQHandler
      30  HAL_GPIO_EXTI_Callback

 
 44 bytes in section .text
 
 44 bytes of CODE memory

Errors: none
Warnings: none
