Component: ARM Compiler 5.06 update 5 (build 528) Tool: armlink [4d35e2]

==============================================================================

Section Cross References

    bluenrg1_adc.o(i.ADC_AutoOffsetUpdate) refers to ble_beacon_main.o(i.assert_failed) for assert_failed
    bluenrg1_adc.o(i.ADC_AutoOffsetUpdate) refers to bluenrg1_adc.o(.conststring) for .conststring
    bluenrg1_adc.o(i.ADC_Calibration) refers to ble_beacon_main.o(i.assert_failed) for assert_failed
    bluenrg1_adc.o(i.ADC_Calibration) refers to bluenrg1_adc.o(.conststring) for .conststring
    bluenrg1_adc.o(i.ADC_Cmd) refers to ble_beacon_main.o(i.assert_failed) for assert_failed
    bluenrg1_adc.o(i.ADC_Cmd) refers to bluenrg1_adc.o(.conststring) for .conststring
    bluenrg1_adc.o(i.ADC_ConversionMode) refers to ble_beacon_main.o(i.assert_failed) for assert_failed
    bluenrg1_adc.o(i.ADC_ConversionMode) refers to bluenrg1_adc.o(.conststring) for .conststring
    bluenrg1_adc.o(i.ADC_ConvertBatterySensor) refers to bluenrg1_adc.o(i.ADC_ConvertSingleEndedVoltage) for ADC_ConvertSingleEndedVoltage
    bluenrg1_adc.o(i.ADC_ConvertBatterySensor) refers to fmul.o(x$fpl$fmul) for __aeabi_fmul
    bluenrg1_adc.o(i.ADC_ConvertDifferentialVoltage) refers to fflti.o(.text) for __aeabi_ui2f
    bluenrg1_adc.o(i.ADC_ConvertDifferentialVoltage) refers to fdiv.o(.text) for __aeabi_fdiv
    bluenrg1_adc.o(i.ADC_ConvertDifferentialVoltage) refers to faddsub.o(x$fpl$fadd) for __aeabi_fadd
    bluenrg1_adc.o(i.ADC_ConvertDifferentialVoltage) refers to fmul.o(x$fpl$fmul) for __aeabi_fmul
    bluenrg1_adc.o(i.ADC_ConvertSingleEndedVoltage) refers to fflti.o(.text) for __aeabi_i2f
    bluenrg1_adc.o(i.ADC_ConvertSingleEndedVoltage) refers to faddsub.o(x$fpl$fadd) for __aeabi_fadd
    bluenrg1_adc.o(i.ADC_ConvertSingleEndedVoltage) refers to fdiv.o(.text) for __aeabi_fdiv
    bluenrg1_adc.o(i.ADC_ConvertSingleEndedVoltage) refers to fmul.o(x$fpl$fmul) for __aeabi_fmul
    bluenrg1_adc.o(i.ADC_ConvertSingleEndedVoltage) refers to faddsub.o(x$fpl$frsb) for __aeabi_frsub
    bluenrg1_adc.o(i.ADC_ConvertTemperatureSensor) refers to bluenrg1_adc.o(i.ADC_ConvertSingleEndedVoltage) for ADC_ConvertSingleEndedVoltage
    bluenrg1_adc.o(i.ADC_ConvertTemperatureSensor) refers to fmul.o(x$fpl$fmul) for __aeabi_fmul
    bluenrg1_adc.o(i.ADC_ConvertTemperatureSensor) refers to faddsub.o(x$fpl$fsub) for __aeabi_fsub
    bluenrg1_adc.o(i.ADC_ConvertTemperatureSensorFarenait) refers to bluenrg1_adc.o(i.ADC_ConvertSingleEndedVoltage) for ADC_ConvertSingleEndedVoltage
    bluenrg1_adc.o(i.ADC_ConvertTemperatureSensorFarenait) refers to f2d.o(.text) for __aeabi_f2d
    bluenrg1_adc.o(i.ADC_ConvertTemperatureSensorFarenait) refers to dmul.o(.text) for __aeabi_dmul
    bluenrg1_adc.o(i.ADC_ConvertTemperatureSensorFarenait) refers to daddsub.o(.text) for __aeabi_dsub
    bluenrg1_adc.o(i.ADC_ConvertTemperatureSensorFarenait) refers to d2f.o(.text) for __aeabi_d2f
    bluenrg1_adc.o(i.ADC_DmaCmd) refers to ble_beacon_main.o(i.assert_failed) for assert_failed
    bluenrg1_adc.o(i.ADC_DmaCmd) refers to bluenrg1_adc.o(.conststring) for .conststring
    bluenrg1_adc.o(i.ADC_GetConvertedData) refers to ble_beacon_main.o(i.assert_failed) for assert_failed
    bluenrg1_adc.o(i.ADC_GetConvertedData) refers to fflti.o(.text) for __aeabi_i2f
    bluenrg1_adc.o(i.ADC_GetConvertedData) refers to bluenrg1_adc.o(i.ADC_ConvertSingleEndedVoltage) for ADC_ConvertSingleEndedVoltage
    bluenrg1_adc.o(i.ADC_GetConvertedData) refers to bluenrg1_adc.o(i.ADC_ConvertDifferentialVoltage) for ADC_ConvertDifferentialVoltage
    bluenrg1_adc.o(i.ADC_GetConvertedData) refers to bluenrg1_adc.o(i.ADC_ConvertBatterySensor) for ADC_ConvertBatterySensor
    bluenrg1_adc.o(i.ADC_GetConvertedData) refers to bluenrg1_adc.o(i.ADC_ConvertTemperatureSensor) for ADC_ConvertTemperatureSensor
    bluenrg1_adc.o(i.ADC_GetConvertedData) refers to bluenrg1_adc.o(.conststring) for .conststring
    bluenrg1_adc.o(i.ADC_GetFlagStatus) refers to ble_beacon_main.o(i.assert_failed) for assert_failed
    bluenrg1_adc.o(i.ADC_GetFlagStatus) refers to bluenrg1_adc.o(.conststring) for .conststring
    bluenrg1_adc.o(i.ADC_GetITStatus) refers to ble_beacon_main.o(i.assert_failed) for assert_failed
    bluenrg1_adc.o(i.ADC_GetITStatus) refers to bluenrg1_adc.o(.conststring) for .conststring
    bluenrg1_adc.o(i.ADC_ITConfig) refers to ble_beacon_main.o(i.assert_failed) for assert_failed
    bluenrg1_adc.o(i.ADC_ITConfig) refers to bluenrg1_adc.o(.conststring) for .conststring
    bluenrg1_adc.o(i.ADC_Init) refers to ble_beacon_main.o(i.assert_failed) for assert_failed
    bluenrg1_adc.o(i.ADC_Init) refers to bluenrg1_adc.o(.conststring) for .conststring
    bluenrg1_adc.o(i.ADC_SelectFrequencyMic) refers to ble_beacon_main.o(i.assert_failed) for assert_failed
    bluenrg1_adc.o(i.ADC_SelectFrequencyMic) refers to bluenrg1_adc.o(.conststring) for .conststring
[...]
    0x10048608   0x10048608   0x00000060   Code   RO         3438    i.LL_Set_Scan_Resp_Data  libbluenrg1_stack.a(rom_ll_ll_routines.o)
    0x10048668   0x10048668   0x00000054   Code   RO         3460    i.LL_Sleep_Req      libbluenrg1_stack.a(rom_ll_routines_support.o)
    0x100486bc   0x100486bc   0x000000ec   Code   RO         3450    i.LL_Start_Encryption  libbluenrg1_stack.a(rom_ll_ll_routines_master.o)
    0x100487a8   0x100487a8   0x00000044   Code   RO         3439    i.LL_Update_Advertising_Buffers  libbluenrg1_stack.a(rom_ll_ll_routines.o)
    0x100487ec   0x100487ec   0x00000040   Code   RO         3440    i.LL_Update_Scanning_Initiating_Buffers  libbluenrg1_stack.a(rom_ll_ll_routines.o)
    0x1004882c   0x1004882c   0x000000c4   Code   RO         3217    i.LL_receive_data_patch  libbluenrg1_stack.a(isr_routines.o)
    0x100488f0   0x100488f0   0x00000058   Code   RO         3409    i.LL_update_proc    libbluenrg1_stack.a(rom_ll_isr_routines.o)
    0x10048948   0x10048948   0x00000054   Code   RO         1699    i.LPS25HB_GetPressure  lps25hb.o
    0x1004899c   0x1004899c   0x0000004c   Code   RO         1700    i.LPS25HB_GetTemperature  lps25hb.o
    0x100489e8   0x100489e8   0x000000cc   Code   RO         1701    i.LPS25HB_Init      lps25hb.o
    0x10048ab4   0x10048ab4   0x00000038   Code   RO         1702    i.LPS25HB_PowerOff  lps25hb.o
    0x10048aec   0x10048aec   0x0000001c   Code   RO         1703    i.LPS25HB_ReadID    lps25hb.o
    0x10048b08   0x10048b08   0x00000038   Code   RO         1704    i.LPS25HB_RebootCmd  lps25hb.o
    0x10048b40   0x10048b40   0x00000014   Code   RO         1705    i.LPS25HB_SlaveAddrRemap  lps25hb.o
    0x10048b54   0x10048b54   0x00000064   Code   RO         1758    i.LSM6DS3_Common_Sensor_Enable  lsm6ds3.o
    0x10048bb8   0x10048bb8   0x00000054   Code   RO         1759    i.LSM6DS3_Disable_Free_Fall_Detection  lsm6ds3.o
    0x10048c0c   0x10048c0c   0x000000bc   Code   RO         1760    i.LSM6DS3_Enable_Free_Fall_Detection  lsm6ds3.o
    0x10048cc8   0x10048cc8   0x00000068   Code   RO         1761    i.LSM6DS3_G_GetAxes  lsm6ds3.o
    0x10048d30   0x10048d30   0x0000005e   Code   RO         1762    i.LSM6DS3_G_GetAxesRaw  lsm6ds3.o
    0x10048d8e   0x10048d8e   0x00000002   PAD
    0x10048d90   0x10048d90   0x00000084   Code   RO         1763    i.LSM6DS3_G_GetSensitivity  lsm6ds3.o
    0x10048e14   0x10048e14   0x00000084   Code   RO         1764    i.LSM6DS3_G_Get_FS  lsm6ds3.o
    0x10048e98   0x10048e98   0x00000088   Code   RO         1765    i.LSM6DS3_G_Get_ODR  lsm6ds3.o
    0x10048f20   0x10048f20   0x00000062   Code   RO         1766    i.LSM6DS3_G_Set_Axes_Status  lsm6ds3.o
    0x10048f82   0x10048f82   0x00000002   PAD
    0x10048f84   0x10048f84   0x000000b0   Code   RO         1767    i.LSM6DS3_G_Set_FS  lsm6ds3.o
    0x10049034   0x10049034   0x000000a4   Code   RO         1768    i.LSM6DS3_G_Set_ODR  lsm6ds3.o
    0x100490d8   0x100490d8   0x00000036   Code   RO         1769    i.LSM6DS3_Get_Status_Free_Fall_Detection  lsm6ds3.o
    0x1004910e   0x1004910e   0x00000002   PAD
    0x10049110   0x10049110   0x00000180   Code   RO         1770    i.LSM6DS3_Init      lsm6ds3.o
    0x10049290   0x10049290   0x00000014   Code   RO         1771    i.LSM6DS3_Read_XG_ID  lsm6ds3.o
    0x100492a4   0x100492a4   0x00000068   Code   RO         1772    i.LSM6DS3_X_GetAxes  lsm6ds3.o
    0x1004930c   0x1004930c   0x0000005e   Code   RO         1773    i.LSM6DS3_X_GetAxesRaw  lsm6ds3.o
    0x1004936a   0x1004936a   0x00000002   PAD
    0x1004936c   0x1004936c   0x0000005c   Code   RO         1774    i.LSM6DS3_X_GetSensitivity  lsm6ds3.o
    0x100493c8   0x100493c8   0x00000054   Code   RO         1775    i.LSM6DS3_X_Get_FS  lsm6ds3.o
    0x1004941c   0x1004941c   0x00000098   Code   RO         1776    i.LSM6DS3_X_Get_ODR  lsm6ds3.o
    0x100494b4   0x100494b4   0x00000062   Code   RO         1777    i.LSM6DS3_X_Set_Axes_Status  lsm6ds3.o
    0x10049516   0x10049516   0x0000005c   Code   RO         1778    i.LSM6DS3_X_Set_FS  lsm6ds3.o
    0x10049572   0x10049572   0x00000002   PAD
    0x10049574   0x10049574   0x000000c0   Code   RO         1779    i.LSM6DS3_X_Set_ODR  lsm6ds3.o
    0x10049634   0x10049634   0x0000005c   Code   RO         2514    i.LSM6D_Configuration  mylsm6d.o
    0x10049690   0x10049690   0x0000002c   Code   RO         3688    i.LeftShift         libbluenrg1_stack.a(ssm_algo.o)
    0x100496bc   0x100496bc   0x00000012   Code   RO         3395    i.List_Circular_Get_Size  libbluenrg1_stack.a(rom_list.o)
    0x100496ce   0x100496ce   0x0000000e   Code   RO         3396    i.List_Circular_Insert_Head  libbluenrg1_stack.a(rom_list.o)
    0x100496dc   0x100496dc   0x0000000e   Code   RO         3398    i.List_Circular_Insert_Tail  libbluenrg1_stack.a(rom_list.o)
    0x100496ea   0x100496ea   0x00000016   Code   RO         3399    i.List_Circular_Node_Present  libbluenrg1_stack.a(rom_list.o)
    0x10049700   0x10049700   0x0000001a   Code   RO         3400    i.List_Circular_Remove_Head  libbluenrg1_stack.a(rom_list.o)
    0x1004971a   0x1004971a   0x00000020   Code   RO         3401    i.List_Circular_Remove_Node  libbluenrg1_stack.a(rom_list.o)
    0x1004973a   0x1004973a   0x00000002   Code   RO         2083    i.MFT1A_Handler     system_bluenrg1.o
    0x1004973c   0x1004973c   0x00000002   Code   RO         2084    i.MFT1B_Handler     system_bluenrg1.o
    0x1004973e   0x1004973e   0x00000002   Code   RO         2085    i.MFT2A_Handler     system_bluenrg1.o
    0x10049740   0x10049740   0x00000002   Code   RO         2086    i.MFT2B_Handler     system_bluenrg1.o
    0x10049742   0x10049742   0x00000016   Code   RO         3298    i.Mem_assign        libbluenrg1_stack.a(mem_alloc.o)
    0x10049758   0x10049758   0x00000002   Code   RO         2278    i.NMI_Handler       bluenrg1_it.o
    0x1004975a   0x1004975a   0x00000002   PAD
    0x1004975c   0x1004975c   0x000000e8   Code   RO         1352    i.NVIC_Init         misc.o
    0x10049844   0x10049844   0x00000044   Code   RO         2088    i.NVIC_SetPriority  system_bluenrg1.o
    0x10049888   0x10049888   0x00000018   Code   RO         2386    i.NVIC_SystemReset  ble_beacon_main.o
    0x100498a0   0x100498a0   0x00000002   Code   RO         2089    i.NVM_Handler       system_bluenrg1.o
    0x100498a2   0x100498a2   0x00000008   Code   RO         2567    i.Osal_MemCmp       osal.o
    0x100498aa   0x100498aa   0x00000008   Code   RO         2568    i.Osal_MemCpy       osal.o
    0x100498b2   0x100498b2   0x00000008   Code   RO         2569    i.Osal_MemSet       osal.o
    0x100498ba   0x100498ba   0x00000002   PAD
    0x100498bc   0x100498bc   0x000000c4   Code   RO         3336    i.PKA_Generate_ECDH_Public_Key  libbluenrg1_stack.a(pka.o)
    0x10049980   0x10049980   0x00000044   Code   RO         1391    i.PKA_GetData       bluenrg1_pka.o
    0x100499c4   0x100499c4   0x0000000c   Code   RO         1393    i.PKA_GetProcessStatus  bluenrg1_pka.o
    0x100499d0   0x100499d0   0x00000014   Code   RO         3337    i.PKA_Get_Current_Operation  libbluenrg1_stack.a(pka.o)
    0x100499e4   0x100499e4   0x00000002   Code   RO         2090    i.PKA_Handler       system_bluenrg1.o
    0x100499e6   0x100499e6   0x00000002   PAD
    0x100499e8   0x100499e8   0x000000bc   Code   RO         2812    i.PKA_Offline_Processing  libbluenrg1_stack.a(hci.o)
    0x10049aa4   0x10049aa4   0x00000014   Code   RO         1395    i.PKA_Reset         bluenrg1_pka.o
    0x10049ab8   0x10049ab8   0x00000048   Code   RO         1396    i.PKA_SetData       bluenrg1_pka.o
    0x10049b00   0x10049b00   0x00000014   Code   RO         1397    i.PKA_StartProcessing  bluenrg1_pka.o
    0x10049b14   0x10049b14   0x00000030   Code   RO         3338    i.PKA_Start_Generate_DHKey  libbluenrg1_stack.a(pka.o)
    0x10049b44   0x10049b44   0x00000010   Code   RO         1398    i.PKA_VerifyProcess  bluenrg1_pka.o
    0x10049b54   0x10049b54   0x00000010   Code   RO         3346    i.PM_Append_Fragment  libbluenrg1_stack.a(pm.o)
    0x10049b64   0x10049b64   0x0000002a   Code   RO         3347    i.PM_Clone_Pckt     libbluenrg1_stack.a(pm.o)
    0x10049b8e   0x10049b8e   0x00000014   Code   RO         3348    i.PM_Copy_Pckt_Data  libbluenrg1_stack.a(pm.o)
    0x10049ba2   0x10049ba2   0x00000002   PAD
    0x10049ba4   0x10049ba4   0x00000018   Code   RO         3349    i.PM_Eng_Config     libbluenrg1_stack.a(pm.o)
    0x10049bbc   0x10049bbc   0x00000036   Code   RO         3350    i.PM_Extend_Pckt_Pdu_Size  libbluenrg1_stack.a(pm.o)
    0x10049bf2   0x10049bf2   0x00000002   PAD
    0x10049bf4   0x10049bf4   0x00000038   Code   RO         3351    i.PM_Get_Available_Fragments  libbluenrg1_stack.a(pm.o)
    0x10049c2c   0x10049c2c   0x00000012   Code   RO         3352    i.PM_Get_Fragments_Count  libbluenrg1_stack.a(pm.o)
    0x10049c3e   0x10049c3e   0x00000002   PAD
    0x10049c40   0x10049c40   0x00000080   Code   RO         3354    i.PM_Get_Pckt       libbluenrg1_stack.a(pm.o)
    0x10049cc0   0x10049cc0   0x00000070   Code   RO         3355    i.PM_Init           libbluenrg1_stack.a(pm.o)
    0x10049d30   0x10049d30   0x0000006a   Code   RO         3356    i.PM_Pckt_Cmp       libbluenrg1_stack.a(pm.o)
    0x10049d9a   0x10049d9a   0x00000002   PAD
    0x10049d9c   0x10049d9c   0x0000005c   Code   RO         3357    i.PM_Release_Pckt   libbluenrg1_stack.a(pm.o)
    0x10049df8   0x10049df8   0x00000050   Code   RO         3358    i.PM_Set_Att_Pdu_Length  libbluenrg1_stack.a(pm.o)
    0x10049e48   0x10049e48   0x0000000c   Code   RO         3359    i.PM_Set_ConnHandle  libbluenrg1_stack.a(pm.o)
    0x10049e54   0x10049e54   0x00000014   Code   RO         3360    i.PM_Write_Pckt_Data  libbluenrg1_stack.a(pm.o)
    0x10049e68   0x10049e68   0x000001d8   Code   RO         3252    i.PRIVWHIT_u8AddAddrInList  libbluenrg1_stack.a(ll_privacy.o)
    0x1004a040   0x1004a040   0x000000c8   Code   RO         3253    i.PRIVWHIT_u8RemoveAddrInList  libbluenrg1_stack.a(ll_privacy.o)
    0x1004a108   0x1004a108   0x000000a0   Code   RO         3255    i.PRIVWHIT_u8SearchAddrInList  libbluenrg1_stack.a(ll_privacy.o)
    0x1004a1a8   0x1004a1a8   0x00000078   Code   RO         3256    i.PRIVWHIT_vInit_Struct  libbluenrg1_stack.a(ll_privacy.o)
    0x1004a220   0x1004a220   0x00000048   Code   RO         3259    i.PRIV_SearchAddrInWhiteList  libbluenrg1_stack.a(ll_privacy.o)
    0x1004a268   0x1004a268   0x00000698   Code   RO         3260    i.PRIV_u32ProcessAdvPacket  libbluenrg1_stack.a(ll_privacy.o)
    0x1004a900   0x1004a900   0x000001f8   Code   RO         3261    i.PRIV_u8OfflineProcessing  libbluenrg1_stack.a(ll_privacy.o)
    0x1004aaf8   0x1004aaf8   0x000000f0   Code   RO         3262    i.PRIV_u8ResolvePrivateAddress  libbluenrg1_stack.a(ll_privacy.o)
    0x1004abe8   0x1004abe8   0x00000062   Code   RO         3264    i.PRIV_vGeneratePrivateAddress  libbluenrg1_stack.a(ll_privacy.o)
    0x1004ac4a   0x1004ac4a   0x00000002   Code   RO         2091    i.PendSV_Handler    system_bluenrg1.o
    0x1004ac4c   0x1004ac4c   0x00000194   Code   RO         3609    i.Prepare_Write_Resp  libbluenrg1_stack.a(att.o)
    0x1004ade0   0x1004ade0   0x00000088   Code   RO         2515    i.Press_Update      mylsm6d.o
    0x1004ae68   0x1004ae68   0x00000228   Code   RO         3187    i.Process_Peer_Client_Data  libbluenrg1_stack.a(gatt_server.o)
    0x1004b090   0x1004b090   0x00000210   Code   RO         3188    i.Process_Peer_Server_Data  libbluenrg1_stack.a(gatt_server.o)
    0x1004b2a0   0x1004b2a0   0x00001714   Code   RO         2886    i.RAL_Isr           libbluenrg1_stack.a(ll_isr.o)
    0x1004c9b4   0x1004c9b4   0x00000020   Code   RO         2092    i.RESET_HANDLER     system_bluenrg1.o
    0x1004c9d4   0x1004c9d4   0x00000002   Code   RO         2093    i.RTC_Handler       system_bluenrg1.o
    0x1004c9d6   0x1004c9d6   0x00000160   Code   RO         3610    i.Read_Blob_Resp    libbluenrg1_stack.a(att.o)
    0x1004cb36   0x1004cb36   0x00000002   PAD
    0x1004cb38   0x1004cb38   0x00000360   Code   RO         3611    i.Read_By_Grp_Type_Resp  libbluenrg1_stack.a(att.o)
    0x1004ce98   0x1004ce98   0x00000344   Code   RO         3612    i.Read_By_Type_Resp  libbluenrg1_stack.a(att.o)
    0x1004d1dc   0x1004d1dc   0x000001a4   Code   RO         3613    i.Read_Multi_Resp   libbluenrg1_stack.a(att.o)
    0x1004d380   0x1004d380   0x00000010   Code   RO         3486    i.Read_RecordValidity  libbluenrg1_stack.a(rom_sdb.o)
    0x1004d390   0x1004d390   0x00000146   Code   RO         3614    i.Read_Resp         libbluenrg1_stack.a(att.o)
    0x1004d4d6   0x1004d4d6   0x00000002   PAD
    0x1004d4d8   0x1004d4d8   0x0000002c   Code   RO         3487    i.Read_SDBRecord    libbluenrg1_stack.a(rom_sdb.o)
    0x1004d504   0x1004d504   0x000000c0   Code   RO         3279    i.Reclassify_All_Channels  libbluenrg1_stack.a(ll_routines_master.o)
    0x1004d5c4   0x1004d5c4   0x000001ac   Code   RO         3505    i.SDB_Add_Record    libbluenrg1_stack.a(sdb.o)
    0x1004d770   0x1004d770   0x00000170   Code   RO         3507    i.SDB_Delete        libbluenrg1_stack.a(sdb.o)
    0x1004d8e0   0x1004d8e0   0x000000a8   Code   RO         3488    i.SDB_Find_Matching_LTK  libbluenrg1_stack.a(rom_sdb.o)
    0x1004d988   0x1004d988   0x000000cc   Code   RO         3508    i.SDB_Find_Record   libbluenrg1_stack.a(sdb.o)
    0x1004da54   0x1004da54   0x00000026   Code   RO         3509    i.SDB_Find_Record_By_ConnHandle  libbluenrg1_stack.a(sdb.o)
    0x1004da7a   0x1004da7a   0x000000de   Code   RO         3511    i.SDB_Get_Data_From_Record  libbluenrg1_stack.a(sdb.o)
    0x1004db58   0x1004db58   0x0000001c   Code   RO         3512    i.SDB_Get_GattDb_End_Addr  libbluenrg1_stack.a(sdb.o)
    0x1004db74   0x1004db74   0x00000018   Code   RO         3513    i.SDB_Get_GattDb_Start_Addr  libbluenrg1_stack.a(sdb.o)
    0x1004db8c   0x1004db8c   0x00000044   Code   RO         3489    i.SDB_Get_Number_Of_Records  libbluenrg1_stack.a(rom_sdb.o)
    0x1004dbd0   0x1004dbd0   0x00000014   Code   RO         3515    i.SDB_Get_SecurityDb_Start_Addr  libbluenrg1_stack.a(sdb.o)
    0x1004dbe4   0x1004dbe4   0x00000022   Code   RO         3516    i.SDB_Read_Peer_Bonded_Data  libbluenrg1_stack.a(sdb.o)
    0x1004dc06   0x1004dc06   0x0000002e   Code   RO         3689    i.SMA_Diversify     libbluenrg1_stack.a(ssm_algo.o)
    0x1004dc34   0x1004dc34   0x0000007c   Code   RO         3690    i.SMA_GenEDIV_RecovDIV  libbluenrg1_stack.a(ssm_algo.o)
    0x1004dcb0   0x1004dcb0   0x00000028   Code   RO         3691    i.SMA_Generate_CSRK  libbluenrg1_stack.a(ssm_algo.o)
    0x1004dcd8   0x1004dcd8   0x00000028   Code   RO         3692    i.SMA_Generate_IRK  libbluenrg1_stack.a(ssm_algo.o)
    0x1004dd00   0x1004dd00   0x00000028   Code   RO         3693    i.SMA_LP_s1_Generate_STK  libbluenrg1_stack.a(ssm_algo.o)
    0x1004dd28   0x1004dd28   0x00000050   Code   RO         3694    i.SMA_SC_Gen_f4_Confirm  libbluenrg1_stack.a(ssm_algo.o)
    0x1004dd78   0x1004dd78   0x000000e0   Code   RO         3695    i.SMA_SC_Gen_f5_Keys  libbluenrg1_stack.a(ssm_algo.o)
    0x1004de58   0x1004de58   0x00000084   Code   RO         3696    i.SMA_SC_Gen_f6_Check_Val  libbluenrg1_stack.a(ssm_algo.o)
    0x1004dedc   0x1004dedc   0x00000058   Code   RO         3697    i.SMA_SC_Gen_g2_NumComp_Val  libbluenrg1_stack.a(ssm_algo.o)
    0x1004df34   0x1004df34   0x00000048   Code   RO         3556    i.SMP_Check_Is_Device_Bonded  libbluenrg1_stack.a(sm_common.o)
    0x1004df7c   0x1004df7c   0x0000001c   Code   RO         3557    i.SMP_Forget_Device_by_ConnHandle  libbluenrg1_stack.a(sm_common.o)
    0x1004df98   0x1004df98   0x00000070   Code   RO         3558    i.SMP_Init          libbluenrg1_stack.a(sm_common.o)
    0x1004e008   0x1004e008   0x00000130   Code   RO         3522    i.SMP_MI_PairingRequest_Send  libbluenrg1_stack.a(securitymgr.o)
    0x1004e138   0x1004e138   0x00000114   Code   RO         3523    i.SMP_Process_Q     libbluenrg1_stack.a(securitymgr.o)
    0x1004e24c   0x1004e24c   0x00000078   Code   RO         3559    i.SMP_Repeated_Attacks_Timer_cb  libbluenrg1_stack.a(sm_common.o)
    0x1004e2c4   0x1004e2c4   0x00000050   Code   RO         3560    i.SMP_Timer_cb      libbluenrg1_stack.a(sm_common.o)
    0x1004e314   0x1004e314   0x000000c4   Code   RO         3698    i.SM_CMAC_Generate_Tag  libbluenrg1_stack.a(ssm_algo.o)
    0x1004e3d8   0x1004e3d8   0x00000020   Code   RO         3568    i.SM_Check_Encryption_KeySize  libbluenrg1_stack.a(sm_common.o)
    0x1004e3f8   0x1004e3f8   0x0000007c   Code   RO         3569    i.SM_Connection_Complete_Handler  libbluenrg1_stack.a(sm_common.o)
    0x1004e474   0x1004e474   0x0000004e   Code   RO         3699    i.SM_Generate_Resolvable_Private_Address  libbluenrg1_stack.a(ssm_algo.o)
    0x1004e4c2   0x1004e4c2   0x0000002e   Code   RO         3570    i.SM_Get_Link_Status  libbluenrg1_stack.a(sm_common.o)
    0x1004e4f0   0x1004e4f0   0x00000048   Code   RO         3571    i.SM_Get_Remote_Device_Info  libbluenrg1_stack.a(sm_common.o)
    0x1004e538   0x1004e538   0x000000c4   Code   RO         3573    i.SM_L2CAP_Encryption_changed_Handler_ISR  libbluenrg1_stack.a(sm_common.o)
    0x1004e5fc   0x1004e5fc   0x000000e0   Code   RO         3574    i.SM_L2CAP_Handler  libbluenrg1_stack.a(sm_common.o)
    0x1004e6dc   0x1004e6dc   0x0000012c   Code   RO         3575    i.SM_L2CAP_Handler_ISR  libbluenrg1_stack.a(sm_common.o)
    0x1004e808   0x1004e808   0x00000022   Code   RO         3700    i.SM_Resolve_Private_Address  libbluenrg1_stack.a(ssm_algo.o)
    0x1004e82a   0x1004e82a   0x0000007c   Code   RO         3702    i.SM_Validate_Signed_Packet  libbluenrg1_stack.a(ssm_algo.o)
    0x1004e8a6   0x1004e8a6   0x00000002   PAD
    0x1004e8a8   0x1004e8a8   0x00000018   Code   RO          868    i.SPI_ClearRXFIFO   bluenrg1_spi.o
    0x1004e8c0   0x1004e8c0   0x00000028   Code   RO          869    i.SPI_ClearTXFIFO   bluenrg1_spi.o
    0x1004e8e8   0x1004e8e8   0x0000002c   Code   RO          870    i.SPI_Cmd           bluenrg1_spi.o
    0x1004e914   0x1004e914   0x00000038   Code   RO          881    i.SPI_GetFlagStatus  bluenrg1_spi.o
    0x1004e94c   0x1004e94c   0x00000002   Code   RO         2094    i.SPI_Handler       system_bluenrg1.o
    0x1004e94e   0x1004e94e   0x00000002   PAD
    0x1004e950   0x1004e950   0x0000009c   Code   RO          884    i.SPI_Init          bluenrg1_spi.o
    0x1004e9ec   0x1004e9ec   0x0000000c   Code   RO          885    i.SPI_ReceiveData   bluenrg1_spi.o
    0x1004e9f8   0x1004e9f8   0x0000000c   Code   RO          887    i.SPI_SendData      bluenrg1_spi.o
    0x1004ea04   0x1004ea04   0x00000068   Code   RO          888    i.SPI_SetBaudrate   bluenrg1_spi.o
    0x1004ea6c   0x1004ea6c   0x0000000c   Code   RO          889    i.SPI_SetDummyCharacter  bluenrg1_spi.o
    0x1004ea78   0x1004ea78   0x00000038   Code   RO          890    i.SPI_SetMasterCommunicationMode  bluenrg1_spi.o
    0x1004eab0   0x1004eab0   0x00000018   Code   RO          895    i.SPI_StructInit    bluenrg1_spi.o
    0x1004eac8   0x1004eac8   0x00000008   Code   RO         3598    i.STORE_LE_16       libbluenrg1_stack.a(utils.o)
    0x1004ead0   0x1004ead0   0x00000010   Code   RO         3599    i.STORE_LE_32       libbluenrg1_stack.a(utils.o)
    0x1004eae0   0x1004eae0   0x00000002   Code   RO         2279    i.SVC_Handler       bluenrg1_it.o
    0x1004eae2   0x1004eae2   0x00000016   Code   RO         1473    i.SdkEvalComIOSendData  sdk_eval_com.o
    0x1004eaf8   0x1004eaf8   0x000000a0   Code   RO         1476    i.SdkEvalComUartInit  sdk_eval_com.o
    0x1004eb98   0x1004eb98   0x0000000c   Code   RO         1591    i.SdkEvalGetVersion  sdk_eval_config.o
    0x1004eba4   0x1004eba4   0x000000dc   Code   RO         1994    i.SdkEvalI2CInit    sdk_eval_i2c.o
    0x1004ec80   0x1004ec80   0x00000144   Code   RO         1998    i.SdkEvalI2CRead    sdk_eval_i2c.o
    0x1004edc4   0x1004edc4   0x000000d8   Code   RO         1999    i.SdkEvalI2CWrite   sdk_eval_i2c.o
    0x1004ee9c   0x1004ee9c   0x0000000c   Code   RO         1592    i.SdkEvalIdentification  sdk_eval_config.o
    0x1004eea8   0x1004eea8   0x00000110   Code   RO         1910    i.SdkEvalSpiInit    sdk_eval_spi.o
    0x1004efb8   0x1004efb8   0x00000090   Code   RO         1914    i.SdkEvalSpiRead    sdk_eval_spi.o
    0x1004f048   0x1004f048   0x0000005c   Code   RO         1915    i.SdkEvalSpiWrite   sdk_eval_spi.o
    0x1004f0a4   0x1004f0a4   0x0000001e   Code   RO         3392    i.Search_Handle     libbluenrg1_stack.a(rom_gatt_server.o)
    0x1004f0c2   0x1004f0c2   0x00000020   Code   RO         3032    i.Search_In_Stat    libbluenrg1_stack.a(acl.o)
    0x1004f0e2   0x1004f0e2   0x00000002   PAD
    0x1004f0e4   0x1004f0e4   0x00000028   Code   RO         3189    i.Search_Service_Handle  libbluenrg1_stack.a(gatt_server.o)
    0x1004f10c   0x1004f10c   0x00000054   Code   RO         3190    i.Select_Next_Notification_Client  libbluenrg1_stack.a(gatt_server.o)
    0x1004f160   0x1004f160   0x00000030   Code   RO         3660    i.Send_Error_Resp   libbluenrg1_stack.a(rom_att.o)
    0x1004f190   0x1004f190   0x0000007c   Code   RO         3191    i.Send_Notif_Or_Ind  libbluenrg1_stack.a(gatt_server.o)
    0x1004f20c   0x1004f20c   0x000000f8   Code   RO         2387    i.Start_Beaconing   ble_beacon_main.o
    0x1004f304   0x1004f304   0x00000024   Code   RO         3393    i.Start_Gatt_Timer  libbluenrg1_stack.a(rom_gatt_server.o)
    0x1004f328   0x1004f328   0x0000001c   Code   RO         3394    i.Stop_Gatt_Timer   libbluenrg1_stack.a(rom_gatt_server.o)
    0x1004f344   0x1004f344   0x00000010   Code   RO         2648    i.SysCount_Handler  clock.o
    0x1004f354   0x1004f354   0x00000040   Code   RO         1066    i.SysCtrl_PeripheralClockCmd  bluenrg1_sysctrl.o
    0x1004f394   0x1004f394   0x00000008   Code   RO         2280    i.SysTick_Handler   bluenrg1_it.o
    0x1004f39c   0x1004f39c   0x000000b8   Code   RO         2097    i.SystemInit        system_bluenrg1.o
    0x1004f454   0x1004f454   0x00000064   Code   RO         1354    i.SystemSleepCmd    misc.o
    0x1004f4b8   0x1004f4b8   0x0000007c   Code   RO         2875    i.TimerCallback     libbluenrg1_stack.a(host_timer.o)
    0x1004f534   0x1004f534   0x00000014   Code   RO         2876    i.Timer_ExpiryCallback  libbluenrg1_stack.a(host_timer.o)
    0x1004f548   0x1004f548   0x00000034   Code   RO         2877    i.Timer_Init        libbluenrg1_stack.a(host_timer.o)
    0x1004f57c   0x1004f57c   0x00000144   Code   RO         2878    i.Timer_ProcessQ    libbluenrg1_stack.a(host_timer.o)
    0x1004f6c0   0x1004f6c0   0x00000022   Code   RO         2879    i.Timer_StartOneShot  libbluenrg1_stack.a(host_timer.o)
    0x1004f6e2   0x1004f6e2   0x00000002   PAD
    0x1004f6e4   0x1004f6e4   0x00000070   Code   RO         2880    i.Timer_StartOneShot_sysTime32  libbluenrg1_stack.a(host_timer.o)
    0x1004f754   0x1004f754   0x00000054   Code   RO         2881    i.Timer_StopOneShot  libbluenrg1_stack.a(host_timer.o)
    0x1004f7a8   0x1004f7a8   0x00000020   Code   RO         2883    i.Timer_sysTime32_convMachineTime  libbluenrg1_stack.a(host_timer.o)
    0x1004f7c8   0x1004f7c8   0x00000030   Code   RO         1115    i.UART_Cmd          bluenrg1_uart.o
    0x1004f7f8   0x1004f7f8   0x00000060   Code   RO         1118    i.UART_GetFlagStatus  bluenrg1_uart.o
    0x1004f858   0x1004f858   0x00000002   Code   RO         2281    i.UART_Handler      bluenrg1_it.o
    0x1004f85a   0x1004f85a   0x00000002   PAD
    0x1004f85c   0x1004f85c   0x000001cc   Code   RO         1121    i.UART_Init         bluenrg1_uart.o
    0x1004fa28   0x1004fa28   0x00000044   Code   RO         1124    i.UART_RxFifoIrqLevelConfig  bluenrg1_uart.o
    0x1004fa6c   0x1004fa6c   0x0000002c   Code   RO         1126    i.UART_SendData     bluenrg1_uart.o
    0x1004fa98   0x1004fa98   0x00000144   Code   RO         2388    i.Update_Beaconing  ble_beacon_main.o
    0x1004fbdc   0x1004fbdc   0x00000050   Code   RO         3615    i.ValidLinkPermRequest  libbluenrg1_stack.a(att.o)
    0x1004fc2c   0x1004fc2c   0x00000002   Code   RO         2099    i.WDG_Handler       system_bluenrg1.o
    0x1004fc2e   0x1004fc2e   0x0000000a   Code   RO         3471    i.WindowWiden1      libbluenrg1_stack.a(rom_ll_timehandling.o)
    0x1004fc38   0x1004fc38   0x00000010   Code   RO         3472    i.WindowWiden2      libbluenrg1_stack.a(rom_ll_timehandling.o)
    0x1004fc48   0x1004fc48   0x000001b8   Code   RO         3517    i.Write_Client_Data  libbluenrg1_stack.a(sdb.o)
    0x1004fe00   0x1004fe00   0x00000132   Code   RO         3616    i.Write_Cmd         libbluenrg1_stack.a(att.o)
    0x1004ff32   0x1004ff32   0x0000014a   Code   RO         3617    i.Write_Resp        libbluenrg1_stack.a(att.o)
    0x1005007c   0x1005007c   0x0000006c   Code   RO         3518    i.Write_SDBRecord   libbluenrg1_stack.a(sdb.o)
    0x100500e8   0x100500e8   0x00000094   Code   RO         2805    i._BlueNRG_Stack_Initialization  libbluenrg1_stack.a(bluenrg_main_func.o)
    0x1005017c   0x1005017c   0x00000064   Code   RO         3077    i._GAP_Parse_Advertising_Report  libbluenrg1_stack.a(gap.o)
    0x100501e0   0x100501e0   0x00000030   Code   RO         3876    i.__ARM_common_ll_muluu  c_p.l(btod.o)
    0x10050210   0x10050210   0x0000001a   Code   RO         1882    i.__ARM_common_switch8  lsm6ds3.o
    0x1005022a   0x1005022a   0x00000002   PAD
    0x1005022c   0x1005022c   0x0000002c   Code   RO         3887    i.__ARM_fpclassify  m_ps.l(fpclassify.o)
    0x10050258   0x10050258   0x00000030   Code   RO         2100    i.__low_level_init  system_bluenrg1.o
    0x10050288   0x10050288   0x0000006c   Code   RO         2693    i._aci_gap_set_discoverable_param_check  libbluenrg1_stack.a(bluenrg_gap_aci.o)
    0x100502f4   0x100502f4   0x0000016c   Code   RO         3078    i._gap_set_discoverable_connectable  libbluenrg1_stack.a(gap.o)
    0x10050460   0x10050460   0x0000000e   Code   RO         3762    i._is_digit         c_p.l(__printf_wp.o)
    0x1005046e   0x1005046e   0x00000002   Code   RO         2894    i.aci_att_exchange_mtu_resp_event  libbluenrg1_stack.a(aci_events.o)
    0x10050470   0x10050470   0x00000020   Code   RO         2895    i.aci_att_exchange_mtu_resp_event_cb  libbluenrg1_stack.a(aci_events.o)
    0x10050490   0x10050490   0x00000002   Code   RO         2896    i.aci_att_exec_write_resp_event  libbluenrg1_stack.a(aci_events.o)
    0x10050492   0x10050492   0x00000002   PAD
    0x10050494   0x10050494   0x0000001c   Code   RO         2897    i.aci_att_exec_write_resp_event_cb  libbluenrg1_stack.a(aci_events.o)
    0x100504b0   0x100504b0   0x00000002   Code   RO         2898    i.aci_att_find_by_type_value_resp_event  libbluenrg1_stack.a(aci_events.o)
    0x100504b2   0x100504b2   0x00000002   PAD
    0x100504b4   0x100504b4   0x00000024   Code   RO         2899    i.aci_att_find_by_type_value_resp_event_cb  libbluenrg1_stack.a(aci_events.o)
    0x100504d8   0x100504d8   0x00000002   Code   RO         2900    i.aci_att_find_info_resp_event  libbluenrg1_stack.a(aci_events.o)
    0x100504da   0x100504da   0x00000002   PAD
    0x100504dc   0x100504dc   0x00000024   Code   RO         2901    i.aci_att_find_info_resp_event_cb  libbluenrg1_stack.a(aci_events.o)
    0x10050500   0x10050500   0x00000002   Code   RO         2902    i.aci_att_prepare_write_resp_event  libbluenrg1_stack.a(aci_events.o)
    0x10050502   0x10050502   0x00000002   PAD
    0x10050504   0x10050504   0x00000028   Code   RO         2903    i.aci_att_prepare_write_resp_event_cb  libbluenrg1_stack.a(aci_events.o)
    0x1005052c   0x1005052c   0x00000002   Code   RO         2904    i.aci_att_read_blob_resp_event  libbluenrg1_stack.a(aci_events.o)
    0x1005052e   0x1005052e   0x00000002   PAD
    0x10050530   0x10050530   0x00000024   Code   RO         2905    i.aci_att_read_blob_resp_event_cb  libbluenrg1_stack.a(aci_events.o)
    0x10050554   0x10050554   0x00000068   Code   RO         3143    i.aci_att_read_blob_resp_event_push  libbluenrg1_stack.a(gatt_client.o)
    0x100505bc   0x100505bc   0x00000002   Code   RO         2906    i.aci_att_read_by_group_type_resp_event  libbluenrg1_stack.a(aci_events.o)
    0x100505be   0x100505be   0x00000002   PAD
    0x100505c0   0x100505c0   0x00000024   Code   RO         2907    i.aci_att_read_by_group_type_resp_event_cb  libbluenrg1_stack.a(aci_events.o)
    0x100505e4   0x100505e4   0x00000002   Code   RO         2908    i.aci_att_read_by_type_resp_event  libbluenrg1_stack.a(aci_events.o)
    0x100505e6   0x100505e6   0x00000002   PAD
    0x100505e8   0x100505e8   0x00000024   Code   RO         2909    i.aci_att_read_by_type_resp_event_cb  libbluenrg1_stack.a(aci_events.o)
    0x1005060c   0x1005060c   0x00000002   Code   RO         2910    i.aci_att_read_multiple_resp_event  libbluenrg1_stack.a(aci_events.o)
    0x1005060e   0x1005060e   0x00000002   PAD
    0x10050610   0x10050610   0x00000024   Code   RO         2911    i.aci_att_read_multiple_resp_event_cb  libbluenrg1_stack.a(aci_events.o)
    0x10050634   0x10050634   0x00000064   Code   RO         3146    i.aci_att_read_multiple_resp_event_push  libbluenrg1_stack.a(gatt_client.o)
    0x10050698   0x10050698   0x00000002   Code   RO         2912    i.aci_att_read_resp_event  libbluenrg1_stack.a(aci_events.o)
    0x1005069a   0x1005069a   0x00000002   PAD
    0x1005069c   0x1005069c   0x00000024   Code   RO         2913    i.aci_att_read_resp_event_cb  libbluenrg1_stack.a(aci_events.o)
    0x100506c0   0x100506c0   0x00000068   Code   RO         3147    i.aci_att_read_resp_event_push  libbluenrg1_stack.a(gatt_client.o)
    0x10050728   0x10050728   0x00000002   Code   RO         2914    i.aci_att_write_resp_event  libbluenrg1_stack.a(aci_events.o)
    0x1005072a   0x1005072a   0x00000002   PAD
    0x1005072c   0x1005072c   0x00000024   Code   RO         2915    i.aci_att_write_resp_event_cb  libbluenrg1_stack.a(aci_events.o)
    0x10050750   0x10050750   0x00000028   Code   RO         2916    i.aci_event_fifo_push  libbluenrg1_stack.a(aci_events.o)
    0x10050778   0x10050778   0x000000c8   Code   RO         2917    i.aci_event_fifo_push_header  libbluenrg1_stack.a(aci_events.o)
    0x10050840   0x10050840   0x00000002   Code   RO         2918    i.aci_gap_addr_not_resolved_event  libbluenrg1_stack.a(aci_events.o)
    0x10050842   0x10050842   0x00000002   PAD
    0x10050844   0x10050844   0x0000001c   Code   RO         2919    i.aci_gap_addr_not_resolved_event_cb  libbluenrg1_stack.a(aci_events.o)
    0x10050860   0x10050860   0x00000002   Code   RO         2920    i.aci_gap_authorization_req_event  libbluenrg1_stack.a(aci_events.o)
    0x10050862   0x10050862   0x00000002   PAD
    0x10050864   0x10050864   0x0000001c   Code   RO         2921    i.aci_gap_authorization_req_event_cb  libbluenrg1_stack.a(aci_events.o)
    0x10050880   0x10050880   0x00000044   Code   RO         3579    i.aci_gap_authorization_req_event_push  libbluenrg1_stack.a(sm_common.o)
    0x100508c4   0x100508c4   0x00000002   Code   RO         2922    i.aci_gap_bond_lost_event  libbluenrg1_stack.a(aci_events.o)
    0x100508c6   0x100508c6   0x00000002   PAD
    0x100508c8   0x100508c8   0x0000001c   Code   RO         2923    i.aci_gap_bond_lost_event_cb  libbluenrg1_stack.a(aci_events.o)
    0x100508e4   0x100508e4   0x00000002   Code   RO         2924    i.aci_gap_device_found_event  libbluenrg1_stack.a(aci_events.o)
    0x100508e6   0x100508e6   0x00000002   PAD
    0x100508e8   0x100508e8   0x00000020   Code   RO         2925    i.aci_gap_device_found_event_cb  libbluenrg1_stack.a(aci_events.o)
    0x10050908   0x10050908   0x00000030   Code   RO         2703    i.aci_gap_init      libbluenrg1_stack.a(bluenrg_gap_aci.o)
    0x10050938   0x10050938   0x00000002   Code   RO         2926    i.aci_gap_keypress_notification_event  libbluenrg1_stack.a(aci_events.o)
    0x1005093a   0x1005093a   0x00000002   PAD
    0x1005093c   0x1005093c   0x00000020   Code   RO         2927    i.aci_gap_keypress_notification_event_cb  libbluenrg1_stack.a(aci_events.o)
    0x1005095c   0x1005095c   0x00000002   Code   RO         2928    i.aci_gap_limited_discoverable_event  libbluenrg1_stack.a(aci_events.o)
    0x1005095e   0x1005095e   0x00000002   PAD
    0x10050960   0x10050960   0x0000001c   Code   RO         2929    i.aci_gap_limited_discoverable_event_cb  libbluenrg1_stack.a(aci_events.o)
    0x1005097c   0x1005097c   0x00000040   Code   RO         3079    i.aci_gap_limited_discoverable_event_push  libbluenrg1_stack.a(gap.o)
    0x100509bc   0x100509bc   0x00000002   Code   RO         2930    i.aci_gap_numeric_comparison_value_event  libbluenrg1_stack.a(aci_events.o)
    0x100509be   0x100509be   0x00000002   PAD
    0x100509c0   0x100509c0   0x00000020   Code   RO         2931    i.aci_gap_numeric_comparison_value_event_cb  libbluenrg1_stack.a(aci_events.o)
    0x100509e0   0x100509e0   0x00000048   Code   RO         3525    i.aci_gap_numeric_comparison_value_event_push  libbluenrg1_stack.a(securitymgr.o)
    0x10050a28   0x10050a28   0x00000002   Code   RO         2932    i.aci_gap_pairing_complete_event  libbluenrg1_stack.a(aci_events.o)
    0x10050a2a   0x10050a2a   0x00000002   PAD
    0x10050a2c   0x10050a2c   0x00000024   Code   RO         2933    i.aci_gap_pairing_complete_event_cb  libbluenrg1_stack.a(aci_events.o)
    0x10050a50   0x10050a50   0x0000004c   Code   RO         3580    i.aci_gap_pairing_complete_event_push  libbluenrg1_stack.a(sm_common.o)
    0x10050a9c   0x10050a9c   0x00000002   Code   RO         2934    i.aci_gap_pass_key_req_event  libbluenrg1_stack.a(aci_events.o)
    0x10050a9e   0x10050a9e   0x00000002   PAD
    0x10050aa0   0x10050aa0   0x0000001c   Code   RO         2935    i.aci_gap_pass_key_req_event_cb  libbluenrg1_stack.a(aci_events.o)
    0x10050abc   0x10050abc   0x00000002   Code   RO         2936    i.aci_gap_proc_complete_event  libbluenrg1_stack.a(aci_events.o)
    0x10050abe   0x10050abe   0x00000002   PAD
    0x10050ac0   0x10050ac0   0x00000024   Code   RO         2937    i.aci_gap_proc_complete_event_cb  libbluenrg1_stack.a(aci_events.o)
    0x10050ae4   0x10050ae4   0x00000064   Code   RO         3080    i.aci_gap_proc_complete_event_push  libbluenrg1_stack.a(gap.o)
    0x10050b48   0x10050b48   0x00000042   Code   RO         2714    i.aci_gap_set_discoverable  libbluenrg1_stack.a(bluenrg_gap_aci.o)
    0x10050b8a   0x10050b8a   0x00000002   Code   RO         2938    i.aci_gap_slave_security_initiated_event  libbluenrg1_stack.a(aci_events.o)
    0x10050b8c   0x10050b8c   0x0000001c   Code   RO         2939    i.aci_gap_slave_security_initiated_event_cb  libbluenrg1_stack.a(aci_events.o)
    0x10050ba8   0x10050ba8   0x00000002   Code   RO         2940    i.aci_gatt_attribute_modified_event  libbluenrg1_stack.a(aci_events.o)
    0x10050baa   0x10050baa   0x00000002   PAD
    0x10050bac   0x10050bac   0x00000028   Code   RO         2941    i.aci_gatt_attribute_modified_event_cb  libbluenrg1_stack.a(aci_events.o)
    0x10050bd4   0x10050bd4   0x00000068   Code   RO         3618    i.aci_gatt_attribute_modified_event_push  libbluenrg1_stack.a(att.o)
    0x10050c3c   0x10050c3c   0x00000002   Code   RO         2942    i.aci_gatt_disc_read_char_by_uuid_resp_event  libbluenrg1_stack.a(aci_events.o)
    0x10050c3e   0x10050c3e   0x00000002   PAD
    0x10050c40   0x10050c40   0x00000024   Code   RO         2943    i.aci_gatt_disc_read_char_by_uuid_resp_event_cb  libbluenrg1_stack.a(aci_events.o)
    0x10050c64   0x10050c64   0x00000074   Code   RO         3148    i.aci_gatt_disc_read_char_by_uuid_resp_event_push  libbluenrg1_stack.a(gatt_client.o)
    0x10050cd8   0x10050cd8   0x00000002   Code   RO         2944    i.aci_gatt_error_resp_event  libbluenrg1_stack.a(aci_events.o)
    0x10050cda   0x10050cda   0x00000002   PAD
    0x10050cdc   0x10050cdc   0x00000024   Code   RO         2945    i.aci_gatt_error_resp_event_cb  libbluenrg1_stack.a(aci_events.o)
    0x10050d00   0x10050d00   0x00000064   Code   RO         3149    i.aci_gatt_error_resp_event_push  libbluenrg1_stack.a(gatt_client.o)
    0x10050d64   0x10050d64   0x00000002   Code   RO         2946    i.aci_gatt_indication_event  libbluenrg1_stack.a(aci_events.o)
    0x10050d66   0x10050d66   0x00000002   PAD
    0x10050d68   0x10050d68   0x00000024   Code   RO         2947    i.aci_gatt_indication_event_cb  libbluenrg1_stack.a(aci_events.o)
    0x10050d8c   0x10050d8c   0x00000008   Code   RO         2762    i.aci_gatt_init     libbluenrg1_stack.a(bluenrg_gatt_aci.o)
    0x10050d94   0x10050d94   0x00000002   Code   RO         2948    i.aci_gatt_notification_event  libbluenrg1_stack.a(aci_events.o)
    0x10050d96   0x10050d96   0x00000002   PAD
    0x10050d98   0x10050d98   0x00000024   Code   RO         2949    i.aci_gatt_notification_event_cb  libbluenrg1_stack.a(aci_events.o)
    0x10050dbc   0x10050dbc   0x00000002   Code   RO         2950    i.aci_gatt_prepare_write_permit_req_event  libbluenrg1_stack.a(aci_events.o)
    0x10050dbe   0x10050dbe   0x00000016   Code   RO         2951    i.aci_gatt_prepare_write_permit_req_event_cb  libbluenrg1_stack.a(aci_events.o)
    0x10050dd4   0x10050dd4   0x00000002   Code   RO         2952    i.aci_gatt_proc_complete_event  libbluenrg1_stack.a(aci_events.o)
    0x10050dd6   0x10050dd6   0x00000002   PAD
    0x10050dd8   0x10050dd8   0x00000020   Code   RO         2953    i.aci_gatt_proc_complete_event_cb  libbluenrg1_stack.a(aci_events.o)
    0x10050df8   0x10050df8   0x00000048   Code   RO         3150    i.aci_gatt_proc_complete_event_push  libbluenrg1_stack.a(gatt_client.o)
    0x10050e40   0x10050e40   0x00000002   Code   RO         2954    i.aci_gatt_proc_timeout_event  libbluenrg1_stack.a(aci_events.o)
    0x10050e42   0x10050e42   0x00000002   PAD
    0x10050e44   0x10050e44   0x0000001c   Code   RO         2955    i.aci_gatt_proc_timeout_event_cb  libbluenrg1_stack.a(aci_events.o)
    0x10050e60   0x10050e60   0x00000002   Code   RO         2956    i.aci_gatt_read_multi_permit_req_event  libbluenrg1_stack.a(aci_events.o)
    0x10050e62   0x10050e62   0x00000010   Code   RO         2957    i.aci_gatt_read_multi_permit_req_event_cb  libbluenrg1_stack.a(aci_events.o)
    0x10050e72   0x10050e72   0x00000050   Code   RO         3619    i.aci_gatt_read_multi_permit_req_event_push  libbluenrg1_stack.a(att.o)
    0x10050ec2   0x10050ec2   0x00000002   Code   RO         2958    i.aci_gatt_read_permit_req_event  libbluenrg1_stack.a(aci_events.o)
    0x10050ec4   0x10050ec4   0x00000010   Code   RO         2959    i.aci_gatt_read_permit_req_event_cb  libbluenrg1_stack.a(aci_events.o)
    0x10050ed4   0x10050ed4   0x00000038   Code   RO         3620    i.aci_gatt_read_permit_req_event_push  libbluenrg1_stack.a(att.o)
    0x10050f0c   0x10050f0c   0x00000002   Code   RO         2960    i.aci_gatt_server_confirmation_event  libbluenrg1_stack.a(aci_events.o)
    0x10050f0e   0x10050f0e   0x0000000a   Code   RO         2961    i.aci_gatt_server_confirmation_event_cb  libbluenrg1_stack.a(aci_events.o)
    0x10050f18   0x10050f18   0x00000002   Code   RO         2962    i.aci_gatt_tx_pool_available_event  libbluenrg1_stack.a(aci_events.o)
    0x10050f1a   0x10050f1a   0x0000000e   Code   RO         2963    i.aci_gatt_tx_pool_available_event_cb  libbluenrg1_stack.a(aci_events.o)
    0x10050f28   0x10050f28   0x00000002   Code   RO         2964    i.aci_gatt_write_permit_req_event  libbluenrg1_stack.a(aci_events.o)
    0x10050f2a   0x10050f2a   0x00000012   Code   RO         2965    i.aci_gatt_write_permit_req_event_cb  libbluenrg1_stack.a(aci_events.o)
    0x10050f3c   0x10050f3c   0x00000056   Code   RO         3621    i.aci_gatt_write_permit_req_event_push  libbluenrg1_stack.a(att.o)
    0x10050f92   0x10050f92   0x00000002   Code   RO         3204    i.aci_hal_end_of_radio_activity_event  libbluenrg1_stack.a(hal.o)
    0x10050f94   0x10050f94   0x00000002   Code   RO         2966    i.aci_hal_scan_req_report_event  libbluenrg1_stack.a(aci_events.o)
    0x10050f96   0x10050f96   0x00000002   PAD
    0x10050f98   0x10050f98   0x00000024   Code   RO         2967    i.aci_hal_scan_req_report_event_cb  libbluenrg1_stack.a(aci_events.o)
    0x10050fbc   0x10050fbc   0x00000008   Code   RO         2790    i.aci_hal_set_tx_power_level  libbluenrg1_stack.a(bluenrg_hal_aci.o)
    0x10050fc4   0x10050fc4   0x00000002   Code   RO         2968    i.aci_l2cap_command_reject_event  libbluenrg1_stack.a(aci_events.o)
    0x10050fc6   0x10050fc6   0x00000016   Code   RO         2969    i.aci_l2cap_command_reject_event_cb  libbluenrg1_stack.a(aci_events.o)
    0x10050fdc   0x10050fdc   0x00000002   Code   RO         2970    i.aci_l2cap_connection_update_req_event  libbluenrg1_stack.a(aci_events.o)
    0x10050fde   0x10050fde   0x00000002   PAD
    0x10050fe0   0x10050fe0   0x00000030   Code   RO         2971    i.aci_l2cap_connection_update_req_event_cb  libbluenrg1_stack.a(aci_events.o)
    0x10051010   0x10051010   0x00000088   Code   RO         3238    i.aci_l2cap_connection_update_req_event_push  libbluenrg1_stack.a(l2cap.o)
    0x10051098   0x10051098   0x00000002   Code   RO         2972    i.aci_l2cap_connection_update_resp_event  libbluenrg1_stack.a(aci_events.o)
    0x1005109a   0x1005109a   0x00000002   PAD
    0x1005109c   0x1005109c   0x00000020   Code   RO         2973    i.aci_l2cap_connection_update_resp_event_cb  libbluenrg1_stack.a(aci_events.o)
    0x100510bc   0x100510bc   0x00000002   Code   RO         2974    i.aci_l2cap_proc_timeout_event  libbluenrg1_stack.a(aci_events.o)
    0x100510be   0x100510be   0x00000002   PAD
    0x100510c0   0x100510c0   0x00000020   Code   RO         2975    i.aci_l2cap_proc_timeout_event_cb  libbluenrg1_stack.a(aci_events.o)
    0x100510e0   0x100510e0   0x00000026   Code   RO         3035    i.acl_list_full_on_packt  libbluenrg1_stack.a(acl_list.o)
    0x10051106   0x10051106   0x00000004   Code   RO         3037    i.acl_list_get_pckt_count  libbluenrg1_stack.a(acl_list.o)
    0x1005110a   0x1005110a   0x00000012   Code   RO         3038    i.acl_list_init     libbluenrg1_stack.a(acl_list.o)
    0x1005111c   0x1005111c   0x00000020   Code   RO         3039    i.acl_list_insert_head  libbluenrg1_stack.a(acl_list.o)
    0x1005113c   0x1005113c   0x00000020   Code   RO         3040    i.acl_list_insert_tail  libbluenrg1_stack.a(acl_list.o)
    0x1005115c   0x1005115c   0x00000010   Code   RO         3041    i.acl_list_is_empty  libbluenrg1_stack.a(acl_list.o)
    0x1005116c   0x1005116c   0x00000020   Code   RO         3043    i.acl_list_remove   libbluenrg1_stack.a(acl_list.o)
    0x1005118c   0x1005118c   0x00000020   Code   RO         3044    i.acl_list_remove_head  libbluenrg1_stack.a(acl_list.o)
    0x100511ac   0x100511ac   0x00000258   Code   RO         3306    i.adapt_slot        libbluenrg1_stack.a(multi_master_time.o)
    0x10051404   0x10051404   0x00000078   Code   RO         3081    i.advParamsCheckAndSet  libbluenrg1_stack.a(gap.o)
    0x1005147c   0x1005147c   0x00000438   Code   RO         3307    i.advance_slave_timing_MultiSlave  libbluenrg1_stack.a(multi_master_time.o)
    0x100518b4   0x100518b4   0x000000b8   Code   RO         3464    i.advance_transmit  libbluenrg1_stack.a(rom_ll_routines_support.o)
    0x1005196c   0x1005196c   0x000004d4   Code   RO         3047    i.advance_wakeup_timer  libbluenrg1_stack.a(advance_wakeup_time.o)
    0x10051e40   0x10051e40   0x00000050   Code   RO         3308    i.anchor_replace    libbluenrg1_stack.a(multi_master_time.o)
    0x10051e90   0x10051e90   0x00000002   Code   RO         2389    i.assert_failed     ble_beacon_main.o
    0x10051e92   0x10051e92   0x00000002   PAD
    0x10051e94   0x10051e94   0x0000019c   Code   RO         3309    i.cancel_current_master  libbluenrg1_stack.a(multi_master_time.o)
    0x10052030   0x10052030   0x00000100   Code   RO         3410    i.cancel_master     libbluenrg1_stack.a(rom_ll_isr_routines.o)
    0x10052130   0x10052130   0x00000098   Code   RO         3218    i.cancel_slave      libbluenrg1_stack.a(isr_routines.o)
    0x100521c8   0x100521c8   0x00000012   Code   RO         3206    i.char_copy         libbluenrg1_stack.a(hal.o)
    0x100521da   0x100521da   0x00000002   PAD
    0x100521dc   0x100521dc   0x00000024   Code   RO         3466    i.convert_power     libbluenrg1_stack.a(rom_ll_routines_support.o)
    0x10052200   0x10052200   0x00000022   Code   RO         3600    i.copy_swap_buffer  libbluenrg1_stack.a(utils.o)
    0x10052222   0x10052222   0x00000002   PAD
    0x10052224   0x10052224   0x000000bc   Code   RO         2806    i.deepSleepTimers_check  libbluenrg1_stack.a(bluenrg_main_func.o)
    0x100522e0   0x100522e0   0x00000088   Code   RO         3467    i.encrypt           libbluenrg1_stack.a(rom_ll_routines_support.o)
    0x10052368   0x10052368   0x0000006a   Code   RO         2976    i.fifoBuf_getFreeHeader  libbluenrg1_stack.a(aci_events.o)
    0x100523d2   0x100523d2   0x0000000a   Code   RO         2977    i.fifoCtrl_init     libbluenrg1_stack.a(aci_events.o)
    0x100523dc   0x100523dc   0x0000000c   Code   RO         1480    i.fputc             sdk_eval_com.o
    0x100523e8   0x100523e8   0x00000014   Code   RO         3082    i.gapClearAllModeFlags  libbluenrg1_stack.a(gap.o)
    0x100523fc   0x100523fc   0x0000002c   Code   RO         3411    i.get_adv_addr      libbluenrg1_stack.a(rom_ll_isr_routines.o)
    0x10052428   0x10052428   0x00000048   Code   RO         3310    i.get_advertiser    libbluenrg1_stack.a(multi_master_time.o)
    0x10052470   0x10052470   0x00000084   Code   RO         3311    i.get_connection_no  libbluenrg1_stack.a(multi_master_time.o)
    0x100524f4   0x100524f4   0x00000034   Code   RO         3312    i.get_next_free_slot  libbluenrg1_stack.a(multi_master_time.o)
    0x10052528   0x10052528   0x0000002e   Code   RO         3412    i.get_scan_addr     libbluenrg1_stack.a(rom_ll_isr_routines.o)
    0x10052556   0x10052556   0x00000002   PAD
    0x10052558   0x10052558   0x00000048   Code   RO         3313    i.get_scan_connection  libbluenrg1_stack.a(multi_master_time.o)
    0x100525a0   0x100525a0   0x00000278   Code   RO         3413    i.go_to_connect     libbluenrg1_stack.a(rom_ll_isr_routines.o)
    0x10052818   0x10052818   0x00000198   Code   RO         3219    i.go_to_connect_master  libbluenrg1_stack.a(isr_routines.o)
    0x100529b0   0x100529b0   0x00000020   Code   RO         3207    i.hal_get_hw_version  libbluenrg1_stack.a(hal.o)
    0x100529d0   0x100529d0   0x00000034   Code   RO         3208    i.hal_radio_activity_state_callback_check  libbluenrg1_stack.a(hal.o)
    0x10052a04   0x10052a04   0x0000001c   Code   RO         3209    i.hal_radio_activity_state_init  libbluenrg1_stack.a(hal.o)
    0x10052a20   0x10052a20   0x00000040   Code   RO         3210    i.hal_read_radio_activity_state  libbluenrg1_stack.a(hal.o)
    0x10052a60   0x10052a60   0x00000064   Code   RO         2814    i.hci_acl_Process_Q  libbluenrg1_stack.a(hci.o)
    0x10052ac4   0x10052ac4   0x000000e4   Code   RO         3033    i.hci_acl_data_ind_event_int_cb  libbluenrg1_stack.a(acl.o)
    0x10052ba8   0x10052ba8   0x00000098   Code   RO         3034    i.hci_acl_data_tx_cmpl_event_int_cb  libbluenrg1_stack.a(acl.o)
    0x10052c40   0x10052c40   0x00000002   Code   RO         2979    i.hci_data_buffer_overflow_event_cb  libbluenrg1_stack.a(aci_events.o)
    0x10052c42   0x10052c42   0x00000002   Code   RO         2980    i.hci_disconnection_complete_event  libbluenrg1_stack.a(aci_events.o)
    0x10052c44   0x10052c44   0x00000020   Code   RO         2981    i.hci_disconnection_complete_event_cb  libbluenrg1_stack.a(aci_events.o)
    0x10052c64   0x10052c64   0x00000026   Code   RO         2982    i.hci_disconnection_complete_event_int_cb  libbluenrg1_stack.a(aci_events.o)
    0x10052c8a   0x10052c8a   0x00000002   Code   RO         2983    i.hci_encryption_change_event  libbluenrg1_stack.a(aci_events.o)
    0x10052c8c   0x10052c8c   0x00000020   Code   RO         2984    i.hci_encryption_change_event_cb  libbluenrg1_stack.a(aci_events.o)
    0x10052cac   0x10052cac   0x0000001a   Code   RO         2985    i.hci_encryption_change_event_int_cb  libbluenrg1_stack.a(aci_events.o)
    0x10052cc6   0x10052cc6   0x00000002   PAD
    0x10052cc8   0x10052cc8   0x0000004c   Code   RO         3281    i.hci_encryption_change_event_push  libbluenrg1_stack.a(ll_routines_master.o)
    0x10052d14   0x10052d14   0x00000002   Code   RO         2986    i.hci_encryption_key_refresh_complete_event  libbluenrg1_stack.a(aci_events.o)
    0x10052d16   0x10052d16   0x00000002   PAD
    0x10052d18   0x10052d18   0x00000020   Code   RO         2987    i.hci_encryption_key_refresh_complete_event_cb  libbluenrg1_stack.a(aci_events.o)
    0x10052d38   0x10052d38   0x0000001a   Code   RO         2988    i.hci_encryption_key_refresh_complete_event_int_cb  libbluenrg1_stack.a(aci_events.o)
    0x10052d52   0x10052d52   0x00000002   PAD
    0x10052d54   0x10052d54   0x00000048   Code   RO         3282    i.hci_encryption_key_refresh_complete_event_push  libbluenrg1_stack.a(ll_routines_master.o)
    0x10052d9c   0x10052d9c   0x00000002   Code   RO         2989    i.hci_hardware_error_event  libbluenrg1_stack.a(aci_events.o)
    0x10052d9e   0x10052d9e   0x00000002   Code   RO         2990    i.hci_le_advertising_report_event  libbluenrg1_stack.a(aci_events.o)
    0x10052da0   0x10052da0   0x00000020   Code   RO         2991    i.hci_le_advertising_report_event_cb  libbluenrg1_stack.a(aci_events.o)
    0x10052dc0   0x10052dc0   0x0000001e   Code   RO         2992    i.hci_le_advertising_report_event_int_cb  libbluenrg1_stack.a(aci_events.o)
    0x10052dde   0x10052dde   0x00000002   PAD
    0x10052de0   0x10052de0   0x00000080   Code   RO         3283    i.hci_le_advertising_report_event_push  libbluenrg1_stack.a(ll_routines_master.o)
    0x10052e60   0x10052e60   0x00000002   Code   RO         2993    i.hci_le_connection_complete_event  libbluenrg1_stack.a(aci_events.o)
    0x10052e62   0x10052e62   0x00000002   PAD
    0x10052e64   0x10052e64   0x00000040   Code   RO         2994    i.hci_le_connection_complete_event_cb  libbluenrg1_stack.a(aci_events.o)
    0x10052ea4   0x10052ea4   0x00000026   Code   RO         2995    i.hci_le_connection_complete_event_int_cb  libbluenrg1_stack.a(aci_events.o)
    0x10052eca   0x10052eca   0x00000002   PAD
    0x10052ecc   0x10052ecc   0x00000078   Code   RO         3284    i.hci_le_connection_complete_event_push  libbluenrg1_stack.a(ll_routines_master.o)
    0x10052f44   0x10052f44   0x00000002   Code   RO         2996    i.hci_le_connection_update_complete_event  libbluenrg1_stack.a(aci_events.o)
    0x10052f46   0x10052f46   0x00000002   PAD
    0x10052f48   0x10052f48   0x0000002c   Code   RO         2997    i.hci_le_connection_update_complete_event_cb  libbluenrg1_stack.a(aci_events.o)
    0x10052f74   0x10052f74   0x00000058   Code   RO         3285    i.hci_le_connection_update_complete_event_push  libbluenrg1_stack.a(ll_routines_master.o)
    0x10052fcc   0x10052fcc   0x00000002   Code   RO         2998    i.hci_le_direct_advertising_report_event  libbluenrg1_stack.a(aci_events.o)
    0x10052fce   0x10052fce   0x00000002   PAD
    0x10052fd0   0x10052fd0   0x00000020   Code   RO         2999    i.hci_le_direct_advertising_report_event_cb  libbluenrg1_stack.a(aci_events.o)
    0x10052ff0   0x10052ff0   0x0000001e   Code   RO         3000    i.hci_le_direct_advertising_report_event_int_cb  libbluenrg1_stack.a(aci_events.o)
    0x1005300e   0x1005300e   0x00000002   PAD
    0x10053010   0x10053010   0x00000074   Code   RO         3286    i.hci_le_direct_advertising_report_event_push  libbluenrg1_stack.a(ll_routines_master.o)
    0x10053084   0x10053084   0x00000002   Code   RO         3001    i.hci_le_enhanced_connection_complete_event  libbluenrg1_stack.a(aci_events.o)
    0x10053086   0x10053086   0x00000002   PAD
    0x10053088   0x10053088   0x00000048   Code   RO         3002    i.hci_le_enhanced_connection_complete_event_cb  libbluenrg1_stack.a(aci_events.o)
    0x100530d0   0x100530d0   0x00000026   Code   RO         3003    i.hci_le_enhanced_connection_complete_event_int_cb  libbluenrg1_stack.a(aci_events.o)
    0x100530f6   0x100530f6   0x00000002   PAD
    0x100530f8   0x100530f8   0x00000090   Code   RO         3287    i.hci_le_enhanced_connection_complete_event_push  libbluenrg1_stack.a(ll_routines_master.o)
    0x10053188   0x10053188   0x00000094   Code   RO         2823    i.hci_le_generate_dhkey  libbluenrg1_stack.a(hci.o)
    0x1005321c   0x1005321c   0x00000002   Code   RO         3004    i.hci_le_generate_dhkey_complete_event  libbluenrg1_stack.a(aci_events.o)
    0x1005321e   0x1005321e   0x00000002   PAD
    0x10053220   0x10053220   0x00000024   Code   RO         3005    i.hci_le_generate_dhkey_complete_event_cb  libbluenrg1_stack.a(aci_events.o)
    0x10053244   0x10053244   0x0000001a   Code   RO         3006    i.hci_le_generate_dhkey_complete_event_int_cb  libbluenrg1_stack.a(aci_events.o)
    0x1005325e   0x1005325e   0x00000002   PAD
    0x10053260   0x10053260   0x00000054   Code   RO         2824    i.hci_le_generate_dhkey_complete_event_push  libbluenrg1_stack.a(hci.o)
    0x100532b4   0x100532b4   0x00000002   Code   RO         3007    i.hci_le_long_term_key_request_event  libbluenrg1_stack.a(aci_events.o)
    0x100532b6   0x100532b6   0x00000002   PAD
    0x100532b8   0x100532b8   0x00000024   Code   RO         3008    i.hci_le_long_term_key_request_event_cb  libbluenrg1_stack.a(aci_events.o)
    0x100532dc   0x100532dc   0x0000000c   Code   RO         3009    i.hci_le_long_term_key_request_event_int_cb  libbluenrg1_stack.a(aci_events.o)
    0x100532e8   0x100532e8   0x0000005c   Code   RO         2831    i.hci_le_read_local_p256_public_key  libbluenrg1_stack.a(hci.o)
    0x10053344   0x10053344   0x00000002   Code   RO         3010    i.hci_le_read_local_p256_public_key_complete_event  libbluenrg1_stack.a(aci_events.o)
    0x10053346   0x10053346   0x00000002   PAD
    0x10053348   0x10053348   0x00000024   Code   RO         3011    i.hci_le_read_local_p256_public_key_complete_event_cb  libbluenrg1_stack.a(aci_events.o)
    0x1005336c   0x1005336c   0x0000001a   Code   RO         3012    i.hci_le_read_local_p256_public_key_complete_event_int_cb  libbluenrg1_stack.a(aci_events.o)
    0x10053386   0x10053386   0x00000002   PAD
    0x10053388   0x10053388   0x00000058   Code   RO         2832    i.hci_le_read_local_p256_public_key_complete_event_push  libbluenrg1_stack.a(hci.o)
    0x100533e0   0x100533e0   0x00000002   Code   RO         3013    i.hci_le_read_remote_used_features_complete_event  libbluenrg1_stack.a(aci_events.o)
    0x100533e2   0x100533e2   0x00000002   PAD
    0x100533e4   0x100533e4   0x00000028   Code   RO         3014    i.hci_le_read_remote_used_features_complete_event_cb  libbluenrg1_stack.a(aci_events.o)
    0x1005340c   0x1005340c   0x00000016   Code   RO         2840    i.hci_le_set_advertising_data  libbluenrg1_stack.a(hci.o)
    0x10053422   0x10053422   0x00000002   PAD
    0x10053424   0x10053424   0x00000024   Code   RO         2842    i.hci_le_set_event_mask  libbluenrg1_stack.a(hci.o)
    0x10053448   0x10053448   0x00000016   Code   RO         2847    i.hci_le_set_scan_response_data  libbluenrg1_stack.a(hci.o)
    0x1005345e   0x1005345e   0x00000002   Code   RO         3015    i.hci_number_of_completed_packets_event  libbluenrg1_stack.a(aci_events.o)
    0x10053460   0x10053460   0x0000000a   Code   RO         3016    i.hci_number_of_completed_packets_event_cb  libbluenrg1_stack.a(aci_events.o)
    0x1005346a   0x1005346a   0x00000002   Code   RO         3017    i.hci_read_remote_version_information_complete_event  libbluenrg1_stack.a(aci_events.o)
    0x1005346c   0x1005346c   0x00000024   Code   RO         3018    i.hci_read_remote_version_information_complete_event_cb  libbluenrg1_stack.a(aci_events.o)
    0x10053490   0x10053490   0x0000005a   Code   RO         2860    i.hci_rx_acl_data   libbluenrg1_stack.a(hci.o)
    0x100534ea   0x100534ea   0x00000004   Code   RO         3019    i.hci_rx_acl_data_event  libbluenrg1_stack.a(aci_events.o)
    0x100534ee   0x100534ee   0x00000016   Code   RO         3020    i.hci_rx_acl_data_event_cb  libbluenrg1_stack.a(aci_events.o)
    0x10053504   0x10053504   0x00000034   Code   RO         2863    i.hci_tx_acl_data_done  libbluenrg1_stack.a(hci.o)
    0x10053538   0x10053538   0x0000001e   Code   RO         3601    i.is_Buffer_All_Set_To  libbluenrg1_stack.a(utils.o)
    0x10053556   0x10053556   0x00000002   PAD
    0x10053558   0x10053558   0x00000034   Code   RO         3314    i.is_slave          libbluenrg1_stack.a(multi_master_time.o)
    0x1005358c   0x1005358c   0x000008bc   Code   RO         3288    i.isr_event_handler_patched  libbluenrg1_stack.a(ll_routines_master.o)
    0x10053e48   0x10053e48   0x0000014c   Code   RO         3214    i.isr_postproc      libbluenrg1_stack.a(isr_postproc.o)
    0x10053f94   0x10053f94   0x0000014c   Code   RO         3404    i.isr_postproc1     libbluenrg1_stack.a(rom_ll_isr_postproc.o)
    0x100540e0   0x100540e0   0x00000016   Code   RO         3405    i.isr_postproc_encrypt_data  libbluenrg1_stack.a(rom_ll_isr_postproc.o)
    0x100540f6   0x100540f6   0x00000002   PAD
    0x100540f8   0x100540f8   0x00000020   Code   RO         3473    i.machine_time_trans  libbluenrg1_stack.a(rom_ll_timehandling.o)
    0x10054118   0x10054118   0x0000009c   Code   RO         2390    i.main              ble_beacon_main.o
    0x100541b4   0x100541b4   0x000000a8   Code   RO         3299    i.mem_alloc_ctx_init  libbluenrg1_stack.a(mem_alloc.o)
    0x1005425c   0x1005425c   0x00000008   Code   RO         3496    i.microseconds_to_machine_time  libbluenrg1_stack.a(routines_support.o)
    0x10054264   0x10054264   0x00000018   Code   RO         3468    i.modulo_37         libbluenrg1_stack.a(rom_ll_routines_support.o)
    0x1005427c   0x1005427c   0x00000018   Code   RO         3315    i.nsar_init         libbluenrg1_stack.a(multi_master_time.o)
    0x10054294   0x10054294   0x0000001c   Code   RO         3316    i.nsar_insertSlotListEntry  libbluenrg1_stack.a(multi_master_time.o)
    0x100542b0   0x100542b0   0x000000ac   Code   RO         3317    i.nsar_searchBestFreeSlot  libbluenrg1_stack.a(multi_master_time.o)
    0x1005435c   0x1005435c   0x00000022   Code   RO         3319    i.nsar_updateBestFreeSlot  libbluenrg1_stack.a(multi_master_time.o)
    0x1005437e   0x1005437e   0x00000002   PAD
    0x10054380   0x10054380   0x0000006c   Code   RO         3320    i.nsar_updateSlotListEntry  libbluenrg1_stack.a(multi_master_time.o)
    0x100543ec   0x100543ec   0x00000044   Code   RO         3497    i.patch_advance_transmit  libbluenrg1_stack.a(routines_support.o)
    0x10054430   0x10054430   0x00000070   Code   RO         3272    i.read_rssi         libbluenrg1_stack.a(ll_routines.o)
    0x100544a0   0x100544a0   0x00000088   Code   RO         3323    i.request_scan_slot  libbluenrg1_stack.a(multi_master_time.o)
    0x10054528   0x10054528   0x00000094   Code   RO         3325    i.schedule_advertise_slot  libbluenrg1_stack.a(multi_master_time.o)
    0x100545bc   0x100545bc   0x00000100   Code   RO         3083    i.setGapAdvData     libbluenrg1_stack.a(gap.o)
    0x100546bc   0x100546bc   0x0000007c   Code   RO         3474    i.set_freq          libbluenrg1_stack.a(rom_ll_timehandling.o)
    0x10054738   0x10054738   0x00000020   Code   RO         3475    i.set_sca           libbluenrg1_stack.a(rom_ll_timehandling.o)
    0x10054758   0x10054758   0x00000010   Code   RO         3211    i.set_string        libbluenrg1_stack.a(hal.o)
    0x10054768   0x10054768   0x000000fc   Code   RO         3498    i.slave_advance     libbluenrg1_stack.a(routines_support.o)
    0x10054864   0x10054864   0x000000ac   Code   RO         2391    i.sleep_timer       ble_beacon_main.o
    0x10054910   0x10054910   0x00000038   Code   RO         3703    i.sm_Calculate_Hash  libbluenrg1_stack.a(ssm_algo.o)
    0x10054948   0x10054948   0x00000080   Code   RO         3704    i.sm_Generate_SubKeys  libbluenrg1_stack.a(ssm_algo.o)
    0x100549c8   0x100549c8   0x00000090   Code   RO         3526    i.sm_Get_Long_Term_Key  libbluenrg1_stack.a(securitymgr.o)
    0x10054a58   0x10054a58   0x00000118   Code   RO         3527    i.sm_RepeatedAttacks_Protection  libbluenrg1_stack.a(securitymgr.o)
    0x10054b70   0x10054b70   0x0000004c   Code   RO         3528    i.sm_Search_BlackList  libbluenrg1_stack.a(securitymgr.o)
    0x10054bbc   0x10054bbc   0x0000014c   Code   RO         3581    i.smp_Add_To_Database  libbluenrg1_stack.a(sm_common.o)
    0x10054d08   0x10054d08   0x0000001a   Code   RO         3529    i.smp_Build_AuthReq_Field  libbluenrg1_stack.a(securitymgr.o)
    0x10054d22   0x10054d22   0x00000002   PAD
    0x10054d24   0x10054d24   0x00000054   Code   RO         3530    i.smp_Build_Pairing_ReqResp_Packet  libbluenrg1_stack.a(securitymgr.o)
    0x10054d78   0x10054d78   0x00000038   Code   RO         3531    i.smp_Check_Incoming_Pairing_Parameters  libbluenrg1_stack.a(securitymgr.o)
    0x10054db0   0x10054db0   0x000000b4   Code   RO         3532    i.smp_Determine_Key_Association_Method  libbluenrg1_stack.a(securitymgr.o)
    0x10054e64   0x10054e64   0x0000026c   Code   RO         3533    i.smp_Execute_Actions_wrt_Current_State  libbluenrg1_stack.a(securitymgr.o)
    0x100550d0   0x100550d0   0x00000040   Code   RO         3582    i.smp_Find_Remote_Device_Index  libbluenrg1_stack.a(sm_common.o)
    0x10055110   0x10055110   0x00000040   Code   RO         3583    i.smp_Get_Local_Identity_Address  libbluenrg1_stack.a(sm_common.o)
    0x10055150   0x10055150   0x00000088   Code   RO         3534    i.smp_Get_Pairing_Parameters_From_Peer_Packet  libbluenrg1_stack.a(securitymgr.o)
    0x100551d8   0x100551d8   0x00000046   Code   RO         3584    i.smp_Keys_Distribution_Complete  libbluenrg1_stack.a(sm_common.o)
    0x1005521e   0x1005521e   0x00000002   PAD
    0x10055220   0x10055220   0x0000012c   Code   RO         3535    i.smp_Keys_Distribution_Send  libbluenrg1_stack.a(securitymgr.o)
    0x1005534c   0x1005534c   0x00000036   Code   RO         3585    i.smp_Keys_Distribution_Start  libbluenrg1_stack.a(sm_common.o)
    0x10055382   0x10055382   0x00000002   PAD
    0x10055384   0x10055384   0x0000015c   Code   RO         3536    i.smp_LP_MI_Compute_c1_Confirm_Value  libbluenrg1_stack.a(securitymgr.o)
    0x100554e0   0x100554e0   0x0000003c   Code   RO         3586    i.smp_OOB_Check_Is_Remote_Data_Present  libbluenrg1_stack.a(sm_common.o)
    0x1005551c   0x1005551c   0x00000020   Code   RO         3587    i.smp_OOB_Clear_Remote_Data_Entry_by_Index  libbluenrg1_stack.a(sm_common.o)
    0x1005553c   0x1005553c   0x0000004c   Code   RO         3589    i.smp_OOB_Get_Remote_Data_Reference  libbluenrg1_stack.a(sm_common.o)
    0x10055588   0x10055588   0x000000a8   Code   RO         3590    i.smp_Pairing_Completed  libbluenrg1_stack.a(sm_common.o)
    0x10055630   0x10055630   0x000000b4   Code   RO         3537    i.smp_Process_Rx_Packet_Exception_Cases  libbluenrg1_stack.a(securitymgr.o)
    0x100556e4   0x100556e4   0x00000178   Code   RO         3538    i.smp_Process_Rx_Packet_wrt_Current_State  libbluenrg1_stack.a(securitymgr.o)
    0x1005585c   0x1005585c   0x000000d2   Code   RO         3591    i.smp_Receive_Keys  libbluenrg1_stack.a(sm_common.o)
    0x1005592e   0x1005592e   0x00000002   PAD
    0x10055930   0x10055930   0x00000020   Code   RO         3539    i.smp_Reset_Timer   libbluenrg1_stack.a(securitymgr.o)
    0x10055950   0x10055950   0x00000170   Code   RO         3540    i.smp_SR_Compute_c1_Confirm_Value  libbluenrg1_stack.a(securitymgr.o)
    0x10055ac0   0x10055ac0   0x0000002c   Code   RO         3541    i.smp_Send_Data     libbluenrg1_stack.a(securitymgr.o)
    0x10055aec   0x10055aec   0x00000068   Code   RO         3542    i.smp_Set_Key_Association_Method  libbluenrg1_stack.a(securitymgr.o)
    0x10055b54   0x10055b54   0x00000056   Code   RO         3543    i.smp____MI_PairingConfirm_Receive  libbluenrg1_stack.a(securitymgr.o)
    0x10055baa   0x10055baa   0x00000002   PAD
    0x10055bac   0x10055bac   0x00000098   Code   RO         3544    i.smp____MI_PairingConfirm_Send  libbluenrg1_stack.a(securitymgr.o)
    0x10055c44   0x10055c44   0x000001ac   Code   RO         3545    i.smp____MI_PairingRandom_Receive  libbluenrg1_stack.a(securitymgr.o)
    0x10055df0   0x10055df0   0x00000084   Code   RO         3546    i.smp____MI_PairingResponse_Receive  libbluenrg1_stack.a(securitymgr.o)
    0x10055e74   0x10055e74   0x00000064   Code   RO         3547    i.smp____MI_SecurityRequest_Receive  libbluenrg1_stack.a(securitymgr.o)
    0x10055ed8   0x10055ed8   0x00000030   Code   RO         3548    i.smp____PairingFailed_Send  libbluenrg1_stack.a(securitymgr.o)
    0x10055f08   0x10055f08   0x00000048   Code   RO         3592    i.smp____Pairing_2Octets_Packet_Send  libbluenrg1_stack.a(sm_common.o)
    0x10055f50   0x10055f50   0x000000bc   Code   RO         3549    i.smp____Pairing_Process_Abort  libbluenrg1_stack.a(securitymgr.o)
    0x1005600c   0x1005600c   0x0000003c   Code   RO         3668    i.smp____SC_Continue_If_Exclusive_SC_Pairing  libbluenrg1_stack.a(smp_scv42_isap.o)
    0x10056048   0x10056048   0x00000070   Code   RO         3669    i.smp____SC_PairingPublicKey_Receive  libbluenrg1_stack.a(smp_scv42_isap.o)
    0x100560b8   0x100560b8   0x00000068   Code   RO         3670    i.smp____SC_PairingPublicKey_Send  libbluenrg1_stack.a(smp_scv42_isap.o)
    0x10056120   0x10056120   0x00000090   Code   RO         3671    i.smp____SC_Pairing_OOB_Confirm_Receive_and_Verify  libbluenrg1_stack.a(smp_scv42_isap.o)
    0x100561b0   0x100561b0   0x00000080   Code   RO         3672    i.smp____SC_Phase_2AS2_DHKeyCheck_Receive  libbluenrg1_stack.a(smp_scv42_isap.o)
    0x10056230   0x10056230   0x0000005c   Code   RO         3673    i.smp____SC_Phase_2AS2_DHKeyCheck_Send  libbluenrg1_stack.a(smp_scv42_isap.o)
    0x1005628c   0x1005628c   0x00000130   Code   RO         3674    i.smp____SC_Phase_2AS2_Generate_DHKeyCheck  libbluenrg1_stack.a(smp_scv42_isap.o)
    0x100563bc   0x100563bc   0x000000b4   Code   RO         3675    i.smp____SC_Phase_2AS2_Start  libbluenrg1_stack.a(smp_scv42_isap.o)
    0x10056470   0x10056470   0x00000032   Code   RO         3676    i.smp____SC_Phase_2AS2__Set_Addresses  libbluenrg1_stack.a(smp_scv42_isap.o)
    0x100564a2   0x100564a2   0x00000002   PAD
    0x100564a4   0x100564a4   0x00000044   Code   RO         3677    i.smp____SC_Verify_Peer_PK_and_Generate_DHKey  libbluenrg1_stack.a(smp_scv42_isap.o)
    0x100564e8   0x100564e8   0x00000028   Code   RO         3679    i.smp____SC_hci_le_generate_dhkey_complete_evt_hndl  libbluenrg1_stack.a(smp_scv42_isap.o)
    0x10056510   0x10056510   0x00000044   Code   RO         3680    i.smp____SC_hci_le_read_local_p256_public_key_complete_evt_hndl  libbluenrg1_stack.a(smp_scv42_isap.o)
    0x10056554   0x10056554   0x00000058   Code   RO         3681    i.smp____SC_initialize  libbluenrg1_stack.a(smp_scv42_isap.o)
    0x100565ac   0x100565ac   0x00000014   Code   RO         3682    i.smp____SC_is_Debug_Key_Usage_Forced  libbluenrg1_stack.a(smp_scv42_isap.o)
    0x100565c0   0x100565c0   0x00000038   Code   RO         3683    i.smp____SC_is_any_other_SC_Pairing_Ongoing  libbluenrg1_stack.a(smp_scv42_isap.o)
    0x100565f8   0x100565f8   0x0000001c   Code   RO         3684    i.smp____SC_submit_ECC_PK_generation_request  libbluenrg1_stack.a(smp_scv42_isap.o)
    0x10056614   0x10056614   0x000000b0   Code   RO         3550    i.smp____SR_PairingConfirm_Receive  libbluenrg1_stack.a(securitymgr.o)
    0x100566c4   0x100566c4   0x000001a4   Code   RO         3551    i.smp____SR_PairingRandom_Receive  libbluenrg1_stack.a(securitymgr.o)
    0x10056868   0x10056868   0x00000194   Code   RO         3552    i.smp____SR_PairingRequest_Receive  libbluenrg1_stack.a(securitymgr.o)
    0x100569fc   0x100569fc   0x000000a0   Code   RO         3326    i.start_timebase    libbluenrg1_stack.a(multi_master_time.o)
    0x10056a9c   0x10056a9c   0x0000001c   Code   RO         3192    i.store_data        libbluenrg1_stack.a(gatt_server.o)
    0x10056ab8   0x10056ab8   0x0000000a   Code   RO         3327    i.swap_char         libbluenrg1_stack.a(multi_master_time.o)
    0x10056ac2   0x10056ac2   0x0000000a   Code   RO         3328    i.swap_short_int    libbluenrg1_stack.a(multi_master_time.o)
    0x10056acc   0x10056acc   0x0000000a   Code   RO         3476    i.system_time_trans  libbluenrg1_stack.a(rom_ll_timehandling.o)
    0x10056ad6   0x10056ad6   0x00000002   PAD
    0x10056ad8   0x10056ad8   0x0000002c   Code   RO         3477    i.system_time_trans_ext  libbluenrg1_stack.a(rom_ll_timehandling.o)
    0x10056b04   0x10056b04   0x0000000e   Code   RO         3478    i.time_offset1      libbluenrg1_stack.a(rom_ll_timehandling.o)
    0x10056b12   0x10056b12   0x00000002   PAD
    0x10056b14   0x10056b14   0x00000010   Code   RO         3479    i.time_offset2      libbluenrg1_stack.a(rom_ll_timehandling.o)
    0x10056b24   0x10056b24   0x00000040   Code   RO         3329    i.timebase_start_connect  libbluenrg1_stack.a(multi_master_time.o)
    0x10056b64   0x10056b64   0x00000038   Code   RO         3414    i.unpack_channel_map  libbluenrg1_stack.a(rom_ll_isr_routines.o)
    0x10056b9c   0x10056b9c   0x00000046   Code   RO         3415    i.unpack_update_request  libbluenrg1_stack.a(rom_ll_isr_routines.o)
    0x10056be2   0x10056be2   0x00000002   PAD
    0x10056be4   0x10056be4   0x0000002c   Code   RO         3883    locale$$code        c_p.l(lc_numeric_c.o)
    0x10056c10   0x10056c10   0x0000008c   Code   RO         3804    x$fpl$fadd          fz_ps.l(faddsub.o)
    0x10056c9c   0x10056c9c   0x000000b0   Code   RO         3817    x$fpl$fmul          fz_ps.l(fmul.o)
    0x10056d4c   0x10056d4c   0x00000018   Code   RO         3805    x$fpl$frsb          fz_ps.l(faddsub.o)
    0x10056d64   0x10056d64   0x000000d0   Code   RO         3806    x$fpl$fsub          fz_ps.l(faddsub.o)
    0x10056e34   0x10056e34   0x00000010   Code   RO         3821    x$fpl$printf1       fz_ps.l(printf1.o)
    0x10056e44   0x10056e44   0x00000000   Code   RO         3837    x$fpl$usenofp       fz_ps.l(usenofp.o)
    0x10056e44   0x10056e44   0x00000004   Data   RO         1594    .constdata          sdk_eval_config.o
    0x10056e48   0x10056e48   0x00000004   Data   RO         1595    .constdata          sdk_eval_config.o
    0x10056e4c   0x10056e4c   0x00000004   Data   RO         1596    .constdata          sdk_eval_config.o
    0x10056e50   0x10056e50   0x00000004   Data   RO         1597    .constdata          sdk_eval_config.o
    0x10056e54   0x10056e54   0x00000004   Data   RO         1598    .constdata          sdk_eval_config.o
    0x10056e58   0x10056e58   0x00000004   Data   RO         1599    .constdata          sdk_eval_config.o
    0x10056e5c   0x10056e5c   0x00000004   Data   RO         1600    .constdata          sdk_eval_config.o
    0x10056e60   0x10056e60   0x00000004   Data   RO         1601    .constdata          sdk_eval_config.o
    0x10056e64   0x10056e64   0x00000004   Data   RO         1606    .constdata          sdk_eval_config.o
    0x10056e68   0x10056e68   0x00000004   Data   RO         1610    .constdata          sdk_eval_config.o
    0x10056e6c   0x10056e6c   0x00000004   Data   RO         1611    .constdata          sdk_eval_config.o
    0x10056e70   0x10056e70   0x00000004   Data   RO         1612    .constdata          sdk_eval_config.o
    0x10056e74   0x10056e74   0x00000004   Data   RO         1613    .constdata          sdk_eval_config.o
    0x10056e78   0x10056e78   0x00000004   Data   RO         1614    .constdata          sdk_eval_config.o
    0x10056e7c   0x10056e7c   0x00000004   Data   RO         1615    .constdata          sdk_eval_config.o
    0x10056e80   0x10056e80   0x00000004   Data   RO         1616    .constdata          sdk_eval_config.o
    0x10056e84   0x10056e84   0x00000003   Data   RO         1780    .constdata          lsm6ds3.o
    0x10056e87   0x10056e87   0x00000001   PAD
    0x10056e88   0x10056e88   0x00000034   Data   RO         2393    .constdata          ble_beacon_main.o
    0x10056ebc   0x10056ebc   0x00000110   Data   RO         3021    .constdata          libbluenrg1_stack.a(aci_events.o)
    0x10056fcc   0x10056fcc   0x00000020   Data   RO         3480    .constdata          libbluenrg1_stack.a(rom_ll_timehandling.o)
    0x10056fec   0x10056fec   0x00000019   Data   RO         3553    .constdata          libbluenrg1_stack.a(securitymgr.o)
    0x10057005   0x10057005   0x00000010   Data   RO         3622    .constdata          libbluenrg1_stack.a(att.o)
    0x10057015   0x10057015   0x00000060   Data   RO         3685    .constdata          libbluenrg1_stack.a(smp_scv42_isap.o)
    0x10057075   0x10057075   0x00000010   Data   RO         3705    .constdata          libbluenrg1_stack.a(ssm_algo.o)
    0x10057085   0x10057085   0x00000003   PAD
    0x10057088   0x10057088   0x00000128   Data   RO         3718    .constdata          libbluenrg1_stack.a(crypto.o)
    0x100571b0   0x100571b0   0x00000028   Data   RO         3735    .constdata          c_p.l(_printf_hex_int.o)
    0x100571d8   0x100571d8   0x00000011   Data   RO         3770    .constdata          c_p.l(__printf_flags_ss_wp.o)
    0x100571e9   0x100571e9   0x00000040   Data   RO         3811    .constdata          fz_ps.l(fdiv.o)
    0x10057229   0x10057229   0x00000003   PAD
    0x1005722c   0x1005722c   0x00000094   Data   RO         3872    .constdata          c_p.l(bigflt0.o)
    0x100572c0   0x100572c0   0x00000041   Data   RO           25    .conststring        bluenrg1_adc.o
    0x10057301   0x10057301   0x00000003   PAD
    0x10057304   0x10057304   0x00000043   Data   RO          264    .conststring        bluenrg1_flash.o
    0x10057347   0x10057347   0x00000001   PAD
    0x10057348   0x10057348   0x00000042   Data   RO          361    .conststring        bluenrg1_gpio.o
    0x1005738a   0x1005738a   0x00000002   PAD
    0x1005738c   0x1005738c   0x00000041   Data   RO          897    .conststring        bluenrg1_spi.o
    0x100573cd   0x100573cd   0x00000003   PAD
    0x100573d0   0x100573d0   0x00000045   Data   RO         1069    .conststring        bluenrg1_sysctrl.o
    0x10057415   0x10057415   0x00000003   PAD
    0x10057418   0x10057418   0x00000042   Data   RO         1138    .conststring        bluenrg1_uart.o
    0x1005745a   0x1005745a   0x00000002   PAD
    0x1005745c   0x1005745c   0x00000041   Data   RO         1400    .conststring        bluenrg1_pka.o
    0x1005749d   0x1005749d   0x00000003   PAD
    0x100574a0   0x100574a0   0x00000080   Data   RO         4042    Region$$Table       anon$$obj.o
    0x10057520   0x10057520   0x0000001c   Data   RO         3882    locale$$data        c_p.l(lc_numeric_c.o)


    Execution Region BLOCK_STACKLIB_FLASH_DATA (Exec base: 0x10067000, Load base: 0x1005753c, Size: 0x00000838, Max: 0x00001000, ABSOLUTE, UNINIT)

    Exec Addr    Load Addr    Size         Type   Attr      Idx    E Section Name        Object

    0x10067000   0x1005753c   0x00000800   Data   RO         2397    .noinit.stacklib_flash_data  ble_beacon_main.o
    0x10067800   0x10057d3c   0x00000038   Data   RO         2398    .noinit.stacklib_stored_device_id_data  ble_beacon_main.o


    Execution Region ota_sw_activation_block (Exec base: 0x20000004, Load base: 0x10057d74, Size: 0x00000000, Max: 0x00000004, ABSOLUTE, UNINIT)

    **** No section assigned to this execution region ****


    Execution Region savedMSP_block (Exec base: 0x20000008, Load base: 0x10057d74, Size: 0x00000004, Max: 0x00000004, ABSOLUTE)

    Exec Addr    Load Addr    Size         Type   Attr      Idx    E Section Name        Object

    0x20000008   0x10057d74   0x00000004   Data   RW         2109    .savedMSP           system_bluenrg1.o


    Execution Region wakeupFromSleepFlag_block (Exec base: 0x2000000c, Load base: 0x10057d78, Size: 0x00000004, Max: 0x00000004, ABSOLUTE)

    Exec Addr    Load Addr    Size         Type   Attr      Idx    E Section Name        Object

    0x2000000c   0x10057d78   0x00000001   Data   RW         2110    .wakeupFromSleepFlag  system_bluenrg1.o


    Execution Region app_base_block (Exec base: 0x20000010, Load base: 0x10057d7c, Size: 0x00000004, Max: 0x00000004, ABSOLUTE)

    Exec Addr    Load Addr    Size         Type   Attr      Idx    E Section Name        Object

    0x20000010   0x10057d7c   0x00000004   Data   RW         2102    .app_base           system_bluenrg1.o


    Execution Region Blue_Flag_Ram_block (Exec base: 0x20000030, Load base: 0x10057d80, Size: 0x00000004, Max: 0x00000004, ABSOLUTE)

    Exec Addr    Load Addr    Size         Type   Attr      Idx    E Section Name        Object

    0x20000030   0x10057d80   0x00000004   Data   RW         2101    .__blueflag_RAM     system_bluenrg1.o


    Execution Region Crash_Info_block (Exec base: 0x20000034, Load base: 0x10057d84, Size: 0x00000000, Max: 0x00000028, ABSOLUTE, UNINIT)

    **** No section assigned to this execution region ****


    Execution Region BLUE (Exec base: 0x200000c0, Load base: 0x10057d84, Size: 0x0000020c, Max: 0x0000020c, ABSOLUTE, COMPRESSED[0x00000008])

    Exec Addr    Load Addr    Size         Type   Attr      Idx    E Section Name        Object

    0x200000c0   COMPRESSED   0x0000020c   Data   RW         2103    .bss.__blue_RAM     system_bluenrg1.o


    Execution Region REGION_RAM2 (Exec base: 0x200002cc, Load base: 0x10057d8c, Size: 0x000020e4, Max: 0x00005d34, ABSOLUTE, COMPRESSED[0x000000bc])

    Exec Addr    Load Addr    Size         Type   Attr      Idx    E Section Name        Object

    0x200002cc   COMPRESSED   0x00000008   Data   RW          474    .data               bluenrg1_i2c.o
    0x200002d4   COMPRESSED   0x00000004   Data   RW         1483    .data               sdk_eval_com.o
    0x200002d8   COMPRESSED   0x00000001   Data   RW         1617    .data               sdk_eval_config.o
    0x200002d9   COMPRESSED   0x00000003   PAD
    0x200002dc   COMPRESSED   0x00000004   Data   RW         1618    .data               sdk_eval_config.o
    0x200002e0   COMPRESSED   0x00000034   Data   RW         1706    .data               lps25hb.o
    0x20000314   COMPRESSED   0x00000001   Data   RW         1707    .data               lps25hb.o
    0x20000315   COMPRESSED   0x00000003   PAD
    0x20000318   COMPRESSED   0x00000040   Data   RW         1781    .data               lsm6ds3.o
    0x20000358   COMPRESSED   0x0000000c   Data   RW         1782    .data               lsm6ds3.o
    0x20000364   COMPRESSED   0x00000004   Data   RW         2104    .data               system_bluenrg1.o
    0x20000368   COMPRESSED   0x00000004   Data   RW         2105    .data               system_bluenrg1.o
    0x2000036c   COMPRESSED   0x00000004   Data   RW         2106    .data               system_bluenrg1.o
    0x20000370   COMPRESSED   0x00000024   Data   RW         2394    .data               ble_beacon_main.o
    0x20000394   COMPRESSED   0x00000005   Data   RW         2488    .data               myadc.o
    0x20000399   COMPRESSED   0x00000003   PAD
    0x2000039c   COMPRESSED   0x0000000c   Data   RW         2517    .data               mylsm6d.o
    0x200003a8   COMPRESSED   0x00000004   Data   RW         2604    .data               sleep.o
    0x200003ac   COMPRESSED   0x00000004   Data   RW         2650    .data               clock.o
    0x200003b0   COMPRESSED   0x00000004   Data   RW         3301    .data               libbluenrg1_stack.a(mem_alloc.o)
    0x200003b4   COMPRESSED   0x00000001   Data   RW         3339    .data               libbluenrg1_stack.a(pka.o)
    0x200003b5   COMPRESSED   0x00000001   Data   RW         3664    .rom_var_in_ram2    libbluenrg1_stack.a(rom_global_var.o)
    0x200003b6   COMPRESSED   0x00000002   PAD
    0x200003b8   COMPRESSED   0x00001924   Data   RW         2399    NoInit              ble_beacon_main.o
    0x20001cdc        -       0x00000010   Zero   RW         2392    .bss                ble_beacon_main.o
    0x20001cec        -       0x00000010   Zero   RW         2516    .bss                mylsm6d.o
    0x20001cfc        -       0x00000038   Zero   RW         2603    .bss                sleep.o
    0x20001d34        -       0x000005e8   Zero   RW         3265    .bss                libbluenrg1_stack.a(ll_privacy.o)
    0x2000231c        -       0x00000034   Zero   RW         3300    .bss                libbluenrg1_stack.a(mem_alloc.o)
    0x20002350        -       0x00000060   Zero   RW         3890    .bss                c_p.l(libspace.o)


    Execution Region ARM_LIB_STACKHEAP (Exec base: 0x20005400, Load base: 0x10057e48, Size: 0x00000c00, Max: 0x00000c00, ABSOLUTE)

    Exec Addr    Load Addr    Size         Type   Attr      Idx    E Section Name        Object

    0x20005400        -       0x00000c00   Zero   RW            2    ARM_LIB_STACKHEAP.bss  anon$$obj.o


==============================================================================

Image component sizes


      Code (inc. data)   RO Data    RW Data    ZI Data      Debug   Object Name

      1486        818       2156       6472         16      26817   ble_beacon_main.o
       924         80         65          0          0      38014   bluenrg1_adc.o
       132         34         67          0          0       2522   bluenrg1_flash.o
       744         38         66          0          0      13315   bluenrg1_gpio.o
       294         22          0          8          0      12708   bluenrg1_i2c.o
        72          6          0          0          0       6383   bluenrg1_it.o
       208         22         65          0          0       4629   bluenrg1_pka.o
       540         94         65          0          0      12232   bluenrg1_spi.o
        64         12         69          0          0        797   bluenrg1_sysctrl.o
       716         64         66          0          0       8416   bluenrg1_uart.o
        16          6          0          4          0       1939   clock.o
       108         30          0          0          0        608   context_switch.o
       524         44          0         53          0       9558   lps25hb.o
      2800        256          3         76          0      28505   lsm6ds3.o
       332        138          0          0          0       8489   misc.o
        48          4          0          5          0        820   myadc.o
       432        186          0         12         16       7500   mylsm6d.o
        24          0          0          0          0       2042   osal.o
       194         16          0          4          0       5716   sdk_eval_com.o
        24         10         64          5          0       3949   sdk_eval_config.o
       760         54          0          0          0       3448   sdk_eval_i2c.o
       508         42          0          0          0       3148   sdk_eval_spi.o
      1728        170          0          4         56      10899   sleep.o
       560         80        192        549          0      15667   system_bluenrg1.o

    ----------------------------------------------------------------------
     13266       2226       3024       7204       5208     228121   Object Totals
         0          0        128          0       5120          0   (incl. Generated)
        28          0         18         12          0          0   (incl. Padding)

    ----------------------------------------------------------------------

      Code (inc. data)   RO Data    RW Data    ZI Data      Debug   Library Member Name

        86          0          0          0          0          0   __dczerorl2.o
         8          0          0          0          0         68   __main.o
       392          6         17          0          0         76   __printf_flags_ss_wp.o
        14          0          0          0          0         60   __printf_wp.o
         0          0          0          0          0          0   __rtentry.o
        12          0          0          0          0          0   __rtentry2.o
         8          4          0          0          0          0   __rtentry6.o
        60          8          0          0          0          0   __scatter.o
        26          0          0          0          0          0   __scatter_copy.o
        28          0          0          0          0          0   __scatter_zi.o
        48          6          0          0          0         88   _printf_char_common.o
        40          6          0          0          0         72   _printf_char_file.o
        10          0          0          0          0          0   _printf_d.o
       108         18          0          0          0         76   _printf_dec.o
        10          0          0          0          0          0   _printf_f.o
      1048         14          0          0          0        176   _printf_fp_dec.o
       136         16          0          0          0         76   _printf_fp_infnan.o
        88          4         40          0          0         72   _printf_hex_int.o
       176          0          0          0          0         84   _printf_intcommon.o
        78          0          0          0          0        100   _printf_pad.o
         2          0          0          0          0          0   _printf_percent.o
         4          0          0          0          0          0   _printf_percent_end.o
        10          0          0          0          0          0   _printf_x.o
       488          0          0          0          0         92   aeabi_sdivfast.o
       216          6        148          0          0         80   bigflt0.o
      1456         30          0          0          0        336   btod.o
        16          0          0          0          0         68   exit.o
         8          0          0          0          0         60   ferror.o
         0          0          0          0          0          0   indicate_semi.o
        44         10         28          0          0         76   lc_numeric_c.o
         2          0          0          0          0          0   libinit.o
        18          0          0          0          0          0   libinit2.o
         2          0          0          0          0          0   libshutdown.o
         2          0          0          0          0          0   libshutdown2.o
         0          0          0          0         96          0   libspace.o
       122          0          0          0          0         72   lludiv10.o
        90          0          0          0          0         68   memcmp.o
        12          0          0          0          0         68   memcpy.o
        28          0          0          0          0         68   memset.o
        28          6          0          0          0         84   noretval__2printf.o
         8          4          0          0          0         68   rt_locale_intlibspace.o
        64          0          0          0          0        108   rt_memclr.o
       186          0          0          0          0        144   rt_memcpy.o
         2          0          0          0          0          0   rtexit.o
        10          0          0          0          0          0   rtexit2.o
        40          0          0          0          0         60   rtudiv10.o
       160          4          0          0          0         80   strcmpv6m.o
        12          4          0          0          0         60   sys_exit.o
        34          0          0          0          0         60   uread4.o
         2          0          0          0          0         68   use_no_semi.o
        84          4          0          0          0         60   f2d.o
       372          8          0          0          0        240   faddsub.o
       352         10         64          0          0         92   fdiv.o
        76          0          0          0          0         68   ffixi.o
        94          0          0          0          0         92   fflti.o
       176          4          0          0          0         80   fmul.o
        68          4          0          0          0         68   fscalbn.o
        16          4          0          0          0         76   printf1.o
         0          0          0          0          0          0   usenofp.o
      2920          0        272          0          0          0   aci_events.o
       738          0          0          0          0          0   acl.o
       204          0          0          0          0          0   acl_list.o
      1236          0          0          0          0          0   advance_wakeup_time.o
       184          0          0          0          0          0   aes128cmac.o
      5560          0         16          0          0          0   att.o
       222          0          0          0          0          0   bluenrg_gap_aci.o
         8          0          0          0          0          0   bluenrg_gatt_aci.o
         8          0          0          0          0          0   bluenrg_hal_aci.o
      1160          0          0          0          0          0   bluenrg_main_func.o
      2018          0        296          0          0          0   crypto.o
       300          0          0          0          0          0   device_id_data.o
      2136          0          0          0          0          0   gap.o
      1394          0          0          0          0          0   gatt_client.o
      7500          0          0          0          0          0   gatt_server.o
       474          0          0          0          0          0   hal.o
      1018          0          0          0          0          0   hci.o
       916          0          0          0          0          0   host_timer.o
       332          0          0          0          0          0   isr_postproc.o
       756          0          0          0          0          0   isr_routines.o
      1300          0          0          0          0          0   l2cap.o
      5908          0          0          0          0          0   ll_isr.o
      3650          0          0          0       1512          0   ll_privacy.o
       112          0          0          0          0          0   ll_routines.o
      3780          0          0          0          0          0   ll_routines_master.o
       296          0          0          0          0          0   ll_routines_support.o
       816          0          0          4         52          0   mem_alloc.o
      3446          0          0          0          0          0   multi_master_time.o
        76          0          0          0          0          0   nvm.o
       264          0          0          1          0          0   pka.o
       978          0          0          0          0          0   pm.o
      1462          0          0          0          0          0   rom_att.o
       680          0          0          0          0          0   rom_gap.o
       188          0          0          0          0          0   rom_gap_rom.o
       364          0          0          0          0          0   rom_gatt_server.o
         0          0          0          1          0          0   rom_global_var.o
       126          0          0          0          0          0   rom_list.o
       354          0          0          0          0          0   rom_ll_isr_postproc.o
      1192          0          0          0          0          0   rom_ll_isr_routines.o
      3080          0          0          0          0          0   rom_ll_ll_routines.o
       236          0          0          0          0          0   rom_ll_ll_routines_master.o
       524          0          0          0          0          0   rom_ll_routines_support.o
       298          0         32          0          0          0   rom_ll_timehandling.o
       544          0          0          0          0          0   rom_sdb.o
       476          0          0          0          0          0   routines_support.o
      2136          0          0          0          0          0   sdb.o
      6140          0         25          0          0          0   securitymgr.o
      2752          0          0          0          0          0   sm_common.o
      1542          0         96          0          0          0   smp_scv42_isap.o
      1474          0         16          0          0          0   ssm_algo.o
       122          0          0          0          0          0   utils.o
        44          4          0          0          0         60   fpclassify.o

    ----------------------------------------------------------------------
     80306        184       1056          8       1660       3504   Library Totals
       182          0          6          2          0          0   (incl. Padding)

    ----------------------------------------------------------------------

      Code (inc. data)   RO Data    RW Data    ZI Data      Debug   Library Name

      5442        146        233          0         96       2668   c_p.l
      1238         34         64          0          0        776   fz_ps.l
     73400          0        753          6       1564          0   libbluenrg1_stack.a
        44          4          0          0          0         60   m_ps.l

    ----------------------------------------------------------------------
     80306        184       1056          8       1660       3504   Library Totals

    ----------------------------------------------------------------------

==============================================================================


      Code (inc. data)   RO Data    RW Data    ZI Data      Debug   

     93572       2410       4080       7212       6868     223753   Grand Totals
     93572       2410       4080        212       6868     223753   ELF Image Totals (compressed)
     93572       2410       4080        212          0          0   ROM Totals

==============================================================================

    Total RO  Size (Code + RO Data)                97652 (  95.36kB)
    Total RW  Size (RW Data + ZI Data)             14080 (  13.75kB)
    Total ROM Size (Code + RO Data + RW Data)      97864 (  95.57kB)

==============================================================================

