Component: ARM Compiler 5.06 update 5 (build 528) Tool: armlink [4d35e2]

==============================================================================

Section Cross References

    bluenrg1_adc.o(i.ADC_AutoOffsetUpdate) refers to ble_beacon_main.o(i.assert_failed) for assert_failed
    bluenrg1_adc.o(i.ADC_AutoOffsetUpdate) refers to bluenrg1_adc.o(.conststring) for .conststring
    bluenrg1_adc.o(i.ADC_Calibration) refers to ble_beacon_main.o(i.assert_failed) for assert_failed
    bluenrg1_adc.o(i.ADC_Calibration) refers to bluenrg1_adc.o(.conststring) for .conststring
    bluenrg1_adc.o(i.ADC_Cmd) refers to ble_beacon_main.o(i.assert_failed) for assert_failed
    bluenrg1_adc.o(i.ADC_Cmd) refers to bluenrg1_adc.o(.conststring) for .conststring
    bluenrg1_adc.o(i.ADC_ConversionMode) refers to ble_beacon_main.o(i.assert_failed) for assert_failed
    bluenrg1_adc.o(i.ADC_ConversionMode) refers to bluenrg1_adc.o(.conststring) for .conststring
    bluenrg1_adc.o(i.ADC_ConvertBatterySensor) refers to bluenrg1_adc.o(i.ADC_ConvertSingleEndedVoltage) for ADC_ConvertSingleEndedVoltage
    bluenrg1_adc.o(i.ADC_ConvertBatterySensor) refers to fmul.o(x$fpl$fmul) for __aeabi_fmul
    bluenrg1_adc.o(i.ADC_ConvertDifferentialVoltage) refers to fflti.o(.text) for __aeabi_ui2f
    bluenrg1_adc.o(i.ADC_ConvertDifferentialVoltage) refers to fdiv.o(.text) for __aeabi_fdiv
    bluenrg1_adc.o(i.ADC_ConvertDifferentialVoltage) refers to faddsub.o(x$fpl$fadd) for __aeabi_fadd
    bluenrg1_adc.o(i.ADC_ConvertDifferentialVoltage) refers to fmul.o(x$fpl$fmul) for __aeabi_fmul
    bluenrg1_adc.o(i.ADC_ConvertSingleEndedVoltage) refers to fflti.o(.text) for __aeabi_i2f
    bluenrg1_adc.o(i.ADC_ConvertSingleEndedVoltage) refers to faddsub.o(x$fpl$fadd) for __aeabi_fadd
    bluenrg1_adc.o(i.ADC_ConvertSingleEndedVoltage) refers to fdiv.o(.text) for __aeabi_fdiv
    bluenrg1_adc.o(i.ADC_ConvertSingleEndedVoltage) refers to fmul.o(x$fpl$fmul) for __aeabi_fmul
    bluenrg1_adc.o(i.ADC_ConvertSingleEndedVoltage) refers to faddsub.o(x$fpl$frsb) for __aeabi_frsub
    bluenrg1_adc.o(i.ADC_ConvertTemperatureSensor) refers to bluenrg1_adc.o(i.ADC_ConvertSingleEndedVoltage) for ADC_ConvertSingleEndedVoltage
    bluenrg1_adc.o(i.ADC_ConvertTemperatureSensor) refers to fmul.o(x$fpl$fmul) for __aeabi_fmul
    bluenrg1_adc.o(i.ADC_ConvertTemperatureSensor) refers to faddsub.o(x$fpl$fsub) for __aeabi_fsub
    bluenrg1_adc.o(i.ADC_ConvertTemperatureSensorFarenait) refers to bluenrg1_adc.o(i.ADC_ConvertSingleEndedVoltage) for ADC_ConvertSingleEndedVoltage
    bluenrg1_adc.o(i.ADC_ConvertTemperatureSensorFarenait) refers to f2d.o(.text) for __aeabi_f2d
    bluenrg1_adc.o(i.ADC_ConvertTemperatureSensorFarenait) refers to dmul.o(.text) for __aeabi_dmul
    bluenrg1_adc.o(i.ADC_ConvertTemperatureSensorFarenait) refers to daddsub.o(.text) for __aeabi_dsub
    bluenrg1_adc.o(i.ADC_ConvertTemperatureSensorFarenait) refers to d2f.o(.text) for __aeabi_d2f
    bluenrg1_adc.o(i.ADC_DmaCmd) refers to ble_beacon_main.o(i.assert_failed) for assert_failed
    bluenrg1_adc.o(i.ADC_DmaCmd) refers to bluenrg1_adc.o(.conststring) for .conststring
    bluenrg1_adc.o(i.ADC_GetConvertedData) refers to ble_beacon_main.o(i.assert_failed) for assert_failed
    bluenrg1_adc.o(i.ADC_GetConvertedData) refers to fflti.o(.text) for __aeabi_i2f
    bluenrg1_adc.o(i.ADC_GetConvertedData) refers to bluenrg1_adc.o(i.ADC_ConvertSingleEndedVoltage) for ADC_ConvertSingleEndedVoltage
    bluenrg1_adc.o(i.ADC_GetConvertedData) refers to bluenrg1_adc.o(i.ADC_ConvertDifferentialVoltage) for ADC_ConvertDifferentialVoltage
    bluenrg1_adc.o(i.ADC_GetConvertedData) refers to bluenrg1_adc.o(i.ADC_ConvertBatterySensor) for ADC_ConvertBatterySensor
    bluenrg1_adc.o(i.ADC_GetConvertedData) refers to bluenrg1_adc.o(i.ADC_ConvertTemperatureSensor) for ADC_ConvertTemperatureSensor
    bluenrg1_adc.o(i.ADC_GetConvertedData) refers to bluenrg1_adc.o(.conststring) for .conststring
    bluenrg1_adc.o(i.ADC_GetFlagStatus) refers to ble_beacon_main.o(i.assert_failed) for assert_failed
    bluenrg1_adc.o(i.ADC_GetFlagStatus) refers to bluenrg1_adc.o(.conststring) for .conststring
    bluenrg1_adc.o(i.ADC_GetITStatus) refers to ble_beacon_main.o(i.assert_failed) for assert_failed
    bluenrg1_adc.o(i.ADC_GetITStatus) refers to bluenrg1_adc.o(.conststring) for .conststring
    bluenrg1_adc.o(i.ADC_ITConfig) refers to ble_beacon_main.o(i.assert_failed) for assert_failed
    bluenrg1_adc.o(i.ADC_ITConfig) refers to bluenrg1_adc.o(.conststring) for .conststring
    bluenrg1_adc.o(i.ADC_Init) refers to ble_beacon_main.o(i.assert_failed) for assert_failed
    bluenrg1_adc.o(i.ADC_Init) refers to bluenrg1_adc.o(.conststring) for .conststring
    bluenrg1_adc.o(i.ADC_SelectFrequencyMic) refers to ble_beacon_main.o(i.assert_failed) for assert_failed
    bluenrg1_adc.o(i.ADC_SelectFrequencyMic) refers to bluenrg1_adc.o(.conststring) for .conststring
[...]
    0x100485a0   0x100485a0   0x00000060   Code   RO         3437    i.LL_Set_Scan_Resp_Data  libbluenrg1_stack.a(rom_ll_ll_routines.o)
    0x10048600   0x10048600   0x00000054   Code   RO         3459    i.LL_Sleep_Req      libbluenrg1_stack.a(rom_ll_routines_support.o)
    0x10048654   0x10048654   0x000000ec   Code   RO         3449    i.LL_Start_Encryption  libbluenrg1_stack.a(rom_ll_ll_routines_master.o)
    0x10048740   0x10048740   0x00000044   Code   RO         3438    i.LL_Update_Advertising_Buffers  libbluenrg1_stack.a(rom_ll_ll_routines.o)
    0x10048784   0x10048784   0x00000040   Code   RO         3439    i.LL_Update_Scanning_Initiating_Buffers  libbluenrg1_stack.a(rom_ll_ll_routines.o)
    0x100487c4   0x100487c4   0x000000c4   Code   RO         3216    i.LL_receive_data_patch  libbluenrg1_stack.a(isr_routines.o)
    0x10048888   0x10048888   0x00000058   Code   RO         3408    i.LL_update_proc    libbluenrg1_stack.a(rom_ll_isr_routines.o)
    0x100488e0   0x100488e0   0x00000054   Code   RO         1699    i.LPS25HB_GetPressure  lps25hb.o
    0x10048934   0x10048934   0x0000004c   Code   RO         1700    i.LPS25HB_GetTemperature  lps25hb.o
    0x10048980   0x10048980   0x000000cc   Code   RO         1701    i.LPS25HB_Init      lps25hb.o
    0x10048a4c   0x10048a4c   0x00000038   Code   RO         1702    i.LPS25HB_PowerOff  lps25hb.o
    0x10048a84   0x10048a84   0x0000001c   Code   RO         1703    i.LPS25HB_ReadID    lps25hb.o
    0x10048aa0   0x10048aa0   0x00000038   Code   RO         1704    i.LPS25HB_RebootCmd  lps25hb.o
    0x10048ad8   0x10048ad8   0x00000014   Code   RO         1705    i.LPS25HB_SlaveAddrRemap  lps25hb.o
    0x10048aec   0x10048aec   0x00000064   Code   RO         1758    i.LSM6DS3_Common_Sensor_Enable  lsm6ds3.o
    0x10048b50   0x10048b50   0x00000054   Code   RO         1759    i.LSM6DS3_Disable_Free_Fall_Detection  lsm6ds3.o
    0x10048ba4   0x10048ba4   0x000000bc   Code   RO         1760    i.LSM6DS3_Enable_Free_Fall_Detection  lsm6ds3.o
    0x10048c60   0x10048c60   0x00000068   Code   RO         1761    i.LSM6DS3_G_GetAxes  lsm6ds3.o
    0x10048cc8   0x10048cc8   0x0000005e   Code   RO         1762    i.LSM6DS3_G_GetAxesRaw  lsm6ds3.o
    0x10048d26   0x10048d26   0x00000002   PAD
    0x10048d28   0x10048d28   0x00000084   Code   RO         1763    i.LSM6DS3_G_GetSensitivity  lsm6ds3.o
    0x10048dac   0x10048dac   0x00000084   Code   RO         1764    i.LSM6DS3_G_Get_FS  lsm6ds3.o
    0x10048e30   0x10048e30   0x00000088   Code   RO         1765    i.LSM6DS3_G_Get_ODR  lsm6ds3.o
    0x10048eb8   0x10048eb8   0x00000062   Code   RO         1766    i.LSM6DS3_G_Set_Axes_Status  lsm6ds3.o
    0x10048f1a   0x10048f1a   0x00000002   PAD
    0x10048f1c   0x10048f1c   0x000000b0   Code   RO         1767    i.LSM6DS3_G_Set_FS  lsm6ds3.o
    0x10048fcc   0x10048fcc   0x000000a4   Code   RO         1768    i.LSM6DS3_G_Set_ODR  lsm6ds3.o
    0x10049070   0x10049070   0x00000036   Code   RO         1769    i.LSM6DS3_Get_Status_Free_Fall_Detection  lsm6ds3.o
    0x100490a6   0x100490a6   0x00000002   PAD
    0x100490a8   0x100490a8   0x00000180   Code   RO         1770    i.LSM6DS3_Init      lsm6ds3.o
    0x10049228   0x10049228   0x00000014   Code   RO         1771    i.LSM6DS3_Read_XG_ID  lsm6ds3.o
    0x1004923c   0x1004923c   0x00000068   Code   RO         1772    i.LSM6DS3_X_GetAxes  lsm6ds3.o
    0x100492a4   0x100492a4   0x0000005e   Code   RO         1773    i.LSM6DS3_X_GetAxesRaw  lsm6ds3.o
    0x10049302   0x10049302   0x00000002   PAD
    0x10049304   0x10049304   0x0000005c   Code   RO         1774    i.LSM6DS3_X_GetSensitivity  lsm6ds3.o
    0x10049360   0x10049360   0x00000054   Code   RO         1775    i.LSM6DS3_X_Get_FS  lsm6ds3.o
    0x100493b4   0x100493b4   0x00000098   Code   RO         1776    i.LSM6DS3_X_Get_ODR  lsm6ds3.o
    0x1004944c   0x1004944c   0x00000062   Code   RO         1777    i.LSM6DS3_X_Set_Axes_Status  lsm6ds3.o
    0x100494ae   0x100494ae   0x0000005c   Code   RO         1778    i.LSM6DS3_X_Set_FS  lsm6ds3.o
    0x1004950a   0x1004950a   0x00000002   PAD
    0x1004950c   0x1004950c   0x000000c0   Code   RO         1779    i.LSM6DS3_X_Set_ODR  lsm6ds3.o
    0x100495cc   0x100495cc   0x0000005c   Code   RO         2513    i.LSM6D_Configuration  mylsm6d.o
    0x10049628   0x10049628   0x0000002c   Code   RO         3687    i.LeftShift         libbluenrg1_stack.a(ssm_algo.o)
    0x10049654   0x10049654   0x00000012   Code   RO         3394    i.List_Circular_Get_Size  libbluenrg1_stack.a(rom_list.o)
    0x10049666   0x10049666   0x0000000e   Code   RO         3395    i.List_Circular_Insert_Head  libbluenrg1_stack.a(rom_list.o)
    0x10049674   0x10049674   0x0000000e   Code   RO         3397    i.List_Circular_Insert_Tail  libbluenrg1_stack.a(rom_list.o)
    0x10049682   0x10049682   0x00000016   Code   RO         3398    i.List_Circular_Node_Present  libbluenrg1_stack.a(rom_list.o)
    0x10049698   0x10049698   0x0000001a   Code   RO         3399    i.List_Circular_Remove_Head  libbluenrg1_stack.a(rom_list.o)
    0x100496b2   0x100496b2   0x00000020   Code   RO         3400    i.List_Circular_Remove_Node  libbluenrg1_stack.a(rom_list.o)
    0x100496d2   0x100496d2   0x00000002   Code   RO         2083    i.MFT1A_Handler     system_bluenrg1.o
    0x100496d4   0x100496d4   0x00000002   Code   RO         2084    i.MFT1B_Handler     system_bluenrg1.o
    0x100496d6   0x100496d6   0x00000002   Code   RO         2085    i.MFT2A_Handler     system_bluenrg1.o
    0x100496d8   0x100496d8   0x00000002   Code   RO         2086    i.MFT2B_Handler     system_bluenrg1.o
    0x100496da   0x100496da   0x00000016   Code   RO         3297    i.Mem_assign        libbluenrg1_stack.a(mem_alloc.o)
    0x100496f0   0x100496f0   0x00000002   Code   RO         2278    i.NMI_Handler       bluenrg1_it.o
    0x100496f2   0x100496f2   0x00000002   PAD
    0x100496f4   0x100496f4   0x000000e8   Code   RO         1352    i.NVIC_Init         misc.o
    0x100497dc   0x100497dc   0x00000044   Code   RO         2088    i.NVIC_SetPriority  system_bluenrg1.o
    0x10049820   0x10049820   0x00000018   Code   RO         2386    i.NVIC_SystemReset  ble_beacon_main.o
    0x10049838   0x10049838   0x00000002   Code   RO         2089    i.NVM_Handler       system_bluenrg1.o
    0x1004983a   0x1004983a   0x00000008   Code   RO         2566    i.Osal_MemCmp       osal.o
    0x10049842   0x10049842   0x00000008   Code   RO         2567    i.Osal_MemCpy       osal.o
    0x1004984a   0x1004984a   0x00000008   Code   RO         2568    i.Osal_MemSet       osal.o
    0x10049852   0x10049852   0x00000002   PAD
    0x10049854   0x10049854   0x000000c4   Code   RO         3335    i.PKA_Generate_ECDH_Public_Key  libbluenrg1_stack.a(pka.o)
    0x10049918   0x10049918   0x00000044   Code   RO         1391    i.PKA_GetData       bluenrg1_pka.o
    0x1004995c   0x1004995c   0x0000000c   Code   RO         1393    i.PKA_GetProcessStatus  bluenrg1_pka.o
    0x10049968   0x10049968   0x00000014   Code   RO         3336    i.PKA_Get_Current_Operation  libbluenrg1_stack.a(pka.o)
    0x1004997c   0x1004997c   0x00000002   Code   RO         2090    i.PKA_Handler       system_bluenrg1.o
    0x1004997e   0x1004997e   0x00000002   PAD
    0x10049980   0x10049980   0x000000bc   Code   RO         2811    i.PKA_Offline_Processing  libbluenrg1_stack.a(hci.o)
    0x10049a3c   0x10049a3c   0x00000014   Code   RO         1395    i.PKA_Reset         bluenrg1_pka.o
    0x10049a50   0x10049a50   0x00000048   Code   RO         1396    i.PKA_SetData       bluenrg1_pka.o
    0x10049a98   0x10049a98   0x00000014   Code   RO         1397    i.PKA_StartProcessing  bluenrg1_pka.o
    0x10049aac   0x10049aac   0x00000030   Code   RO         3337    i.PKA_Start_Generate_DHKey  libbluenrg1_stack.a(pka.o)
    0x10049adc   0x10049adc   0x00000010   Code   RO         1398    i.PKA_VerifyProcess  bluenrg1_pka.o
    0x10049aec   0x10049aec   0x00000010   Code   RO         3345    i.PM_Append_Fragment  libbluenrg1_stack.a(pm.o)
    0x10049afc   0x10049afc   0x0000002a   Code   RO         3346    i.PM_Clone_Pckt     libbluenrg1_stack.a(pm.o)
    0x10049b26   0x10049b26   0x00000014   Code   RO         3347    i.PM_Copy_Pckt_Data  libbluenrg1_stack.a(pm.o)
    0x10049b3a   0x10049b3a   0x00000002   PAD
    0x10049b3c   0x10049b3c   0x00000018   Code   RO         3348    i.PM_Eng_Config     libbluenrg1_stack.a(pm.o)
    0x10049b54   0x10049b54   0x00000036   Code   RO         3349    i.PM_Extend_Pckt_Pdu_Size  libbluenrg1_stack.a(pm.o)
    0x10049b8a   0x10049b8a   0x00000002   PAD
    0x10049b8c   0x10049b8c   0x00000038   Code   RO         3350    i.PM_Get_Available_Fragments  libbluenrg1_stack.a(pm.o)
    0x10049bc4   0x10049bc4   0x00000012   Code   RO         3351    i.PM_Get_Fragments_Count  libbluenrg1_stack.a(pm.o)
    0x10049bd6   0x10049bd6   0x00000002   PAD
    0x10049bd8   0x10049bd8   0x00000080   Code   RO         3353    i.PM_Get_Pckt       libbluenrg1_stack.a(pm.o)
    0x10049c58   0x10049c58   0x00000070   Code   RO         3354    i.PM_Init           libbluenrg1_stack.a(pm.o)
    0x10049cc8   0x10049cc8   0x0000006a   Code   RO         3355    i.PM_Pckt_Cmp       libbluenrg1_stack.a(pm.o)
    0x10049d32   0x10049d32   0x00000002   PAD
    0x10049d34   0x10049d34   0x0000005c   Code   RO         3356    i.PM_Release_Pckt   libbluenrg1_stack.a(pm.o)
    0x10049d90   0x10049d90   0x00000050   Code   RO         3357    i.PM_Set_Att_Pdu_Length  libbluenrg1_stack.a(pm.o)
    0x10049de0   0x10049de0   0x0000000c   Code   RO         3358    i.PM_Set_ConnHandle  libbluenrg1_stack.a(pm.o)
    0x10049dec   0x10049dec   0x00000014   Code   RO         3359    i.PM_Write_Pckt_Data  libbluenrg1_stack.a(pm.o)
    0x10049e00   0x10049e00   0x000001d8   Code   RO         3251    i.PRIVWHIT_u8AddAddrInList  libbluenrg1_stack.a(ll_privacy.o)
    0x10049fd8   0x10049fd8   0x000000c8   Code   RO         3252    i.PRIVWHIT_u8RemoveAddrInList  libbluenrg1_stack.a(ll_privacy.o)
    0x1004a0a0   0x1004a0a0   0x000000a0   Code   RO         3254    i.PRIVWHIT_u8SearchAddrInList  libbluenrg1_stack.a(ll_privacy.o)
    0x1004a140   0x1004a140   0x00000078   Code   RO         3255    i.PRIVWHIT_vInit_Struct  libbluenrg1_stack.a(ll_privacy.o)
    0x1004a1b8   0x1004a1b8   0x00000048   Code   RO         3258    i.PRIV_SearchAddrInWhiteList  libbluenrg1_stack.a(ll_privacy.o)
    0x1004a200   0x1004a200   0x00000698   Code   RO         3259    i.PRIV_u32ProcessAdvPacket  libbluenrg1_stack.a(ll_privacy.o)
    0x1004a898   0x1004a898   0x000001f8   Code   RO         3260    i.PRIV_u8OfflineProcessing  libbluenrg1_stack.a(ll_privacy.o)
    0x1004aa90   0x1004aa90   0x000000f0   Code   RO         3261    i.PRIV_u8ResolvePrivateAddress  libbluenrg1_stack.a(ll_privacy.o)
    0x1004ab80   0x1004ab80   0x00000062   Code   RO         3263    i.PRIV_vGeneratePrivateAddress  libbluenrg1_stack.a(ll_privacy.o)
    0x1004abe2   0x1004abe2   0x00000002   Code   RO         2091    i.PendSV_Handler    system_bluenrg1.o
    0x1004abe4   0x1004abe4   0x00000194   Code   RO         3608    i.Prepare_Write_Resp  libbluenrg1_stack.a(att.o)
    0x1004ad78   0x1004ad78   0x00000088   Code   RO         2514    i.Press_Update      mylsm6d.o
    0x1004ae00   0x1004ae00   0x00000228   Code   RO         3186    i.Process_Peer_Client_Data  libbluenrg1_stack.a(gatt_server.o)
    0x1004b028   0x1004b028   0x00000210   Code   RO         3187    i.Process_Peer_Server_Data  libbluenrg1_stack.a(gatt_server.o)
    0x1004b238   0x1004b238   0x00001714   Code   RO         2885    i.RAL_Isr           libbluenrg1_stack.a(ll_isr.o)
    0x1004c94c   0x1004c94c   0x00000020   Code   RO         2092    i.RESET_HANDLER     system_bluenrg1.o
    0x1004c96c   0x1004c96c   0x00000002   Code   RO         2093    i.RTC_Handler       system_bluenrg1.o
    0x1004c96e   0x1004c96e   0x00000160   Code   RO         3609    i.Read_Blob_Resp    libbluenrg1_stack.a(att.o)
    0x1004cace   0x1004cace   0x00000002   PAD
    0x1004cad0   0x1004cad0   0x00000360   Code   RO         3610    i.Read_By_Grp_Type_Resp  libbluenrg1_stack.a(att.o)
    0x1004ce30   0x1004ce30   0x00000344   Code   RO         3611    i.Read_By_Type_Resp  libbluenrg1_stack.a(att.o)
    0x1004d174   0x1004d174   0x000001a4   Code   RO         3612    i.Read_Multi_Resp   libbluenrg1_stack.a(att.o)
    0x1004d318   0x1004d318   0x00000010   Code   RO         3485    i.Read_RecordValidity  libbluenrg1_stack.a(rom_sdb.o)
    0x1004d328   0x1004d328   0x00000146   Code   RO         3613    i.Read_Resp         libbluenrg1_stack.a(att.o)
    0x1004d46e   0x1004d46e   0x00000002   PAD
    0x1004d470   0x1004d470   0x0000002c   Code   RO         3486    i.Read_SDBRecord    libbluenrg1_stack.a(rom_sdb.o)
    0x1004d49c   0x1004d49c   0x000000c0   Code   RO         3278    i.Reclassify_All_Channels  libbluenrg1_stack.a(ll_routines_master.o)
    0x1004d55c   0x1004d55c   0x000001ac   Code   RO         3504    i.SDB_Add_Record    libbluenrg1_stack.a(sdb.o)
    0x1004d708   0x1004d708   0x00000170   Code   RO         3506    i.SDB_Delete        libbluenrg1_stack.a(sdb.o)
    0x1004d878   0x1004d878   0x000000a8   Code   RO         3487    i.SDB_Find_Matching_LTK  libbluenrg1_stack.a(rom_sdb.o)
    0x1004d920   0x1004d920   0x000000cc   Code   RO         3507    i.SDB_Find_Record   libbluenrg1_stack.a(sdb.o)
    0x1004d9ec   0x1004d9ec   0x00000026   Code   RO         3508    i.SDB_Find_Record_By_ConnHandle  libbluenrg1_stack.a(sdb.o)
    0x1004da12   0x1004da12   0x000000de   Code   RO         3510    i.SDB_Get_Data_From_Record  libbluenrg1_stack.a(sdb.o)
    0x1004daf0   0x1004daf0   0x0000001c   Code   RO         3511    i.SDB_Get_GattDb_End_Addr  libbluenrg1_stack.a(sdb.o)
    0x1004db0c   0x1004db0c   0x00000018   Code   RO         3512    i.SDB_Get_GattDb_Start_Addr  libbluenrg1_stack.a(sdb.o)
    0x1004db24   0x1004db24   0x00000044   Code   RO         3488    i.SDB_Get_Number_Of_Records  libbluenrg1_stack.a(rom_sdb.o)
    0x1004db68   0x1004db68   0x00000014   Code   RO         3514    i.SDB_Get_SecurityDb_Start_Addr  libbluenrg1_stack.a(sdb.o)
    0x1004db7c   0x1004db7c   0x00000022   Code   RO         3515    i.SDB_Read_Peer_Bonded_Data  libbluenrg1_stack.a(sdb.o)
    0x1004db9e   0x1004db9e   0x0000002e   Code   RO         3688    i.SMA_Diversify     libbluenrg1_stack.a(ssm_algo.o)
    0x1004dbcc   0x1004dbcc   0x0000007c   Code   RO         3689    i.SMA_GenEDIV_RecovDIV  libbluenrg1_stack.a(ssm_algo.o)
    0x1004dc48   0x1004dc48   0x00000028   Code   RO         3690    i.SMA_Generate_CSRK  libbluenrg1_stack.a(ssm_algo.o)
    0x1004dc70   0x1004dc70   0x00000028   Code   RO         3691    i.SMA_Generate_IRK  libbluenrg1_stack.a(ssm_algo.o)
    0x1004dc98   0x1004dc98   0x00000028   Code   RO         3692    i.SMA_LP_s1_Generate_STK  libbluenrg1_stack.a(ssm_algo.o)
    0x1004dcc0   0x1004dcc0   0x00000050   Code   RO         3693    i.SMA_SC_Gen_f4_Confirm  libbluenrg1_stack.a(ssm_algo.o)
    0x1004dd10   0x1004dd10   0x000000e0   Code   RO         3694    i.SMA_SC_Gen_f5_Keys  libbluenrg1_stack.a(ssm_algo.o)
    0x1004ddf0   0x1004ddf0   0x00000084   Code   RO         3695    i.SMA_SC_Gen_f6_Check_Val  libbluenrg1_stack.a(ssm_algo.o)
    0x1004de74   0x1004de74   0x00000058   Code   RO         3696    i.SMA_SC_Gen_g2_NumComp_Val  libbluenrg1_stack.a(ssm_algo.o)
    0x1004decc   0x1004decc   0x00000048   Code   RO         3555    i.SMP_Check_Is_Device_Bonded  libbluenrg1_stack.a(sm_common.o)
    0x1004df14   0x1004df14   0x0000001c   Code   RO         3556    i.SMP_Forget_Device_by_ConnHandle  libbluenrg1_stack.a(sm_common.o)
    0x1004df30   0x1004df30   0x00000070   Code   RO         3557    i.SMP_Init          libbluenrg1_stack.a(sm_common.o)
    0x1004dfa0   0x1004dfa0   0x00000130   Code   RO         3521    i.SMP_MI_PairingRequest_Send  libbluenrg1_stack.a(securitymgr.o)
    0x1004e0d0   0x1004e0d0   0x00000114   Code   RO         3522    i.SMP_Process_Q     libbluenrg1_stack.a(securitymgr.o)
    0x1004e1e4   0x1004e1e4   0x00000078   Code   RO         3558    i.SMP_Repeated_Attacks_Timer_cb  libbluenrg1_stack.a(sm_common.o)
    0x1004e25c   0x1004e25c   0x00000050   Code   RO         3559    i.SMP_Timer_cb      libbluenrg1_stack.a(sm_common.o)
    0x1004e2ac   0x1004e2ac   0x000000c4   Code   RO         3697    i.SM_CMAC_Generate_Tag  libbluenrg1_stack.a(ssm_algo.o)
    0x1004e370   0x1004e370   0x00000020   Code   RO         3567    i.SM_Check_Encryption_KeySize  libbluenrg1_stack.a(sm_common.o)
    0x1004e390   0x1004e390   0x0000007c   Code   RO         3568    i.SM_Connection_Complete_Handler  libbluenrg1_stack.a(sm_common.o)
    0x1004e40c   0x1004e40c   0x0000004e   Code   RO         3698    i.SM_Generate_Resolvable_Private_Address  libbluenrg1_stack.a(ssm_algo.o)
    0x1004e45a   0x1004e45a   0x0000002e   Code   RO         3569    i.SM_Get_Link_Status  libbluenrg1_stack.a(sm_common.o)
    0x1004e488   0x1004e488   0x00000048   Code   RO         3570    i.SM_Get_Remote_Device_Info  libbluenrg1_stack.a(sm_common.o)
    0x1004e4d0   0x1004e4d0   0x000000c4   Code   RO         3572    i.SM_L2CAP_Encryption_changed_Handler_ISR  libbluenrg1_stack.a(sm_common.o)
    0x1004e594   0x1004e594   0x000000e0   Code   RO         3573    i.SM_L2CAP_Handler  libbluenrg1_stack.a(sm_common.o)
    0x1004e674   0x1004e674   0x0000012c   Code   RO         3574    i.SM_L2CAP_Handler_ISR  libbluenrg1_stack.a(sm_common.o)
    0x1004e7a0   0x1004e7a0   0x00000022   Code   RO         3699    i.SM_Resolve_Private_Address  libbluenrg1_stack.a(ssm_algo.o)
    0x1004e7c2   0x1004e7c2   0x0000007c   Code   RO         3701    i.SM_Validate_Signed_Packet  libbluenrg1_stack.a(ssm_algo.o)
    0x1004e83e   0x1004e83e   0x00000002   PAD
    0x1004e840   0x1004e840   0x00000018   Code   RO          868    i.SPI_ClearRXFIFO   bluenrg1_spi.o
    0x1004e858   0x1004e858   0x00000028   Code   RO          869    i.SPI_ClearTXFIFO   bluenrg1_spi.o
    0x1004e880   0x1004e880   0x0000002c   Code   RO          870    i.SPI_Cmd           bluenrg1_spi.o
    0x1004e8ac   0x1004e8ac   0x00000038   Code   RO          881    i.SPI_GetFlagStatus  bluenrg1_spi.o
    0x1004e8e4   0x1004e8e4   0x00000002   Code   RO         2094    i.SPI_Handler       system_bluenrg1.o
    0x1004e8e6   0x1004e8e6   0x00000002   PAD
    0x1004e8e8   0x1004e8e8   0x0000009c   Code   RO          884    i.SPI_Init          bluenrg1_spi.o
    0x1004e984   0x1004e984   0x0000000c   Code   RO          885    i.SPI_ReceiveData   bluenrg1_spi.o
    0x1004e990   0x1004e990   0x0000000c   Code   RO          887    i.SPI_SendData      bluenrg1_spi.o
    0x1004e99c   0x1004e99c   0x00000068   Code   RO          888    i.SPI_SetBaudrate   bluenrg1_spi.o
    0x1004ea04   0x1004ea04   0x0000000c   Code   RO          889    i.SPI_SetDummyCharacter  bluenrg1_spi.o
    0x1004ea10   0x1004ea10   0x00000038   Code   RO          890    i.SPI_SetMasterCommunicationMode  bluenrg1_spi.o
    0x1004ea48   0x1004ea48   0x00000018   Code   RO          895    i.SPI_StructInit    bluenrg1_spi.o
    0x1004ea60   0x1004ea60   0x00000008   Code   RO         3597    i.STORE_LE_16       libbluenrg1_stack.a(utils.o)
    0x1004ea68   0x1004ea68   0x00000010   Code   RO         3598    i.STORE_LE_32       libbluenrg1_stack.a(utils.o)
    0x1004ea78   0x1004ea78   0x00000002   Code   RO         2279    i.SVC_Handler       bluenrg1_it.o
    0x1004ea7a   0x1004ea7a   0x00000016   Code   RO         1473    i.SdkEvalComIOSendData  sdk_eval_com.o
    0x1004ea90   0x1004ea90   0x000000a0   Code   RO         1476    i.SdkEvalComUartInit  sdk_eval_com.o
    0x1004eb30   0x1004eb30   0x0000000c   Code   RO         1591    i.SdkEvalGetVersion  sdk_eval_config.o
    0x1004eb3c   0x1004eb3c   0x000000dc   Code   RO         1994    i.SdkEvalI2CInit    sdk_eval_i2c.o
    0x1004ec18   0x1004ec18   0x00000144   Code   RO         1998    i.SdkEvalI2CRead    sdk_eval_i2c.o
    0x1004ed5c   0x1004ed5c   0x000000d8   Code   RO         1999    i.SdkEvalI2CWrite   sdk_eval_i2c.o
    0x1004ee34   0x1004ee34   0x0000000c   Code   RO         1592    i.SdkEvalIdentification  sdk_eval_config.o
    0x1004ee40   0x1004ee40   0x00000110   Code   RO         1910    i.SdkEvalSpiInit    sdk_eval_spi.o
    0x1004ef50   0x1004ef50   0x00000090   Code   RO         1914    i.SdkEvalSpiRead    sdk_eval_spi.o
    0x1004efe0   0x1004efe0   0x0000005c   Code   RO         1915    i.SdkEvalSpiWrite   sdk_eval_spi.o
    0x1004f03c   0x1004f03c   0x0000001e   Code   RO         3391    i.Search_Handle     libbluenrg1_stack.a(rom_gatt_server.o)
    0x1004f05a   0x1004f05a   0x00000020   Code   RO         3031    i.Search_In_Stat    libbluenrg1_stack.a(acl.o)
    0x1004f07a   0x1004f07a   0x00000002   PAD
    0x1004f07c   0x1004f07c   0x00000028   Code   RO         3188    i.Search_Service_Handle  libbluenrg1_stack.a(gatt_server.o)
    0x1004f0a4   0x1004f0a4   0x00000054   Code   RO         3189    i.Select_Next_Notification_Client  libbluenrg1_stack.a(gatt_server.o)
    0x1004f0f8   0x1004f0f8   0x00000030   Code   RO         3659    i.Send_Error_Resp   libbluenrg1_stack.a(rom_att.o)
    0x1004f128   0x1004f128   0x0000007c   Code   RO         3190    i.Send_Notif_Or_Ind  libbluenrg1_stack.a(gatt_server.o)
    0x1004f1a4   0x1004f1a4   0x00000194   Code   RO         2387    i.Start_Beaconing   ble_beacon_main.o
    0x1004f338   0x1004f338   0x00000024   Code   RO         3392    i.Start_Gatt_Timer  libbluenrg1_stack.a(rom_gatt_server.o)
    0x1004f35c   0x1004f35c   0x0000001c   Code   RO         3393    i.Stop_Gatt_Timer   libbluenrg1_stack.a(rom_gatt_server.o)
    0x1004f378   0x1004f378   0x00000010   Code   RO         2647    i.SysCount_Handler  clock.o
    0x1004f388   0x1004f388   0x00000040   Code   RO         1066    i.SysCtrl_PeripheralClockCmd  bluenrg1_sysctrl.o
    0x1004f3c8   0x1004f3c8   0x00000008   Code   RO         2280    i.SysTick_Handler   bluenrg1_it.o
    0x1004f3d0   0x1004f3d0   0x000000b8   Code   RO         2097    i.SystemInit        system_bluenrg1.o
    0x1004f488   0x1004f488   0x00000064   Code   RO         1354    i.SystemSleepCmd    misc.o
    0x1004f4ec   0x1004f4ec   0x0000007c   Code   RO         2874    i.TimerCallback     libbluenrg1_stack.a(host_timer.o)
    0x1004f568   0x1004f568   0x00000014   Code   RO         2875    i.Timer_ExpiryCallback  libbluenrg1_stack.a(host_timer.o)
    0x1004f57c   0x1004f57c   0x00000034   Code   RO         2876    i.Timer_Init        libbluenrg1_stack.a(host_timer.o)
    0x1004f5b0   0x1004f5b0   0x00000144   Code   RO         2877    i.Timer_ProcessQ    libbluenrg1_stack.a(host_timer.o)
    0x1004f6f4   0x1004f6f4   0x00000022   Code   RO         2878    i.Timer_StartOneShot  libbluenrg1_stack.a(host_timer.o)
    0x1004f716   0x1004f716   0x00000002   PAD
    0x1004f718   0x1004f718   0x00000070   Code   RO         2879    i.Timer_StartOneShot_sysTime32  libbluenrg1_stack.a(host_timer.o)
    0x1004f788   0x1004f788   0x00000054   Code   RO         2880    i.Timer_StopOneShot  libbluenrg1_stack.a(host_timer.o)
    0x1004f7dc   0x1004f7dc   0x00000020   Code   RO         2882    i.Timer_sysTime32_convMachineTime  libbluenrg1_stack.a(host_timer.o)
    0x1004f7fc   0x1004f7fc   0x00000030   Code   RO         1115    i.UART_Cmd          bluenrg1_uart.o
    0x1004f82c   0x1004f82c   0x00000060   Code   RO         1118    i.UART_GetFlagStatus  bluenrg1_uart.o
    0x1004f88c   0x1004f88c   0x00000002   Code   RO         2281    i.UART_Handler      bluenrg1_it.o
    0x1004f88e   0x1004f88e   0x00000002   PAD
    0x1004f890   0x1004f890   0x000001cc   Code   RO         1121    i.UART_Init         bluenrg1_uart.o
    0x1004fa5c   0x1004fa5c   0x00000044   Code   RO         1124    i.UART_RxFifoIrqLevelConfig  bluenrg1_uart.o
    0x1004faa0   0x1004faa0   0x0000002c   Code   RO         1126    i.UART_SendData     bluenrg1_uart.o
    0x1004facc   0x1004facc   0x000000d4   Code   RO         2388    i.Update_Beaconing  ble_beacon_main.o
    0x1004fba0   0x1004fba0   0x00000050   Code   RO         3614    i.ValidLinkPermRequest  libbluenrg1_stack.a(att.o)
    0x1004fbf0   0x1004fbf0   0x00000002   Code   RO         2099    i.WDG_Handler       system_bluenrg1.o
    0x1004fbf2   0x1004fbf2   0x0000000a   Code   RO         3470    i.WindowWiden1      libbluenrg1_stack.a(rom_ll_timehandling.o)
    0x1004fbfc   0x1004fbfc   0x00000010   Code   RO         3471    i.WindowWiden2      libbluenrg1_stack.a(rom_ll_timehandling.o)
    0x1004fc0c   0x1004fc0c   0x000001b8   Code   RO         3516    i.Write_Client_Data  libbluenrg1_stack.a(sdb.o)
    0x1004fdc4   0x1004fdc4   0x00000132   Code   RO         3615    i.Write_Cmd         libbluenrg1_stack.a(att.o)
    0x1004fef6   0x1004fef6   0x0000014a   Code   RO         3616    i.Write_Resp        libbluenrg1_stack.a(att.o)
    0x10050040   0x10050040   0x0000006c   Code   RO         3517    i.Write_SDBRecord   libbluenrg1_stack.a(sdb.o)
    0x100500ac   0x100500ac   0x00000094   Code   RO         2804    i._BlueNRG_Stack_Initialization  libbluenrg1_stack.a(bluenrg_main_func.o)
    0x10050140   0x10050140   0x00000064   Code   RO         3076    i._GAP_Parse_Advertising_Report  libbluenrg1_stack.a(gap.o)
    0x100501a4   0x100501a4   0x00000030   Code   RO         3875    i.__ARM_common_ll_muluu  c_p.l(btod.o)
    0x100501d4   0x100501d4   0x0000001a   Code   RO         1882    i.__ARM_common_switch8  lsm6ds3.o
    0x100501ee   0x100501ee   0x00000002   PAD
    0x100501f0   0x100501f0   0x0000002c   Code   RO         3886    i.__ARM_fpclassify  m_ps.l(fpclassify.o)
    0x1005021c   0x1005021c   0x00000030   Code   RO         2100    i.__low_level_init  system_bluenrg1.o
    0x1005024c   0x1005024c   0x0000006c   Code   RO         2692    i._aci_gap_set_discoverable_param_check  libbluenrg1_stack.a(bluenrg_gap_aci.o)
    0x100502b8   0x100502b8   0x0000016c   Code   RO         3077    i._gap_set_discoverable_connectable  libbluenrg1_stack.a(gap.o)
    0x10050424   0x10050424   0x0000000e   Code   RO         3761    i._is_digit         c_p.l(__printf_wp.o)
    0x10050432   0x10050432   0x00000002   Code   RO         2893    i.aci_att_exchange_mtu_resp_event  libbluenrg1_stack.a(aci_events.o)
    0x10050434   0x10050434   0x00000020   Code   RO         2894    i.aci_att_exchange_mtu_resp_event_cb  libbluenrg1_stack.a(aci_events.o)
    0x10050454   0x10050454   0x00000002   Code   RO         2895    i.aci_att_exec_write_resp_event  libbluenrg1_stack.a(aci_events.o)
    0x10050456   0x10050456   0x00000002   PAD
    0x10050458   0x10050458   0x0000001c   Code   RO         2896    i.aci_att_exec_write_resp_event_cb  libbluenrg1_stack.a(aci_events.o)
    0x10050474   0x10050474   0x00000002   Code   RO         2897    i.aci_att_find_by_type_value_resp_event  libbluenrg1_stack.a(aci_events.o)
    0x10050476   0x10050476   0x00000002   PAD
    0x10050478   0x10050478   0x00000024   Code   RO         2898    i.aci_att_find_by_type_value_resp_event_cb  libbluenrg1_stack.a(aci_events.o)
    0x1005049c   0x1005049c   0x00000002   Code   RO         2899    i.aci_att_find_info_resp_event  libbluenrg1_stack.a(aci_events.o)
    0x1005049e   0x1005049e   0x00000002   PAD
    0x100504a0   0x100504a0   0x00000024   Code   RO         2900    i.aci_att_find_info_resp_event_cb  libbluenrg1_stack.a(aci_events.o)
    0x100504c4   0x100504c4   0x00000002   Code   RO         2901    i.aci_att_prepare_write_resp_event  libbluenrg1_stack.a(aci_events.o)
    0x100504c6   0x100504c6   0x00000002   PAD
    0x100504c8   0x100504c8   0x00000028   Code   RO         2902    i.aci_att_prepare_write_resp_event_cb  libbluenrg1_stack.a(aci_events.o)
    0x100504f0   0x100504f0   0x00000002   Code   RO         2903    i.aci_att_read_blob_resp_event  libbluenrg1_stack.a(aci_events.o)
    0x100504f2   0x100504f2   0x00000002   PAD
    0x100504f4   0x100504f4   0x00000024   Code   RO         2904    i.aci_att_read_blob_resp_event_cb  libbluenrg1_stack.a(aci_events.o)
    0x10050518   0x10050518   0x00000068   Code   RO         3142    i.aci_att_read_blob_resp_event_push  libbluenrg1_stack.a(gatt_client.o)
    0x10050580   0x10050580   0x00000002   Code   RO         2905    i.aci_att_read_by_group_type_resp_event  libbluenrg1_stack.a(aci_events.o)
    0x10050582   0x10050582   0x00000002   PAD
    0x10050584   0x10050584   0x00000024   Code   RO         2906    i.aci_att_read_by_group_type_resp_event_cb  libbluenrg1_stack.a(aci_events.o)
    0x100505a8   0x100505a8   0x00000002   Code   RO         2907    i.aci_att_read_by_type_resp_event  libbluenrg1_stack.a(aci_events.o)
    0x100505aa   0x100505aa   0x00000002   PAD
    0x100505ac   0x100505ac   0x00000024   Code   RO         2908    i.aci_att_read_by_type_resp_event_cb  libbluenrg1_stack.a(aci_events.o)
    0x100505d0   0x100505d0   0x00000002   Code   RO         2909    i.aci_att_read_multiple_resp_event  libbluenrg1_stack.a(aci_events.o)
    0x100505d2   0x100505d2   0x00000002   PAD
    0x100505d4   0x100505d4   0x00000024   Code   RO         2910    i.aci_att_read_multiple_resp_event_cb  libbluenrg1_stack.a(aci_events.o)
    0x100505f8   0x100505f8   0x00000064   Code   RO         3145    i.aci_att_read_multiple_resp_event_push  libbluenrg1_stack.a(gatt_client.o)
    0x1005065c   0x1005065c   0x00000002   Code   RO         2911    i.aci_att_read_resp_event  libbluenrg1_stack.a(aci_events.o)
    0x1005065e   0x1005065e   0x00000002   PAD
    0x10050660   0x10050660   0x00000024   Code   RO         2912    i.aci_att_read_resp_event_cb  libbluenrg1_stack.a(aci_events.o)
    0x10050684   0x10050684   0x00000068   Code   RO         3146    i.aci_att_read_resp_event_push  libbluenrg1_stack.a(gatt_client.o)
    0x100506ec   0x100506ec   0x00000002   Code   RO         2913    i.aci_att_write_resp_event  libbluenrg1_stack.a(aci_events.o)
    0x100506ee   0x100506ee   0x00000002   PAD
    0x100506f0   0x100506f0   0x00000024   Code   RO         2914    i.aci_att_write_resp_event_cb  libbluenrg1_stack.a(aci_events.o)
    0x10050714   0x10050714   0x00000028   Code   RO         2915    i.aci_event_fifo_push  libbluenrg1_stack.a(aci_events.o)
    0x1005073c   0x1005073c   0x000000c8   Code   RO         2916    i.aci_event_fifo_push_header  libbluenrg1_stack.a(aci_events.o)
    0x10050804   0x10050804   0x00000002   Code   RO         2917    i.aci_gap_addr_not_resolved_event  libbluenrg1_stack.a(aci_events.o)
    0x10050806   0x10050806   0x00000002   PAD
    0x10050808   0x10050808   0x0000001c   Code   RO         2918    i.aci_gap_addr_not_resolved_event_cb  libbluenrg1_stack.a(aci_events.o)
    0x10050824   0x10050824   0x00000002   Code   RO         2919    i.aci_gap_authorization_req_event  libbluenrg1_stack.a(aci_events.o)
    0x10050826   0x10050826   0x00000002   PAD
    0x10050828   0x10050828   0x0000001c   Code   RO         2920    i.aci_gap_authorization_req_event_cb  libbluenrg1_stack.a(aci_events.o)
    0x10050844   0x10050844   0x00000044   Code   RO         3578    i.aci_gap_authorization_req_event_push  libbluenrg1_stack.a(sm_common.o)
    0x10050888   0x10050888   0x00000002   Code   RO         2921    i.aci_gap_bond_lost_event  libbluenrg1_stack.a(aci_events.o)
    0x1005088a   0x1005088a   0x00000002   PAD
    0x1005088c   0x1005088c   0x0000001c   Code   RO         2922    i.aci_gap_bond_lost_event_cb  libbluenrg1_stack.a(aci_events.o)
    0x100508a8   0x100508a8   0x00000002   Code   RO         2923    i.aci_gap_device_found_event  libbluenrg1_stack.a(aci_events.o)
    0x100508aa   0x100508aa   0x00000002   PAD
    0x100508ac   0x100508ac   0x00000020   Code   RO         2924    i.aci_gap_device_found_event_cb  libbluenrg1_stack.a(aci_events.o)
    0x100508cc   0x100508cc   0x00000030   Code   RO         2702    i.aci_gap_init      libbluenrg1_stack.a(bluenrg_gap_aci.o)
    0x100508fc   0x100508fc   0x00000002   Code   RO         2925    i.aci_gap_keypress_notification_event  libbluenrg1_stack.a(aci_events.o)
    0x100508fe   0x100508fe   0x00000002   PAD
    0x10050900   0x10050900   0x00000020   Code   RO         2926    i.aci_gap_keypress_notification_event_cb  libbluenrg1_stack.a(aci_events.o)
    0x10050920   0x10050920   0x00000002   Code   RO         2927    i.aci_gap_limited_discoverable_event  libbluenrg1_stack.a(aci_events.o)
    0x10050922   0x10050922   0x00000002   PAD
    0x10050924   0x10050924   0x0000001c   Code   RO         2928    i.aci_gap_limited_discoverable_event_cb  libbluenrg1_stack.a(aci_events.o)
    0x10050940   0x10050940   0x00000040   Code   RO         3078    i.aci_gap_limited_discoverable_event_push  libbluenrg1_stack.a(gap.o)
    0x10050980   0x10050980   0x00000002   Code   RO         2929    i.aci_gap_numeric_comparison_value_event  libbluenrg1_stack.a(aci_events.o)
    0x10050982   0x10050982   0x00000002   PAD
    0x10050984   0x10050984   0x00000020   Code   RO         2930    i.aci_gap_numeric_comparison_value_event_cb  libbluenrg1_stack.a(aci_events.o)
    0x100509a4   0x100509a4   0x00000048   Code   RO         3524    i.aci_gap_numeric_comparison_value_event_push  libbluenrg1_stack.a(securitymgr.o)
    0x100509ec   0x100509ec   0x00000002   Code   RO         2931    i.aci_gap_pairing_complete_event  libbluenrg1_stack.a(aci_events.o)
    0x100509ee   0x100509ee   0x00000002   PAD
    0x100509f0   0x100509f0   0x00000024   Code   RO         2932    i.aci_gap_pairing_complete_event_cb  libbluenrg1_stack.a(aci_events.o)
    0x10050a14   0x10050a14   0x0000004c   Code   RO         3579    i.aci_gap_pairing_complete_event_push  libbluenrg1_stack.a(sm_common.o)
    0x10050a60   0x10050a60   0x00000002   Code   RO         2933    i.aci_gap_pass_key_req_event  libbluenrg1_stack.a(aci_events.o)
    0x10050a62   0x10050a62   0x00000002   PAD
    0x10050a64   0x10050a64   0x0000001c   Code   RO         2934    i.aci_gap_pass_key_req_event_cb  libbluenrg1_stack.a(aci_events.o)
    0x10050a80   0x10050a80   0x00000002   Code   RO         2935    i.aci_gap_proc_complete_event  libbluenrg1_stack.a(aci_events.o)
    0x10050a82   0x10050a82   0x00000002   PAD
    0x10050a84   0x10050a84   0x00000024   Code   RO         2936    i.aci_gap_proc_complete_event_cb  libbluenrg1_stack.a(aci_events.o)
    0x10050aa8   0x10050aa8   0x00000064   Code   RO         3079    i.aci_gap_proc_complete_event_push  libbluenrg1_stack.a(gap.o)
    0x10050b0c   0x10050b0c   0x00000042   Code   RO         2713    i.aci_gap_set_discoverable  libbluenrg1_stack.a(bluenrg_gap_aci.o)
    0x10050b4e   0x10050b4e   0x00000002   Code   RO         2937    i.aci_gap_slave_security_initiated_event  libbluenrg1_stack.a(aci_events.o)
    0x10050b50   0x10050b50   0x0000001c   Code   RO         2938    i.aci_gap_slave_security_initiated_event_cb  libbluenrg1_stack.a(aci_events.o)
    0x10050b6c   0x10050b6c   0x00000002   Code   RO         2939    i.aci_gatt_attribute_modified_event  libbluenrg1_stack.a(aci_events.o)
    0x10050b6e   0x10050b6e   0x00000002   PAD
    0x10050b70   0x10050b70   0x00000028   Code   RO         2940    i.aci_gatt_attribute_modified_event_cb  libbluenrg1_stack.a(aci_events.o)
    0x10050b98   0x10050b98   0x00000068   Code   RO         3617    i.aci_gatt_attribute_modified_event_push  libbluenrg1_stack.a(att.o)
    0x10050c00   0x10050c00   0x00000002   Code   RO         2941    i.aci_gatt_disc_read_char_by_uuid_resp_event  libbluenrg1_stack.a(aci_events.o)
    0x10050c02   0x10050c02   0x00000002   PAD
    0x10050c04   0x10050c04   0x00000024   Code   RO         2942    i.aci_gatt_disc_read_char_by_uuid_resp_event_cb  libbluenrg1_stack.a(aci_events.o)
    0x10050c28   0x10050c28   0x00000074   Code   RO         3147    i.aci_gatt_disc_read_char_by_uuid_resp_event_push  libbluenrg1_stack.a(gatt_client.o)
    0x10050c9c   0x10050c9c   0x00000002   Code   RO         2943    i.aci_gatt_error_resp_event  libbluenrg1_stack.a(aci_events.o)
    0x10050c9e   0x10050c9e   0x00000002   PAD
    0x10050ca0   0x10050ca0   0x00000024   Code   RO         2944    i.aci_gatt_error_resp_event_cb  libbluenrg1_stack.a(aci_events.o)
    0x10050cc4   0x10050cc4   0x00000064   Code   RO         3148    i.aci_gatt_error_resp_event_push  libbluenrg1_stack.a(gatt_client.o)
    0x10050d28   0x10050d28   0x00000002   Code   RO         2945    i.aci_gatt_indication_event  libbluenrg1_stack.a(aci_events.o)
    0x10050d2a   0x10050d2a   0x00000002   PAD
    0x10050d2c   0x10050d2c   0x00000024   Code   RO         2946    i.aci_gatt_indication_event_cb  libbluenrg1_stack.a(aci_events.o)
    0x10050d50   0x10050d50   0x00000008   Code   RO         2761    i.aci_gatt_init     libbluenrg1_stack.a(bluenrg_gatt_aci.o)
    0x10050d58   0x10050d58   0x00000002   Code   RO         2947    i.aci_gatt_notification_event  libbluenrg1_stack.a(aci_events.o)
    0x10050d5a   0x10050d5a   0x00000002   PAD
    0x10050d5c   0x10050d5c   0x00000024   Code   RO         2948    i.aci_gatt_notification_event_cb  libbluenrg1_stack.a(aci_events.o)
    0x10050d80   0x10050d80   0x00000002   Code   RO         2949    i.aci_gatt_prepare_write_permit_req_event  libbluenrg1_stack.a(aci_events.o)
    0x10050d82   0x10050d82   0x00000016   Code   RO         2950    i.aci_gatt_prepare_write_permit_req_event_cb  libbluenrg1_stack.a(aci_events.o)
    0x10050d98   0x10050d98   0x00000002   Code   RO         2951    i.aci_gatt_proc_complete_event  libbluenrg1_stack.a(aci_events.o)
    0x10050d9a   0x10050d9a   0x00000002   PAD
    0x10050d9c   0x10050d9c   0x00000020   Code   RO         2952    i.aci_gatt_proc_complete_event_cb  libbluenrg1_stack.a(aci_events.o)
    0x10050dbc   0x10050dbc   0x00000048   Code   RO         3149    i.aci_gatt_proc_complete_event_push  libbluenrg1_stack.a(gatt_client.o)
    0x10050e04   0x10050e04   0x00000002   Code   RO         2953    i.aci_gatt_proc_timeout_event  libbluenrg1_stack.a(aci_events.o)
    0x10050e06   0x10050e06   0x00000002   PAD
    0x10050e08   0x10050e08   0x0000001c   Code   RO         2954    i.aci_gatt_proc_timeout_event_cb  libbluenrg1_stack.a(aci_events.o)
    0x10050e24   0x10050e24   0x00000002   Code   RO         2955    i.aci_gatt_read_multi_permit_req_event  libbluenrg1_stack.a(aci_events.o)
    0x10050e26   0x10050e26   0x00000010   Code   RO         2956    i.aci_gatt_read_multi_permit_req_event_cb  libbluenrg1_stack.a(aci_events.o)
    0x10050e36   0x10050e36   0x00000050   Code   RO         3618    i.aci_gatt_read_multi_permit_req_event_push  libbluenrg1_stack.a(att.o)
    0x10050e86   0x10050e86   0x00000002   Code   RO         2957    i.aci_gatt_read_permit_req_event  libbluenrg1_stack.a(aci_events.o)
    0x10050e88   0x10050e88   0x00000010   Code   RO         2958    i.aci_gatt_read_permit_req_event_cb  libbluenrg1_stack.a(aci_events.o)
    0x10050e98   0x10050e98   0x00000038   Code   RO         3619    i.aci_gatt_read_permit_req_event_push  libbluenrg1_stack.a(att.o)
    0x10050ed0   0x10050ed0   0x00000002   Code   RO         2959    i.aci_gatt_server_confirmation_event  libbluenrg1_stack.a(aci_events.o)
    0x10050ed2   0x10050ed2   0x0000000a   Code   RO         2960    i.aci_gatt_server_confirmation_event_cb  libbluenrg1_stack.a(aci_events.o)
    0x10050edc   0x10050edc   0x00000002   Code   RO         2961    i.aci_gatt_tx_pool_available_event  libbluenrg1_stack.a(aci_events.o)
    0x10050ede   0x10050ede   0x0000000e   Code   RO         2962    i.aci_gatt_tx_pool_available_event_cb  libbluenrg1_stack.a(aci_events.o)
    0x10050eec   0x10050eec   0x00000002   Code   RO         2963    i.aci_gatt_write_permit_req_event  libbluenrg1_stack.a(aci_events.o)
    0x10050eee   0x10050eee   0x00000012   Code   RO         2964    i.aci_gatt_write_permit_req_event_cb  libbluenrg1_stack.a(aci_events.o)
    0x10050f00   0x10050f00   0x00000056   Code   RO         3620    i.aci_gatt_write_permit_req_event_push  libbluenrg1_stack.a(att.o)
    0x10050f56   0x10050f56   0x00000002   Code   RO         3203    i.aci_hal_end_of_radio_activity_event  libbluenrg1_stack.a(hal.o)
    0x10050f58   0x10050f58   0x00000002   Code   RO         2965    i.aci_hal_scan_req_report_event  libbluenrg1_stack.a(aci_events.o)
    0x10050f5a   0x10050f5a   0x00000002   PAD
    0x10050f5c   0x10050f5c   0x00000024   Code   RO         2966    i.aci_hal_scan_req_report_event_cb  libbluenrg1_stack.a(aci_events.o)
    0x10050f80   0x10050f80   0x00000008   Code   RO         2789    i.aci_hal_set_tx_power_level  libbluenrg1_stack.a(bluenrg_hal_aci.o)
    0x10050f88   0x10050f88   0x00000002   Code   RO         2967    i.aci_l2cap_command_reject_event  libbluenrg1_stack.a(aci_events.o)
    0x10050f8a   0x10050f8a   0x00000016   Code   RO         2968    i.aci_l2cap_command_reject_event_cb  libbluenrg1_stack.a(aci_events.o)
    0x10050fa0   0x10050fa0   0x00000002   Code   RO         2969    i.aci_l2cap_connection_update_req_event  libbluenrg1_stack.a(aci_events.o)
    0x10050fa2   0x10050fa2   0x00000002   PAD
    0x10050fa4   0x10050fa4   0x00000030   Code   RO         2970    i.aci_l2cap_connection_update_req_event_cb  libbluenrg1_stack.a(aci_events.o)
    0x10050fd4   0x10050fd4   0x00000088   Code   RO         3237    i.aci_l2cap_connection_update_req_event_push  libbluenrg1_stack.a(l2cap.o)
    0x1005105c   0x1005105c   0x00000002   Code   RO         2971    i.aci_l2cap_connection_update_resp_event  libbluenrg1_stack.a(aci_events.o)
    0x1005105e   0x1005105e   0x00000002   PAD
    0x10051060   0x10051060   0x00000020   Code   RO         2972    i.aci_l2cap_connection_update_resp_event_cb  libbluenrg1_stack.a(aci_events.o)
    0x10051080   0x10051080   0x00000002   Code   RO         2973    i.aci_l2cap_proc_timeout_event  libbluenrg1_stack.a(aci_events.o)
    0x10051082   0x10051082   0x00000002   PAD
    0x10051084   0x10051084   0x00000020   Code   RO         2974    i.aci_l2cap_proc_timeout_event_cb  libbluenrg1_stack.a(aci_events.o)
    0x100510a4   0x100510a4   0x00000026   Code   RO         3034    i.acl_list_full_on_packt  libbluenrg1_stack.a(acl_list.o)
    0x100510ca   0x100510ca   0x00000004   Code   RO         3036    i.acl_list_get_pckt_count  libbluenrg1_stack.a(acl_list.o)
    0x100510ce   0x100510ce   0x00000012   Code   RO         3037    i.acl_list_init     libbluenrg1_stack.a(acl_list.o)
    0x100510e0   0x100510e0   0x00000020   Code   RO         3038    i.acl_list_insert_head  libbluenrg1_stack.a(acl_list.o)
    0x10051100   0x10051100   0x00000020   Code   RO         3039    i.acl_list_insert_tail  libbluenrg1_stack.a(acl_list.o)
    0x10051120   0x10051120   0x00000010   Code   RO         3040    i.acl_list_is_empty  libbluenrg1_stack.a(acl_list.o)
    0x10051130   0x10051130   0x00000020   Code   RO         3042    i.acl_list_remove   libbluenrg1_stack.a(acl_list.o)
    0x10051150   0x10051150   0x00000020   Code   RO         3043    i.acl_list_remove_head  libbluenrg1_stack.a(acl_list.o)
    0x10051170   0x10051170   0x00000258   Code   RO         3305    i.adapt_slot        libbluenrg1_stack.a(multi_master_time.o)
    0x100513c8   0x100513c8   0x00000078   Code   RO         3080    i.advParamsCheckAndSet  libbluenrg1_stack.a(gap.o)
    0x10051440   0x10051440   0x00000438   Code   RO         3306    i.advance_slave_timing_MultiSlave  libbluenrg1_stack.a(multi_master_time.o)
    0x10051878   0x10051878   0x000000b8   Code   RO         3463    i.advance_transmit  libbluenrg1_stack.a(rom_ll_routines_support.o)
    0x10051930   0x10051930   0x000004d4   Code   RO         3046    i.advance_wakeup_timer  libbluenrg1_stack.a(advance_wakeup_time.o)
    0x10051e04   0x10051e04   0x00000050   Code   RO         3307    i.anchor_replace    libbluenrg1_stack.a(multi_master_time.o)
    0x10051e54   0x10051e54   0x00000002   Code   RO         2389    i.assert_failed     ble_beacon_main.o
    0x10051e56   0x10051e56   0x00000002   PAD
    0x10051e58   0x10051e58   0x0000019c   Code   RO         3308    i.cancel_current_master  libbluenrg1_stack.a(multi_master_time.o)
    0x10051ff4   0x10051ff4   0x00000100   Code   RO         3409    i.cancel_master     libbluenrg1_stack.a(rom_ll_isr_routines.o)
    0x100520f4   0x100520f4   0x00000098   Code   RO         3217    i.cancel_slave      libbluenrg1_stack.a(isr_routines.o)
    0x1005218c   0x1005218c   0x00000012   Code   RO         3205    i.char_copy         libbluenrg1_stack.a(hal.o)
    0x1005219e   0x1005219e   0x00000002   PAD
    0x100521a0   0x100521a0   0x00000024   Code   RO         3465    i.convert_power     libbluenrg1_stack.a(rom_ll_routines_support.o)
    0x100521c4   0x100521c4   0x00000022   Code   RO         3599    i.copy_swap_buffer  libbluenrg1_stack.a(utils.o)
    0x100521e6   0x100521e6   0x00000002   PAD
    0x100521e8   0x100521e8   0x000000bc   Code   RO         2805    i.deepSleepTimers_check  libbluenrg1_stack.a(bluenrg_main_func.o)
    0x100522a4   0x100522a4   0x00000088   Code   RO         3466    i.encrypt           libbluenrg1_stack.a(rom_ll_routines_support.o)
    0x1005232c   0x1005232c   0x0000006a   Code   RO         2975    i.fifoBuf_getFreeHeader  libbluenrg1_stack.a(aci_events.o)
    0x10052396   0x10052396   0x0000000a   Code   RO         2976    i.fifoCtrl_init     libbluenrg1_stack.a(aci_events.o)
    0x100523a0   0x100523a0   0x0000000c   Code   RO         1480    i.fputc             sdk_eval_com.o
    0x100523ac   0x100523ac   0x00000014   Code   RO         3081    i.gapClearAllModeFlags  libbluenrg1_stack.a(gap.o)
    0x100523c0   0x100523c0   0x0000002c   Code   RO         3410    i.get_adv_addr      libbluenrg1_stack.a(rom_ll_isr_routines.o)
    0x100523ec   0x100523ec   0x00000048   Code   RO         3309    i.get_advertiser    libbluenrg1_stack.a(multi_master_time.o)
    0x10052434   0x10052434   0x00000084   Code   RO         3310    i.get_connection_no  libbluenrg1_stack.a(multi_master_time.o)
    0x100524b8   0x100524b8   0x00000034   Code   RO         3311    i.get_next_free_slot  libbluenrg1_stack.a(multi_master_time.o)
    0x100524ec   0x100524ec   0x0000002e   Code   RO         3411    i.get_scan_addr     libbluenrg1_stack.a(rom_ll_isr_routines.o)
    0x1005251a   0x1005251a   0x00000002   PAD
    0x1005251c   0x1005251c   0x00000048   Code   RO         3312    i.get_scan_connection  libbluenrg1_stack.a(multi_master_time.o)
    0x10052564   0x10052564   0x00000278   Code   RO         3412    i.go_to_connect     libbluenrg1_stack.a(rom_ll_isr_routines.o)
    0x100527dc   0x100527dc   0x00000198   Code   RO         3218    i.go_to_connect_master  libbluenrg1_stack.a(isr_routines.o)
    0x10052974   0x10052974   0x00000020   Code   RO         3206    i.hal_get_hw_version  libbluenrg1_stack.a(hal.o)
    0x10052994   0x10052994   0x00000034   Code   RO         3207    i.hal_radio_activity_state_callback_check  libbluenrg1_stack.a(hal.o)
    0x100529c8   0x100529c8   0x0000001c   Code   RO         3208    i.hal_radio_activity_state_init  libbluenrg1_stack.a(hal.o)
    0x100529e4   0x100529e4   0x00000040   Code   RO         3209    i.hal_read_radio_activity_state  libbluenrg1_stack.a(hal.o)
    0x10052a24   0x10052a24   0x00000064   Code   RO         2813    i.hci_acl_Process_Q  libbluenrg1_stack.a(hci.o)
    0x10052a88   0x10052a88   0x000000e4   Code   RO         3032    i.hci_acl_data_ind_event_int_cb  libbluenrg1_stack.a(acl.o)
    0x10052b6c   0x10052b6c   0x00000098   Code   RO         3033    i.hci_acl_data_tx_cmpl_event_int_cb  libbluenrg1_stack.a(acl.o)
    0x10052c04   0x10052c04   0x00000002   Code   RO         2978    i.hci_data_buffer_overflow_event_cb  libbluenrg1_stack.a(aci_events.o)
    0x10052c06   0x10052c06   0x00000002   Code   RO         2979    i.hci_disconnection_complete_event  libbluenrg1_stack.a(aci_events.o)
    0x10052c08   0x10052c08   0x00000020   Code   RO         2980    i.hci_disconnection_complete_event_cb  libbluenrg1_stack.a(aci_events.o)
    0x10052c28   0x10052c28   0x00000026   Code   RO         2981    i.hci_disconnection_complete_event_int_cb  libbluenrg1_stack.a(aci_events.o)
    0x10052c4e   0x10052c4e   0x00000002   Code   RO         2982    i.hci_encryption_change_event  libbluenrg1_stack.a(aci_events.o)
    0x10052c50   0x10052c50   0x00000020   Code   RO         2983    i.hci_encryption_change_event_cb  libbluenrg1_stack.a(aci_events.o)
    0x10052c70   0x10052c70   0x0000001a   Code   RO         2984    i.hci_encryption_change_event_int_cb  libbluenrg1_stack.a(aci_events.o)
    0x10052c8a   0x10052c8a   0x00000002   PAD
    0x10052c8c   0x10052c8c   0x0000004c   Code   RO         3280    i.hci_encryption_change_event_push  libbluenrg1_stack.a(ll_routines_master.o)
    0x10052cd8   0x10052cd8   0x00000002   Code   RO         2985    i.hci_encryption_key_refresh_complete_event  libbluenrg1_stack.a(aci_events.o)
    0x10052cda   0x10052cda   0x00000002   PAD
    0x10052cdc   0x10052cdc   0x00000020   Code   RO         2986    i.hci_encryption_key_refresh_complete_event_cb  libbluenrg1_stack.a(aci_events.o)
    0x10052cfc   0x10052cfc   0x0000001a   Code   RO         2987    i.hci_encryption_key_refresh_complete_event_int_cb  libbluenrg1_stack.a(aci_events.o)
    0x10052d16   0x10052d16   0x00000002   PAD
    0x10052d18   0x10052d18   0x00000048   Code   RO         3281    i.hci_encryption_key_refresh_complete_event_push  libbluenrg1_stack.a(ll_routines_master.o)
    0x10052d60   0x10052d60   0x00000002   Code   RO         2988    i.hci_hardware_error_event  libbluenrg1_stack.a(aci_events.o)
    0x10052d62   0x10052d62   0x00000002   Code   RO         2989    i.hci_le_advertising_report_event  libbluenrg1_stack.a(aci_events.o)
    0x10052d64   0x10052d64   0x00000020   Code   RO         2990    i.hci_le_advertising_report_event_cb  libbluenrg1_stack.a(aci_events.o)
    0x10052d84   0x10052d84   0x0000001e   Code   RO         2991    i.hci_le_advertising_report_event_int_cb  libbluenrg1_stack.a(aci_events.o)
    0x10052da2   0x10052da2   0x00000002   PAD
    0x10052da4   0x10052da4   0x00000080   Code   RO         3282    i.hci_le_advertising_report_event_push  libbluenrg1_stack.a(ll_routines_master.o)
    0x10052e24   0x10052e24   0x00000002   Code   RO         2992    i.hci_le_connection_complete_event  libbluenrg1_stack.a(aci_events.o)
    0x10052e26   0x10052e26   0x00000002   PAD
    0x10052e28   0x10052e28   0x00000040   Code   RO         2993    i.hci_le_connection_complete_event_cb  libbluenrg1_stack.a(aci_events.o)
    0x10052e68   0x10052e68   0x00000026   Code   RO         2994    i.hci_le_connection_complete_event_int_cb  libbluenrg1_stack.a(aci_events.o)
    0x10052e8e   0x10052e8e   0x00000002   PAD
    0x10052e90   0x10052e90   0x00000078   Code   RO         3283    i.hci_le_connection_complete_event_push  libbluenrg1_stack.a(ll_routines_master.o)
    0x10052f08   0x10052f08   0x00000002   Code   RO         2995    i.hci_le_connection_update_complete_event  libbluenrg1_stack.a(aci_events.o)
    0x10052f0a   0x10052f0a   0x00000002   PAD
    0x10052f0c   0x10052f0c   0x0000002c   Code   RO         2996    i.hci_le_connection_update_complete_event_cb  libbluenrg1_stack.a(aci_events.o)
    0x10052f38   0x10052f38   0x00000058   Code   RO         3284    i.hci_le_connection_update_complete_event_push  libbluenrg1_stack.a(ll_routines_master.o)
    0x10052f90   0x10052f90   0x00000002   Code   RO         2997    i.hci_le_direct_advertising_report_event  libbluenrg1_stack.a(aci_events.o)
    0x10052f92   0x10052f92   0x00000002   PAD
    0x10052f94   0x10052f94   0x00000020   Code   RO         2998    i.hci_le_direct_advertising_report_event_cb  libbluenrg1_stack.a(aci_events.o)
    0x10052fb4   0x10052fb4   0x0000001e   Code   RO         2999    i.hci_le_direct_advertising_report_event_int_cb  libbluenrg1_stack.a(aci_events.o)
    0x10052fd2   0x10052fd2   0x00000002   PAD
    0x10052fd4   0x10052fd4   0x00000074   Code   RO         3285    i.hci_le_direct_advertising_report_event_push  libbluenrg1_stack.a(ll_routines_master.o)
    0x10053048   0x10053048   0x00000002   Code   RO         3000    i.hci_le_enhanced_connection_complete_event  libbluenrg1_stack.a(aci_events.o)
    0x1005304a   0x1005304a   0x00000002   PAD
    0x1005304c   0x1005304c   0x00000048   Code   RO         3001    i.hci_le_enhanced_connection_complete_event_cb  libbluenrg1_stack.a(aci_events.o)
    0x10053094   0x10053094   0x00000026   Code   RO         3002    i.hci_le_enhanced_connection_complete_event_int_cb  libbluenrg1_stack.a(aci_events.o)
    0x100530ba   0x100530ba   0x00000002   PAD
    0x100530bc   0x100530bc   0x00000090   Code   RO         3286    i.hci_le_enhanced_connection_complete_event_push  libbluenrg1_stack.a(ll_routines_master.o)
    0x1005314c   0x1005314c   0x00000094   Code   RO         2822    i.hci_le_generate_dhkey  libbluenrg1_stack.a(hci.o)
    0x100531e0   0x100531e0   0x00000002   Code   RO         3003    i.hci_le_generate_dhkey_complete_event  libbluenrg1_stack.a(aci_events.o)
    0x100531e2   0x100531e2   0x00000002   PAD
    0x100531e4   0x100531e4   0x00000024   Code   RO         3004    i.hci_le_generate_dhkey_complete_event_cb  libbluenrg1_stack.a(aci_events.o)
    0x10053208   0x10053208   0x0000001a   Code   RO         3005    i.hci_le_generate_dhkey_complete_event_int_cb  libbluenrg1_stack.a(aci_events.o)
    0x10053222   0x10053222   0x00000002   PAD
    0x10053224   0x10053224   0x00000054   Code   RO         2823    i.hci_le_generate_dhkey_complete_event_push  libbluenrg1_stack.a(hci.o)
    0x10053278   0x10053278   0x00000002   Code   RO         3006    i.hci_le_long_term_key_request_event  libbluenrg1_stack.a(aci_events.o)
    0x1005327a   0x1005327a   0x00000002   PAD
    0x1005327c   0x1005327c   0x00000024   Code   RO         3007    i.hci_le_long_term_key_request_event_cb  libbluenrg1_stack.a(aci_events.o)
    0x100532a0   0x100532a0   0x0000000c   Code   RO         3008    i.hci_le_long_term_key_request_event_int_cb  libbluenrg1_stack.a(aci_events.o)
    0x100532ac   0x100532ac   0x0000005c   Code   RO         2830    i.hci_le_read_local_p256_public_key  libbluenrg1_stack.a(hci.o)
    0x10053308   0x10053308   0x00000002   Code   RO         3009    i.hci_le_read_local_p256_public_key_complete_event  libbluenrg1_stack.a(aci_events.o)
    0x1005330a   0x1005330a   0x00000002   PAD
    0x1005330c   0x1005330c   0x00000024   Code   RO         3010    i.hci_le_read_local_p256_public_key_complete_event_cb  libbluenrg1_stack.a(aci_events.o)
    0x10053330   0x10053330   0x0000001a   Code   RO         3011    i.hci_le_read_local_p256_public_key_complete_event_int_cb  libbluenrg1_stack.a(aci_events.o)
    0x1005334a   0x1005334a   0x00000002   PAD
    0x1005334c   0x1005334c   0x00000058   Code   RO         2831    i.hci_le_read_local_p256_public_key_complete_event_push  libbluenrg1_stack.a(hci.o)
    0x100533a4   0x100533a4   0x00000002   Code   RO         3012    i.hci_le_read_remote_used_features_complete_event  libbluenrg1_stack.a(aci_events.o)
    0x100533a6   0x100533a6   0x00000002   PAD
    0x100533a8   0x100533a8   0x00000028   Code   RO         3013    i.hci_le_read_remote_used_features_complete_event_cb  libbluenrg1_stack.a(aci_events.o)
    0x100533d0   0x100533d0   0x00000016   Code   RO         2839    i.hci_le_set_advertising_data  libbluenrg1_stack.a(hci.o)
    0x100533e6   0x100533e6   0x00000002   PAD
    0x100533e8   0x100533e8   0x00000024   Code   RO         2841    i.hci_le_set_event_mask  libbluenrg1_stack.a(hci.o)
    0x1005340c   0x1005340c   0x00000016   Code   RO         2846    i.hci_le_set_scan_response_data  libbluenrg1_stack.a(hci.o)
    0x10053422   0x10053422   0x00000002   Code   RO         3014    i.hci_number_of_completed_packets_event  libbluenrg1_stack.a(aci_events.o)
    0x10053424   0x10053424   0x0000000a   Code   RO         3015    i.hci_number_of_completed_packets_event_cb  libbluenrg1_stack.a(aci_events.o)
    0x1005342e   0x1005342e   0x00000002   Code   RO         3016    i.hci_read_remote_version_information_complete_event  libbluenrg1_stack.a(aci_events.o)
    0x10053430   0x10053430   0x00000024   Code   RO         3017    i.hci_read_remote_version_information_complete_event_cb  libbluenrg1_stack.a(aci_events.o)
    0x10053454   0x10053454   0x0000005a   Code   RO         2859    i.hci_rx_acl_data   libbluenrg1_stack.a(hci.o)
    0x100534ae   0x100534ae   0x00000004   Code   RO         3018    i.hci_rx_acl_data_event  libbluenrg1_stack.a(aci_events.o)
    0x100534b2   0x100534b2   0x00000016   Code   RO         3019    i.hci_rx_acl_data_event_cb  libbluenrg1_stack.a(aci_events.o)
    0x100534c8   0x100534c8   0x00000034   Code   RO         2862    i.hci_tx_acl_data_done  libbluenrg1_stack.a(hci.o)
    0x100534fc   0x100534fc   0x0000001e   Code   RO         3600    i.is_Buffer_All_Set_To  libbluenrg1_stack.a(utils.o)
    0x1005351a   0x1005351a   0x00000002   PAD
    0x1005351c   0x1005351c   0x00000034   Code   RO         3313    i.is_slave          libbluenrg1_stack.a(multi_master_time.o)
    0x10053550   0x10053550   0x000008bc   Code   RO         3287    i.isr_event_handler_patched  libbluenrg1_stack.a(ll_routines_master.o)
    0x10053e0c   0x10053e0c   0x0000014c   Code   RO         3213    i.isr_postproc      libbluenrg1_stack.a(isr_postproc.o)
    0x10053f58   0x10053f58   0x0000014c   Code   RO         3403    i.isr_postproc1     libbluenrg1_stack.a(rom_ll_isr_postproc.o)
    0x100540a4   0x100540a4   0x00000016   Code   RO         3404    i.isr_postproc_encrypt_data  libbluenrg1_stack.a(rom_ll_isr_postproc.o)
    0x100540ba   0x100540ba   0x00000002   PAD
    0x100540bc   0x100540bc   0x00000020   Code   RO         3472    i.machine_time_trans  libbluenrg1_stack.a(rom_ll_timehandling.o)
    0x100540dc   0x100540dc   0x0000009c   Code   RO         2390    i.main              ble_beacon_main.o
    0x10054178   0x10054178   0x000000a8   Code   RO         3298    i.mem_alloc_ctx_init  libbluenrg1_stack.a(mem_alloc.o)
    0x10054220   0x10054220   0x00000008   Code   RO         3495    i.microseconds_to_machine_time  libbluenrg1_stack.a(routines_support.o)
    0x10054228   0x10054228   0x00000018   Code   RO         3467    i.modulo_37         libbluenrg1_stack.a(rom_ll_routines_support.o)
    0x10054240   0x10054240   0x00000018   Code   RO         3314    i.nsar_init         libbluenrg1_stack.a(multi_master_time.o)
    0x10054258   0x10054258   0x0000001c   Code   RO         3315    i.nsar_insertSlotListEntry  libbluenrg1_stack.a(multi_master_time.o)
    0x10054274   0x10054274   0x000000ac   Code   RO         3316    i.nsar_searchBestFreeSlot  libbluenrg1_stack.a(multi_master_time.o)
    0x10054320   0x10054320   0x00000022   Code   RO         3318    i.nsar_updateBestFreeSlot  libbluenrg1_stack.a(multi_master_time.o)
    0x10054342   0x10054342   0x00000002   PAD
    0x10054344   0x10054344   0x0000006c   Code   RO         3319    i.nsar_updateSlotListEntry  libbluenrg1_stack.a(multi_master_time.o)
    0x100543b0   0x100543b0   0x00000044   Code   RO         3496    i.patch_advance_transmit  libbluenrg1_stack.a(routines_support.o)
    0x100543f4   0x100543f4   0x00000070   Code   RO         3271    i.read_rssi         libbluenrg1_stack.a(ll_routines.o)
    0x10054464   0x10054464   0x00000088   Code   RO         3322    i.request_scan_slot  libbluenrg1_stack.a(multi_master_time.o)
    0x100544ec   0x100544ec   0x00000094   Code   RO         3324    i.schedule_advertise_slot  libbluenrg1_stack.a(multi_master_time.o)
    0x10054580   0x10054580   0x00000100   Code   RO         3082    i.setGapAdvData     libbluenrg1_stack.a(gap.o)
    0x10054680   0x10054680   0x0000007c   Code   RO         3473    i.set_freq          libbluenrg1_stack.a(rom_ll_timehandling.o)
    0x100546fc   0x100546fc   0x00000020   Code   RO         3474    i.set_sca           libbluenrg1_stack.a(rom_ll_timehandling.o)
    0x1005471c   0x1005471c   0x00000010   Code   RO         3210    i.set_string        libbluenrg1_stack.a(hal.o)
    0x1005472c   0x1005472c   0x000000fc   Code   RO         3497    i.slave_advance     libbluenrg1_stack.a(routines_support.o)
    0x10054828   0x10054828   0x000000ac   Code   RO         2391    i.sleep_timer       ble_beacon_main.o
    0x100548d4   0x100548d4   0x00000038   Code   RO         3702    i.sm_Calculate_Hash  libbluenrg1_stack.a(ssm_algo.o)
    0x1005490c   0x1005490c   0x00000080   Code   RO         3703    i.sm_Generate_SubKeys  libbluenrg1_stack.a(ssm_algo.o)
    0x1005498c   0x1005498c   0x00000090   Code   RO         3525    i.sm_Get_Long_Term_Key  libbluenrg1_stack.a(securitymgr.o)
    0x10054a1c   0x10054a1c   0x00000118   Code   RO         3526    i.sm_RepeatedAttacks_Protection  libbluenrg1_stack.a(securitymgr.o)
    0x10054b34   0x10054b34   0x0000004c   Code   RO         3527    i.sm_Search_BlackList  libbluenrg1_stack.a(securitymgr.o)
    0x10054b80   0x10054b80   0x0000014c   Code   RO         3580    i.smp_Add_To_Database  libbluenrg1_stack.a(sm_common.o)
    0x10054ccc   0x10054ccc   0x0000001a   Code   RO         3528    i.smp_Build_AuthReq_Field  libbluenrg1_stack.a(securitymgr.o)
    0x10054ce6   0x10054ce6   0x00000002   PAD
    0x10054ce8   0x10054ce8   0x00000054   Code   RO         3529    i.smp_Build_Pairing_ReqResp_Packet  libbluenrg1_stack.a(securitymgr.o)
    0x10054d3c   0x10054d3c   0x00000038   Code   RO         3530    i.smp_Check_Incoming_Pairing_Parameters  libbluenrg1_stack.a(securitymgr.o)
    0x10054d74   0x10054d74   0x000000b4   Code   RO         3531    i.smp_Determine_Key_Association_Method  libbluenrg1_stack.a(securitymgr.o)
    0x10054e28   0x10054e28   0x0000026c   Code   RO         3532    i.smp_Execute_Actions_wrt_Current_State  libbluenrg1_stack.a(securitymgr.o)
    0x10055094   0x10055094   0x00000040   Code   RO         3581    i.smp_Find_Remote_Device_Index  libbluenrg1_stack.a(sm_common.o)
    0x100550d4   0x100550d4   0x00000040   Code   RO         3582    i.smp_Get_Local_Identity_Address  libbluenrg1_stack.a(sm_common.o)
    0x10055114   0x10055114   0x00000088   Code   RO         3533    i.smp_Get_Pairing_Parameters_From_Peer_Packet  libbluenrg1_stack.a(securitymgr.o)
    0x1005519c   0x1005519c   0x00000046   Code   RO         3583    i.smp_Keys_Distribution_Complete  libbluenrg1_stack.a(sm_common.o)
    0x100551e2   0x100551e2   0x00000002   PAD
    0x100551e4   0x100551e4   0x0000012c   Code   RO         3534    i.smp_Keys_Distribution_Send  libbluenrg1_stack.a(securitymgr.o)
    0x10055310   0x10055310   0x00000036   Code   RO         3584    i.smp_Keys_Distribution_Start  libbluenrg1_stack.a(sm_common.o)
    0x10055346   0x10055346   0x00000002   PAD
    0x10055348   0x10055348   0x0000015c   Code   RO         3535    i.smp_LP_MI_Compute_c1_Confirm_Value  libbluenrg1_stack.a(securitymgr.o)
    0x100554a4   0x100554a4   0x0000003c   Code   RO         3585    i.smp_OOB_Check_Is_Remote_Data_Present  libbluenrg1_stack.a(sm_common.o)
    0x100554e0   0x100554e0   0x00000020   Code   RO         3586    i.smp_OOB_Clear_Remote_Data_Entry_by_Index  libbluenrg1_stack.a(sm_common.o)
    0x10055500   0x10055500   0x0000004c   Code   RO         3588    i.smp_OOB_Get_Remote_Data_Reference  libbluenrg1_stack.a(sm_common.o)
    0x1005554c   0x1005554c   0x000000a8   Code   RO         3589    i.smp_Pairing_Completed  libbluenrg1_stack.a(sm_common.o)
    0x100555f4   0x100555f4   0x000000b4   Code   RO         3536    i.smp_Process_Rx_Packet_Exception_Cases  libbluenrg1_stack.a(securitymgr.o)
    0x100556a8   0x100556a8   0x00000178   Code   RO         3537    i.smp_Process_Rx_Packet_wrt_Current_State  libbluenrg1_stack.a(securitymgr.o)
    0x10055820   0x10055820   0x000000d2   Code   RO         3590    i.smp_Receive_Keys  libbluenrg1_stack.a(sm_common.o)
    0x100558f2   0x100558f2   0x00000002   PAD
    0x100558f4   0x100558f4   0x00000020   Code   RO         3538    i.smp_Reset_Timer   libbluenrg1_stack.a(securitymgr.o)
    0x10055914   0x10055914   0x00000170   Code   RO         3539    i.smp_SR_Compute_c1_Confirm_Value  libbluenrg1_stack.a(securitymgr.o)
    0x10055a84   0x10055a84   0x0000002c   Code   RO         3540    i.smp_Send_Data     libbluenrg1_stack.a(securitymgr.o)
    0x10055ab0   0x10055ab0   0x00000068   Code   RO         3541    i.smp_Set_Key_Association_Method  libbluenrg1_stack.a(securitymgr.o)
    0x10055b18   0x10055b18   0x00000056   Code   RO         3542    i.smp____MI_PairingConfirm_Receive  libbluenrg1_stack.a(securitymgr.o)
    0x10055b6e   0x10055b6e   0x00000002   PAD
    0x10055b70   0x10055b70   0x00000098   Code   RO         3543    i.smp____MI_PairingConfirm_Send  libbluenrg1_stack.a(securitymgr.o)
    0x10055c08   0x10055c08   0x000001ac   Code   RO         3544    i.smp____MI_PairingRandom_Receive  libbluenrg1_stack.a(securitymgr.o)
    0x10055db4   0x10055db4   0x00000084   Code   RO         3545    i.smp____MI_PairingResponse_Receive  libbluenrg1_stack.a(securitymgr.o)
    0x10055e38   0x10055e38   0x00000064   Code   RO         3546    i.smp____MI_SecurityRequest_Receive  libbluenrg1_stack.a(securitymgr.o)
    0x10055e9c   0x10055e9c   0x00000030   Code   RO         3547    i.smp____PairingFailed_Send  libbluenrg1_stack.a(securitymgr.o)
    0x10055ecc   0x10055ecc   0x00000048   Code   RO         3591    i.smp____Pairing_2Octets_Packet_Send  libbluenrg1_stack.a(sm_common.o)
    0x10055f14   0x10055f14   0x000000bc   Code   RO         3548    i.smp____Pairing_Process_Abort  libbluenrg1_stack.a(securitymgr.o)
    0x10055fd0   0x10055fd0   0x0000003c   Code   RO         3667    i.smp____SC_Continue_If_Exclusive_SC_Pairing  libbluenrg1_stack.a(smp_scv42_isap.o)
    0x1005600c   0x1005600c   0x00000070   Code   RO         3668    i.smp____SC_PairingPublicKey_Receive  libbluenrg1_stack.a(smp_scv42_isap.o)
    0x1005607c   0x1005607c   0x00000068   Code   RO         3669    i.smp____SC_PairingPublicKey_Send  libbluenrg1_stack.a(smp_scv42_isap.o)
    0x100560e4   0x100560e4   0x00000090   Code   RO         3670    i.smp____SC_Pairing_OOB_Confirm_Receive_and_Verify  libbluenrg1_stack.a(smp_scv42_isap.o)
    0x10056174   0x10056174   0x00000080   Code   RO         3671    i.smp____SC_Phase_2AS2_DHKeyCheck_Receive  libbluenrg1_stack.a(smp_scv42_isap.o)
    0x100561f4   0x100561f4   0x0000005c   Code   RO         3672    i.smp____SC_Phase_2AS2_DHKeyCheck_Send  libbluenrg1_stack.a(smp_scv42_isap.o)
    0x10056250   0x10056250   0x00000130   Code   RO         3673    i.smp____SC_Phase_2AS2_Generate_DHKeyCheck  libbluenrg1_stack.a(smp_scv42_isap.o)
    0x10056380   0x10056380   0x000000b4   Code   RO         3674    i.smp____SC_Phase_2AS2_Start  libbluenrg1_stack.a(smp_scv42_isap.o)
    0x10056434   0x10056434   0x00000032   Code   RO         3675    i.smp____SC_Phase_2AS2__Set_Addresses  libbluenrg1_stack.a(smp_scv42_isap.o)
    0x10056466   0x10056466   0x00000002   PAD
    0x10056468   0x10056468   0x00000044   Code   RO         3676    i.smp____SC_Verify_Peer_PK_and_Generate_DHKey  libbluenrg1_stack.a(smp_scv42_isap.o)
    0x100564ac   0x100564ac   0x00000028   Code   RO         3678    i.smp____SC_hci_le_generate_dhkey_complete_evt_hndl  libbluenrg1_stack.a(smp_scv42_isap.o)
    0x100564d4   0x100564d4   0x00000044   Code   RO         3679    i.smp____SC_hci_le_read_local_p256_public_key_complete_evt_hndl  libbluenrg1_stack.a(smp_scv42_isap.o)
    0x10056518   0x10056518   0x00000058   Code   RO         3680    i.smp____SC_initialize  libbluenrg1_stack.a(smp_scv42_isap.o)
    0x10056570   0x10056570   0x00000014   Code   RO         3681    i.smp____SC_is_Debug_Key_Usage_Forced  libbluenrg1_stack.a(smp_scv42_isap.o)
    0x10056584   0x10056584   0x00000038   Code   RO         3682    i.smp____SC_is_any_other_SC_Pairing_Ongoing  libbluenrg1_stack.a(smp_scv42_isap.o)
    0x100565bc   0x100565bc   0x0000001c   Code   RO         3683    i.smp____SC_submit_ECC_PK_generation_request  libbluenrg1_stack.a(smp_scv42_isap.o)
    0x100565d8   0x100565d8   0x000000b0   Code   RO         3549    i.smp____SR_PairingConfirm_Receive  libbluenrg1_stack.a(securitymgr.o)
    0x10056688   0x10056688   0x000001a4   Code   RO         3550    i.smp____SR_PairingRandom_Receive  libbluenrg1_stack.a(securitymgr.o)
    0x1005682c   0x1005682c   0x00000194   Code   RO         3551    i.smp____SR_PairingRequest_Receive  libbluenrg1_stack.a(securitymgr.o)
    0x100569c0   0x100569c0   0x000000a0   Code   RO         3325    i.start_timebase    libbluenrg1_stack.a(multi_master_time.o)
    0x10056a60   0x10056a60   0x0000001c   Code   RO         3191    i.store_data        libbluenrg1_stack.a(gatt_server.o)
    0x10056a7c   0x10056a7c   0x0000000a   Code   RO         3326    i.swap_char         libbluenrg1_stack.a(multi_master_time.o)
    0x10056a86   0x10056a86   0x0000000a   Code   RO         3327    i.swap_short_int    libbluenrg1_stack.a(multi_master_time.o)
    0x10056a90   0x10056a90   0x0000000a   Code   RO         3475    i.system_time_trans  libbluenrg1_stack.a(rom_ll_timehandling.o)
    0x10056a9a   0x10056a9a   0x00000002   PAD
    0x10056a9c   0x10056a9c   0x0000002c   Code   RO         3476    i.system_time_trans_ext  libbluenrg1_stack.a(rom_ll_timehandling.o)
    0x10056ac8   0x10056ac8   0x0000000e   Code   RO         3477    i.time_offset1      libbluenrg1_stack.a(rom_ll_timehandling.o)
    0x10056ad6   0x10056ad6   0x00000002   PAD
    0x10056ad8   0x10056ad8   0x00000010   Code   RO         3478    i.time_offset2      libbluenrg1_stack.a(rom_ll_timehandling.o)
    0x10056ae8   0x10056ae8   0x00000040   Code   RO         3328    i.timebase_start_connect  libbluenrg1_stack.a(multi_master_time.o)
    0x10056b28   0x10056b28   0x00000038   Code   RO         3413    i.unpack_channel_map  libbluenrg1_stack.a(rom_ll_isr_routines.o)
    0x10056b60   0x10056b60   0x00000046   Code   RO         3414    i.unpack_update_request  libbluenrg1_stack.a(rom_ll_isr_routines.o)
    0x10056ba6   0x10056ba6   0x00000002   PAD
    0x10056ba8   0x10056ba8   0x0000002c   Code   RO         3882    locale$$code        c_p.l(lc_numeric_c.o)
    0x10056bd4   0x10056bd4   0x0000008c   Code   RO         3803    x$fpl$fadd          fz_ps.l(faddsub.o)
    0x10056c60   0x10056c60   0x000000b0   Code   RO         3816    x$fpl$fmul          fz_ps.l(fmul.o)
    0x10056d10   0x10056d10   0x00000018   Code   RO         3804    x$fpl$frsb          fz_ps.l(faddsub.o)
    0x10056d28   0x10056d28   0x000000d0   Code   RO         3805    x$fpl$fsub          fz_ps.l(faddsub.o)
    0x10056df8   0x10056df8   0x00000010   Code   RO         3820    x$fpl$printf1       fz_ps.l(printf1.o)
    0x10056e08   0x10056e08   0x00000000   Code   RO         3836    x$fpl$usenofp       fz_ps.l(usenofp.o)
    0x10056e08   0x10056e08   0x00000004   Data   RO         1594    .constdata          sdk_eval_config.o
    0x10056e0c   0x10056e0c   0x00000004   Data   RO         1595    .constdata          sdk_eval_config.o
    0x10056e10   0x10056e10   0x00000004   Data   RO         1596    .constdata          sdk_eval_config.o
    0x10056e14   0x10056e14   0x00000004   Data   RO         1597    .constdata          sdk_eval_config.o
    0x10056e18   0x10056e18   0x00000004   Data   RO         1598    .constdata          sdk_eval_config.o
    0x10056e1c   0x10056e1c   0x00000004   Data   RO         1599    .constdata          sdk_eval_config.o
    0x10056e20   0x10056e20   0x00000004   Data   RO         1600    .constdata          sdk_eval_config.o
    0x10056e24   0x10056e24   0x00000004   Data   RO         1601    .constdata          sdk_eval_config.o
    0x10056e28   0x10056e28   0x00000004   Data   RO         1606    .constdata          sdk_eval_config.o
    0x10056e2c   0x10056e2c   0x00000004   Data   RO         1610    .constdata          sdk_eval_config.o
    0x10056e30   0x10056e30   0x00000004   Data   RO         1611    .constdata          sdk_eval_config.o
    0x10056e34   0x10056e34   0x00000004   Data   RO         1612    .constdata          sdk_eval_config.o
    0x10056e38   0x10056e38   0x00000004   Data   RO         1613    .constdata          sdk_eval_config.o
    0x10056e3c   0x10056e3c   0x00000004   Data   RO         1614    .constdata          sdk_eval_config.o
    0x10056e40   0x10056e40   0x00000004   Data   RO         1615    .constdata          sdk_eval_config.o
    0x10056e44   0x10056e44   0x00000004   Data   RO         1616    .constdata          sdk_eval_config.o
    0x10056e48   0x10056e48   0x00000003   Data   RO         1780    .constdata          lsm6ds3.o
    0x10056e4b   0x10056e4b   0x00000001   PAD
    0x10056e4c   0x10056e4c   0x00000034   Data   RO         2393    .constdata          ble_beacon_main.o
    0x10056e80   0x10056e80   0x00000110   Data   RO         3020    .constdata          libbluenrg1_stack.a(aci_events.o)
    0x10056f90   0x10056f90   0x00000020   Data   RO         3479    .constdata          libbluenrg1_stack.a(rom_ll_timehandling.o)
    0x10056fb0   0x10056fb0   0x00000019   Data   RO         3552    .constdata          libbluenrg1_stack.a(securitymgr.o)
    0x10056fc9   0x10056fc9   0x00000010   Data   RO         3621    .constdata          libbluenrg1_stack.a(att.o)
    0x10056fd9   0x10056fd9   0x00000060   Data   RO         3684    .constdata          libbluenrg1_stack.a(smp_scv42_isap.o)
    0x10057039   0x10057039   0x00000010   Data   RO         3704    .constdata          libbluenrg1_stack.a(ssm_algo.o)
    0x10057049   0x10057049   0x00000003   PAD
    0x1005704c   0x1005704c   0x00000128   Data   RO         3717    .constdata          libbluenrg1_stack.a(crypto.o)
    0x10057174   0x10057174   0x00000028   Data   RO         3734    .constdata          c_p.l(_printf_hex_int.o)
    0x1005719c   0x1005719c   0x00000011   Data   RO         3769    .constdata          c_p.l(__printf_flags_ss_wp.o)
    0x100571ad   0x100571ad   0x00000040   Data   RO         3810    .constdata          fz_ps.l(fdiv.o)
    0x100571ed   0x100571ed   0x00000003   PAD
    0x100571f0   0x100571f0   0x00000094   Data   RO         3871    .constdata          c_p.l(bigflt0.o)
    0x10057284   0x10057284   0x00000041   Data   RO           25    .conststring        bluenrg1_adc.o
    0x100572c5   0x100572c5   0x00000003   PAD
    0x100572c8   0x100572c8   0x00000043   Data   RO          264    .conststring        bluenrg1_flash.o
    0x1005730b   0x1005730b   0x00000001   PAD
    0x1005730c   0x1005730c   0x00000042   Data   RO          361    .conststring        bluenrg1_gpio.o
    0x1005734e   0x1005734e   0x00000002   PAD
    0x10057350   0x10057350   0x00000041   Data   RO          897    .conststring        bluenrg1_spi.o
    0x10057391   0x10057391   0x00000003   PAD
    0x10057394   0x10057394   0x00000045   Data   RO         1069    .conststring        bluenrg1_sysctrl.o
    0x100573d9   0x100573d9   0x00000003   PAD
    0x100573dc   0x100573dc   0x00000042   Data   RO         1138    .conststring        bluenrg1_uart.o
    0x1005741e   0x1005741e   0x00000002   PAD
    0x10057420   0x10057420   0x00000041   Data   RO         1400    .conststring        bluenrg1_pka.o
    0x10057461   0x10057461   0x00000003   PAD
    0x10057464   0x10057464   0x00000080   Data   RO         4041    Region$$Table       anon$$obj.o
    0x100574e4   0x100574e4   0x0000001c   Data   RO         3881    locale$$data        c_p.l(lc_numeric_c.o)


    Execution Region BLOCK_STACKLIB_FLASH_DATA (Exec base: 0x10067000, Load base: 0x10057500, Size: 0x00000838, Max: 0x00001000, ABSOLUTE, UNINIT)

    Exec Addr    Load Addr    Size         Type   Attr      Idx    E Section Name        Object

    0x10067000   0x10057500   0x00000800   Data   RO         2396    .noinit.stacklib_flash_data  ble_beacon_main.o
    0x10067800   0x10057d00   0x00000038   Data   RO         2397    .noinit.stacklib_stored_device_id_data  ble_beacon_main.o


    Execution Region ota_sw_activation_block (Exec base: 0x20000004, Load base: 0x10057d38, Size: 0x00000000, Max: 0x00000004, ABSOLUTE, UNINIT)

    **** No section assigned to this execution region ****


    Execution Region savedMSP_block (Exec base: 0x20000008, Load base: 0x10057d38, Size: 0x00000004, Max: 0x00000004, ABSOLUTE)

    Exec Addr    Load Addr    Size         Type   Attr      Idx    E Section Name        Object

    0x20000008   0x10057d38   0x00000004   Data   RW         2109    .savedMSP           system_bluenrg1.o


    Execution Region wakeupFromSleepFlag_block (Exec base: 0x2000000c, Load base: 0x10057d3c, Size: 0x00000004, Max: 0x00000004, ABSOLUTE)

    Exec Addr    Load Addr    Size         Type   Attr      Idx    E Section Name        Object

    0x2000000c   0x10057d3c   0x00000001   Data   RW         2110    .wakeupFromSleepFlag  system_bluenrg1.o


    Execution Region app_base_block (Exec base: 0x20000010, Load base: 0x10057d40, Size: 0x00000004, Max: 0x00000004, ABSOLUTE)

    Exec Addr    Load Addr    Size         Type   Attr      Idx    E Section Name        Object

    0x20000010   0x10057d40   0x00000004   Data   RW         2102    .app_base           system_bluenrg1.o


    Execution Region Blue_Flag_Ram_block (Exec base: 0x20000030, Load base: 0x10057d44, Size: 0x00000004, Max: 0x00000004, ABSOLUTE)

    Exec Addr    Load Addr    Size         Type   Attr      Idx    E Section Name        Object

    0x20000030   0x10057d44   0x00000004   Data   RW         2101    .__blueflag_RAM     system_bluenrg1.o


    Execution Region Crash_Info_block (Exec base: 0x20000034, Load base: 0x10057d48, Size: 0x00000000, Max: 0x00000028, ABSOLUTE, UNINIT)

    **** No section assigned to this execution region ****


    Execution Region BLUE (Exec base: 0x200000c0, Load base: 0x10057d48, Size: 0x0000020c, Max: 0x0000020c, ABSOLUTE, COMPRESSED[0x00000008])

    Exec Addr    Load Addr    Size         Type   Attr      Idx    E Section Name        Object

    0x200000c0   COMPRESSED   0x0000020c   Data   RW         2103    .bss.__blue_RAM     system_bluenrg1.o


    Execution Region REGION_RAM2 (Exec base: 0x200002cc, Load base: 0x10057d50, Size: 0x000020dc, Max: 0x00005d34, ABSOLUTE, COMPRESSED[0x000000c0])

    Exec Addr    Load Addr    Size         Type   Attr      Idx    E Section Name        Object

    0x200002cc   COMPRESSED   0x00000008   Data   RW          474    .data               bluenrg1_i2c.o
    0x200002d4   COMPRESSED   0x00000004   Data   RW         1483    .data               sdk_eval_com.o
    0x200002d8   COMPRESSED   0x00000001   Data   RW         1617    .data               sdk_eval_config.o
    0x200002d9   COMPRESSED   0x00000003   PAD
    0x200002dc   COMPRESSED   0x00000004   Data   RW         1618    .data               sdk_eval_config.o
    0x200002e0   COMPRESSED   0x00000034   Data   RW         1706    .data               lps25hb.o
    0x20000314   COMPRESSED   0x00000001   Data   RW         1707    .data               lps25hb.o
    0x20000315   COMPRESSED   0x00000003   PAD
    0x20000318   COMPRESSED   0x00000040   Data   RW         1781    .data               lsm6ds3.o
    0x20000358   COMPRESSED   0x0000000c   Data   RW         1782    .data               lsm6ds3.o
    0x20000364   COMPRESSED   0x00000004   Data   RW         2104    .data               system_bluenrg1.o
    0x20000368   COMPRESSED   0x00000004   Data   RW         2105    .data               system_bluenrg1.o
    0x2000036c   COMPRESSED   0x00000004   Data   RW         2106    .data               system_bluenrg1.o
    0x20000370   COMPRESSED   0x0000001c   Data   RW         2394    .data               ble_beacon_main.o
    0x2000038c   COMPRESSED   0x00000005   Data   RW         2487    .data               myadc.o
    0x20000391   COMPRESSED   0x00000003   PAD
    0x20000394   COMPRESSED   0x0000000c   Data   RW         2516    .data               mylsm6d.o
    0x200003a0   COMPRESSED   0x00000004   Data   RW         2603    .data               sleep.o
    0x200003a4   COMPRESSED   0x00000004   Data   RW         2649    .data               clock.o
    0x200003a8   COMPRESSED   0x00000004   Data   RW         3300    .data               libbluenrg1_stack.a(mem_alloc.o)
    0x200003ac   COMPRESSED   0x00000001   Data   RW         3338    .data               libbluenrg1_stack.a(pka.o)
    0x200003ad   COMPRESSED   0x00000001   Data   RW         3663    .rom_var_in_ram2    libbluenrg1_stack.a(rom_global_var.o)
    0x200003ae   COMPRESSED   0x00000002   PAD
    0x200003b0   COMPRESSED   0x00001924   Data   RW         2398    NoInit              ble_beacon_main.o
    0x20001cd4        -       0x00000010   Zero   RW         2392    .bss                ble_beacon_main.o
    0x20001ce4        -       0x00000010   Zero   RW         2515    .bss                mylsm6d.o
    0x20001cf4        -       0x00000038   Zero   RW         2602    .bss                sleep.o
    0x20001d2c        -       0x000005e8   Zero   RW         3264    .bss                libbluenrg1_stack.a(ll_privacy.o)
    0x20002314        -       0x00000034   Zero   RW         3299    .bss                libbluenrg1_stack.a(mem_alloc.o)
    0x20002348        -       0x00000060   Zero   RW         3889    .bss                c_p.l(libspace.o)


    Execution Region ARM_LIB_STACKHEAP (Exec base: 0x20005400, Load base: 0x10057e10, Size: 0x00000c00, Max: 0x00000c00, ABSOLUTE)

    Exec Addr    Load Addr    Size         Type   Attr      Idx    E Section Name        Object

    0x20005400        -       0x00000c00   Zero   RW            2    ARM_LIB_STACKHEAP.bss  anon$$obj.o


==============================================================================

Image component sizes


      Code (inc. data)   RO Data    RW Data    ZI Data      Debug   Object Name

      1438        810       2156       6464         16      26601   ble_beacon_main.o
       924         80         65          0          0      38014   bluenrg1_adc.o
       132         34         67          0          0       2522   bluenrg1_flash.o
       744         38         66          0          0      13315   bluenrg1_gpio.o
       294         22          0          8          0      12708   bluenrg1_i2c.o
        72          6          0          0          0       6383   bluenrg1_it.o
       208         22         65          0          0       4629   bluenrg1_pka.o
       540         94         65          0          0      12232   bluenrg1_spi.o
        64         12         69          0          0        797   bluenrg1_sysctrl.o
       716         64         66          0          0       8416   bluenrg1_uart.o
        16          6          0          4          0       1939   clock.o
       108         30          0          0          0        608   context_switch.o
       524         44          0         53          0       9558   lps25hb.o
      2800        256          3         76          0      28505   lsm6ds3.o
       332        138          0          0          0       8489   misc.o
        48          4          0          5          0        820   myadc.o
       432        186          0         12         16       7500   mylsm6d.o
        24          0          0          0          0       2042   osal.o
       194         16          0          4          0       5716   sdk_eval_com.o
        24         10         64          5          0       3949   sdk_eval_config.o
       760         54          0          0          0       3448   sdk_eval_i2c.o
       508         42          0          0          0       3148   sdk_eval_spi.o
      1728        170          0          4         56      10899   sleep.o
       560         80        192        549          0      15667   system_bluenrg1.o

    ----------------------------------------------------------------------
     13218       2218       3024       7196       5208     227905   Object Totals
         0          0        128          0       5120          0   (incl. Generated)
        28          0         18         12          0          0   (incl. Padding)

    ----------------------------------------------------------------------

      Code (inc. data)   RO Data    RW Data    ZI Data      Debug   Library Member Name

        86          0          0          0          0          0   __dczerorl2.o
         8          0          0          0          0         68   __main.o
       392          6         17          0          0         76   __printf_flags_ss_wp.o
        14          0          0          0          0         60   __printf_wp.o
         0          0          0          0          0          0   __rtentry.o
        12          0          0          0          0          0   __rtentry2.o
         8          4          0          0          0          0   __rtentry6.o
        60          8          0          0          0          0   __scatter.o
        26          0          0          0          0          0   __scatter_copy.o
        28          0          0          0          0          0   __scatter_zi.o
        48          6          0          0          0         88   _printf_char_common.o
        40          6          0          0          0         72   _printf_char_file.o
        10          0          0          0          0          0   _printf_d.o
       108         18          0          0          0         76   _printf_dec.o
        10          0          0          0          0          0   _printf_f.o
      1048         14          0          0          0        176   _printf_fp_dec.o
       136         16          0          0          0         76   _printf_fp_infnan.o
        88          4         40          0          0         72   _printf_hex_int.o
       176          0          0          0          0         84   _printf_intcommon.o
        78          0          0          0          0        100   _printf_pad.o
         2          0          0          0          0          0   _printf_percent.o
         4          0          0          0          0          0   _printf_percent_end.o
        10          0          0          0          0          0   _printf_x.o
       488          0          0          0          0         92   aeabi_sdivfast.o
       216          6        148          0          0         80   bigflt0.o
      1456         30          0          0          0        336   btod.o
        16          0          0          0          0         68   exit.o
         8          0          0          0          0         60   ferror.o
         0          0          0          0          0          0   indicate_semi.o
        44         10         28          0          0         76   lc_numeric_c.o
         2          0          0          0          0          0   libinit.o
        18          0          0          0          0          0   libinit2.o
         2          0          0          0          0          0   libshutdown.o
         2          0          0          0          0          0   libshutdown2.o
         0          0          0          0         96          0   libspace.o
       122          0          0          0          0         72   lludiv10.o
        90          0          0          0          0         68   memcmp.o
        12          0          0          0          0         68   memcpy.o
        28          0          0          0          0         68   memset.o
        28          6          0          0          0         84   noretval__2printf.o
         8          4          0          0          0         68   rt_locale_intlibspace.o
        64          0          0          0          0        108   rt_memclr.o
       186          0          0          0          0        144   rt_memcpy.o
         2          0          0          0          0          0   rtexit.o
        10          0          0          0          0          0   rtexit2.o
        40          0          0          0          0         60   rtudiv10.o
       160          4          0          0          0         80   strcmpv6m.o
        12          4          0          0          0         60   sys_exit.o
        34          0          0          0          0         60   uread4.o
         2          0          0          0          0         68   use_no_semi.o
        84          4          0          0          0         60   f2d.o
       372          8          0          0          0        240   faddsub.o
       352         10         64          0          0         92   fdiv.o
        76          0          0          0          0         68   ffixi.o
        94          0          0          0          0         92   fflti.o
       176          4          0          0          0         80   fmul.o
        68          4          0          0          0         68   fscalbn.o
        16          4          0          0          0         76   printf1.o
         0          0          0          0          0          0   usenofp.o
      2920          0        272          0          0          0   aci_events.o
       738          0          0          0          0          0   acl.o
       204          0          0          0          0          0   acl_list.o
      1236          0          0          0          0          0   advance_wakeup_time.o
       184          0          0          0          0          0   aes128cmac.o
      5560          0         16          0          0          0   att.o
       222          0          0          0          0          0   bluenrg_gap_aci.o
         8          0          0          0          0          0   bluenrg_gatt_aci.o
         8          0          0          0          0          0   bluenrg_hal_aci.o
      1160          0          0          0          0          0   bluenrg_main_func.o
      2018          0        296          0          0          0   crypto.o
       300          0          0          0          0          0   device_id_data.o
      2136          0          0          0          0          0   gap.o
      1394          0          0          0          0          0   gatt_client.o
      7500          0          0          0          0          0   gatt_server.o
       474          0          0          0          0          0   hal.o
      1018          0          0          0          0          0   hci.o
       904          0          0          0          0          0   host_timer.o
       332          0          0          0          0          0   isr_postproc.o
       756          0          0          0          0          0   isr_routines.o
      1300          0          0          0          0          0   l2cap.o
      5908          0          0          0          0          0   ll_isr.o
      3650          0          0          0       1512          0   ll_privacy.o
       112          0          0          0          0          0   ll_routines.o
      3780          0          0          0          0          0   ll_routines_master.o
       296          0          0          0          0          0   ll_routines_support.o
       816          0          0          4         52          0   mem_alloc.o
      3446          0          0          0          0          0   multi_master_time.o
        76          0          0          0          0          0   nvm.o
       264          0          0          1          0          0   pka.o
       978          0          0          0          0          0   pm.o
      1462          0          0          0          0          0   rom_att.o
       680          0          0          0          0          0   rom_gap.o
       188          0          0          0          0          0   rom_gap_rom.o
       364          0          0          0          0          0   rom_gatt_server.o
         0          0          0          1          0          0   rom_global_var.o
       126          0          0          0          0          0   rom_list.o
       354          0          0          0          0          0   rom_ll_isr_postproc.o
      1192          0          0          0          0          0   rom_ll_isr_routines.o
      3080          0          0          0          0          0   rom_ll_ll_routines.o
       236          0          0          0          0          0   rom_ll_ll_routines_master.o
       524          0          0          0          0          0   rom_ll_routines_support.o
       298          0         32          0          0          0   rom_ll_timehandling.o
       544          0          0          0          0          0   rom_sdb.o
       476          0          0          0          0          0   routines_support.o
      2136          0          0          0          0          0   sdb.o
      6140          0         25          0          0          0   securitymgr.o
      2752          0          0          0          0          0   sm_common.o
      1542          0         96          0          0          0   smp_scv42_isap.o
      1474          0         16          0          0          0   ssm_algo.o
       122          0          0          0          0          0   utils.o
        44          4          0          0          0         60   fpclassify.o

    ----------------------------------------------------------------------
     80294        184       1056          8       1660       3504   Library Totals
       182          0          6          2          0          0   (incl. Padding)

    ----------------------------------------------------------------------

      Code (inc. data)   RO Data    RW Data    ZI Data      Debug   Library Name

      5442        146        233          0         96       2668   c_p.l
      1238         34         64          0          0        776   fz_ps.l
     73388          0        753          6       1564          0   libbluenrg1_stack.a
        44          4          0          0          0         60   m_ps.l

    ----------------------------------------------------------------------
     80294        184       1056          8       1660       3504   Library Totals

    ----------------------------------------------------------------------

==============================================================================


      Code (inc. data)   RO Data    RW Data    ZI Data      Debug   

     93512       2402       4080       7204       6868     223537   Grand Totals
     93512       2402       4080        216       6868     223537   ELF Image Totals (compressed)
     93512       2402       4080        216          0          0   ROM Totals

==============================================================================

    Total RO  Size (Code + RO Data)                97592 (  95.30kB)
    Total RW  Size (RW Data + ZI Data)             14072 (  13.74kB)
    Total ROM Size (Code + RO Data + RW Data)      97808 (  95.52kB)

==============================================================================

