<!doctype html public "-//w3c//dtd html 4.0 transitional//en">
<html><head>
<title>Static Call Graph - [.\Release\Objects\BLE_Beacon.axf]</title></head>
<body><HR>
<H1>Static Call Graph for image .\Release\Objects\BLE_Beacon.axf</H1><HR>
<BR><P>#&#060CALLGRAPH&#062# ARM Linker, 5060528: Last Updated: Tue Jan 30 11:17:06 2018
<BR><P>
<H3>Maximum Stack Usage =        672 bytes + Unknown(Functions without stacksize, Cycles, Untraceable Function Pointers)</H3><H3>
Call chain for Maximum Stack Depth:</H3>
RESET_HANDLER &rArr; main &rArr; BTLE_StackTick &rArr; Timer_ProcessQ &rArr; TimerCallback &rArr; HAL_VTimerTimeoutCallback &rArr; sleep_timer &rArr;  BTLE_StackTick (Cycle)
<P>
<H3>
Functions with no stack information
</H3><UL>
 <LI><a href="#[d3]">AES128ECB_Wrapper</a>
 <LI><a href="#[d7]">AES_CMAC_Encrypt</a>
 <LI><a href="#[d9]">AES_CMAC_Encrypt_Append</a>
 <LI><a href="#[da]">AES_CMAC_Encrypt_Finish</a>
 <LI><a href="#[d8]">AES_CMAC_Encrypt_Init</a>
 <LI><a href="#[d6]">AES_general_SW_enc</a>
 <LI><a href="#[d4]">AES_keyschedule_enc</a>
 <LI><a href="#[df]">Accu_Handles_Requiring_Auth</a>
 <LI><a href="#[e4]">Accu_UuidTypes_Requiring_Auth</a>
 <LI><a href="#[e6]">Acl_Clone_Fragment</a>
 <LI><a href="#[e9]">Acl_Disconnected_Peer</a>
 <LI><a href="#[21c]">Acl_Get_Last</a>
 <LI><a href="#[e8]">Acl_Get_Pack_Off</a>
 <LI><a href="#[ec]">Acl_Init</a>
 <LI><a href="#[ee]">Acl_Rcv_Pkt_Handler</a>
 <LI><a href="#[f1]">Acl_Transmit_Data</a>
 <LI><a href="#[f2]">Acl_Transmit_Packet</a>
 <LI><a href="#[f5]">Acl_Tx_Cmpl_Pkt_Handler</a>
 <LI><a href="#[f6]">Att_Send_Read_Blob_Req_Pdu</a>
 <LI><a href="#[f8]">Att_Send_Read_By_Typ_Req_Pdu</a>
 <LI><a href="#[fa]">BTLE_StackTick</a>
 <LI><a href="#[10d]">BlueNRG_Stack_Initialization</a>
 <LI><a href="#[110]">BlueNRG_Stack_Initialize_ConfigData</a>
 <LI><a href="#[112]">BlueNRG_Stack_Initialize_Layers</a>
 <LI><a href="#[11c]">BlueNRG_Stack_Initialize_RAM</a>
 <LI><a href="#[10e]">BlueNRG_Stack_Initialize_RAM_check</a>
 <LI><a href="#[10a]">BlueNRG_Stack_Perform_Deep_Sleep_Check</a>
 <LI><a href="#[120]">BlueNRG_Start_Crystal_Measurement</a>
 <LI><a href="#[124]">Blue_Init_Global</a>
 <LI><a href="#[125]">Blue_Set_Radio_Config_Data</a>
 <LI><a href="#[127]">Build_Notif_Or_Ind</a>
 <LI><a href="#[128]">CheckSecForSignedWrite</a>
 <LI><a href="#[19e]">Check_Encry_Key_Size</a>
 <LI><a href="#[12b]">Check_Flags</a>
 <LI><a href="#[12f]">Check_For_Service_Change</a>
 <LI><a href="#[134]">Check_Permission</a>
 <LI><a href="#[137]">Check_Serv_Chng_Charac_Ind_Not</a>
 <LI><a href="#[139]">Check_Stat</a>
 <LI><a href="#[fd]">Controller_Process_Q</a>
 <LI><a href="#[29a]">Delay_With_NOP_Cycles</a>
 <LI><a href="#[11d]">Dynamic_allocator</a>
 <LI><a href="#[11e]">Dynamic_allocator_noRet</a>
 <LI><a href="#[fe]">Events_Process_Q</a>
 <LI><a href="#[11b]">Events_Process_init</a>
 <LI><a href="#[14d]">Exchg_Mtu_Resp</a>
 <LI><a href="#[14f]">Exec_Write_Resp</a>
 <LI><a href="#[131]">Fetch_Handle</a>
 <LI><a href="#[132]">Find_Attr_Index</a>
 <LI><a href="#[156]">Find_By_Type_Val_Resp</a>
 <LI><a href="#[159]">Find_Client_Data</a>
 <LI><a href="#[12c]">Find_Gatt_Client</a>
 <LI><a href="#[15e]">Find_Info_Resp</a>
 <LI><a href="#[1d8]">Find_L2cap_signalling_connection</a>
 <LI><a href="#[190]">Find_Timed_Out_Connection</a>
 <LI><a href="#[15f]">Flash_Write_Client_Data</a>
 <LI><a href="#[165]">Flash_Write_Flagged</a>
 <LI><a href="#[166]">GAP_Connection_Complete_Handler</a>
 <LI><a href="#[168]">GAP_DiscProcTimeoutcb</a>
 <LI><a href="#[16a]">GAP_Init</a>
 <LI><a href="#[118]">GAP_Init_Context</a>
 <LI><a href="#[173]">GAP_Internal_Evt_Handler</a>
 <LI><a href="#[174]">GAP_LL_Event_Handler_ISR</a>
 <LI><a href="#[176]">GAP_LimDiscTimeoutcb</a>
 <LI><a href="#[179]">GAP_Notify_Add_Charac</a>
 <LI><a href="#[175]">GAP_Parse_Advertising_Report</a>
 <LI><a href="#[17d]">GAP_Privacy1v2</a>
 <LI><a href="#[185]">GAP_PrivateAddrTimercb</a>
 <LI><a href="#[102]">GAP_Process_Q</a>
 <LI><a href="#[189]">GAP_Set_Discoverable_Mode</a>
 <LI><a href="#[1bb]">GAP_Started_Gatt_Proc</a>
 <LI><a href="#[1a7]">GATT_Clear_Flag</a>
 <LI><a href="#[18b]">GATT_Connection_Complete_Handler</a>
 <LI><a href="#[17a]">GATT_Num_Charac_Present</a>
 <LI><a href="#[18d]">GATT_Set_Flag</a>
 <LI><a href="#[18f]">GATT_TimeOut_Handler</a>
 <LI><a href="#[307]">GapIsPrivacySupported</a>
 <LI><a href="#[199]">Gatt_Add_Charac_Desc</a>
 <LI><a href="#[171]">Gatt_Add_Characteristic</a>
 <LI><a href="#[19d]">Gatt_Add_Descriptor</a>
 <LI><a href="#[170]">Gatt_Add_Service</a>
 <LI><a href="#[1a1]">Gatt_Check_Not_Error_Resp</a>
 <LI><a href="#[245]">Gatt_Find_Srv_From_Handle</a>
 <LI><a href="#[e1]">Gatt_Find_Srv_Owner_Of_Handle</a>
 <LI><a href="#[1af]">Gatt_Find_Timed_Out_Connection_Index</a>
 <LI><a href="#[1a3]">Gatt_Flush_Pending_AclPacket_Lists</a>
 <LI><a href="#[103]">Gatt_Process_Q</a>
 <LI><a href="#[188]">Gatt_Read_Charac_By_Uuid</a>
 <LI><a href="#[38]">Gatt_Read_Charac_By_Uuid_Cb</a>
 <LI><a href="#[1a4]">Gatt_Reset_To_Closed_State</a>
 <LI><a href="#[19a]">Gatt_Server_Db_Check</a>
 <LI><a href="#[1b3]">Gatt_Server_Init</a>
 <LI><a href="#[1b5]">Gatt_Server_L2C_Handler</a>
 <LI><a href="#[1b9]">Gatt_Server_L2C_Handler_ISR</a>
 <LI><a href="#[1ae]">Gatt_Super_Handler_Task7</a>
 <LI><a href="#[172]">Gatt_Update_Charac_Value</a>
 <LI><a href="#[1c2]">Gatt_Update_Charac_Value_Ext</a>
 <LI><a href="#[181]">Generate_Non_Resolvable_Private_Address</a>
 <LI><a href="#[18e]">Get_GAP_Handle</a>
 <LI><a href="#[15b]">Get_Max_SecDb_Size</a>
 <LI><a href="#[162]">Get_SecRec_Len_In_Words</a>
 <LI><a href="#[1c4]">Get_SecRecord_Size</a>
 <LI><a href="#[16c]">Get_StaticRandAddr</a>
 <LI><a href="#[1c5]">HAL_Flash_Store_Data</a>
 <LI><a href="#[1c6]">HAL_Generate_Random_Bytes_To</a>
 <LI><a href="#[11a]">HAL_Init</a>
 <LI><a href="#[29c]">HAL_Set_TX_Power_Level</a>
 <LI><a href="#[1ca]">HAL_VTimerAcc_sysT32_ms</a>
 <LI><a href="#[1cf]">HAL_VTimerDiff_ms_sysT32</a>
 <LI><a href="#[1c7]">HAL_VTimerGetCurrentTime_sysT32</a>
 <LI><a href="#[1c9]">HAL_VTimerStart_ms</a>
 <LI><a href="#[1cb]">HAL_VTimerStart_sysT32</a>
 <LI><a href="#[1ce]">HAL_VTimer_Stop</a>
 <LI><a href="#[119]">HCI_Init</a>
 <LI><a href="#[1c3]">Hal_Get_Random_Number</a>
 <LI><a href="#[1d1]">Hal_Get_Random_Number32</a>
 <LI><a href="#[16b]">IDD_Initialize_Device_IDs</a>
 <LI><a href="#[133]">Ind_Service_Change_Charac</a>
 <LI><a href="#[1d4]">InvaliDate_Record</a>
 <LI><a href="#[1e7]">Is_Address_Initialized</a>
 <LI><a href="#[22f]">Is_Flash_Write_On_Going</a>
 <LI><a href="#[e3]">L2CAP_Get_PDU_Len</a>
 <LI><a href="#[1d5]">L2CAP_Reset_To_Closed_State</a>
 <LI><a href="#[1d7]">L2C_Build_Command_Reject_Pdu</a>
 <LI><a href="#[1d9]">L2C_Connection_Complete_Handler</a>
 <LI><a href="#[1dc]">L2C_Connection_Complete_Signal_Handler</a>
 <LI><a href="#[116]">L2C_Init</a>
 <LI><a href="#[1dd]">L2C_Rcv_Event_Handler</a>
 <LI><a href="#[1e0]">L2C_Rcv_Event_Handler_ISR</a>
 <LI><a href="#[1ac]">L2C_Send_Data</a>
 <LI><a href="#[1e2]">L2C_SigChan_Req_TimeOut_Handler</a>
 <LI><a href="#[1df]">L2C_Signal_Channel_Handler</a>
 <LI><a href="#[1db]">L2C_Signal_Channel_Handler_ISR</a>
 <LI><a href="#[1e4]">LE_TO_NRG_32</a>
 <LI><a href="#[17e]">LL_Allow_Address_Setting</a>
 <LI><a href="#[1e6]">LL_Check_And_Set_Addresses</a>
 <LI><a href="#[177]">LL_Enable_Disable_Adv</a>
 <LI><a href="#[169]">LL_Enable_Disable_Scan</a>
 <LI><a href="#[1f4]">LL_Encrypt_Plain_Data</a>
 <LI><a href="#[1e5]">LL_Get_Address</a>
 <LI><a href="#[17f]">LL_Get_AdvAddress</a>
 <LI><a href="#[1f6]">LL_Get_Adv_Tx_Power_Level</a>
 <LI><a href="#[1f8]">LL_Get_LTK</a>
 <LI><a href="#[180]">LL_Get_ScanAddress</a>
 <LI><a href="#[114]">LL_Init</a>
 <LI><a href="#[1fb]">LL_LE_Clear_White_List</a>
 <LI><a href="#[1fd]">LL_LE_Set_Address_Resolution_Enable</a>
 <LI><a href="#[16d]">LL_LE_Set_Resolvable_Private_Address_Timeout</a>
 <LI><a href="#[1fa]">LL_Rcv_ACL_Data</a>
 <LI><a href="#[f3]">LL_Send_ACL_Data</a>
 <LI><a href="#[16f]">LL_SetAddressResolutionEnable</a>
 <LI><a href="#[2f9]">LL_Set_Adv_Data</a>
 <LI><a href="#[1fe]">LL_Set_Adv_Params</a>
 <LI><a href="#[1ed]">LL_Set_Advertising_Buffers</a>
 <LI><a href="#[1ea]">LL_Set_DirectAddress</a>
 <LI><a href="#[1eb]">LL_Set_OwnAddress</a>
 <LI><a href="#[2fa]">LL_Set_Scan_Resp_Data</a>
 <LI><a href="#[1f0]">LL_Sleep_Req</a>
 <LI><a href="#[1ff]">LL_Start_Encryption</a>
 <LI><a href="#[200]">LL_Update_Advertising_Buffers</a>
 <LI><a href="#[201]">LL_Update_Scanning_Initiating_Buffers</a>
 <LI><a href="#[236]">LL_receive_data_patch</a>
 <LI><a href="#[238]">LL_update_proc</a>
 <LI><a href="#[19b]">List_Circular_Get_Size</a>
 <LI><a href="#[2ce]">List_Circular_Insert_Head</a>
 <LI><a href="#[1a0]">List_Circular_Insert_Tail</a>
 <LI><a href="#[20f]">List_Circular_Node_Present</a>
 <LI><a href="#[297]">List_Circular_Remove_Head</a>
 <LI><a href="#[19f]">List_Circular_Remove_Node</a>
 <LI><a href="#[211]">PKA_Generate_ECDH_Public_Key</a>
 <LI><a href="#[215]">PKA_Get_Current_Operation</a>
 <LI><a href="#[13b]">PKA_Offline_Processing</a>
 <LI><a href="#[21a]">PKA_Start_Generate_DHKey</a>
 <LI><a href="#[21b]">PM_Append_Fragment</a>
 <LI><a href="#[21d]">PM_Clone_Pckt</a>
 <LI><a href="#[151]">PM_Copy_Pckt_Data</a>
 <LI><a href="#[21f]">PM_Eng_Config</a>
 <LI><a href="#[157]">PM_Extend_Pckt_Pdu_Size</a>
 <LI><a href="#[1b1]">PM_Get_Available_Fragments</a>
 <LI><a href="#[21e]">PM_Get_Fragments_Count</a>
 <LI><a href="#[12d]">PM_Get_Pckt</a>
 <LI><a href="#[115]">PM_Init</a>
 <LI><a href="#[158]">PM_Pckt_Cmp</a>
 <LI><a href="#[eb]">PM_Release_Pckt</a>
 <LI><a href="#[f7]">PM_Set_Att_Pdu_Length</a>
 <LI><a href="#[12e]">PM_Set_ConnHandle</a>
 <LI><a href="#[f9]">PM_Write_Pckt_Data</a>
 <LI><a href="#[220]">PRIVWHIT_u8AddAddrInList</a>
 <LI><a href="#[221]">PRIVWHIT_u8RemoveAddrInList</a>
 <LI><a href="#[1e8]">PRIVWHIT_u8SearchAddrInList</a>
 <LI><a href="#[222]">PRIVWHIT_vInit_Struct</a>
 <LI><a href="#[232]">PRIV_SearchAddrInWhiteList</a>
 <LI><a href="#[223]">PRIV_u32ProcessAdvPacket</a>
 <LI><a href="#[13a]">PRIV_u8OfflineProcessing</a>
 <LI><a href="#[224]">PRIV_u8ResolvePrivateAddress</a>
 <LI><a href="#[1e9]">PRIV_vGeneratePrivateAddress</a>
 <LI><a href="#[225]">Prepare_Write_Resp</a>
 <LI><a href="#[1aa]">Process_Peer_Client_Data</a>
 <LI><a href="#[1a8]">Process_Peer_Server_Data</a>
 <LI><a href="#[123]">RAL_Isr</a>
 <LI><a href="#[229]">Read_Blob_Resp</a>
 <LI><a href="#[22b]">Read_By_Grp_Type_Resp</a>
 <LI><a href="#[227]">Read_By_Type_Resp</a>
 <LI><a href="#[22a]">Read_Multi_Resp</a>
 <LI><a href="#[15c]">Read_RecordValidity</a>
 <LI><a href="#[228]">Read_Resp</a>
 <LI><a href="#[160]">Read_SDBRecord</a>
 <LI><a href="#[247]">Reclassify_All_Channels</a>
 <LI><a href="#[248]">SDB_Add_Record</a>
 <LI><a href="#[164]">SDB_Delete</a>
 <LI><a href="#[24b]">SDB_Find_Matching_LTK</a>
 <LI><a href="#[24f]">SDB_Find_Record</a>
 <LI><a href="#[250]">SDB_Find_Record_By_ConnHandle</a>
 <LI><a href="#[24d]">SDB_Get_Data_From_Record</a>
 <LI><a href="#[298]">SDB_Get_GattDb_End_Addr</a>
 <LI><a href="#[15a]">SDB_Get_GattDb_Start_Addr</a>
 <LI><a href="#[17b]">SDB_Get_Number_Of_Records</a>
 <LI><a href="#[24a]">SDB_Get_SecurityDb_Start_Addr</a>
 <LI><a href="#[130]">SDB_Read_Peer_Bonded_Data</a>
 <LI><a href="#[24e]">SMA_Diversify</a>
 <LI><a href="#[24c]">SMA_GenEDIV_RecovDIV</a>
 <LI><a href="#[251]">SMA_Generate_CSRK</a>
 <LI><a href="#[252]">SMA_Generate_IRK</a>
 <LI><a href="#[253]">SMA_LP_s1_Generate_STK</a>
 <LI><a href="#[254]">SMA_SC_Gen_f4_Confirm</a>
 <LI><a href="#[256]">SMA_SC_Gen_f5_Keys</a>
 <LI><a href="#[257]">SMA_SC_Gen_f6_Check_Val</a>
 <LI><a href="#[258]">SMA_SC_Gen_g2_NumComp_Val</a>
 <LI><a href="#[1a6]">SMP_Check_Is_Device_Bonded</a>
 <LI><a href="#[1a5]">SMP_Forget_Device_by_ConnHandle</a>
 <LI><a href="#[117]">SMP_Init</a>
 <LI><a href="#[25a]">SMP_MI_PairingRequest_Send</a>
 <LI><a href="#[104]">SMP_Process_Q</a>
 <LI><a href="#[267]">SMP_Repeated_Attacks_Timer_cb</a>
 <LI><a href="#[268]">SMP_Timer_cb</a>
 <LI><a href="#[136]">SM_Check_Encryption_KeySize</a>
 <LI><a href="#[182]">SM_Generate_Resolvable_Private_Address</a>
 <LI><a href="#[135]">SM_Get_Link_Status</a>
 <LI><a href="#[12a]">SM_Get_Remote_Device_Info</a>
 <LI><a href="#[1e1]">SM_L2CAP_Encryption_changed_Handler_ISR</a>
 <LI><a href="#[1de]">SM_L2CAP_Handler</a>
 <LI><a href="#[1da]">SM_L2CAP_Handler_ISR</a>
 <LI><a href="#[161]">SM_Resolve_Private_Address</a>
 <LI><a href="#[270]">SM_Validate_Signed_Packet</a>
 <LI><a href="#[1bf]">STORE_LE_16</a>
 <LI><a href="#[15d]">STORE_LE_32</a>
 <LI><a href="#[e2]">Search_Handle</a>
 <LI><a href="#[ea]">Search_In_Stat</a>
 <LI><a href="#[138]">Search_Service_Handle</a>
 <LI><a href="#[28d]">Select_Next_Notification_Client</a>
 <LI><a href="#[14e]">Send_Error_Resp</a>
 <LI><a href="#[1b8]">Send_Notif_Or_Ind</a>
 <LI><a href="#[1b7]">Start_Gatt_Timer</a>
 <LI><a href="#[1b6]">Stop_Gatt_Timer</a>
 <LI><a href="#[22e]">Timer_ExpiryCallback</a>
 <LI><a href="#[113]">Timer_Init</a>
 <LI><a href="#[fb]">Timer_ProcessQ</a>
 <LI><a href="#[184]">Timer_StartOneShot</a>
 <LI><a href="#[1cc]">Timer_StartOneShot_sysTime32</a>
 <LI><a href="#[183]">Timer_StopOneShot</a>
 <LI><a href="#[1c8]">Timer_sysTime32_convMachineTime</a>
 <LI><a href="#[129]">ValidLinkPermRequest</a>
 <LI><a href="#[2d4]">WindowWiden1</a>
 <LI><a href="#[2d6]">WindowWiden2</a>
 <LI><a href="#[163]">Write_Client_Data</a>
 <LI><a href="#[22d]">Write_Cmd</a>
 <LI><a href="#[22c]">Write_Resp</a>
 <LI><a href="#[10f]">_BlueNRG_Stack_Initialization</a>
 <LI><a href="#[18a]">_gap_set_discoverable_connectable</a>
 <LI><a href="#[2a2]">aci_att_exchange_mtu_resp_event</a>
 <LI><a href="#[5c]">aci_att_exchange_mtu_resp_event_cb</a>
 <LI><a href="#[2a3]">aci_att_exec_write_resp_event</a>
 <LI><a href="#[66]">aci_att_exec_write_resp_event_cb</a>
 <LI><a href="#[2a4]">aci_att_find_by_type_value_resp_event</a>
 <LI><a href="#[5e]">aci_att_find_by_type_value_resp_event_cb</a>
 <LI><a href="#[2a5]">aci_att_find_info_resp_event</a>
 <LI><a href="#[5d]">aci_att_find_info_resp_event_cb</a>
 <LI><a href="#[2a6]">aci_att_prepare_write_resp_event</a>
 <LI><a href="#[65]">aci_att_prepare_write_resp_event_cb</a>
 <LI><a href="#[2a7]">aci_att_read_blob_resp_event</a>
 <LI><a href="#[61]">aci_att_read_blob_resp_event_cb</a>
 <LI><a href="#[2a8]">aci_att_read_by_group_type_resp_event</a>
 <LI><a href="#[63]">aci_att_read_by_group_type_resp_event_cb</a>
 <LI><a href="#[2a9]">aci_att_read_by_type_resp_event</a>
 <LI><a href="#[5f]">aci_att_read_by_type_resp_event_cb</a>
 <LI><a href="#[2aa]">aci_att_read_multiple_resp_event</a>
 <LI><a href="#[62]">aci_att_read_multiple_resp_event_cb</a>
 <LI><a href="#[2ab]">aci_att_read_resp_event</a>
 <LI><a href="#[60]">aci_att_read_resp_event_cb</a>
 <LI><a href="#[2ac]">aci_att_write_resp_event</a>
 <LI><a href="#[64]">aci_att_write_resp_event_cb</a>
 <LI><a href="#[f0]">aci_event_fifo_push</a>
 <LI><a href="#[ef]">aci_event_fifo_push_header</a>
 <LI><a href="#[2ae]">aci_gap_addr_not_resolved_event</a>
 <LI><a href="#[53]">aci_gap_addr_not_resolved_event_cb</a>
 <LI><a href="#[2af]">aci_gap_authorization_req_event</a>
 <LI><a href="#[4e]">aci_gap_authorization_req_event_cb</a>
 <LI><a href="#[2b1]">aci_gap_bond_lost_event</a>
 <LI><a href="#[50]">aci_gap_bond_lost_event_cb</a>
 <LI><a href="#[2b2]">aci_gap_device_found_event</a>
 <LI><a href="#[51]">aci_gap_device_found_event_cb</a>
 <LI><a href="#[140]">aci_gap_init</a>
 <LI><a href="#[2b3]">aci_gap_keypress_notification_event</a>
 <LI><a href="#[55]">aci_gap_keypress_notification_event_cb</a>
 <LI><a href="#[2b4]">aci_gap_limited_discoverable_event</a>
 <LI><a href="#[4b]">aci_gap_limited_discoverable_event_cb</a>
 <LI><a href="#[2b5]">aci_gap_numeric_comparison_value_event</a>
 <LI><a href="#[54]">aci_gap_numeric_comparison_value_event_cb</a>
 <LI><a href="#[2b7]">aci_gap_pairing_complete_event</a>
 <LI><a href="#[4c]">aci_gap_pairing_complete_event_cb</a>
 <LI><a href="#[2b8]">aci_gap_pass_key_req_event</a>
 <LI><a href="#[4d]">aci_gap_pass_key_req_event_cb</a>
 <LI><a href="#[2b9]">aci_gap_proc_complete_event</a>
 <LI><a href="#[52]">aci_gap_proc_complete_event_cb</a>
 <LI><a href="#[290]">aci_gap_set_discoverable</a>
 <LI><a href="#[2bb]">aci_gap_slave_security_initiated_event</a>
 <LI><a href="#[4f]">aci_gap_slave_security_initiated_event_cb</a>
 <LI><a href="#[2bc]">aci_gatt_attribute_modified_event</a>
 <LI><a href="#[5a]">aci_gatt_attribute_modified_event_cb</a>
 <LI><a href="#[2bd]">aci_gatt_disc_read_char_by_uuid_resp_event</a>
 <LI><a href="#[6b]">aci_gatt_disc_read_char_by_uuid_resp_event_cb</a>
 <LI><a href="#[2be]">aci_gatt_error_resp_event</a>
 <LI><a href="#[6a]">aci_gatt_error_resp_event_cb</a>
 <LI><a href="#[2bf]">aci_gatt_indication_event</a>
 <LI><a href="#[67]">aci_gatt_indication_event_cb</a>
 <LI><a href="#[13f]">aci_gatt_init</a>
 <LI><a href="#[2c0]">aci_gatt_notification_event</a>
 <LI><a href="#[68]">aci_gatt_notification_event_cb</a>
 <LI><a href="#[2c1]">aci_gatt_prepare_write_permit_req_event</a>
 <LI><a href="#[6d]">aci_gatt_prepare_write_permit_req_event_cb</a>
 <LI><a href="#[2c2]">aci_gatt_proc_complete_event</a>
 <LI><a href="#[69]">aci_gatt_proc_complete_event_cb</a>
 <LI><a href="#[2c3]">aci_gatt_proc_timeout_event</a>
 <LI><a href="#[5b]">aci_gatt_proc_timeout_event_cb</a>
 <LI><a href="#[2c4]">aci_gatt_read_multi_permit_req_event</a>
 <LI><a href="#[6f]">aci_gatt_read_multi_permit_req_event_cb</a>
 <LI><a href="#[2c5]">aci_gatt_read_permit_req_event</a>
 <LI><a href="#[6e]">aci_gatt_read_permit_req_event_cb</a>
 <LI><a href="#[2c6]">aci_gatt_server_confirmation_event</a>
 <LI><a href="#[71]">aci_gatt_server_confirmation_event_cb</a>
 <LI><a href="#[2c7]">aci_gatt_tx_pool_available_event</a>
 <LI><a href="#[70]">aci_gatt_tx_pool_available_event_cb</a>
 <LI><a href="#[2c8]">aci_gatt_write_permit_req_event</a>
 <LI><a href="#[6c]">aci_gatt_write_permit_req_event_cb</a>
 <LI><a href="#[2e0]">aci_hal_end_of_radio_activity_event</a>
 <LI><a href="#[2c9]">aci_hal_scan_req_report_event</a>
 <LI><a href="#[48]">aci_hal_scan_req_report_event_cb</a>
 <LI><a href="#[13d]">aci_hal_set_tx_power_level</a>
 <LI><a href="#[2ca]">aci_l2cap_command_reject_event</a>
 <LI><a href="#[59]">aci_l2cap_command_reject_event_cb</a>
 <LI><a href="#[2cb]">aci_l2cap_connection_update_req_event</a>
 <LI><a href="#[58]">aci_l2cap_connection_update_req_event_cb</a>
 <LI><a href="#[2cc]">aci_l2cap_connection_update_resp_event</a>
 <LI><a href="#[56]">aci_l2cap_connection_update_resp_event_cb</a>
 <LI><a href="#[2cd]">aci_l2cap_proc_timeout_event</a>
 <LI><a href="#[57]">aci_l2cap_proc_timeout_event_cb</a>
 <LI><a href="#[226]">acl_list_full_on_packt</a>
 <LI><a href="#[150]">acl_list_get_pckt_count</a>
 <LI><a href="#[1b4]">acl_list_init</a>
 <LI><a href="#[266]">acl_list_insert_head</a>
 <LI><a href="#[1ad]">acl_list_insert_tail</a>
 <LI><a href="#[1a9]">acl_list_is_empty</a>
 <LI><a href="#[152]">acl_list_remove</a>
 <LI><a href="#[1ab]">acl_list_remove_head</a>
 <LI><a href="#[2a0]">advParamsCheckAndSet</a>
 <LI><a href="#[23a]">advance_slave_timing_MultiSlave</a>
 <LI><a href="#[301]">advance_transmit</a>
 <LI><a href="#[1f1]">advance_wakeup_timer</a>
 <LI><a href="#[23f]">anchor_replace</a>
 <LI><a href="#[1ef]">cancel_current_master</a>
 <LI><a href="#[2db]">cancel_master</a>
 <LI><a href="#[2dc]">cancel_slave</a>
 <LI><a href="#[126]">char_copy</a>
 <LI><a href="#[1f7]">convert_power</a>
 <LI><a href="#[255]">copy_swap_buffer</a>
 <LI><a href="#[122]">deepSleepTimers_check</a>
 <LI><a href="#[1f5]">encrypt</a>
 <LI><a href="#[29f]">gapClearAllModeFlags</a>
 <LI><a href="#[231]">get_adv_addr</a>
 <LI><a href="#[186]">get_advertiser</a>
 <LI><a href="#[1f9]">get_connection_no</a>
 <LI><a href="#[1ec]">get_next_free_slot</a>
 <LI><a href="#[230]">get_scan_addr</a>
 <LI><a href="#[187]">get_scan_connection</a>
 <LI><a href="#[233]">go_to_connect</a>
 <LI><a href="#[23c]">go_to_connect_master</a>
 <LI><a href="#[111]">hal_get_hw_version</a>
 <LI><a href="#[14a]">hal_radio_activity_state_callback_check</a>
 <LI><a href="#[14b]">hal_radio_activity_state_init</a>
 <LI><a href="#[2df]">hal_read_radio_activity_state</a>
 <LI><a href="#[fc]">hci_acl_Process_Q</a>
 <LI><a href="#[73]">hci_acl_data_ind_event_int_cb</a>
 <LI><a href="#[72]">hci_acl_data_tx_cmpl_event_int_cb</a>
 <LI><a href="#[44]">hci_data_buffer_overflow_event_cb</a>
 <LI><a href="#[2e3]">hci_disconnection_complete_event</a>
 <LI><a href="#[3a]">hci_disconnection_complete_event_cb</a>
 <LI><a href="#[74]">hci_disconnection_complete_event_int_cb</a>
 <LI><a href="#[2e4]">hci_encryption_change_event</a>
 <LI><a href="#[3b]">hci_encryption_change_event_cb</a>
 <LI><a href="#[75]">hci_encryption_change_event_int_cb</a>
 <LI><a href="#[2e6]">hci_encryption_key_refresh_complete_event</a>
 <LI><a href="#[3c]">hci_encryption_key_refresh_complete_event_cb</a>
 <LI><a href="#[76]">hci_encryption_key_refresh_complete_event_int_cb</a>
 <LI><a href="#[149]">hci_hardware_error_event</a>
 <LI><a href="#[2e8]">hci_le_advertising_report_event</a>
 <LI><a href="#[3f]">hci_le_advertising_report_event_cb</a>
 <LI><a href="#[79]">hci_le_advertising_report_event_int_cb</a>
 <LI><a href="#[2ea]">hci_le_connection_complete_event</a>
 <LI><a href="#[3d]">hci_le_connection_complete_event_cb</a>
 <LI><a href="#[77]">hci_le_connection_complete_event_int_cb</a>
 <LI><a href="#[2ec]">hci_le_connection_update_complete_event</a>
 <LI><a href="#[46]">hci_le_connection_update_complete_event_cb</a>
 <LI><a href="#[2ee]">hci_le_direct_advertising_report_event</a>
 <LI><a href="#[43]">hci_le_direct_advertising_report_event_cb</a>
 <LI><a href="#[7d]">hci_le_direct_advertising_report_event_int_cb</a>
 <LI><a href="#[2f0]">hci_le_enhanced_connection_complete_event</a>
 <LI><a href="#[42]">hci_le_enhanced_connection_complete_event_cb</a>
 <LI><a href="#[7c]">hci_le_enhanced_connection_complete_event_int_cb</a>
 <LI><a href="#[2f2]">hci_le_generate_dhkey</a>
 <LI><a href="#[2f3]">hci_le_generate_dhkey_complete_event</a>
 <LI><a href="#[41]">hci_le_generate_dhkey_complete_event_cb</a>
 <LI><a href="#[7b]">hci_le_generate_dhkey_complete_event_int_cb</a>
 <LI><a href="#[2f5]">hci_le_long_term_key_request_event</a>
 <LI><a href="#[3e]">hci_le_long_term_key_request_event_cb</a>
 <LI><a href="#[78]">hci_le_long_term_key_request_event_int_cb</a>
 <LI><a href="#[260]">hci_le_read_local_p256_public_key</a>
 <LI><a href="#[2f6]">hci_le_read_local_p256_public_key_complete_event</a>
 <LI><a href="#[40]">hci_le_read_local_p256_public_key_complete_event_cb</a>
 <LI><a href="#[7a]">hci_le_read_local_p256_public_key_complete_event_int_cb</a>
 <LI><a href="#[2f8]">hci_le_read_remote_used_features_complete_event</a>
 <LI><a href="#[47]">hci_le_read_remote_used_features_complete_event_cb</a>
 <LI><a href="#[291]">hci_le_set_advertising_data</a>
 <LI><a href="#[16e]">hci_le_set_event_mask</a>
 <LI><a href="#[28f]">hci_le_set_scan_response_data</a>
 <LI><a href="#[2fb]">hci_number_of_completed_packets_event</a>
 <LI><a href="#[49]">hci_number_of_completed_packets_event_cb</a>
 <LI><a href="#[2fc]">hci_read_remote_version_information_complete_event</a>
 <LI><a href="#[45]">hci_read_remote_version_information_complete_event_cb</a>
 <LI><a href="#[2e1]">hci_rx_acl_data</a>
 <LI><a href="#[2fd]">hci_rx_acl_data_event</a>
 <LI><a href="#[4a]">hci_rx_acl_data_event_cb</a>
 <LI><a href="#[2e2]">hci_tx_acl_data_done</a>
 <LI><a href="#[1d3]">is_Buffer_All_Set_To</a>
 <LI><a href="#[2dd]">is_slave</a>
 <LI><a href="#[241]">isr_event_handler_patched</a>
 <LI><a href="#[242]">isr_postproc</a>
 <LI><a href="#[237]">isr_postproc1</a>
 <LI><a href="#[23e]">isr_postproc_encrypt_data</a>
 <LI><a href="#[100]">machine_time_trans</a>
 <LI><a href="#[11f]">mem_alloc_ctx_init</a>
 <LI><a href="#[2d8]">microseconds_to_machine_time</a>
 <LI><a href="#[239]">modulo_37</a>
 <LI><a href="#[1fc]">nsar_init</a>
 <LI><a href="#[101]">patch_advance_transmit</a>
 <LI><a href="#[240]">read_rssi</a>
 <LI><a href="#[1f2]">request_scan_slot</a>
 <LI><a href="#[1ee]">schedule_advertise_slot</a>
 <LI><a href="#[2a1]">setGapAdvData</a>
 <LI><a href="#[121]">set_freq</a>
 <LI><a href="#[2d3]">set_sca</a>
 <LI><a href="#[23b]">set_string</a>
 <LI><a href="#[f4]">slave_advance</a>
 <LI><a href="#[25b]">sm_Search_BlackList</a>
 <LI><a href="#[304]">smp_Add_To_Database</a>
 <LI><a href="#[305]">smp_Determine_Key_Association_Method</a>
 <LI><a href="#[26f]">smp_Find_Remote_Device_Index</a>
 <LI><a href="#[312]">smp_Get_Local_Identity_Address</a>
 <LI><a href="#[30f]">smp_Keys_Distribution_Start</a>
 <LI><a href="#[25d]">smp_OOB_Check_Is_Remote_Data_Present</a>
 <LI><a href="#[314]">smp_OOB_Clear_Remote_Data_Entry_by_Index</a>
 <LI><a href="#[315]">smp_OOB_Get_Remote_Data_Reference</a>
 <LI><a href="#[311]">smp_Pairing_Completed</a>
 <LI><a href="#[31b]">smp_Receive_Keys</a>
 <LI><a href="#[25f]">smp_Send_Data</a>
 <LI><a href="#[30e]">smp____PairingFailed_Send</a>
 <LI><a href="#[324]">smp____Pairing_2Octets_Packet_Send</a>
 <LI><a href="#[322]">smp____SC_Continue_If_Exclusive_SC_Pairing</a>
 <LI><a href="#[319]">smp____SC_PairingPublicKey_Receive</a>
 <LI><a href="#[309]">smp____SC_PairingPublicKey_Send</a>
 <LI><a href="#[30b]">smp____SC_Pairing_OOB_Confirm_Receive_and_Verify</a>
 <LI><a href="#[31e]">smp____SC_Phase_2AS2_DHKeyCheck_Receive</a>
 <LI><a href="#[329]">smp____SC_Phase_2AS2_DHKeyCheck_Send</a>
 <LI><a href="#[30d]">smp____SC_Phase_2AS2_Start</a>
 <LI><a href="#[326]">smp____SC_Verify_Peer_PK_and_Generate_DHKey</a>
 <LI><a href="#[2f4]">smp____SC_hci_le_generate_dhkey_complete_evt_hndl</a>
 <LI><a href="#[2f7]">smp____SC_hci_le_read_local_p256_public_key_complete_evt_hndl</a>
 <LI><a href="#[259]">smp____SC_initialize</a>
 <LI><a href="#[327]">smp____SC_is_Debug_Key_Usage_Forced</a>
 <LI><a href="#[325]">smp____SC_is_any_other_SC_Pairing_Ongoing</a>
 <LI><a href="#[308]">smp____SC_submit_ECC_PK_generation_request</a>
 <LI><a href="#[1f3]">start_timebase</a>
 <LI><a href="#[1ba]">store_data</a>
 <LI><a href="#[23d]">system_time_trans</a>
 <LI><a href="#[296]">system_time_trans_ext</a>
 <LI><a href="#[2d5]">time_offset1</a>
 <LI><a href="#[2d7]">time_offset2</a>
 <LI><a href="#[2de]">timebase_start_connect</a>
 <LI><a href="#[235]">unpack_channel_map</a>
 <LI><a href="#[234]">unpack_update_request</a>
 <LI><a href="#[2ba]">_aci_gap_set_discoverable_param_check</a>
 <LI><a href="#[ff]">BlueNRG_Stack_Perform_Crystal_Check</a>
 <LI><a href="#[218]">hci_le_generate_dhkey_complete_event_push</a>
 <LI><a href="#[217]">hci_le_read_local_p256_public_key_complete_event_push</a>
 <LI><a href="#[295]">TimerCallback</a>
 <LI><a href="#[2ad]">fifoBuf_getFreeHeader</a>
 <LI><a href="#[14c]">fifoCtrl_init</a>
 <LI><a href="#[17c]">_GAP_Parse_Advertising_Report</a>
 <LI><a href="#[178]">aci_gap_limited_discoverable_event_push</a>
 <LI><a href="#[167]">aci_gap_proc_complete_event_push</a>
 <LI><a href="#[1be]">aci_att_read_blob_resp_event_push</a>
 <LI><a href="#[1bd]">aci_att_read_multiple_resp_event_push</a>
 <LI><a href="#[1bc]">aci_att_read_resp_event_push</a>
 <LI><a href="#[1c0]">aci_gatt_disc_read_char_by_uuid_resp_event_push</a>
 <LI><a href="#[1a2]">aci_gatt_error_resp_event_push</a>
 <LI><a href="#[1c1]">aci_gatt_proc_complete_event_push</a>
 <LI><a href="#[18c]">GATT_Server_Set_Flag</a>
 <LI><a href="#[1b0]">Gatt_Store_Server_Database_And_Reset_CCCD</a>
 <LI><a href="#[1d6]">Find_L2cap_conn_index</a>
 <LI><a href="#[1e3]">aci_l2cap_connection_update_req_event_push</a>
 <LI><a href="#[2e5]">hci_encryption_change_event_push</a>
 <LI><a href="#[2e7]">hci_encryption_key_refresh_complete_event_push</a>
 <LI><a href="#[2e9]">hci_le_advertising_report_event_push</a>
 <LI><a href="#[2eb]">hci_le_connection_complete_event_push</a>
 <LI><a href="#[2ed]">hci_le_connection_update_complete_event_push</a>
 <LI><a href="#[2ef]">hci_le_direct_advertising_report_event_push</a>
 <LI><a href="#[2f1]">hci_le_enhanced_connection_complete_event_push</a>
 <LI><a href="#[146]">Mem_assign</a>
 <LI><a href="#[2cf]">adapt_slot</a>
 <LI><a href="#[2d1]">nsar_insertSlotListEntry</a>
 <LI><a href="#[2d2]">nsar_searchBestFreeSlot</a>
 <LI><a href="#[300]">nsar_updateBestFreeSlot</a>
 <LI><a href="#[2d0]">nsar_updateSlotListEntry</a>
 <LI><a href="#[2d9]">swap_char</a>
 <LI><a href="#[2da]">swap_short_int</a>
 <LI><a href="#[e7]">Acl_Copy_Data</a>
 <LI><a href="#[147]">Erase_Sector</a>
 <LI><a href="#[249]">Write_SDBRecord</a>
 <LI><a href="#[2b6]">aci_gap_numeric_comparison_value_event_push</a>
 <LI><a href="#[261]">sm_Get_Long_Term_Key</a>
 <LI><a href="#[303]">sm_RepeatedAttacks_Protection</a>
 <LI><a href="#[25c]">smp_Build_AuthReq_Field</a>
 <LI><a href="#[25e]">smp_Build_Pairing_ReqResp_Packet</a>
 <LI><a href="#[321]">smp_Check_Incoming_Pairing_Parameters</a>
 <LI><a href="#[262]">smp_Execute_Actions_wrt_Current_State</a>
 <LI><a href="#[323]">smp_Get_Pairing_Parameters_From_Peer_Packet</a>
 <LI><a href="#[310]">smp_Keys_Distribution_Send</a>
 <LI><a href="#[313]">smp_LP_MI_Compute_c1_Confirm_Value</a>
 <LI><a href="#[265]">smp_Process_Rx_Packet_Exception_Cases</a>
 <LI><a href="#[263]">smp_Process_Rx_Packet_wrt_Current_State</a>
 <LI><a href="#[316]">smp_Reset_Timer</a>
 <LI><a href="#[31f]">smp_SR_Compute_c1_Confirm_Value</a>
 <LI><a href="#[320]">smp_Set_Key_Association_Method</a>
 <LI><a href="#[306]">smp____MI_PairingConfirm_Receive</a>
 <LI><a href="#[30a]">smp____MI_PairingConfirm_Send</a>
 <LI><a href="#[31d]">smp____MI_PairingRandom_Receive</a>
 <LI><a href="#[31c]">smp____MI_PairingResponse_Receive</a>
 <LI><a href="#[318]">smp____MI_SecurityRequest_Receive</a>
 <LI><a href="#[264]">smp____Pairing_Process_Abort</a>
 <LI><a href="#[30c]">smp____SR_PairingConfirm_Receive</a>
 <LI><a href="#[31a]">smp____SR_PairingRandom_Receive</a>
 <LI><a href="#[317]">smp____SR_PairingRequest_Receive</a>
 <LI><a href="#[26c]">SM_Connection_Complete_Handler</a>
 <LI><a href="#[2b0]">aci_gap_authorization_req_event_push</a>
 <LI><a href="#[269]">aci_gap_pairing_complete_event_push</a>
 <LI><a href="#[26e]">smp_Keys_Distribution_Complete</a>
 <LI><a href="#[153]">aci_gatt_attribute_modified_event_push</a>
 <LI><a href="#[246]">aci_gatt_read_multi_permit_req_event_push</a>
 <LI><a href="#[244]">aci_gatt_read_permit_req_event_push</a>
 <LI><a href="#[299]">aci_gatt_write_permit_req_event_push</a>
 <LI><a href="#[328]">smp____SC_Phase_2AS2_Generate_DHKeyCheck</a>
 <LI><a href="#[32a]">smp____SC_Phase_2AS2__Set_Addresses</a>
 <LI><a href="#[302]">LeftShift</a>
 <LI><a href="#[26a]">SM_CMAC_Generate_Tag</a>
 <LI><a href="#[26d]">sm_Calculate_Hash</a>
 <LI><a href="#[26b]">sm_Generate_SubKeys</a>
 <LI><a href="#[db]">AES_general_enc</a>
 <LI><a href="#[dd]">AES_keyschedule_enc_LL</a>
 <LI><a href="#[dc]">AESstdInit</a>
</UL>
</UL>
<P>
<H3>
Mutually Recursive functions
</H3> <LI><a href="#[c2]">assert_failed</a>&nbsp;&nbsp;&nbsp;&rArr;&nbsp;&nbsp;&nbsp;<a href="#[c2]">assert_failed</a><BR>
 <LI><a href="#[22]">HardFault_Handler</a>&nbsp;&nbsp;&nbsp;&rArr;&nbsp;&nbsp;&nbsp;<a href="#[22]">HardFault_Handler</a><BR>
 <LI><a href="#[1d0]">sleep_timer</a>&nbsp;&nbsp;&nbsp;&rArr;&nbsp;&nbsp;&nbsp;<a href="#[fa]">BTLE_StackTick</a><BR>
</UL>
<P>
<H3>
Function Pointers
</H3><UL>
 <LI><a href="#[2c]">ADC_Handler</a> from system_bluenrg1.o(i.ADC_Handler) referenced from system_bluenrg1.o(.intvec)
 <LI><a href="#[2a]">Blue_Handler</a> from bluenrg1_it.o(i.Blue_Handler) referenced from system_bluenrg1.o(.intvec)
 <LI><a href="#[35]">DMA_Handler</a> from system_bluenrg1.o(i.DMA_Handler) referenced from system_bluenrg1.o(.intvec)
 <LI><a href="#[26]">GPIO_Handler</a> from bluenrg1_it.o(i.GPIO_Handler) referenced from system_bluenrg1.o(.intvec)
 <LI><a href="#[38]">Gatt_Read_Charac_By_Uuid_Cb</a> from gatt_client.o(i.Gatt_Read_Charac_By_Uuid_Cb) referenced from gatt_client.o(i.Gatt_Read_Charac_By_Uuid)
 <LI><a href="#[22]">HardFault_Handler</a> from bluenrg1_it.o(i.HardFault_Handler) referenced from system_bluenrg1.o(.intvec)
 <LI><a href="#[2e]">I2C1_Handler</a> from system_bluenrg1.o(i.I2C1_Handler) referenced from system_bluenrg1.o(.intvec)
 <LI><a href="#[2d]">I2C2_Handler</a> from system_bluenrg1.o(i.I2C2_Handler) referenced from system_bluenrg1.o(.intvec)
 <LI><a href="#[a]">LPS25HB_GetPressure</a> from lps25hb.o(i.LPS25HB_GetPressure) referenced 2 times from lps25hb.o(.data)
 <LI><a href="#[b]">LPS25HB_GetTemperature</a> from lps25hb.o(i.LPS25HB_GetTemperature) referenced 2 times from lps25hb.o(.data)
 <LI><a href="#[6]">LPS25HB_Init</a> from lps25hb.o(i.LPS25HB_Init) referenced 2 times from lps25hb.o(.data)
 <LI><a href="#[7]">LPS25HB_PowerOff</a> from lps25hb.o(i.LPS25HB_PowerOff) referenced 2 times from lps25hb.o(.data)
 <LI><a href="#[8]">LPS25HB_ReadID</a> from lps25hb.o(i.LPS25HB_ReadID) referenced 2 times from lps25hb.o(.data)
 <LI><a href="#[9]">LPS25HB_RebootCmd</a> from lps25hb.o(i.LPS25HB_RebootCmd) referenced 2 times from lps25hb.o(.data)
 <LI><a href="#[c]">LPS25HB_SlaveAddrRemap</a> from lps25hb.o(i.LPS25HB_SlaveAddrRemap) referenced 2 times from lps25hb.o(.data)
 <LI><a href="#[1e]">LSM6DS3_Disable_Free_Fall_Detection</a> from lsm6ds3.o(i.LSM6DS3_Disable_Free_Fall_Detection) referenced 2 times from lsm6ds3.o(.data)
 <LI><a href="#[1d]">LSM6DS3_Enable_Free_Fall_Detection</a> from lsm6ds3.o(i.LSM6DS3_Enable_Free_Fall_Detection) referenced 2 times from lsm6ds3.o(.data)
 <LI><a href="#[11]">LSM6DS3_G_GetAxes</a> from lsm6ds3.o(i.LSM6DS3_G_GetAxes) referenced 2 times from lsm6ds3.o(.data)
 <LI><a href="#[12]">LSM6DS3_G_GetAxesRaw</a> from lsm6ds3.o(i.LSM6DS3_G_GetAxesRaw) referenced 2 times from lsm6ds3.o(.data)
 <LI><a href="#[1a]">LSM6DS3_G_GetSensitivity</a> from lsm6ds3.o(i.LSM6DS3_G_GetSensitivity) referenced 2 times from lsm6ds3.o(.data)
 <LI><a href="#[1b]">LSM6DS3_G_Get_FS</a> from lsm6ds3.o(i.LSM6DS3_G_Get_FS) referenced 2 times from lsm6ds3.o(.data)
 <LI><a href="#[18]">LSM6DS3_G_Get_ODR</a> from lsm6ds3.o(i.LSM6DS3_G_Get_ODR) referenced 2 times from lsm6ds3.o(.data)
 <LI><a href="#[1c]">LSM6DS3_G_Set_FS</a> from lsm6ds3.o(i.LSM6DS3_G_Set_FS) referenced 2 times from lsm6ds3.o(.data)
 <LI><a href="#[19]">LSM6DS3_G_Set_ODR</a> from lsm6ds3.o(i.LSM6DS3_G_Set_ODR) referenced 2 times from lsm6ds3.o(.data)
 <LI><a href="#[1f]">LSM6DS3_Get_Status_Free_Fall_Detection</a> from lsm6ds3.o(i.LSM6DS3_Get_Status_Free_Fall_Detection) referenced 2 times from lsm6ds3.o(.data)
 <LI><a href="#[d]">LSM6DS3_Init</a> from lsm6ds3.o(i.LSM6DS3_Init) referenced 2 times from lsm6ds3.o(.data)
 <LI><a href="#[e]">LSM6DS3_Read_XG_ID</a> from lsm6ds3.o(i.LSM6DS3_Read_XG_ID) referenced 2 times from lsm6ds3.o(.data)
 <LI><a href="#[f]">LSM6DS3_X_GetAxes</a> from lsm6ds3.o(i.LSM6DS3_X_GetAxes) referenced 2 times from lsm6ds3.o(.data)
 <LI><a href="#[10]">LSM6DS3_X_GetAxesRaw</a> from lsm6ds3.o(i.LSM6DS3_X_GetAxesRaw) referenced 2 times from lsm6ds3.o(.data)
 <LI><a href="#[15]">LSM6DS3_X_GetSensitivity</a> from lsm6ds3.o(i.LSM6DS3_X_GetSensitivity) referenced 2 times from lsm6ds3.o(.data)
 <LI><a href="#[16]">LSM6DS3_X_Get_FS</a> from lsm6ds3.o(i.LSM6DS3_X_Get_FS) referenced 2 times from lsm6ds3.o(.data)
 <LI><a href="#[13]">LSM6DS3_X_Get_ODR</a> from lsm6ds3.o(i.LSM6DS3_X_Get_ODR) referenced 2 times from lsm6ds3.o(.data)
 <LI><a href="#[17]">LSM6DS3_X_Set_FS</a> from lsm6ds3.o(i.LSM6DS3_X_Set_FS) referenced 2 times from lsm6ds3.o(.data)
 <LI><a href="#[14]">LSM6DS3_X_Set_ODR</a> from lsm6ds3.o(i.LSM6DS3_X_Set_ODR) referenced 2 times from lsm6ds3.o(.data)
 <LI><a href="#[2f]">MFT1A_Handler</a> from system_bluenrg1.o(i.MFT1A_Handler) referenced from system_bluenrg1.o(.intvec)
 <LI><a href="#[30]">MFT1B_Handler</a> from system_bluenrg1.o(i.MFT1B_Handler) referenced from system_bluenrg1.o(.intvec)
 <LI><a href="#[31]">MFT2A_Handler</a> from system_bluenrg1.o(i.MFT2A_Handler) referenced from system_bluenrg1.o(.intvec)
 <LI><a href="#[32]">MFT2B_Handler</a> from system_bluenrg1.o(i.MFT2B_Handler) referenced from system_bluenrg1.o(.intvec)
 <LI><a href="#[21]">NMI_Handler</a> from bluenrg1_it.o(i.NMI_Handler) referenced from system_bluenrg1.o(.intvec)
 <LI><a href="#[27]">NVM_Handler</a> from system_bluenrg1.o(i.NVM_Handler) referenced from system_bluenrg1.o(.intvec)
 <LI><a href="#[34]">PKA_Handler</a> from system_bluenrg1.o(i.PKA_Handler) referenced from system_bluenrg1.o(.intvec)
 <LI><a href="#[24]">PendSV_Handler</a> from system_bluenrg1.o(i.PendSV_Handler) referenced from system_bluenrg1.o(.intvec)
 <LI><a href="#[20]">RESET_HANDLER</a> from system_bluenrg1.o(i.RESET_HANDLER) referenced from system_bluenrg1.o(.intvec)
 <LI><a href="#[33]">RTC_Handler</a> from system_bluenrg1.o(i.RTC_Handler) referenced from system_bluenrg1.o(.intvec)
 <LI><a href="#[29]">SPI_Handler</a> from system_bluenrg1.o(i.SPI_Handler) referenced from system_bluenrg1.o(.intvec)
 <LI><a href="#[23]">SVC_Handler</a> from bluenrg1_it.o(i.SVC_Handler) referenced from system_bluenrg1.o(.intvec)
 <LI><a href="#[25]">SysTick_Handler</a> from bluenrg1_it.o(i.SysTick_Handler) referenced from system_bluenrg1.o(.intvec)
 <LI><a href="#[28]">UART_Handler</a> from bluenrg1_it.o(i.UART_Handler) referenced from system_bluenrg1.o(.intvec)
 <LI><a href="#[2b]">WDG_Handler</a> from system_bluenrg1.o(i.WDG_Handler) referenced from system_bluenrg1.o(.intvec)
 <LI><a href="#[39]">_printf_fp_dec_real</a> from _printf_fp_dec.o(.text) referenced from printf1.o(x$fpl$printf1)
 <LI><a href="#[37]">_printf_input_char</a> from _printf_char_common.o(.text) referenced from _printf_char_common.o(.text)
 <LI><a href="#[5c]">aci_att_exchange_mtu_resp_event_cb</a> from aci_events.o(i.aci_att_exchange_mtu_resp_event_cb) referenced from aci_events.o(.constdata)
 <LI><a href="#[66]">aci_att_exec_write_resp_event_cb</a> from aci_events.o(i.aci_att_exec_write_resp_event_cb) referenced from aci_events.o(.constdata)
 <LI><a href="#[5e]">aci_att_find_by_type_value_resp_event_cb</a> from aci_events.o(i.aci_att_find_by_type_value_resp_event_cb) referenced from aci_events.o(.constdata)
 <LI><a href="#[5d]">aci_att_find_info_resp_event_cb</a> from aci_events.o(i.aci_att_find_info_resp_event_cb) referenced from aci_events.o(.constdata)
 <LI><a href="#[65]">aci_att_prepare_write_resp_event_cb</a> from aci_events.o(i.aci_att_prepare_write_resp_event_cb) referenced from aci_events.o(.constdata)
 <LI><a href="#[61]">aci_att_read_blob_resp_event_cb</a> from aci_events.o(i.aci_att_read_blob_resp_event_cb) referenced from aci_events.o(.constdata)
 <LI><a href="#[63]">aci_att_read_by_group_type_resp_event_cb</a> from aci_events.o(i.aci_att_read_by_group_type_resp_event_cb) referenced from aci_events.o(.constdata)
 <LI><a href="#[5f]">aci_att_read_by_type_resp_event_cb</a> from aci_events.o(i.aci_att_read_by_type_resp_event_cb) referenced from aci_events.o(.constdata)
 <LI><a href="#[62]">aci_att_read_multiple_resp_event_cb</a> from aci_events.o(i.aci_att_read_multiple_resp_event_cb) referenced from aci_events.o(.constdata)
 <LI><a href="#[60]">aci_att_read_resp_event_cb</a> from aci_events.o(i.aci_att_read_resp_event_cb) referenced from aci_events.o(.constdata)
 <LI><a href="#[64]">aci_att_write_resp_event_cb</a> from aci_events.o(i.aci_att_write_resp_event_cb) referenced from aci_events.o(.constdata)
 <LI><a href="#[53]">aci_gap_addr_not_resolved_event_cb</a> from aci_events.o(i.aci_gap_addr_not_resolved_event_cb) referenced from aci_events.o(.constdata)
 <LI><a href="#[4e]">aci_gap_authorization_req_event_cb</a> from aci_events.o(i.aci_gap_authorization_req_event_cb) referenced from aci_events.o(.constdata)
 <LI><a href="#[50]">aci_gap_bond_lost_event_cb</a> from aci_events.o(i.aci_gap_bond_lost_event_cb) referenced from aci_events.o(.constdata)
 <LI><a href="#[51]">aci_gap_device_found_event_cb</a> from aci_events.o(i.aci_gap_device_found_event_cb) referenced from aci_events.o(.constdata)
 <LI><a href="#[55]">aci_gap_keypress_notification_event_cb</a> from aci_events.o(i.aci_gap_keypress_notification_event_cb) referenced from aci_events.o(.constdata)
 <LI><a href="#[4b]">aci_gap_limited_discoverable_event_cb</a> from aci_events.o(i.aci_gap_limited_discoverable_event_cb) referenced from aci_events.o(.constdata)
 <LI><a href="#[54]">aci_gap_numeric_comparison_value_event_cb</a> from aci_events.o(i.aci_gap_numeric_comparison_value_event_cb) referenced from aci_events.o(.constdata)
 <LI><a href="#[4c]">aci_gap_pairing_complete_event_cb</a> from aci_events.o(i.aci_gap_pairing_complete_event_cb) referenced from aci_events.o(.constdata)
 <LI><a href="#[4d]">aci_gap_pass_key_req_event_cb</a> from aci_events.o(i.aci_gap_pass_key_req_event_cb) referenced from aci_events.o(.constdata)
 <LI><a href="#[52]">aci_gap_proc_complete_event_cb</a> from aci_events.o(i.aci_gap_proc_complete_event_cb) referenced from aci_events.o(.constdata)
 <LI><a href="#[4f]">aci_gap_slave_security_initiated_event_cb</a> from aci_events.o(i.aci_gap_slave_security_initiated_event_cb) referenced from aci_events.o(.constdata)
 <LI><a href="#[5a]">aci_gatt_attribute_modified_event_cb</a> from aci_events.o(i.aci_gatt_attribute_modified_event_cb) referenced from aci_events.o(.constdata)
 <LI><a href="#[6b]">aci_gatt_disc_read_char_by_uuid_resp_event_cb</a> from aci_events.o(i.aci_gatt_disc_read_char_by_uuid_resp_event_cb) referenced from aci_events.o(.constdata)
 <LI><a href="#[6a]">aci_gatt_error_resp_event_cb</a> from aci_events.o(i.aci_gatt_error_resp_event_cb) referenced from aci_events.o(.constdata)
 <LI><a href="#[67]">aci_gatt_indication_event_cb</a> from aci_events.o(i.aci_gatt_indication_event_cb) referenced from aci_events.o(.constdata)
 <LI><a href="#[68]">aci_gatt_notification_event_cb</a> from aci_events.o(i.aci_gatt_notification_event_cb) referenced from aci_events.o(.constdata)
 <LI><a href="#[6d]">aci_gatt_prepare_write_permit_req_event_cb</a> from aci_events.o(i.aci_gatt_prepare_write_permit_req_event_cb) referenced from aci_events.o(.constdata)
 <LI><a href="#[69]">aci_gatt_proc_complete_event_cb</a> from aci_events.o(i.aci_gatt_proc_complete_event_cb) referenced from aci_events.o(.constdata)
 <LI><a href="#[5b]">aci_gatt_proc_timeout_event_cb</a> from aci_events.o(i.aci_gatt_proc_timeout_event_cb) referenced from aci_events.o(.constdata)
 <LI><a href="#[6f]">aci_gatt_read_multi_permit_req_event_cb</a> from aci_events.o(i.aci_gatt_read_multi_permit_req_event_cb) referenced from aci_events.o(.constdata)
 <LI><a href="#[6e]">aci_gatt_read_permit_req_event_cb</a> from aci_events.o(i.aci_gatt_read_permit_req_event_cb) referenced from aci_events.o(.constdata)
 <LI><a href="#[71]">aci_gatt_server_confirmation_event_cb</a> from aci_events.o(i.aci_gatt_server_confirmation_event_cb) referenced from aci_events.o(.constdata)
 <LI><a href="#[70]">aci_gatt_tx_pool_available_event_cb</a> from aci_events.o(i.aci_gatt_tx_pool_available_event_cb) referenced from aci_events.o(.constdata)
 <LI><a href="#[6c]">aci_gatt_write_permit_req_event_cb</a> from aci_events.o(i.aci_gatt_write_permit_req_event_cb) referenced from aci_events.o(.constdata)
 <LI><a href="#[48]">aci_hal_scan_req_report_event_cb</a> from aci_events.o(i.aci_hal_scan_req_report_event_cb) referenced from aci_events.o(.constdata)
 <LI><a href="#[59]">aci_l2cap_command_reject_event_cb</a> from aci_events.o(i.aci_l2cap_command_reject_event_cb) referenced from aci_events.o(.constdata)
 <LI><a href="#[58]">aci_l2cap_connection_update_req_event_cb</a> from aci_events.o(i.aci_l2cap_connection_update_req_event_cb) referenced from aci_events.o(.constdata)
 <LI><a href="#[56]">aci_l2cap_connection_update_resp_event_cb</a> from aci_events.o(i.aci_l2cap_connection_update_resp_event_cb) referenced from aci_events.o(.constdata)
 <LI><a href="#[57]">aci_l2cap_proc_timeout_event_cb</a> from aci_events.o(i.aci_l2cap_proc_timeout_event_cb) referenced from aci_events.o(.constdata)
 <LI><a href="#[36]">fputc</a> from sdk_eval_com.o(i.fputc) referenced from _printf_char_file.o(.text)
 <LI><a href="#[73]">hci_acl_data_ind_event_int_cb</a> from acl.o(i.hci_acl_data_ind_event_int_cb) referenced from aci_events.o(.constdata)
 <LI><a href="#[72]">hci_acl_data_tx_cmpl_event_int_cb</a> from acl.o(i.hci_acl_data_tx_cmpl_event_int_cb) referenced from aci_events.o(.constdata)
 <LI><a href="#[44]">hci_data_buffer_overflow_event_cb</a> from aci_events.o(i.hci_data_buffer_overflow_event_cb) referenced from aci_events.o(.constdata)
 <LI><a href="#[3a]">hci_disconnection_complete_event_cb</a> from aci_events.o(i.hci_disconnection_complete_event_cb) referenced from aci_events.o(.constdata)
 <LI><a href="#[74]">hci_disconnection_complete_event_int_cb</a> from aci_events.o(i.hci_disconnection_complete_event_int_cb) referenced from aci_events.o(.constdata)
 <LI><a href="#[3b]">hci_encryption_change_event_cb</a> from aci_events.o(i.hci_encryption_change_event_cb) referenced from aci_events.o(.constdata)
 <LI><a href="#[75]">hci_encryption_change_event_int_cb</a> from aci_events.o(i.hci_encryption_change_event_int_cb) referenced from aci_events.o(.constdata)
 <LI><a href="#[3c]">hci_encryption_key_refresh_complete_event_cb</a> from aci_events.o(i.hci_encryption_key_refresh_complete_event_cb) referenced from aci_events.o(.constdata)
 <LI><a href="#[76]">hci_encryption_key_refresh_complete_event_int_cb</a> from aci_events.o(i.hci_encryption_key_refresh_complete_event_int_cb) referenced from aci_events.o(.constdata)
 <LI><a href="#[3f]">hci_le_advertising_report_event_cb</a> from aci_events.o(i.hci_le_advertising_report_event_cb) referenced from aci_events.o(.constdata)
 <LI><a href="#[79]">hci_le_advertising_report_event_int_cb</a> from aci_events.o(i.hci_le_advertising_report_event_int_cb) referenced from aci_events.o(.constdata)
 <LI><a href="#[3d]">hci_le_connection_complete_event_cb</a> from aci_events.o(i.hci_le_connection_complete_event_cb) referenced from aci_events.o(.constdata)
 <LI><a href="#[77]">hci_le_connection_complete_event_int_cb</a> from aci_events.o(i.hci_le_connection_complete_event_int_cb) referenced from aci_events.o(.constdata)
 <LI><a href="#[46]">hci_le_connection_update_complete_event_cb</a> from aci_events.o(i.hci_le_connection_update_complete_event_cb) referenced from aci_events.o(.constdata)
 <LI><a href="#[43]">hci_le_direct_advertising_report_event_cb</a> from aci_events.o(i.hci_le_direct_advertising_report_event_cb) referenced from aci_events.o(.constdata)
 <LI><a href="#[7d]">hci_le_direct_advertising_report_event_int_cb</a> from aci_events.o(i.hci_le_direct_advertising_report_event_int_cb) referenced from aci_events.o(.constdata)
 <LI><a href="#[42]">hci_le_enhanced_connection_complete_event_cb</a> from aci_events.o(i.hci_le_enhanced_connection_complete_event_cb) referenced from aci_events.o(.constdata)
 <LI><a href="#[7c]">hci_le_enhanced_connection_complete_event_int_cb</a> from aci_events.o(i.hci_le_enhanced_connection_complete_event_int_cb) referenced from aci_events.o(.constdata)
 <LI><a href="#[41]">hci_le_generate_dhkey_complete_event_cb</a> from aci_events.o(i.hci_le_generate_dhkey_complete_event_cb) referenced from aci_events.o(.constdata)
 <LI><a href="#[7b]">hci_le_generate_dhkey_complete_event_int_cb</a> from aci_events.o(i.hci_le_generate_dhkey_complete_event_int_cb) referenced from aci_events.o(.constdata)
 <LI><a href="#[3e]">hci_le_long_term_key_request_event_cb</a> from aci_events.o(i.hci_le_long_term_key_request_event_cb) referenced from aci_events.o(.constdata)
 <LI><a href="#[78]">hci_le_long_term_key_request_event_int_cb</a> from aci_events.o(i.hci_le_long_term_key_request_event_int_cb) referenced from aci_events.o(.constdata)
 <LI><a href="#[40]">hci_le_read_local_p256_public_key_complete_event_cb</a> from aci_events.o(i.hci_le_read_local_p256_public_key_complete_event_cb) referenced from aci_events.o(.constdata)
 <LI><a href="#[7a]">hci_le_read_local_p256_public_key_complete_event_int_cb</a> from aci_events.o(i.hci_le_read_local_p256_public_key_complete_event_int_cb) referenced from aci_events.o(.constdata)
 <LI><a href="#[47]">hci_le_read_remote_used_features_complete_event_cb</a> from aci_events.o(i.hci_le_read_remote_used_features_complete_event_cb) referenced from aci_events.o(.constdata)
 <LI><a href="#[49]">hci_number_of_completed_packets_event_cb</a> from aci_events.o(i.hci_number_of_completed_packets_event_cb) referenced from aci_events.o(.constdata)
 <LI><a href="#[45]">hci_read_remote_version_information_complete_event_cb</a> from aci_events.o(i.hci_read_remote_version_information_complete_event_cb) referenced from aci_events.o(.constdata)
 <LI><a href="#[4a]">hci_rx_acl_data_event_cb</a> from aci_events.o(i.hci_rx_acl_data_event_cb) referenced from aci_events.o(.constdata)
</UL>
<P>
<H3>
Global Symbols
</H3>
<P><STRONG><a name="[7e]"></a>__main</STRONG> (Thumb, 8 bytes, Stack size 0 bytes, __main.o(!!!main))
<BR><BR>[Calls]<UL><LI><a href="#[80]">&gt;&gt;</a>&nbsp;&nbsp;&nbsp;__rt_entry
<LI><a href="#[7f]">&gt;&gt;</a>&nbsp;&nbsp;&nbsp;__scatterload
</UL>
<BR>[Called By]<UL><LI><a href="#[20]">&gt;&gt;</a>&nbsp;&nbsp;&nbsp;RESET_HANDLER
</UL>

<P><STRONG><a name="[7f]"></a>__scatterload</STRONG> (Thumb, 0 bytes, Stack size unknown bytes, __scatter.o(!!!scatter))
<BR><BR>[Called By]<UL><LI><a href="#[7e]">&gt;&gt;</a>&nbsp;&nbsp;&nbsp;__main
</UL>

<P><STRONG><a name="[81]"></a>__scatterload_rt2</STRONG> (Thumb, 52 bytes, Stack size unknown bytes, __scatter.o(!!!scatter), UNUSED)
<BR><BR>[Calls]<UL><LI><a href="#[80]">&gt;&gt;</a>&nbsp;&nbsp;&nbsp;__rt_entry
</UL>

<P><STRONG><a name="[331]"></a>__scatterload_rt2_thumb_only</STRONG> (Thumb, 0 bytes, Stack size unknown bytes, __scatter.o(!!!scatter), UNUSED)

<P><STRONG><a name="[332]"></a>__scatterload_null</STRONG> (Thumb, 0 bytes, Stack size unknown bytes, __scatter.o(!!!scatter), UNUSED)

<P><STRONG><a name="[82]"></a>__scatterload_copy</STRONG> (Thumb, 26 bytes, Stack size unknown bytes, __scatter_copy.o(!!handler_copy), UNUSED)
<BR><BR>[Calls]<UL><LI><a href="#[82]">&gt;&gt;</a>&nbsp;&nbsp;&nbsp;__scatterload_copy
</UL>
<BR>[Called By]<UL><LI><a href="#[82]">&gt;&gt;</a>&nbsp;&nbsp;&nbsp;__scatterload_copy
</UL>

<P><STRONG><a name="[333]"></a>__scatterload_zeroinit</STRONG> (Thumb, 28 bytes, Stack size unknown bytes, __scatter_zi.o(!!handler_zi), UNUSED)

<P><STRONG><a name="[107]"></a>CS_contextSave</STRONG> (Thumb, 50 bytes, Stack size 0 bytes, context_switch.o(. text))
<BR><BR>[Called By]<UL><LI><a href="#[105]">&gt;&gt;</a>&nbsp;&nbsp;&nbsp;BlueNRG_InternalSleep
</UL>

<P><STRONG><a name="[29d]"></a>CS_contextRestore</STRONG> (Thumb, 20 bytes, Stack size 0 bytes, context_switch.o(. text))
<BR><BR>[Called By]<UL><LI><a href="#[243]">&gt;&gt;</a>&nbsp;&nbsp;&nbsp;__low_level_init
</UL>

<P><STRONG><a name="[10c]"></a>BlueNRG_IdleSleep</STRONG> (Thumb, 8 bytes, Stack size 0 bytes, context_switch.o(. text))
<BR><BR>[Called By]<UL><LI><a href="#[109]">&gt;&gt;</a>&nbsp;&nbsp;&nbsp;BlueNRG_Sleep
</UL>

<P><STRONG><a name="[9f]"></a>_printf_percent</STRONG> (Thumb, 0 bytes, Stack size unknown bytes, _printf_percent.o(.ARM.Collect$$_printf_percent$$00000000))
<BR><BR>[Called By]<UL><LI><a href="#[9d]">&gt;&gt;</a>&nbsp;&nbsp;&nbsp;__printf
</UL>

<P><STRONG><a name="[83]"></a>_printf_f</STRONG> (Thumb, 0 bytes, Stack size unknown bytes, _printf_f.o(.ARM.Collect$$_printf_percent$$00000003))
<BR><BR>[Stack]<UL><LI>Max Depth = 88 + Unknown Stack Size
<LI>Call Chain = _printf_f &rArr; _printf_d &rArr; _printf_int_dec &rArr; _printf_int_common &rArr; _printf_post_padding
</UL>
<BR>[Calls]<UL><LI><a href="#[85]">&gt;&gt;</a>&nbsp;&nbsp;&nbsp;_printf_fp_dec
<LI><a href="#[84]">&gt;&gt;</a>&nbsp;&nbsp;&nbsp;_printf_d
</UL>

<P><STRONG><a name="[84]"></a>_printf_d</STRONG> (Thumb, 0 bytes, Stack size unknown bytes, _printf_d.o(.ARM.Collect$$_printf_percent$$00000009))
<BR><BR>[Stack]<UL><LI>Max Depth = 88 + Unknown Stack Size
<LI>Call Chain = _printf_d &rArr; _printf_int_dec &rArr; _printf_int_common &rArr; _printf_post_padding
</UL>
<BR>[Calls]<UL><LI><a href="#[86]">&gt;&gt;</a>&nbsp;&nbsp;&nbsp;_printf_x
<LI><a href="#[87]">&gt;&gt;</a>&nbsp;&nbsp;&nbsp;_printf_int_dec
</UL>
<BR>[Called By]<UL><LI><a href="#[83]">&gt;&gt;</a>&nbsp;&nbsp;&nbsp;_printf_f
</UL>

<P><STRONG><a name="[86]"></a>_printf_x</STRONG> (Thumb, 0 bytes, Stack size unknown bytes, _printf_x.o(.ARM.Collect$$_printf_percent$$0000000C))
<BR><BR>[Stack]<UL><LI>Max Depth = 72 + Unknown Stack Size
<LI>Call Chain = _printf_x &rArr; _printf_int_hex &rArr; _printf_int_common &rArr; _printf_post_padding
</UL>
<BR>[Calls]<UL><LI><a href="#[88]">&gt;&gt;</a>&nbsp;&nbsp;&nbsp;_printf_percent_end
<LI><a href="#[89]">&gt;&gt;</a>&nbsp;&nbsp;&nbsp;_printf_int_hex
</UL>
<BR>[Called By]<UL><LI><a href="#[84]">&gt;&gt;</a>&nbsp;&nbsp;&nbsp;_printf_d
</UL>

<P><STRONG><a name="[88]"></a>_printf_percent_end</STRONG> (Thumb, 0 bytes, Stack size unknown bytes, _printf_percent_end.o(.ARM.Collect$$_printf_percent$$00000017))
<BR><BR>[Called By]<UL><LI><a href="#[86]">&gt;&gt;</a>&nbsp;&nbsp;&nbsp;_printf_x
</UL>

<P><STRONG><a name="[8f]"></a>__rt_lib_init</STRONG> (Thumb, 0 bytes, Stack size unknown bytes, libinit.o(.ARM.Collect$$libinit$$00000000))
<BR><BR>[Called By]<UL><LI><a href="#[8e]">&gt;&gt;</a>&nbsp;&nbsp;&nbsp;__rt_entry_li
</UL>

<P><STRONG><a name="[334]"></a>__rt_lib_init_fp_1</STRONG> (Thumb, 0 bytes, Stack size unknown bytes, libinit2.o(.ARM.Collect$$libinit$$00000002))

<P><STRONG><a name="[335]"></a>__rt_lib_init_heap_1</STRONG> (Thumb, 0 bytes, Stack size unknown bytes, libinit2.o(.ARM.Collect$$libinit$$0000000A))

<P><STRONG><a name="[8a]"></a>__rt_lib_init_lc_common</STRONG> (Thumb, 0 bytes, Stack size unknown bytes, libinit2.o(.ARM.Collect$$libinit$$0000000F))
<BR><BR>[Calls]<UL><LI><a href="#[8b]">&gt;&gt;</a>&nbsp;&nbsp;&nbsp;__rt_locale
</UL>

<P><STRONG><a name="[336]"></a>__rt_lib_init_preinit_1</STRONG> (Thumb, 0 bytes, Stack size unknown bytes, libinit2.o(.ARM.Collect$$libinit$$00000004))

<P><STRONG><a name="[337]"></a>__rt_lib_init_rand_1</STRONG> (Thumb, 0 bytes, Stack size unknown bytes, libinit2.o(.ARM.Collect$$libinit$$0000000E))

<P><STRONG><a name="[338]"></a>__rt_lib_init_user_alloc_1</STRONG> (Thumb, 0 bytes, Stack size unknown bytes, libinit2.o(.ARM.Collect$$libinit$$0000000C))

<P><STRONG><a name="[339]"></a>__rt_lib_init_lc_collate_1</STRONG> (Thumb, 0 bytes, Stack size unknown bytes, libinit2.o(.ARM.Collect$$libinit$$00000011))

<P><STRONG><a name="[33a]"></a>__rt_lib_init_lc_ctype_1</STRONG> (Thumb, 0 bytes, Stack size unknown bytes, libinit2.o(.ARM.Collect$$libinit$$00000013))

<P><STRONG><a name="[33b]"></a>__rt_lib_init_lc_monetary_1</STRONG> (Thumb, 0 bytes, Stack size unknown bytes, libinit2.o(.ARM.Collect$$libinit$$00000015))

<P><STRONG><a name="[8c]"></a>__rt_lib_init_lc_numeric_2</STRONG> (Thumb, 0 bytes, Stack size unknown bytes, libinit2.o(.ARM.Collect$$libinit$$00000016))
<BR><BR>[Stack]<UL><LI>Max Depth = 24 + Unknown Stack Size
<LI>Call Chain = __rt_lib_init_lc_numeric_2 &rArr; _get_lc_numeric &rArr; strcmp
</UL>
<BR>[Calls]<UL><LI><a href="#[8d]">&gt;&gt;</a>&nbsp;&nbsp;&nbsp;_get_lc_numeric
</UL>

<P><STRONG><a name="[33c]"></a>__rt_lib_init_alloca_1</STRONG> (Thumb, 0 bytes, Stack size unknown bytes, libinit2.o(.ARM.Collect$$libinit$$0000002E))

<P><STRONG><a name="[33d]"></a>__rt_lib_init_argv_1</STRONG> (Thumb, 0 bytes, Stack size unknown bytes, libinit2.o(.ARM.Collect$$libinit$$0000002C))

<P><STRONG><a name="[33e]"></a>__rt_lib_init_atexit_1</STRONG> (Thumb, 0 bytes, Stack size unknown bytes, libinit2.o(.ARM.Collect$$libinit$$0000001B))

<P><STRONG><a name="[33f]"></a>__rt_lib_init_clock_1</STRONG> (Thumb, 0 bytes, Stack size unknown bytes, libinit2.o(.ARM.Collect$$libinit$$00000021))

<P><STRONG><a name="[340]"></a>__rt_lib_init_cpp_1</STRONG> (Thumb, 0 bytes, Stack size unknown bytes, libinit2.o(.ARM.Collect$$libinit$$00000032))

<P><STRONG><a name="[341]"></a>__rt_lib_init_exceptions_1</STRONG> (Thumb, 0 bytes, Stack size unknown bytes, libinit2.o(.ARM.Collect$$libinit$$00000030))

<P><STRONG><a name="[342]"></a>__rt_lib_init_fp_trap_1</STRONG> (Thumb, 0 bytes, Stack size unknown bytes, libinit2.o(.ARM.Collect$$libinit$$0000001F))

<P><STRONG><a name="[343]"></a>__rt_lib_init_getenv_1</STRONG> (Thumb, 0 bytes, Stack size unknown bytes, libinit2.o(.ARM.Collect$$libinit$$00000023))

<P><STRONG><a name="[344]"></a>__rt_lib_init_lc_numeric_1</STRONG> (Thumb, 0 bytes, Stack size unknown bytes, libinit2.o(.ARM.Collect$$libinit$$00000017))

<P><STRONG><a name="[345]"></a>__rt_lib_init_lc_time_1</STRONG> (Thumb, 0 bytes, Stack size unknown bytes, libinit2.o(.ARM.Collect$$libinit$$00000019))

<P><STRONG><a name="[346]"></a>__rt_lib_init_return</STRONG> (Thumb, 0 bytes, Stack size unknown bytes, libinit2.o(.ARM.Collect$$libinit$$00000033))

<P><STRONG><a name="[347]"></a>__rt_lib_init_signal_1</STRONG> (Thumb, 0 bytes, Stack size unknown bytes, libinit2.o(.ARM.Collect$$libinit$$0000001D))

<P><STRONG><a name="[348]"></a>__rt_lib_init_stdio_1</STRONG> (Thumb, 0 bytes, Stack size unknown bytes, libinit2.o(.ARM.Collect$$libinit$$00000025))

<P><STRONG><a name="[94]"></a>__rt_lib_shutdown</STRONG> (Thumb, 0 bytes, Stack size unknown bytes, libshutdown.o(.ARM.Collect$$libshutdown$$00000000))
<BR><BR>[Called By]<UL><LI><a href="#[93]">&gt;&gt;</a>&nbsp;&nbsp;&nbsp;__rt_exit_ls
</UL>

<P><STRONG><a name="[349]"></a>__rt_lib_shutdown_cpp_1</STRONG> (Thumb, 0 bytes, Stack size unknown bytes, libshutdown2.o(.ARM.Collect$$libshutdown$$00000002))

<P><STRONG><a name="[34a]"></a>__rt_lib_shutdown_fp_trap_1</STRONG> (Thumb, 0 bytes, Stack size unknown bytes, libshutdown2.o(.ARM.Collect$$libshutdown$$00000007))

<P><STRONG><a name="[34b]"></a>__rt_lib_shutdown_heap_1</STRONG> (Thumb, 0 bytes, Stack size unknown bytes, libshutdown2.o(.ARM.Collect$$libshutdown$$0000000F))

<P><STRONG><a name="[34c]"></a>__rt_lib_shutdown_return</STRONG> (Thumb, 0 bytes, Stack size unknown bytes, libshutdown2.o(.ARM.Collect$$libshutdown$$00000010))

<P><STRONG><a name="[34d]"></a>__rt_lib_shutdown_signal_1</STRONG> (Thumb, 0 bytes, Stack size unknown bytes, libshutdown2.o(.ARM.Collect$$libshutdown$$0000000A))

<P><STRONG><a name="[34e]"></a>__rt_lib_shutdown_stdio_1</STRONG> (Thumb, 0 bytes, Stack size unknown bytes, libshutdown2.o(.ARM.Collect$$libshutdown$$00000004))

<P><STRONG><a name="[34f]"></a>__rt_lib_shutdown_user_alloc_1</STRONG> (Thumb, 0 bytes, Stack size unknown bytes, libshutdown2.o(.ARM.Collect$$libshutdown$$0000000C))

<P><STRONG><a name="[80]"></a>__rt_entry</STRONG> (Thumb, 0 bytes, Stack size unknown bytes, __rtentry.o(.ARM.Collect$$rtentry$$00000000))
<BR><BR>[Called By]<UL><LI><a href="#[7e]">&gt;&gt;</a>&nbsp;&nbsp;&nbsp;__main
<LI><a href="#[81]">&gt;&gt;</a>&nbsp;&nbsp;&nbsp;__scatterload_rt2
</UL>

<P><STRONG><a name="[350]"></a>__rt_entry_presh_1</STRONG> (Thumb, 0 bytes, Stack size unknown bytes, __rtentry2.o(.ARM.Collect$$rtentry$$00000002))

<P><STRONG><a name="[351]"></a>__rt_entry_sh</STRONG> (Thumb, 0 bytes, Stack size unknown bytes, __rtentry6.o(.ARM.Collect$$rtentry$$00000006))

<P><STRONG><a name="[8e]"></a>__rt_entry_li</STRONG> (Thumb, 0 bytes, Stack size unknown bytes, __rtentry2.o(.ARM.Collect$$rtentry$$0000000A))
<BR><BR>[Calls]<UL><LI><a href="#[8f]">&gt;&gt;</a>&nbsp;&nbsp;&nbsp;__rt_lib_init
</UL>

<P><STRONG><a name="[352]"></a>__rt_entry_postsh_1</STRONG> (Thumb, 0 bytes, Stack size unknown bytes, __rtentry2.o(.ARM.Collect$$rtentry$$00000009))

<P><STRONG><a name="[90]"></a>__rt_entry_main</STRONG> (Thumb, 0 bytes, Stack size unknown bytes, __rtentry2.o(.ARM.Collect$$rtentry$$0000000D))
<BR><BR>[Stack]<UL><LI>Max Depth = 664 + Unknown Stack Size
<LI>Call Chain = __rt_entry_main &rArr; main &rArr; BTLE_StackTick &rArr; Timer_ProcessQ &rArr; TimerCallback &rArr; HAL_VTimerTimeoutCallback &rArr; sleep_timer &rArr;  BTLE_StackTick (Cycle)
</UL>
<BR>[Calls]<UL><LI><a href="#[91]">&gt;&gt;</a>&nbsp;&nbsp;&nbsp;main
<LI><a href="#[92]">&gt;&gt;</a>&nbsp;&nbsp;&nbsp;exit
</UL>

<P><STRONG><a name="[353]"></a>__rt_entry_postli_1</STRONG> (Thumb, 0 bytes, Stack size unknown bytes, __rtentry2.o(.ARM.Collect$$rtentry$$0000000C))

<P><STRONG><a name="[c0]"></a>__rt_exit</STRONG> (Thumb, 0 bytes, Stack size unknown bytes, rtexit.o(.ARM.Collect$$rtexit$$00000000))
<BR><BR>[Called By]<UL><LI><a href="#[92]">&gt;&gt;</a>&nbsp;&nbsp;&nbsp;exit
</UL>

<P><STRONG><a name="[93]"></a>__rt_exit_ls</STRONG> (Thumb, 0 bytes, Stack size unknown bytes, rtexit2.o(.ARM.Collect$$rtexit$$00000003))
<BR><BR>[Calls]<UL><LI><a href="#[94]">&gt;&gt;</a>&nbsp;&nbsp;&nbsp;__rt_lib_shutdown
</UL>

<P><STRONG><a name="[354]"></a>__rt_exit_prels_1</STRONG> (Thumb, 0 bytes, Stack size unknown bytes, rtexit2.o(.ARM.Collect$$rtexit$$00000002))

<P><STRONG><a name="[95]"></a>__rt_exit_exit</STRONG> (Thumb, 0 bytes, Stack size unknown bytes, rtexit2.o(.ARM.Collect$$rtexit$$00000004))
<BR><BR>[Calls]<UL><LI><a href="#[96]">&gt;&gt;</a>&nbsp;&nbsp;&nbsp;_sys_exit
</UL>

<P><STRONG><a name="[a2]"></a>__aeabi_memcpy4</STRONG> (Thumb, 56 bytes, Stack size 0 bytes, rt_memcpy.o(.emb_text))
<BR><BR>[Called By]<UL><LI><a href="#[145]">&gt;&gt;</a>&nbsp;&nbsp;&nbsp;Update_Beaconing
<LI><a href="#[108]">&gt;&gt;</a>&nbsp;&nbsp;&nbsp;DeviceConfiguration
<LI><a href="#[2d3]">&gt;&gt;</a>&nbsp;&nbsp;&nbsp;set_sca
<LI><a href="#[a1]">&gt;&gt;</a>&nbsp;&nbsp;&nbsp;__aeabi_memcpy
<LI><a href="#[256]">&gt;&gt;</a>&nbsp;&nbsp;&nbsp;SMA_SC_Gen_f5_Keys
<LI><a href="#[304]">&gt;&gt;</a>&nbsp;&nbsp;&nbsp;smp_Add_To_Database
<LI><a href="#[305]">&gt;&gt;</a>&nbsp;&nbsp;&nbsp;smp_Determine_Key_Association_Method
</UL>

<P><STRONG><a name="[355]"></a>__aeabi_memcpy8</STRONG> (Thumb, 0 bytes, Stack size 0 bytes, rt_memcpy.o(.emb_text), UNUSED)

<P><STRONG><a name="[97]"></a>__2printf</STRONG> (Thumb, 22 bytes, Stack size 24 bytes, noretval__2printf.o(.text))
<BR><BR>[Stack]<UL><LI>Max Depth = 136 + Unknown Stack Size
<LI>Call Chain = __2printf &rArr; _printf_char_file &rArr; _printf_char_common &rArr; __printf
</UL>
<BR>[Calls]<UL><LI><a href="#[98]">&gt;&gt;</a>&nbsp;&nbsp;&nbsp;_printf_char_file
</UL>
<BR>[Called By]<UL><LI><a href="#[145]">&gt;&gt;</a>&nbsp;&nbsp;&nbsp;Update_Beaconing
<LI><a href="#[28e]">&gt;&gt;</a>&nbsp;&nbsp;&nbsp;Start_Beaconing
<LI><a href="#[91]">&gt;&gt;</a>&nbsp;&nbsp;&nbsp;main
<LI><a href="#[144]">&gt;&gt;</a>&nbsp;&nbsp;&nbsp;Press_Update
<LI><a href="#[de]">&gt;&gt;</a>&nbsp;&nbsp;&nbsp;Acc_Update
<LI><a href="#[1d0]">&gt;&gt;</a>&nbsp;&nbsp;&nbsp;sleep_timer
<LI><a href="#[1cd]">&gt;&gt;</a>&nbsp;&nbsp;&nbsp;HAL_VTimerTimeoutCallback
<LI><a href="#[141]">&gt;&gt;</a>&nbsp;&nbsp;&nbsp;Display
<LI><a href="#[13c]">&gt;&gt;</a>&nbsp;&nbsp;&nbsp;Device_Init
</UL>

<P><STRONG><a name="[ad]"></a>_printf_pre_padding</STRONG> (Thumb, 44 bytes, Stack size 16 bytes, _printf_pad.o(.text))
<BR><BR>[Stack]<UL><LI>Max Depth = 16<LI>Call Chain = _printf_pre_padding
</UL>
<BR>[Called By]<UL><LI><a href="#[b6]">&gt;&gt;</a>&nbsp;&nbsp;&nbsp;_printf_fp_infnan
<LI><a href="#[39]">&gt;&gt;</a>&nbsp;&nbsp;&nbsp;_printf_fp_dec_real
<LI><a href="#[9c]">&gt;&gt;</a>&nbsp;&nbsp;&nbsp;_printf_int_common
</UL>

<P><STRONG><a name="[ae]"></a>_printf_post_padding</STRONG> (Thumb, 34 bytes, Stack size 16 bytes, _printf_pad.o(.text))
<BR><BR>[Stack]<UL><LI>Max Depth = 16<LI>Call Chain = _printf_post_padding
</UL>
<BR>[Called By]<UL><LI><a href="#[b6]">&gt;&gt;</a>&nbsp;&nbsp;&nbsp;_printf_fp_infnan
<LI><a href="#[39]">&gt;&gt;</a>&nbsp;&nbsp;&nbsp;_printf_fp_dec_real
<LI><a href="#[9c]">&gt;&gt;</a>&nbsp;&nbsp;&nbsp;_printf_int_common
</UL>

<P><STRONG><a name="[87]"></a>_printf_int_dec</STRONG> (Thumb, 90 bytes, Stack size 32 bytes, _printf_dec.o(.text))
<BR><BR>[Stack]<UL><LI>Max Depth = 88<LI>Call Chain = _printf_int_dec &rArr; _printf_int_common &rArr; _printf_post_padding
</UL>
<BR>[Calls]<UL><LI><a href="#[9b]">&gt;&gt;</a>&nbsp;&nbsp;&nbsp;__rt_udiv10
<LI><a href="#[9c]">&gt;&gt;</a>&nbsp;&nbsp;&nbsp;_printf_int_common
<LI><a href="#[9a]">&gt;&gt;</a>&nbsp;&nbsp;&nbsp;_printf_truncate_unsigned (Weak Reference)
<LI><a href="#[99]">&gt;&gt;</a>&nbsp;&nbsp;&nbsp;_printf_truncate_signed (Weak Reference)
</UL>
<BR>[Called By]<UL><LI><a href="#[84]">&gt;&gt;</a>&nbsp;&nbsp;&nbsp;_printf_d
</UL>

<P><STRONG><a name="[89]"></a>_printf_int_hex</STRONG> (Thumb, 84 bytes, Stack size 16 bytes, _printf_hex_int.o(.text))
<BR><BR>[Stack]<UL><LI>Max Depth = 72<LI>Call Chain = _printf_int_hex &rArr; _printf_int_common &rArr; _printf_post_padding
</UL>
<BR>[Calls]<UL><LI><a href="#[9c]">&gt;&gt;</a>&nbsp;&nbsp;&nbsp;_printf_int_common
<LI><a href="#[9a]">&gt;&gt;</a>&nbsp;&nbsp;&nbsp;_printf_truncate_unsigned (Weak Reference)
</UL>
<BR>[Called By]<UL><LI><a href="#[86]">&gt;&gt;</a>&nbsp;&nbsp;&nbsp;_printf_x
</UL>

<P><STRONG><a name="[356]"></a>_printf_longlong_hex</STRONG> (Thumb, 0 bytes, Stack size 16 bytes, _printf_hex_int.o(.text), UNUSED)

<P><STRONG><a name="[9d]"></a>__printf</STRONG> (Thumb, 386 bytes, Stack size 32 bytes, __printf_flags_ss_wp.o(.text))
<BR><BR>[Stack]<UL><LI>Max Depth = 32 + Unknown Stack Size
<LI>Call Chain = __printf
</UL>
<BR>[Calls]<UL><LI><a href="#[9f]">&gt;&gt;</a>&nbsp;&nbsp;&nbsp;_printf_percent
<LI><a href="#[9e]">&gt;&gt;</a>&nbsp;&nbsp;&nbsp;_is_digit
</UL>
<BR>[Called By]<UL><LI><a href="#[b7]">&gt;&gt;</a>&nbsp;&nbsp;&nbsp;_printf_char_common
</UL>

<P><STRONG><a name="[210]"></a>memcmp</STRONG> (Thumb, 90 bytes, Stack size 8 bytes, memcmp.o(.text))
<BR><BR>[Stack]<UL><LI>Max Depth = 8<LI>Call Chain = memcmp
</UL>
<BR>[Called By]<UL><LI><a href="#[e5]">&gt;&gt;</a>&nbsp;&nbsp;&nbsp;Osal_MemCmp
</UL>

<P><STRONG><a name="[a0]"></a>memcpy</STRONG> (Thumb, 12 bytes, Stack size 8 bytes, memcpy.o(.text))
<BR><BR>[Stack]<UL><LI>Max Depth = 32<LI>Call Chain = memcpy &rArr; __aeabi_memcpy
</UL>
<BR>[Calls]<UL><LI><a href="#[a1]">&gt;&gt;</a>&nbsp;&nbsp;&nbsp;__aeabi_memcpy
</UL>
<BR>[Called By]<UL><LI><a href="#[e0]">&gt;&gt;</a>&nbsp;&nbsp;&nbsp;Osal_MemCpy
</UL>

<P><STRONG><a name="[a1]"></a>__aeabi_memcpy</STRONG> (Thumb, 130 bytes, Stack size 24 bytes, rt_memcpy.o(.text))
<BR><BR>[Stack]<UL><LI>Max Depth = 24<LI>Call Chain = __aeabi_memcpy
</UL>
<BR>[Calls]<UL><LI><a href="#[a2]">&gt;&gt;</a>&nbsp;&nbsp;&nbsp;__aeabi_memcpy4
</UL>
<BR>[Called By]<UL><LI><a href="#[188]">&gt;&gt;</a>&nbsp;&nbsp;&nbsp;Gatt_Read_Charac_By_Uuid
<LI><a href="#[170]">&gt;&gt;</a>&nbsp;&nbsp;&nbsp;Gatt_Add_Service
<LI><a href="#[171]">&gt;&gt;</a>&nbsp;&nbsp;&nbsp;Gatt_Add_Characteristic
<LI><a href="#[a0]">&gt;&gt;</a>&nbsp;&nbsp;&nbsp;memcpy
</UL>

<P><STRONG><a name="[357]"></a>__rt_memcpy</STRONG> (Thumb, 0 bytes, Stack size 24 bytes, rt_memcpy.o(.text), UNUSED)

<P><STRONG><a name="[a3]"></a>memset</STRONG> (Thumb, 28 bytes, Stack size 8 bytes, memset.o(.text))
<BR><BR>[Stack]<UL><LI>Max Depth = 8<LI>Call Chain = memset
</UL>
<BR>[Calls]<UL><LI><a href="#[a4]">&gt;&gt;</a>&nbsp;&nbsp;&nbsp;_memset
</UL>
<BR>[Called By]<UL><LI><a href="#[ed]">&gt;&gt;</a>&nbsp;&nbsp;&nbsp;Osal_MemSet
</UL>

<P><STRONG><a name="[a5]"></a>_memset_w</STRONG> (Thumb, 26 bytes, Stack size 0 bytes, rt_memclr.o(.text))
<BR><BR>[Called By]<UL><LI><a href="#[a7]">&gt;&gt;</a>&nbsp;&nbsp;&nbsp;__rt_memclr_w
<LI><a href="#[a4]">&gt;&gt;</a>&nbsp;&nbsp;&nbsp;_memset
</UL>

<P><STRONG><a name="[a4]"></a>_memset</STRONG> (Thumb, 30 bytes, Stack size 0 bytes, rt_memclr.o(.text))
<BR><BR>[Calls]<UL><LI><a href="#[a5]">&gt;&gt;</a>&nbsp;&nbsp;&nbsp;_memset_w
</UL>
<BR>[Called By]<UL><LI><a href="#[a6]">&gt;&gt;</a>&nbsp;&nbsp;&nbsp;__aeabi_memclr
<LI><a href="#[a3]">&gt;&gt;</a>&nbsp;&nbsp;&nbsp;memset
</UL>

<P><STRONG><a name="[a6]"></a>__aeabi_memclr</STRONG> (Thumb, 4 bytes, Stack size 0 bytes, rt_memclr.o(.text), UNUSED)
<BR><BR>[Calls]<UL><LI><a href="#[a4]">&gt;&gt;</a>&nbsp;&nbsp;&nbsp;_memset
</UL>

<P><STRONG><a name="[358]"></a>__rt_memclr</STRONG> (Thumb, 0 bytes, Stack size 0 bytes, rt_memclr.o(.text), UNUSED)

<P><STRONG><a name="[29e]"></a>__aeabi_memclr4</STRONG> (Thumb, 0 bytes, Stack size 0 bytes, rt_memclr.o(.text))
<BR><BR>[Called By]<UL><LI><a href="#[260]">&gt;&gt;</a>&nbsp;&nbsp;&nbsp;hci_le_read_local_p256_public_key
<LI><a href="#[2f2]">&gt;&gt;</a>&nbsp;&nbsp;&nbsp;hci_le_generate_dhkey
<LI><a href="#[18a]">&gt;&gt;</a>&nbsp;&nbsp;&nbsp;_gap_set_discoverable_connectable
</UL>

<P><STRONG><a name="[359]"></a>__aeabi_memclr8</STRONG> (Thumb, 0 bytes, Stack size 0 bytes, rt_memclr.o(.text), UNUSED)

<P><STRONG><a name="[a7]"></a>__rt_memclr_w</STRONG> (Thumb, 4 bytes, Stack size 0 bytes, rt_memclr.o(.text), UNUSED)
<BR><BR>[Calls]<UL><LI><a href="#[a5]">&gt;&gt;</a>&nbsp;&nbsp;&nbsp;_memset_w
</UL>

<P><STRONG><a name="[d5]"></a>__aeabi_uread4</STRONG> (Thumb, 34 bytes, Stack size 0 bytes, uread4.o(.text))
<BR><BR>[Called By]<UL><LI><a href="#[235]">&gt;&gt;</a>&nbsp;&nbsp;&nbsp;unpack_channel_map
<LI><a href="#[23c]">&gt;&gt;</a>&nbsp;&nbsp;&nbsp;go_to_connect_master
<LI><a href="#[233]">&gt;&gt;</a>&nbsp;&nbsp;&nbsp;go_to_connect
<LI><a href="#[230]">&gt;&gt;</a>&nbsp;&nbsp;&nbsp;get_scan_addr
<LI><a href="#[231]">&gt;&gt;</a>&nbsp;&nbsp;&nbsp;get_adv_addr
<LI><a href="#[1ff]">&gt;&gt;</a>&nbsp;&nbsp;&nbsp;LL_Start_Encryption
<LI><a href="#[1eb]">&gt;&gt;</a>&nbsp;&nbsp;&nbsp;LL_Set_OwnAddress
<LI><a href="#[1ea]">&gt;&gt;</a>&nbsp;&nbsp;&nbsp;LL_Set_DirectAddress
<LI><a href="#[d3]">&gt;&gt;</a>&nbsp;&nbsp;&nbsp;AES128ECB_Wrapper
<LI><a href="#[1e6]">&gt;&gt;</a>&nbsp;&nbsp;&nbsp;LL_Check_And_Set_Addresses
<LI><a href="#[1c5]">&gt;&gt;</a>&nbsp;&nbsp;&nbsp;HAL_Flash_Store_Data
<LI><a href="#[d4]">&gt;&gt;</a>&nbsp;&nbsp;&nbsp;AES_keyschedule_enc
<LI><a href="#[d9]">&gt;&gt;</a>&nbsp;&nbsp;&nbsp;AES_CMAC_Encrypt_Append
<LI><a href="#[1e4]">&gt;&gt;</a>&nbsp;&nbsp;&nbsp;LE_TO_NRG_32
<LI><a href="#[163]">&gt;&gt;</a>&nbsp;&nbsp;&nbsp;Write_Client_Data
</UL>

<P><STRONG><a name="[35a]"></a>__rt_uread4</STRONG> (Thumb, 0 bytes, Stack size 0 bytes, uread4.o(.text), UNUSED)

<P><STRONG><a name="[35b]"></a>__aeabi_uidiv</STRONG> (Thumb, 0 bytes, Stack size 0 bytes, aeabi_sdivfast.o(.text), UNUSED)

<P><STRONG><a name="[1b2]"></a>__aeabi_uidivmod</STRONG> (Thumb, 28 bytes, Stack size 0 bytes, aeabi_sdivfast.o(.text))
<BR><BR>[Called By]<UL><LI><a href="#[1d2]">&gt;&gt;</a>&nbsp;&nbsp;&nbsp;I2C_Init
<LI><a href="#[27b]">&gt;&gt;</a>&nbsp;&nbsp;&nbsp;UART_Init
<LI><a href="#[275]">&gt;&gt;</a>&nbsp;&nbsp;&nbsp;SPI_SetBaudrate
<LI><a href="#[115]">&gt;&gt;</a>&nbsp;&nbsp;&nbsp;PM_Init
<LI><a href="#[1b5]">&gt;&gt;</a>&nbsp;&nbsp;&nbsp;Gatt_Server_L2C_Handler
<LI><a href="#[19a]">&gt;&gt;</a>&nbsp;&nbsp;&nbsp;Gatt_Server_Db_Check
<LI><a href="#[31a]">&gt;&gt;</a>&nbsp;&nbsp;&nbsp;smp____SR_PairingRandom_Receive
<LI><a href="#[31d]">&gt;&gt;</a>&nbsp;&nbsp;&nbsp;smp____MI_PairingRandom_Receive
</UL>

<P><STRONG><a name="[35c]"></a>__aeabi_idiv</STRONG> (Thumb, 0 bytes, Stack size 8 bytes, aeabi_sdivfast.o(.text), UNUSED)

<P><STRONG><a name="[b9]"></a>__aeabi_idivmod</STRONG> (Thumb, 460 bytes, Stack size 8 bytes, aeabi_sdivfast.o(.text))
<BR><BR>[Stack]<UL><LI>Max Depth = 8<LI>Call Chain = __aeabi_idivmod
</UL>
<BR>[Called By]<UL><LI><a href="#[1f1]">&gt;&gt;</a>&nbsp;&nbsp;&nbsp;advance_wakeup_timer
<LI><a href="#[2cf]">&gt;&gt;</a>&nbsp;&nbsp;&nbsp;adapt_slot
<LI><a href="#[1ae]">&gt;&gt;</a>&nbsp;&nbsp;&nbsp;Gatt_Super_Handler_Task7
<LI><a href="#[b0]">&gt;&gt;</a>&nbsp;&nbsp;&nbsp;_btod_etento
</UL>

<P><STRONG><a name="[142]"></a>__aeabi_f2d</STRONG> (Thumb, 0 bytes, Stack size 0 bytes, f2d.o(.text))
<BR><BR>[Called By]<UL><LI><a href="#[144]">&gt;&gt;</a>&nbsp;&nbsp;&nbsp;Press_Update
<LI><a href="#[141]">&gt;&gt;</a>&nbsp;&nbsp;&nbsp;Display
</UL>

<P><STRONG><a name="[35d]"></a>_f2d</STRONG> (Thumb, 80 bytes, Stack size 0 bytes, f2d.o(.text), UNUSED)

<P><STRONG><a name="[cc]"></a>__aeabi_fdiv</STRONG> (Thumb, 0 bytes, Stack size 20 bytes, fdiv.o(.text))
<BR><BR>[Stack]<UL><LI>Max Depth = 20<LI>Call Chain = __aeabi_fdiv
</UL>
<BR>[Called By]<UL><LI><a href="#[c9]">&gt;&gt;</a>&nbsp;&nbsp;&nbsp;ADC_ConvertSingleEndedVoltage
<LI><a href="#[cb]">&gt;&gt;</a>&nbsp;&nbsp;&nbsp;ADC_ConvertDifferentialVoltage
<LI><a href="#[b]">&gt;&gt;</a>&nbsp;&nbsp;&nbsp;LPS25HB_GetTemperature
</UL>

<P><STRONG><a name="[a9]"></a>_fdiv</STRONG> (Thumb, 334 bytes, Stack size 20 bytes, fdiv.o(.text), UNUSED)
<BR><BR>[Called By]<UL><LI><a href="#[a8]">&gt;&gt;</a>&nbsp;&nbsp;&nbsp;_frdiv
</UL>

<P><STRONG><a name="[a8]"></a>_frdiv</STRONG> (Thumb, 8 bytes, Stack size 0 bytes, fdiv.o(.text), UNUSED)
<BR><BR>[Calls]<UL><LI><a href="#[a9]">&gt;&gt;</a>&nbsp;&nbsp;&nbsp;_fdiv
</UL>

<P><STRONG><a name="[209]"></a>__aeabi_f2iz</STRONG> (Thumb, 0 bytes, Stack size 8 bytes, ffixi.o(.text))
<BR><BR>[Stack]<UL><LI>Max Depth = 8<LI>Call Chain = __aeabi_f2iz
</UL>
<BR>[Called By]<UL><LI><a href="#[145]">&gt;&gt;</a>&nbsp;&nbsp;&nbsp;Update_Beaconing
<LI><a href="#[f]">&gt;&gt;</a>&nbsp;&nbsp;&nbsp;LSM6DS3_X_GetAxes
<LI><a href="#[11]">&gt;&gt;</a>&nbsp;&nbsp;&nbsp;LSM6DS3_G_GetAxes
</UL>

<P><STRONG><a name="[35e]"></a>_ffix</STRONG> (Thumb, 76 bytes, Stack size 8 bytes, ffixi.o(.text), UNUSED)

<P><STRONG><a name="[ab]"></a>__aeabi_i2f_normalise</STRONG> (Thumb, 72 bytes, Stack size 0 bytes, fflti.o(.text))
<BR><BR>[Called By]<UL><LI><a href="#[ac]">&gt;&gt;</a>&nbsp;&nbsp;&nbsp;__aeabi_ui2f
<LI><a href="#[aa]">&gt;&gt;</a>&nbsp;&nbsp;&nbsp;__aeabi_i2f
</UL>

<P><STRONG><a name="[aa]"></a>__aeabi_i2f</STRONG> (Thumb, 16 bytes, Stack size 0 bytes, fflti.o(.text))
<BR><BR>[Calls]<UL><LI><a href="#[ab]">&gt;&gt;</a>&nbsp;&nbsp;&nbsp;__aeabi_i2f_normalise
</UL>
<BR>[Called By]<UL><LI><a href="#[d1]">&gt;&gt;</a>&nbsp;&nbsp;&nbsp;ADC_GetConvertedData
<LI><a href="#[c9]">&gt;&gt;</a>&nbsp;&nbsp;&nbsp;ADC_ConvertSingleEndedVoltage
<LI><a href="#[cb]">&gt;&gt;</a>&nbsp;&nbsp;&nbsp;ADC_ConvertDifferentialVoltage
<LI><a href="#[f]">&gt;&gt;</a>&nbsp;&nbsp;&nbsp;LSM6DS3_X_GetAxes
<LI><a href="#[11]">&gt;&gt;</a>&nbsp;&nbsp;&nbsp;LSM6DS3_G_GetAxes
<LI><a href="#[b]">&gt;&gt;</a>&nbsp;&nbsp;&nbsp;LPS25HB_GetTemperature
<LI><a href="#[a]">&gt;&gt;</a>&nbsp;&nbsp;&nbsp;LPS25HB_GetPressure
<LI><a href="#[de]">&gt;&gt;</a>&nbsp;&nbsp;&nbsp;Acc_Update
</UL>

<P><STRONG><a name="[35f]"></a>_fflt</STRONG> (Thumb, 0 bytes, Stack size 0 bytes, fflti.o(.text), UNUSED)

<P><STRONG><a name="[ac]"></a>__aeabi_ui2f</STRONG> (Thumb, 6 bytes, Stack size 0 bytes, fflti.o(.text))
<BR><BR>[Calls]<UL><LI><a href="#[ab]">&gt;&gt;</a>&nbsp;&nbsp;&nbsp;__aeabi_i2f_normalise
</UL>
<BR>[Called By]<UL><LI><a href="#[c9]">&gt;&gt;</a>&nbsp;&nbsp;&nbsp;ADC_ConvertSingleEndedVoltage
<LI><a href="#[cb]">&gt;&gt;</a>&nbsp;&nbsp;&nbsp;ADC_ConvertDifferentialVoltage
<LI><a href="#[d]">&gt;&gt;</a>&nbsp;&nbsp;&nbsp;LSM6DS3_Init
</UL>

<P><STRONG><a name="[360]"></a>_ffltu</STRONG> (Thumb, 0 bytes, Stack size 0 bytes, fflti.o(.text), UNUSED)

<P><STRONG><a name="[203]"></a>__ARM_scalbnf</STRONG> (Thumb, 64 bytes, Stack size 8 bytes, fscalbn.o(.text))
<BR><BR>[Stack]<UL><LI>Max Depth = 8<LI>Call Chain = __ARM_scalbnf
</UL>
<BR>[Called By]<UL><LI><a href="#[a]">&gt;&gt;</a>&nbsp;&nbsp;&nbsp;LPS25HB_GetPressure
</UL>

<P><STRONG><a name="[9c]"></a>_printf_int_common</STRONG> (Thumb, 176 bytes, Stack size 40 bytes, _printf_intcommon.o(.text))
<BR><BR>[Stack]<UL><LI>Max Depth = 56<LI>Call Chain = _printf_int_common &rArr; _printf_post_padding
</UL>
<BR>[Calls]<UL><LI><a href="#[ae]">&gt;&gt;</a>&nbsp;&nbsp;&nbsp;_printf_post_padding
<LI><a href="#[ad]">&gt;&gt;</a>&nbsp;&nbsp;&nbsp;_printf_pre_padding
</UL>
<BR>[Called By]<UL><LI><a href="#[89]">&gt;&gt;</a>&nbsp;&nbsp;&nbsp;_printf_int_hex
<LI><a href="#[87]">&gt;&gt;</a>&nbsp;&nbsp;&nbsp;_printf_int_dec
</UL>

<P><STRONG><a name="[361]"></a>__lib_sel_fp_printf</STRONG> (Thumb, 2 bytes, Stack size 0 bytes, _printf_fp_dec.o(.text), UNUSED)

<P><STRONG><a name="[39]"></a>_printf_fp_dec_real</STRONG> (Thumb, 620 bytes, Stack size 96 bytes, _printf_fp_dec.o(.text))
<BR><BR>[Stack]<UL><LI>Max Depth = 368<LI>Call Chain = _printf_fp_dec_real &rArr; _fp_digits &rArr; _btod_etento &rArr; _btod_emul &rArr; btod_internal_mul &rArr; __ARM_common_ll_muluu
</UL>
<BR>[Calls]<UL><LI><a href="#[b5]">&gt;&gt;</a>&nbsp;&nbsp;&nbsp;__ARM_fpclassify
<LI><a href="#[b6]">&gt;&gt;</a>&nbsp;&nbsp;&nbsp;_printf_fp_infnan
<LI><a href="#[8b]">&gt;&gt;</a>&nbsp;&nbsp;&nbsp;__rt_locale
<LI><a href="#[9b]">&gt;&gt;</a>&nbsp;&nbsp;&nbsp;__rt_udiv10
<LI><a href="#[af]">&gt;&gt;</a>&nbsp;&nbsp;&nbsp;_fp_digits
<LI><a href="#[ae]">&gt;&gt;</a>&nbsp;&nbsp;&nbsp;_printf_post_padding
<LI><a href="#[ad]">&gt;&gt;</a>&nbsp;&nbsp;&nbsp;_printf_pre_padding
</UL>
<BR>[Address Reference Count : 1]<UL><LI> printf1.o(x$fpl$printf1)
</UL>
<P><STRONG><a name="[98]"></a>_printf_char_file</STRONG> (Thumb, 34 bytes, Stack size 16 bytes, _printf_char_file.o(.text))
<BR><BR>[Stack]<UL><LI>Max Depth = 112 + Unknown Stack Size
<LI>Call Chain = _printf_char_file &rArr; _printf_char_common &rArr; __printf
</UL>
<BR>[Calls]<UL><LI><a href="#[b8]">&gt;&gt;</a>&nbsp;&nbsp;&nbsp;ferror
<LI><a href="#[b7]">&gt;&gt;</a>&nbsp;&nbsp;&nbsp;_printf_char_common
</UL>
<BR>[Called By]<UL><LI><a href="#[97]">&gt;&gt;</a>&nbsp;&nbsp;&nbsp;__2printf
</UL>

<P><STRONG><a name="[9b]"></a>__rt_udiv10</STRONG> (Thumb, 40 bytes, Stack size 0 bytes, rtudiv10.o(.text))
<BR><BR>[Called By]<UL><LI><a href="#[39]">&gt;&gt;</a>&nbsp;&nbsp;&nbsp;_printf_fp_dec_real
<LI><a href="#[87]">&gt;&gt;</a>&nbsp;&nbsp;&nbsp;_printf_int_dec
</UL>

<P><STRONG><a name="[8b]"></a>__rt_locale</STRONG> (Thumb, 8 bytes, Stack size 0 bytes, rt_locale_intlibspace.o(.text))
<BR><BR>[Called By]<UL><LI><a href="#[39]">&gt;&gt;</a>&nbsp;&nbsp;&nbsp;_printf_fp_dec_real
<LI><a href="#[8a]">&gt;&gt;</a>&nbsp;&nbsp;&nbsp;__rt_lib_init_lc_common
</UL>

<P><STRONG><a name="[b4]"></a>_ll_udiv10</STRONG> (Thumb, 122 bytes, Stack size 16 bytes, lludiv10.o(.text))
<BR><BR>[Stack]<UL><LI>Max Depth = 16<LI>Call Chain = _ll_udiv10
</UL>
<BR>[Called By]<UL><LI><a href="#[af]">&gt;&gt;</a>&nbsp;&nbsp;&nbsp;_fp_digits
</UL>

<P><STRONG><a name="[b7]"></a>_printf_char_common</STRONG> (Thumb, 32 bytes, Stack size 64 bytes, _printf_char_common.o(.text))
<BR><BR>[Stack]<UL><LI>Max Depth = 96 + Unknown Stack Size
<LI>Call Chain = _printf_char_common &rArr; __printf
</UL>
<BR>[Calls]<UL><LI><a href="#[9d]">&gt;&gt;</a>&nbsp;&nbsp;&nbsp;__printf
</UL>
<BR>[Called By]<UL><LI><a href="#[98]">&gt;&gt;</a>&nbsp;&nbsp;&nbsp;_printf_char_file
</UL>

<P><STRONG><a name="[b6]"></a>_printf_fp_infnan</STRONG> (Thumb, 120 bytes, Stack size 24 bytes, _printf_fp_infnan.o(.text))
<BR><BR>[Stack]<UL><LI>Max Depth = 40<LI>Call Chain = _printf_fp_infnan &rArr; _printf_post_padding
</UL>
<BR>[Calls]<UL><LI><a href="#[ae]">&gt;&gt;</a>&nbsp;&nbsp;&nbsp;_printf_post_padding
<LI><a href="#[ad]">&gt;&gt;</a>&nbsp;&nbsp;&nbsp;_printf_pre_padding
</UL>
<BR>[Called By]<UL><LI><a href="#[39]">&gt;&gt;</a>&nbsp;&nbsp;&nbsp;_printf_fp_dec_real
</UL>

<P><STRONG><a name="[b0]"></a>_btod_etento</STRONG> (Thumb, 210 bytes, Stack size 72 bytes, bigflt0.o(.text))
<BR><BR>[Stack]<UL><LI>Max Depth = 176<LI>Call Chain = _btod_etento &rArr; _btod_emul &rArr; btod_internal_mul &rArr; __ARM_common_ll_muluu
</UL>
<BR>[Calls]<UL><LI><a href="#[b2]">&gt;&gt;</a>&nbsp;&nbsp;&nbsp;_btod_ediv
<LI><a href="#[b3]">&gt;&gt;</a>&nbsp;&nbsp;&nbsp;_btod_emul
<LI><a href="#[b9]">&gt;&gt;</a>&nbsp;&nbsp;&nbsp;__aeabi_idivmod
</UL>
<BR>[Called By]<UL><LI><a href="#[af]">&gt;&gt;</a>&nbsp;&nbsp;&nbsp;_fp_digits
</UL>

<P><STRONG><a name="[b1]"></a>_btod_d2e</STRONG> (Thumb, 64 bytes, Stack size 8 bytes, btod.o(.text))
<BR><BR>[Stack]<UL><LI>Max Depth = 8<LI>Call Chain = _btod_d2e
</UL>
<BR>[Called By]<UL><LI><a href="#[af]">&gt;&gt;</a>&nbsp;&nbsp;&nbsp;_fp_digits
</UL>

<P><STRONG><a name="[b3]"></a>_btod_emul</STRONG> (Thumb, 28 bytes, Stack size 24 bytes, btod.o(.text))
<BR><BR>[Stack]<UL><LI>Max Depth = 104<LI>Call Chain = _btod_emul &rArr; btod_internal_mul &rArr; __ARM_common_ll_muluu
</UL>
<BR>[Calls]<UL><LI><a href="#[ba]">&gt;&gt;</a>&nbsp;&nbsp;&nbsp;btod_internal_mul
</UL>
[...]
<LI><a href="#[15d]">&gt;&gt;</a>&nbsp;&nbsp;&nbsp;STORE_LE_32
</UL>
<BR>[Called By]<UL><LI><a href="#[263]">&gt;&gt;</a>&nbsp;&nbsp;&nbsp;smp_Process_Rx_Packet_wrt_Current_State
</UL>

<P><STRONG><a name="[31c]"></a>smp____MI_PairingResponse_Receive</STRONG> (Thumb, 126 bytes, Stack size unknown bytes, securitymgr.o(i.smp____MI_PairingResponse_Receive))
<BR><BR>[Stack]<UL><LI>Max Depth = 40 + Unknown Stack Size
<LI>Call Chain = smp____MI_PairingResponse_Receive &rArr; smp____PairingFailed_Send &rArr; smp____Pairing_Process_Abort &rArr; sm_RepeatedAttacks_Protection &rArr; Timer_StartOneShot &rArr; Timer_StartOneShot_sysTime32 &rArr; Osal_MemCpy &rArr; memcpy &rArr; __aeabi_memcpy
</UL>
<BR>[Calls]<UL><LI><a href="#[322]">&gt;&gt;</a>&nbsp;&nbsp;&nbsp;smp____SC_Continue_If_Exclusive_SC_Pairing
<LI><a href="#[30e]">&gt;&gt;</a>&nbsp;&nbsp;&nbsp;smp____PairingFailed_Send
<LI><a href="#[320]">&gt;&gt;</a>&nbsp;&nbsp;&nbsp;smp_Set_Key_Association_Method
<LI><a href="#[323]">&gt;&gt;</a>&nbsp;&nbsp;&nbsp;smp_Get_Pairing_Parameters_From_Peer_Packet
<LI><a href="#[321]">&gt;&gt;</a>&nbsp;&nbsp;&nbsp;smp_Check_Incoming_Pairing_Parameters
</UL>
<BR>[Called By]<UL><LI><a href="#[263]">&gt;&gt;</a>&nbsp;&nbsp;&nbsp;smp_Process_Rx_Packet_wrt_Current_State
</UL>

<P><STRONG><a name="[318]"></a>smp____MI_SecurityRequest_Receive</STRONG> (Thumb, 96 bytes, Stack size unknown bytes, securitymgr.o(i.smp____MI_SecurityRequest_Receive))
<BR><BR>[Stack]<UL><LI>Max Depth = 40 + Unknown Stack Size
<LI>Call Chain = smp____MI_SecurityRequest_Receive &rArr; SMP_MI_PairingRequest_Send &rArr; smp_Send_Data &rArr; smp_Reset_Timer &rArr; Timer_StartOneShot &rArr; Timer_StartOneShot_sysTime32 &rArr; Osal_MemCpy &rArr; memcpy &rArr; __aeabi_memcpy
</UL>
<BR>[Calls]<UL><LI><a href="#[25a]">&gt;&gt;</a>&nbsp;&nbsp;&nbsp;SMP_MI_PairingRequest_Send
<LI><a href="#[30e]">&gt;&gt;</a>&nbsp;&nbsp;&nbsp;smp____PairingFailed_Send
</UL>
<BR>[Called By]<UL><LI><a href="#[263]">&gt;&gt;</a>&nbsp;&nbsp;&nbsp;smp_Process_Rx_Packet_wrt_Current_State
</UL>

<P><STRONG><a name="[264]"></a>smp____Pairing_Process_Abort</STRONG> (Thumb, 182 bytes, Stack size unknown bytes, securitymgr.o(i.smp____Pairing_Process_Abort))
<BR><BR>[Stack]<UL><LI>Max Depth = 40 + Unknown Stack Size
<LI>Call Chain = smp____Pairing_Process_Abort &rArr; sm_RepeatedAttacks_Protection &rArr; Timer_StartOneShot &rArr; Timer_StartOneShot_sysTime32 &rArr; Osal_MemCpy &rArr; memcpy &rArr; __aeabi_memcpy
</UL>
<BR>[Calls]<UL><LI><a href="#[183]">&gt;&gt;</a>&nbsp;&nbsp;&nbsp;Timer_StopOneShot
<LI><a href="#[ef]">&gt;&gt;</a>&nbsp;&nbsp;&nbsp;aci_event_fifo_push_header
<LI><a href="#[f0]">&gt;&gt;</a>&nbsp;&nbsp;&nbsp;aci_event_fifo_push
<LI><a href="#[308]">&gt;&gt;</a>&nbsp;&nbsp;&nbsp;smp____SC_submit_ECC_PK_generation_request
<LI><a href="#[26f]">&gt;&gt;</a>&nbsp;&nbsp;&nbsp;smp_Find_Remote_Device_Index
<LI><a href="#[303]">&gt;&gt;</a>&nbsp;&nbsp;&nbsp;sm_RepeatedAttacks_Protection
</UL>
<BR>[Called By]<UL><LI><a href="#[104]">&gt;&gt;</a>&nbsp;&nbsp;&nbsp;SMP_Process_Q
<LI><a href="#[30e]">&gt;&gt;</a>&nbsp;&nbsp;&nbsp;smp____PairingFailed_Send
</UL>

<P><STRONG><a name="[30c]"></a>smp____SR_PairingConfirm_Receive</STRONG> (Thumb, 172 bytes, Stack size unknown bytes, securitymgr.o(i.smp____SR_PairingConfirm_Receive))
<BR><BR>[Stack]<UL><LI>Max Depth = 40 + Unknown Stack Size
<LI>Call Chain = smp____SR_PairingConfirm_Receive &rArr; PM_Write_Pckt_Data &rArr; Acl_Copy_Data &rArr; Osal_MemCpy &rArr; memcpy &rArr; __aeabi_memcpy
</UL>
<BR>[Calls]<UL><LI><a href="#[f9]">&gt;&gt;</a>&nbsp;&nbsp;&nbsp;PM_Write_Pckt_Data
<LI><a href="#[12d]">&gt;&gt;</a>&nbsp;&nbsp;&nbsp;PM_Get_Pckt
<LI><a href="#[151]">&gt;&gt;</a>&nbsp;&nbsp;&nbsp;PM_Copy_Pckt_Data
<LI><a href="#[f7]">&gt;&gt;</a>&nbsp;&nbsp;&nbsp;PM_Set_Att_Pdu_Length
<LI><a href="#[254]">&gt;&gt;</a>&nbsp;&nbsp;&nbsp;SMA_SC_Gen_f4_Confirm
<LI><a href="#[25f]">&gt;&gt;</a>&nbsp;&nbsp;&nbsp;smp_Send_Data
<LI><a href="#[31f]">&gt;&gt;</a>&nbsp;&nbsp;&nbsp;smp_SR_Compute_c1_Confirm_Value
</UL>
<BR>[Called By]<UL><LI><a href="#[263]">&gt;&gt;</a>&nbsp;&nbsp;&nbsp;smp_Process_Rx_Packet_wrt_Current_State
<LI><a href="#[262]">&gt;&gt;</a>&nbsp;&nbsp;&nbsp;smp_Execute_Actions_wrt_Current_State
</UL>

<P><STRONG><a name="[31a]"></a>smp____SR_PairingRandom_Receive</STRONG> (Thumb, 410 bytes, Stack size unknown bytes, securitymgr.o(i.smp____SR_PairingRandom_Receive))
<BR><BR>[Stack]<UL><LI>Max Depth = 40 + Unknown Stack Size
<LI>Call Chain = smp____SR_PairingRandom_Receive &rArr; PM_Write_Pckt_Data &rArr; Acl_Copy_Data &rArr; Osal_MemCpy &rArr; memcpy &rArr; __aeabi_memcpy
</UL>
<BR>[Calls]<UL><LI><a href="#[f9]">&gt;&gt;</a>&nbsp;&nbsp;&nbsp;PM_Write_Pckt_Data
<LI><a href="#[12d]">&gt;&gt;</a>&nbsp;&nbsp;&nbsp;PM_Get_Pckt
<LI><a href="#[151]">&gt;&gt;</a>&nbsp;&nbsp;&nbsp;PM_Copy_Pckt_Data
<LI><a href="#[ed]">&gt;&gt;</a>&nbsp;&nbsp;&nbsp;Osal_MemSet
<LI><a href="#[e0]">&gt;&gt;</a>&nbsp;&nbsp;&nbsp;Osal_MemCpy
<LI><a href="#[e5]">&gt;&gt;</a>&nbsp;&nbsp;&nbsp;Osal_MemCmp
<LI><a href="#[f7]">&gt;&gt;</a>&nbsp;&nbsp;&nbsp;PM_Set_Att_Pdu_Length
<LI><a href="#[1b2]">&gt;&gt;</a>&nbsp;&nbsp;&nbsp;__aeabi_uidivmod
<LI><a href="#[258]">&gt;&gt;</a>&nbsp;&nbsp;&nbsp;SMA_SC_Gen_g2_NumComp_Val
<LI><a href="#[254]">&gt;&gt;</a>&nbsp;&nbsp;&nbsp;SMA_SC_Gen_f4_Confirm
<LI><a href="#[253]">&gt;&gt;</a>&nbsp;&nbsp;&nbsp;SMA_LP_s1_Generate_STK
<LI><a href="#[30e]">&gt;&gt;</a>&nbsp;&nbsp;&nbsp;smp____PairingFailed_Send
<LI><a href="#[25f]">&gt;&gt;</a>&nbsp;&nbsp;&nbsp;smp_Send_Data
<LI><a href="#[31f]">&gt;&gt;</a>&nbsp;&nbsp;&nbsp;smp_SR_Compute_c1_Confirm_Value
<LI><a href="#[2b6]">&gt;&gt;</a>&nbsp;&nbsp;&nbsp;aci_gap_numeric_comparison_value_event_push
<LI><a href="#[15d]">&gt;&gt;</a>&nbsp;&nbsp;&nbsp;STORE_LE_32
</UL>
<BR>[Called By]<UL><LI><a href="#[263]">&gt;&gt;</a>&nbsp;&nbsp;&nbsp;smp_Process_Rx_Packet_wrt_Current_State
</UL>

<P><STRONG><a name="[317]"></a>smp____SR_PairingRequest_Receive</STRONG> (Thumb, 398 bytes, Stack size unknown bytes, securitymgr.o(i.smp____SR_PairingRequest_Receive))
<BR><BR>[Stack]<UL><LI>Max Depth = 40 + Unknown Stack Size
<LI>Call Chain = smp____SR_PairingRequest_Receive &rArr; smp_Add_To_Database &rArr; Osal_MemCpy &rArr; memcpy &rArr; __aeabi_memcpy
</UL>
<BR>[Calls]<UL><LI><a href="#[12d]">&gt;&gt;</a>&nbsp;&nbsp;&nbsp;PM_Get_Pckt
<LI><a href="#[322]">&gt;&gt;</a>&nbsp;&nbsp;&nbsp;smp____SC_Continue_If_Exclusive_SC_Pairing
<LI><a href="#[25d]">&gt;&gt;</a>&nbsp;&nbsp;&nbsp;smp_OOB_Check_Is_Remote_Data_Present
<LI><a href="#[304]">&gt;&gt;</a>&nbsp;&nbsp;&nbsp;smp_Add_To_Database
<LI><a href="#[30e]">&gt;&gt;</a>&nbsp;&nbsp;&nbsp;smp____PairingFailed_Send
<LI><a href="#[25f]">&gt;&gt;</a>&nbsp;&nbsp;&nbsp;smp_Send_Data
<LI><a href="#[320]">&gt;&gt;</a>&nbsp;&nbsp;&nbsp;smp_Set_Key_Association_Method
<LI><a href="#[323]">&gt;&gt;</a>&nbsp;&nbsp;&nbsp;smp_Get_Pairing_Parameters_From_Peer_Packet
<LI><a href="#[321]">&gt;&gt;</a>&nbsp;&nbsp;&nbsp;smp_Check_Incoming_Pairing_Parameters
<LI><a href="#[25e]">&gt;&gt;</a>&nbsp;&nbsp;&nbsp;smp_Build_Pairing_ReqResp_Packet
<LI><a href="#[25c]">&gt;&gt;</a>&nbsp;&nbsp;&nbsp;smp_Build_AuthReq_Field
</UL>
<BR>[Called By]<UL><LI><a href="#[263]">&gt;&gt;</a>&nbsp;&nbsp;&nbsp;smp_Process_Rx_Packet_wrt_Current_State
</UL>

<P><STRONG><a name="[26c]"></a>SM_Connection_Complete_Handler</STRONG> (Thumb, 118 bytes, Stack size unknown bytes, sm_common.o(i.SM_Connection_Complete_Handler))
<BR><BR>[Stack]<UL><LI>Max Depth = 40 + Unknown Stack Size
<LI>Call Chain = SM_Connection_Complete_Handler &rArr; Osal_MemCpy &rArr; memcpy &rArr; __aeabi_memcpy
</UL>
<BR>[Calls]<UL><LI><a href="#[e0]">&gt;&gt;</a>&nbsp;&nbsp;&nbsp;Osal_MemCpy
</UL>
<BR>[Called By]<UL><LI><a href="#[1da]">&gt;&gt;</a>&nbsp;&nbsp;&nbsp;SM_L2CAP_Handler_ISR
</UL>

<P><STRONG><a name="[2b0]"></a>aci_gap_authorization_req_event_push</STRONG> (Thumb, 64 bytes, Stack size unknown bytes, sm_common.o(i.aci_gap_authorization_req_event_push))
<BR><BR>[Calls]<UL><LI><a href="#[ef]">&gt;&gt;</a>&nbsp;&nbsp;&nbsp;aci_event_fifo_push_header
<LI><a href="#[f0]">&gt;&gt;</a>&nbsp;&nbsp;&nbsp;aci_event_fifo_push
</UL>
<BR>[Called By]<UL><LI><a href="#[311]">&gt;&gt;</a>&nbsp;&nbsp;&nbsp;smp_Pairing_Completed
</UL>

<P><STRONG><a name="[269]"></a>aci_gap_pairing_complete_event_push</STRONG> (Thumb, 72 bytes, Stack size unknown bytes, sm_common.o(i.aci_gap_pairing_complete_event_push))
<BR><BR>[Calls]<UL><LI><a href="#[ef]">&gt;&gt;</a>&nbsp;&nbsp;&nbsp;aci_event_fifo_push_header
<LI><a href="#[f0]">&gt;&gt;</a>&nbsp;&nbsp;&nbsp;aci_event_fifo_push
</UL>
<BR>[Called By]<UL><LI><a href="#[268]">&gt;&gt;</a>&nbsp;&nbsp;&nbsp;SMP_Timer_cb
<LI><a href="#[1e1]">&gt;&gt;</a>&nbsp;&nbsp;&nbsp;SM_L2CAP_Encryption_changed_Handler_ISR
<LI><a href="#[311]">&gt;&gt;</a>&nbsp;&nbsp;&nbsp;smp_Pairing_Completed
</UL>

<P><STRONG><a name="[26e]"></a>smp_Keys_Distribution_Complete</STRONG> (Thumb, 70 bytes, Stack size unknown bytes, sm_common.o(i.smp_Keys_Distribution_Complete))
<BR><BR>[Stack]<UL><LI>Max Depth = 40 + Unknown Stack Size
<LI>Call Chain = smp_Keys_Distribution_Complete &rArr; smp_Pairing_Completed &rArr; smp_Add_To_Database &rArr; Osal_MemCpy &rArr; memcpy &rArr; __aeabi_memcpy
</UL>
<BR>[Calls]<UL><LI><a href="#[1ff]">&gt;&gt;</a>&nbsp;&nbsp;&nbsp;LL_Start_Encryption
<LI><a href="#[311]">&gt;&gt;</a>&nbsp;&nbsp;&nbsp;smp_Pairing_Completed
</UL>
<BR>[Called By]<UL><LI><a href="#[1de]">&gt;&gt;</a>&nbsp;&nbsp;&nbsp;SM_L2CAP_Handler
</UL>

<P><STRONG><a name="[153]"></a>aci_gatt_attribute_modified_event_push</STRONG> (Thumb, 100 bytes, Stack size unknown bytes, att.o(i.aci_gatt_attribute_modified_event_push))
<BR><BR>[Stack]<UL><LI>Max Depth = 40 + Unknown Stack Size
<LI>Call Chain = aci_gatt_attribute_modified_event_push &rArr; Osal_MemCpy &rArr; memcpy &rArr; __aeabi_memcpy
</UL>
<BR>[Calls]<UL><LI><a href="#[ef]">&gt;&gt;</a>&nbsp;&nbsp;&nbsp;aci_event_fifo_push_header
<LI><a href="#[f0]">&gt;&gt;</a>&nbsp;&nbsp;&nbsp;aci_event_fifo_push
<LI><a href="#[e0]">&gt;&gt;</a>&nbsp;&nbsp;&nbsp;Osal_MemCpy
</UL>
<BR>[Called By]<UL><LI><a href="#[22c]">&gt;&gt;</a>&nbsp;&nbsp;&nbsp;Write_Resp
<LI><a href="#[22d]">&gt;&gt;</a>&nbsp;&nbsp;&nbsp;Write_Cmd
<LI><a href="#[14f]">&gt;&gt;</a>&nbsp;&nbsp;&nbsp;Exec_Write_Resp
</UL>

<P><STRONG><a name="[246]"></a>aci_gatt_read_multi_permit_req_event_push</STRONG> (Thumb, 80 bytes, Stack size unknown bytes, att.o(i.aci_gatt_read_multi_permit_req_event_push))
<BR><BR>[Stack]<UL><LI>Max Depth = 40 + Unknown Stack Size
<LI>Call Chain = aci_gatt_read_multi_permit_req_event_push &rArr; Osal_MemCpy &rArr; memcpy &rArr; __aeabi_memcpy
</UL>
<BR>[Calls]<UL><LI><a href="#[ef]">&gt;&gt;</a>&nbsp;&nbsp;&nbsp;aci_event_fifo_push_header
<LI><a href="#[f0]">&gt;&gt;</a>&nbsp;&nbsp;&nbsp;aci_event_fifo_push
<LI><a href="#[e0]">&gt;&gt;</a>&nbsp;&nbsp;&nbsp;Osal_MemCpy
</UL>
<BR>[Called By]<UL><LI><a href="#[22a]">&gt;&gt;</a>&nbsp;&nbsp;&nbsp;Read_Multi_Resp
<LI><a href="#[227]">&gt;&gt;</a>&nbsp;&nbsp;&nbsp;Read_By_Type_Resp
</UL>

<P><STRONG><a name="[244]"></a>aci_gatt_read_permit_req_event_push</STRONG> (Thumb, 56 bytes, Stack size unknown bytes, att.o(i.aci_gatt_read_permit_req_event_push))
<BR><BR>[Calls]<UL><LI><a href="#[ef]">&gt;&gt;</a>&nbsp;&nbsp;&nbsp;aci_event_fifo_push_header
<LI><a href="#[f0]">&gt;&gt;</a>&nbsp;&nbsp;&nbsp;aci_event_fifo_push
</UL>
<BR>[Called By]<UL><LI><a href="#[228]">&gt;&gt;</a>&nbsp;&nbsp;&nbsp;Read_Resp
<LI><a href="#[229]">&gt;&gt;</a>&nbsp;&nbsp;&nbsp;Read_Blob_Resp
</UL>

<P><STRONG><a name="[299]"></a>aci_gatt_write_permit_req_event_push</STRONG> (Thumb, 86 bytes, Stack size unknown bytes, att.o(i.aci_gatt_write_permit_req_event_push))
<BR><BR>[Stack]<UL><LI>Max Depth = 40 + Unknown Stack Size
<LI>Call Chain = aci_gatt_write_permit_req_event_push &rArr; PM_Copy_Pckt_Data &rArr; Acl_Copy_Data &rArr; Osal_MemCpy &rArr; memcpy &rArr; __aeabi_memcpy
</UL>
<BR>[Calls]<UL><LI><a href="#[ef]">&gt;&gt;</a>&nbsp;&nbsp;&nbsp;aci_event_fifo_push_header
<LI><a href="#[f0]">&gt;&gt;</a>&nbsp;&nbsp;&nbsp;aci_event_fifo_push
<LI><a href="#[151]">&gt;&gt;</a>&nbsp;&nbsp;&nbsp;PM_Copy_Pckt_Data
</UL>
<BR>[Called By]<UL><LI><a href="#[22c]">&gt;&gt;</a>&nbsp;&nbsp;&nbsp;Write_Resp
<LI><a href="#[22d]">&gt;&gt;</a>&nbsp;&nbsp;&nbsp;Write_Cmd
</UL>

<P><STRONG><a name="[328]"></a>smp____SC_Phase_2AS2_Generate_DHKeyCheck</STRONG> (Thumb, 298 bytes, Stack size unknown bytes, smp_scv42_isap.o(i.smp____SC_Phase_2AS2_Generate_DHKeyCheck))
<BR><BR>[Stack]<UL><LI>Max Depth = 40 + Unknown Stack Size
<LI>Call Chain = smp____SC_Phase_2AS2_Generate_DHKeyCheck &rArr; Osal_MemCpy &rArr; memcpy &rArr; __aeabi_memcpy
</UL>
<BR>[Calls]<UL><LI><a href="#[ed]">&gt;&gt;</a>&nbsp;&nbsp;&nbsp;Osal_MemSet
<LI><a href="#[e0]">&gt;&gt;</a>&nbsp;&nbsp;&nbsp;Osal_MemCpy
<LI><a href="#[257]">&gt;&gt;</a>&nbsp;&nbsp;&nbsp;SMA_SC_Gen_f6_Check_Val
<LI><a href="#[32a]">&gt;&gt;</a>&nbsp;&nbsp;&nbsp;smp____SC_Phase_2AS2__Set_Addresses
<LI><a href="#[315]">&gt;&gt;</a>&nbsp;&nbsp;&nbsp;smp_OOB_Get_Remote_Data_Reference
<LI><a href="#[25d]">&gt;&gt;</a>&nbsp;&nbsp;&nbsp;smp_OOB_Check_Is_Remote_Data_Present
<LI><a href="#[15d]">&gt;&gt;</a>&nbsp;&nbsp;&nbsp;STORE_LE_32
</UL>
<BR>[Called By]<UL><LI><a href="#[30d]">&gt;&gt;</a>&nbsp;&nbsp;&nbsp;smp____SC_Phase_2AS2_Start
<LI><a href="#[31e]">&gt;&gt;</a>&nbsp;&nbsp;&nbsp;smp____SC_Phase_2AS2_DHKeyCheck_Receive
</UL>

<P><STRONG><a name="[32a]"></a>smp____SC_Phase_2AS2__Set_Addresses</STRONG> (Thumb, 50 bytes, Stack size unknown bytes, smp_scv42_isap.o(i.smp____SC_Phase_2AS2__Set_Addresses))
<BR><BR>[Stack]<UL><LI>Max Depth = 40 + Unknown Stack Size
<LI>Call Chain = smp____SC_Phase_2AS2__Set_Addresses &rArr; Osal_MemCpy &rArr; memcpy &rArr; __aeabi_memcpy
</UL>
<BR>[Calls]<UL><LI><a href="#[e0]">&gt;&gt;</a>&nbsp;&nbsp;&nbsp;Osal_MemCpy
</UL>
<BR>[Called By]<UL><LI><a href="#[328]">&gt;&gt;</a>&nbsp;&nbsp;&nbsp;smp____SC_Phase_2AS2_Generate_DHKeyCheck
<LI><a href="#[30d]">&gt;&gt;</a>&nbsp;&nbsp;&nbsp;smp____SC_Phase_2AS2_Start
</UL>

<P><STRONG><a name="[302]"></a>LeftShift</STRONG> (Thumb, 44 bytes, Stack size unknown bytes, ssm_algo.o(i.LeftShift))
<BR><BR>[Called By]<UL><LI><a href="#[26b]">&gt;&gt;</a>&nbsp;&nbsp;&nbsp;sm_Generate_SubKeys
</UL>

<P><STRONG><a name="[26a]"></a>SM_CMAC_Generate_Tag</STRONG> (Thumb, 196 bytes, Stack size unknown bytes, ssm_algo.o(i.SM_CMAC_Generate_Tag))
<BR><BR>[Stack]<UL><LI>Max Depth = 40 + Unknown Stack Size
<LI>Call Chain = SM_CMAC_Generate_Tag &rArr; PM_Copy_Pckt_Data &rArr; Acl_Copy_Data &rArr; Osal_MemCpy &rArr; memcpy &rArr; __aeabi_memcpy
</UL>
<BR>[Calls]<UL><LI><a href="#[151]">&gt;&gt;</a>&nbsp;&nbsp;&nbsp;PM_Copy_Pckt_Data
<LI><a href="#[1f4]">&gt;&gt;</a>&nbsp;&nbsp;&nbsp;LL_Encrypt_Plain_Data
<LI><a href="#[ed]">&gt;&gt;</a>&nbsp;&nbsp;&nbsp;Osal_MemSet
<LI><a href="#[e0]">&gt;&gt;</a>&nbsp;&nbsp;&nbsp;Osal_MemCpy
<LI><a href="#[26b]">&gt;&gt;</a>&nbsp;&nbsp;&nbsp;sm_Generate_SubKeys
</UL>
<BR>[Called By]<UL><LI><a href="#[270]">&gt;&gt;</a>&nbsp;&nbsp;&nbsp;SM_Validate_Signed_Packet
</UL>

<P><STRONG><a name="[26d]"></a>sm_Calculate_Hash</STRONG> (Thumb, 56 bytes, Stack size unknown bytes, ssm_algo.o(i.sm_Calculate_Hash))
<BR><BR>[Stack]<UL><LI>Max Depth = 40 + Unknown Stack Size
<LI>Call Chain = sm_Calculate_Hash &rArr; Osal_MemCpy &rArr; memcpy &rArr; __aeabi_memcpy
</UL>
<BR>[Calls]<UL><LI><a href="#[1f4]">&gt;&gt;</a>&nbsp;&nbsp;&nbsp;LL_Encrypt_Plain_Data
<LI><a href="#[ed]">&gt;&gt;</a>&nbsp;&nbsp;&nbsp;Osal_MemSet
<LI><a href="#[e0]">&gt;&gt;</a>&nbsp;&nbsp;&nbsp;Osal_MemCpy
</UL>
<BR>[Called By]<UL><LI><a href="#[182]">&gt;&gt;</a>&nbsp;&nbsp;&nbsp;SM_Generate_Resolvable_Private_Address
<LI><a href="#[161]">&gt;&gt;</a>&nbsp;&nbsp;&nbsp;SM_Resolve_Private_Address
</UL>

<P><STRONG><a name="[26b]"></a>sm_Generate_SubKeys</STRONG> (Thumb, 128 bytes, Stack size unknown bytes, ssm_algo.o(i.sm_Generate_SubKeys))
<BR><BR>[Calls]<UL><LI><a href="#[1f4]">&gt;&gt;</a>&nbsp;&nbsp;&nbsp;LL_Encrypt_Plain_Data
<LI><a href="#[302]">&gt;&gt;</a>&nbsp;&nbsp;&nbsp;LeftShift
</UL>
<BR>[Called By]<UL><LI><a href="#[26a]">&gt;&gt;</a>&nbsp;&nbsp;&nbsp;SM_CMAC_Generate_Tag
</UL>

<P><STRONG><a name="[db]"></a>AES_general_enc</STRONG> (Thumb, 8 bytes, Stack size unknown bytes, crypto.o(i.AES_general_enc))
<BR><BR>[Calls]<UL><LI><a href="#[d6]">&gt;&gt;</a>&nbsp;&nbsp;&nbsp;AES_general_SW_enc
</UL>
<BR>[Called By]<UL><LI><a href="#[d9]">&gt;&gt;</a>&nbsp;&nbsp;&nbsp;AES_CMAC_Encrypt_Append
</UL>

<P><STRONG><a name="[dd]"></a>AES_keyschedule_enc_LL</STRONG> (Thumb, 344 bytes, Stack size unknown bytes, crypto.o(i.AES_keyschedule_enc_LL))
<BR><BR>[Called By]<UL><LI><a href="#[d4]">&gt;&gt;</a>&nbsp;&nbsp;&nbsp;AES_keyschedule_enc
</UL>

<P><STRONG><a name="[dc]"></a>AESstdInit</STRONG> (Thumb, 178 bytes, Stack size unknown bytes, crypto.o(i.AESstdInit))
<BR><BR>[Calls]<UL><LI><a href="#[d4]">&gt;&gt;</a>&nbsp;&nbsp;&nbsp;AES_keyschedule_enc
</UL>
<BR>[Called By]<UL><LI><a href="#[d8]">&gt;&gt;</a>&nbsp;&nbsp;&nbsp;AES_CMAC_Encrypt_Init
</UL>

<P><STRONG><a name="[32f]"></a>_fadd1</STRONG> (Thumb, 0 bytes, Stack size unknown bytes, faddsub.o(x$fpl$fadd), UNUSED)
<BR><BR>[Called By]<UL><LI><a href="#[330]">&gt;&gt;</a>&nbsp;&nbsp;&nbsp;_fsub
<LI><a href="#[32e]">&gt;&gt;</a>&nbsp;&nbsp;&nbsp;_frsb
</UL>

<P><STRONG><a name="[32d]"></a>_fsub1</STRONG> (Thumb, 0 bytes, Stack size unknown bytes, faddsub.o(x$fpl$fsub), UNUSED)
<BR><BR>[Called By]<UL><LI><a href="#[32e]">&gt;&gt;</a>&nbsp;&nbsp;&nbsp;_frsb
<LI><a href="#[32c]">&gt;&gt;</a>&nbsp;&nbsp;&nbsp;_fadd
</UL>

<P><STRONG><a name="[af]"></a>_fp_digits</STRONG> (Thumb, 412 bytes, Stack size 96 bytes, _printf_fp_dec.o(.text))
<BR><BR>[Stack]<UL><LI>Max Depth = 272<LI>Call Chain = _fp_digits &rArr; _btod_etento &rArr; _btod_emul &rArr; btod_internal_mul &rArr; __ARM_common_ll_muluu
</UL>
<BR>[Calls]<UL><LI><a href="#[b2]">&gt;&gt;</a>&nbsp;&nbsp;&nbsp;_btod_ediv
<LI><a href="#[b3]">&gt;&gt;</a>&nbsp;&nbsp;&nbsp;_btod_emul
<LI><a href="#[b1]">&gt;&gt;</a>&nbsp;&nbsp;&nbsp;_btod_d2e
<LI><a href="#[b0]">&gt;&gt;</a>&nbsp;&nbsp;&nbsp;_btod_etento
<LI><a href="#[b4]">&gt;&gt;</a>&nbsp;&nbsp;&nbsp;_ll_udiv10
</UL>
<BR>[Called By]<UL><LI><a href="#[39]">&gt;&gt;</a>&nbsp;&nbsp;&nbsp;_printf_fp_dec_real
</UL>

<P><STRONG><a name="[37]"></a>_printf_input_char</STRONG> (Thumb, 10 bytes, Stack size 0 bytes, _printf_char_common.o(.text))
<BR>[Address Reference Count : 1]<UL><LI> _printf_char_common.o(.text)
</UL>
<P><STRONG><a name="[ba]"></a>btod_internal_mul</STRONG> (Thumb, 492 bytes, Stack size 56 bytes, btod.o(.text))
<BR><BR>[Stack]<UL><LI>Max Depth = 80<LI>Call Chain = btod_internal_mul &rArr; __ARM_common_ll_muluu
</UL>
<BR>[Calls]<UL><LI><a href="#[bb]">&gt;&gt;</a>&nbsp;&nbsp;&nbsp;__ARM_common_ll_muluu
</UL>
<BR>[Called By]<UL><LI><a href="#[bc]">&gt;&gt;</a>&nbsp;&nbsp;&nbsp;_btod_emuld
<LI><a href="#[b3]">&gt;&gt;</a>&nbsp;&nbsp;&nbsp;_btod_emul
</UL>

<P><STRONG><a name="[bd]"></a>btod_internal_div</STRONG> (Thumb, 520 bytes, Stack size 64 bytes, btod.o(.text))
<BR><BR>[Stack]<UL><LI>Max Depth = 64<LI>Call Chain = btod_internal_div
</UL>
<BR>[Called By]<UL><LI><a href="#[be]">&gt;&gt;</a>&nbsp;&nbsp;&nbsp;_btod_edivd
<LI><a href="#[b2]">&gt;&gt;</a>&nbsp;&nbsp;&nbsp;_btod_ediv
</UL>
<P>
<H3>
Undefined Global Symbols
</H3>
<P><STRONG><a name="[bf]"></a>_call_atexit_fns</STRONG> (ARM, 0 bytes, Stack size 0 bytes, UNDEFINED)
<BR><BR>[Called By]<UL><LI><a href="#[92]">&gt;&gt;</a>&nbsp;&nbsp;&nbsp;exit
</UL>

<P><STRONG><a name="[99]"></a>_printf_truncate_signed</STRONG> (ARM, 0 bytes, Stack size 0 bytes, UNDEFINED)
<BR><BR>[Called By]<UL><LI><a href="#[87]">&gt;&gt;</a>&nbsp;&nbsp;&nbsp;_printf_int_dec
</UL>

<P><STRONG><a name="[9a]"></a>_printf_truncate_unsigned</STRONG> (ARM, 0 bytes, Stack size 0 bytes, UNDEFINED)
<BR><BR>[Called By]<UL><LI><a href="#[89]">&gt;&gt;</a>&nbsp;&nbsp;&nbsp;_printf_int_hex
<LI><a href="#[87]">&gt;&gt;</a>&nbsp;&nbsp;&nbsp;_printf_int_dec
</UL>
<HR></body></html>
