<html>
<body>
<pre>
<h1>µVision Build Log</h1>
<h2>Tool Versions:</h2>
IDE-Version: µVision V5.23.0.0
Copyright (C) 2017 ARM Ltd and ARM Germany GmbH. All rights reserved.
License Information: hdihai fsfa, fsf, LIC=7YKJJ-U4SLQ-D1XPR-K27CQ-PD1AC-0PKJ4
 
Tool Versions:
Toolchain:       MDK-ARM Professional  Version: 5.23
Toolchain Path:  D:\Software\keil\ARM\ARMCC\Bin
C Compiler:      Armcc.exe V5.06 update 4 (build 422)
Assembler:       Armasm.exe V5.06 update 4 (build 422)
Linker/Locator:  ArmLink.exe V5.06 update 4 (build 422)
Library Manager: ArmAr.exe V5.06 update 4 (build 422)
Hex Converter:   FromElf.exe V5.06 update 4 (build 422)
CPU DLL:         SARMCM3.DLL V5.23
Dialog DLL:      DARMCM1.DLL V1.17.0.0
Target DLL:      Segger\JL2CM3.dll V2.99.23.0
Dialog DLL:      TARMCM1.DLL V1.12.0.0
 
<h2>Project:</h2>
C:\Users\Administrator\Desktop\Temporary Files\eeworld_project\Project_Test\Project\BlueNRG1_Periph_Examples\ADC\Polling\MDK-ARM\BlueNRG-1\Polling.uvprojx
Project File Date:  06/27/2017

<h2>Output:</h2>
*** Using Compiler 'V5.06 update 4 (build 422)', folder: 'D:\Software\keil\ARM\ARMCC\Bin'
Build target 'Release'
compiling ADC_Polling_main.c...
linking...
.\BlueNRG1.sct(114): warning: L6329W: Pattern *.o(.ota_sw_activation) only matches removed unused sections.
Program Size: Code=8432 RO-data=572 RW-data=572 ZI-data=5216  
Finished: 0 information, 1 warning and 0 error messages.
FromELF: creating hex file...
".\Objects\Polling.axf" - 0 Error(s), 1 Warning(s).

<h2>Collection of Component include folders:</h2>
  .\RTE\_Release

<h2>Collection of Component Files used:</h2>
Build Time Elapsed:  00:00:03
</pre>
</body>
</html>
