Component: ARM Compiler 5.06 update 4 (build 422) Tool: armlink [4d35d2]

==============================================================================

Section Cross References

    bluenrg1_adc.o(i.ADC_AutoOffsetUpdate) refers to uart_interrupt_main.o(i.assert_failed) for assert_failed
    bluenrg1_adc.o(i.ADC_AutoOffsetUpdate) refers to bluenrg1_adc.o(.conststring) for .conststring
    bluenrg1_adc.o(i.ADC_Calibration) refers to uart_interrupt_main.o(i.assert_failed) for assert_failed
    bluenrg1_adc.o(i.ADC_Calibration) refers to bluenrg1_adc.o(.conststring) for .conststring
    bluenrg1_adc.o(i.ADC_Cmd) refers to uart_interrupt_main.o(i.assert_failed) for assert_failed
    bluenrg1_adc.o(i.ADC_Cmd) refers to bluenrg1_adc.o(.conststring) for .conststring
    bluenrg1_adc.o(i.ADC_ConversionMode) refers to uart_interrupt_main.o(i.assert_failed) for assert_failed
    bluenrg1_adc.o(i.ADC_ConversionMode) refers to bluenrg1_adc.o(.conststring) for .conststring
    bluenrg1_adc.o(i.ADC_ConvertBatterySensor) refers to bluenrg1_adc.o(i.ADC_ConvertSingleEndedVoltage) for ADC_ConvertSingleEndedVoltage
    bluenrg1_adc.o(i.ADC_ConvertBatterySensor) refers to fmul.o(x$fpl$fmul) for __aeabi_fmul
    bluenrg1_adc.o(i.ADC_ConvertDifferentialVoltage) refers to fflti.o(.text) for __aeabi_ui2f
    bluenrg1_adc.o(i.ADC_ConvertDifferentialVoltage) refers to fdiv.o(.text) for __aeabi_fdiv
    bluenrg1_adc.o(i.ADC_ConvertDifferentialVoltage) refers to faddsub.o(x$fpl$fadd) for __aeabi_fadd
    bluenrg1_adc.o(i.ADC_ConvertDifferentialVoltage) refers to fmul.o(x$fpl$fmul) for __aeabi_fmul
    bluenrg1_adc.o(i.ADC_ConvertSingleEndedVoltage) refers to fflti.o(.text) for __aeabi_i2f
    bluenrg1_adc.o(i.ADC_ConvertSingleEndedVoltage) refers to faddsub.o(x$fpl$fadd) for __aeabi_fadd
    bluenrg1_adc.o(i.ADC_ConvertSingleEndedVoltage) refers to fdiv.o(.text) for __aeabi_fdiv
    bluenrg1_adc.o(i.ADC_ConvertSingleEndedVoltage) refers to fmul.o(x$fpl$fmul) for __aeabi_fmul
    bluenrg1_adc.o(i.ADC_ConvertSingleEndedVoltage) refers to faddsub.o(x$fpl$frsb) for __aeabi_frsub
    bluenrg1_adc.o(i.ADC_ConvertTemperatureSensor) refers to bluenrg1_adc.o(i.ADC_ConvertSingleEndedVoltage) for ADC_ConvertSingleEndedVoltage
    bluenrg1_adc.o(i.ADC_ConvertTemperatureSensor) refers to fmul.o(x$fpl$fmul) for __aeabi_fmul
    bluenrg1_adc.o(i.ADC_ConvertTemperatureSensor) refers to faddsub.o(x$fpl$fsub) for __aeabi_fsub
    bluenrg1_adc.o(i.ADC_ConvertTemperatureSensorFarenait) refers to bluenrg1_adc.o(i.ADC_ConvertSingleEndedVoltage) for ADC_ConvertSingleEndedVoltage
    bluenrg1_adc.o(i.ADC_ConvertTemperatureSensorFarenait) refers to f2d.o(.text) for __aeabi_f2d
    bluenrg1_adc.o(i.ADC_ConvertTemperatureSensorFarenait) refers to dmul.o(.text) for __aeabi_dmul
    bluenrg1_adc.o(i.ADC_ConvertTemperatureSensorFarenait) refers to daddsub.o(.text) for __aeabi_dsub
    bluenrg1_adc.o(i.ADC_ConvertTemperatureSensorFarenait) refers to d2f.o(.text) for __aeabi_d2f
    bluenrg1_adc.o(i.ADC_DmaCmd) refers to uart_interrupt_main.o(i.assert_failed) for assert_failed
    bluenrg1_adc.o(i.ADC_DmaCmd) refers to bluenrg1_adc.o(.conststring) for .conststring
    bluenrg1_adc.o(i.ADC_GetConvertedData) refers to uart_interrupt_main.o(i.assert_failed) for assert_failed
    bluenrg1_adc.o(i.ADC_GetConvertedData) refers to fflti.o(.text) for __aeabi_i2f
    bluenrg1_adc.o(i.ADC_GetConvertedData) refers to bluenrg1_adc.o(i.ADC_ConvertSingleEndedVoltage) for ADC_ConvertSingleEndedVoltage
    bluenrg1_adc.o(i.ADC_GetConvertedData) refers to bluenrg1_adc.o(i.ADC_ConvertDifferentialVoltage) for ADC_ConvertDifferentialVoltage
    bluenrg1_adc.o(i.ADC_GetConvertedData) refers to bluenrg1_adc.o(i.ADC_ConvertBatterySensor) for ADC_ConvertBatterySensor
    bluenrg1_adc.o(i.ADC_GetConvertedData) refers to bluenrg1_adc.o(i.ADC_ConvertTemperatureSensor) for ADC_ConvertTemperatureSensor
    bluenrg1_adc.o(i.ADC_GetConvertedData) refers to bluenrg1_adc.o(.conststring) for .conststring
    bluenrg1_adc.o(i.ADC_GetFlagStatus) refers to uart_interrupt_main.o(i.assert_failed) for assert_failed
    bluenrg1_adc.o(i.ADC_GetFlagStatus) refers to bluenrg1_adc.o(.conststring) for .conststring
    bluenrg1_adc.o(i.ADC_GetITStatus) refers to uart_interrupt_main.o(i.assert_failed) for assert_failed
    bluenrg1_adc.o(i.ADC_GetITStatus) refers to bluenrg1_adc.o(.conststring) for .conststring
    bluenrg1_adc.o(i.ADC_ITConfig) refers to uart_interrupt_main.o(i.assert_failed) for assert_failed
    bluenrg1_adc.o(i.ADC_ITConfig) refers to bluenrg1_adc.o(.conststring) for .conststring
    bluenrg1_adc.o(i.ADC_Init) refers to uart_interrupt_main.o(i.assert_failed) for assert_failed
    bluenrg1_adc.o(i.ADC_Init) refers to bluenrg1_adc.o(.conststring) for .conststring
    bluenrg1_adc.o(i.ADC_SelectFrequencyMic) refers to uart_interrupt_main.o(i.assert_failed) for assert_failed
    bluenrg1_adc.o(i.ADC_SelectFrequencyMic) refers to bluenrg1_adc.o(.conststring) for .conststring
[...]
    __raise.o(.text) refers to defsig.o(CL$$defsig) for __default_signal_handler
    defsig_general.o(.text) refers to sys_wrch.o(.text) for _ttywrch
    sys_wrch.o(.text) refers (Special) to use_no_semi.o(.text) for __I$use$semihosting
    sys_wrch.o(.text) refers (Special) to indicate_semi.o(.text) for __semihosting_library_function
    defsig.o(CL$$defsig) refers to defsig_fpe_inner.o(.text) for __rt_SIGFPE_inner
    defsig.o(CL$$defsig) refers to defsig_rtmem_inner.o(.text) for __rt_SIGRTMEM_inner
    _get_argv_nomalloc.o(.text) refers (Special) to hrguard.o(.text) for __heap_region$guard
    _get_argv_nomalloc.o(.text) refers to defsig_rtmem_outer.o(.text) for __rt_SIGRTMEM
    _get_argv_nomalloc.o(.text) refers to sys_command.o(.text) for _sys_command_string
    libshutdown.o(.ARM.Collect$$libshutdown$$00000000) refers (Special) to libshutdown2.o(.ARM.Collect$$libshutdown$$00000002) for __rt_lib_shutdown_cpp_1
    libshutdown.o(.ARM.Collect$$libshutdown$$00000000) refers (Special) to libshutdown2.o(.ARM.Collect$$libshutdown$$00000007) for __rt_lib_shutdown_fp_trap_1
    libshutdown.o(.ARM.Collect$$libshutdown$$00000000) refers (Special) to libshutdown2.o(.ARM.Collect$$libshutdown$$0000000F) for __rt_lib_shutdown_heap_1
    libshutdown.o(.ARM.Collect$$libshutdown$$00000000) refers (Special) to libshutdown2.o(.ARM.Collect$$libshutdown$$00000010) for __rt_lib_shutdown_return
    libshutdown.o(.ARM.Collect$$libshutdown$$00000000) refers (Special) to libshutdown2.o(.ARM.Collect$$libshutdown$$0000000A) for __rt_lib_shutdown_signal_1
    libshutdown.o(.ARM.Collect$$libshutdown$$00000000) refers (Special) to libshutdown2.o(.ARM.Collect$$libshutdown$$00000004) for __rt_lib_shutdown_stdio_1
    libshutdown.o(.ARM.Collect$$libshutdown$$00000000) refers (Special) to libshutdown2.o(.ARM.Collect$$libshutdown$$0000000C) for __rt_lib_shutdown_user_alloc_1
    sys_command.o(.text) refers (Special) to use_no_semi.o(.text) for __I$use$semihosting
    sys_command.o(.text) refers (Special) to indicate_semi.o(.text) for __semihosting_library_function
    defsig_abrt_inner.o(.text) refers to defsig_general.o(.text) for __default_signal_display
    defsig_rtred_inner.o(.text) refers to defsig_general.o(.text) for __default_signal_display
    defsig_rtmem_inner.o(.text) refers to defsig_general.o(.text) for __default_signal_display
    defsig_rtmem_outer.o(.text) refers to defsig_rtmem_inner.o(.text) for __rt_SIGRTMEM_inner
    defsig_rtmem_outer.o(.text) refers to defsig_exit.o(.text) for __sig_exit
    defsig_rtmem_formal.o(.text) refers to rt_raise.o(.text) for __rt_raise
    defsig_stak_inner.o(.text) refers to defsig_general.o(.text) for __default_signal_display
    defsig_pvfn_inner.o(.text) refers to defsig_general.o(.text) for __default_signal_display
    defsig_cppl_inner.o(.text) refers to defsig_general.o(.text) for __default_signal_display
    defsig_segv_inner.o(.text) refers to defsig_general.o(.text) for __default_signal_display
    defsig_other.o(.text) refers to defsig_general.o(.text) for __default_signal_display


==============================================================================

Removing Unused input sections from the image.

    Removing bluenrg1_adc.o(.rev16_text), (4 bytes).
    Removing bluenrg1_adc.o(.revsh_text), (4 bytes).
    Removing bluenrg1_adc.o(i.ADC_AutoOffsetUpdate), (44 bytes).
    Removing bluenrg1_adc.o(i.ADC_Calibration), (52 bytes).
    Removing bluenrg1_adc.o(i.ADC_Cmd), (76 bytes).
    Removing bluenrg1_adc.o(i.ADC_ConversionMode), (48 bytes).
    Removing bluenrg1_adc.o(i.ADC_ConvertBatterySensor), (24 bytes).
    Removing bluenrg1_adc.o(i.ADC_ConvertDifferentialVoltage), (88 bytes).
    Removing bluenrg1_adc.o(i.ADC_ConvertSingleEndedVoltage), (144 bytes).
    Removing bluenrg1_adc.o(i.ADC_ConvertTemperatureSensor), (36 bytes).
    Removing bluenrg1_adc.o(i.ADC_ConvertTemperatureSensorFarenait), (48 bytes).
    Removing bluenrg1_adc.o(i.ADC_DeInit), (14 bytes).
    Removing bluenrg1_adc.o(i.ADC_DmaCmd), (48 bytes).
    Removing bluenrg1_adc.o(i.ADC_GetConvertedData), (168 bytes).
    Removing bluenrg1_adc.o(i.ADC_GetFlagStatus), (40 bytes).
    Removing bluenrg1_adc.o(i.ADC_GetITStatus), (36 bytes).
    Removing bluenrg1_adc.o(i.ADC_ITConfig), (60 bytes).
    Removing bluenrg1_adc.o(i.ADC_Init), (252 bytes).
    Removing bluenrg1_adc.o(i.ADC_SelectFrequencyMic), (48 bytes).
    Removing bluenrg1_adc.o(i.ADC_StructInit), (16 bytes).
    Removing bluenrg1_adc.o(i.ADC_ThresholdCheck), (44 bytes).
    Removing bluenrg1_adc.o(i.ADC_ThresholdConfig), (10 bytes).
    Removing bluenrg1_adc.o(.conststring), (68 bytes).
    Removing bluenrg1_dma.o(.rev16_text), (4 bytes).
    Removing bluenrg1_dma.o(.revsh_text), (4 bytes).
    Removing bluenrg1_dma.o(i.DMA_ClearFlag), (28 bytes).
    Removing bluenrg1_dma.o(i.DMA_Cmd), (124 bytes).
    Removing bluenrg1_dma.o(i.DMA_DeInit), (208 bytes).
    Removing bluenrg1_dma.o(i.DMA_FlagConfig), (136 bytes).
    Removing bluenrg1_dma.o(i.DMA_GetCurrDataCounter), (92 bytes).
    Removing bluenrg1_dma.o(i.DMA_GetFlagStatus), (36 bytes).
    Removing bluenrg1_dma.o(i.DMA_Init), (352 bytes).
    Removing bluenrg1_dma.o(i.DMA_SelectAdcChannel), (92 bytes).
    Removing bluenrg1_dma.o(i.DMA_SetCurrDataCounter), (92 bytes).
    Removing bluenrg1_dma.o(i.DMA_StructInit), (26 bytes).
    Removing bluenrg1_dma.o(.conststring), (68 bytes).
    Removing bluenrg1_flash.o(.rev16_text), (4 bytes).
    Removing bluenrg1_flash.o(.revsh_text), (4 bytes).
    Removing bluenrg1_flash.o(i.FLASH_ClearCmdDone), (16 bytes).
    Removing bluenrg1_flash.o(i.FLASH_ClearFlag), (52 bytes).
    Removing bluenrg1_flash.o(i.FLASH_ClearITPendingBit), (52 bytes).
    Removing bluenrg1_flash.o(i.FLASH_EraseAllFlash), (24 bytes).
    Removing bluenrg1_flash.o(i.FLASH_ErasePage), (48 bytes).
    Removing bluenrg1_flash.o(i.FLASH_GetFlagStatus), (60 bytes).
    Removing bluenrg1_flash.o(i.FLASH_ITConfig), (84 bytes).
    Removing bluenrg1_flash.o(i.FLASH_NextFreeFlashAddress), (12 bytes).
    Removing bluenrg1_flash.o(i.FLASH_ProgramWord), (68 bytes).
    Removing bluenrg1_flash.o(i.FLASH_ProgramWordBurst), (80 bytes).
    Removing bluenrg1_flash.o(i.FLASH_ReadByte), (40 bytes).
    Removing bluenrg1_flash.o(i.FLASH_ReadWord), (40 bytes).
    Removing bluenrg1_flash.o(i.FLASH_WaitCmdDone), (16 bytes).
    Removing bluenrg1_flash.o(.conststring), (70 bytes).
    Removing bluenrg1_gpio.o(.rev16_text), (4 bytes).
    Removing bluenrg1_gpio.o(.revsh_text), (4 bytes).
    Removing bluenrg1_gpio.o(i.GPIO_ClearITPendingBit), (36 bytes).
    Removing bluenrg1_gpio.o(i.GPIO_DeInit), (48 bytes).
    Removing bluenrg1_gpio.o(i.GPIO_EXTICmd), (44 bytes).
    Removing bluenrg1_gpio.o(i.GPIO_EXTIConfig), (136 bytes).
    Removing bluenrg1_gpio.o(i.GPIO_EXTIStructInit), (10 bytes).
    Removing bluenrg1_gpio.o(i.GPIO_GetITPendingBit), (176 bytes).
    Removing bluenrg1_gpio.o(i.GPIO_ReadBit), (176 bytes).
    Removing bluenrg1_gpio.o(i.GPIO_ResetBits), (32 bytes).
    Removing bluenrg1_gpio.o(i.GPIO_SetBits), (32 bytes).
    Removing bluenrg1_gpio.o(i.GPIO_SetRetentionState), (2 bytes).
    Removing bluenrg1_gpio.o(i.GPIO_StructInit), (12 bytes).
    Removing bluenrg1_gpio.o(i.GPIO_ToggleBits), (36 bytes).
    Removing bluenrg1_gpio.o(i.GPIO_WriteBit), (60 bytes).
    Removing bluenrg1_i2c.o(.rev16_text), (4 bytes).
    Removing bluenrg1_i2c.o(.revsh_text), (4 bytes).
    Removing bluenrg1_i2c.o(i.I2C_BeginTransaction), (200 bytes).
    Removing bluenrg1_i2c.o(i.I2C_ClearITPendingBit), (72 bytes).
    Removing bluenrg1_i2c.o(i.I2C_Cmd), (72 bytes).
    Removing bluenrg1_i2c.o(i.I2C_DMACmd), (92 bytes).
    Removing bluenrg1_i2c.o(i.I2C_DMATxBurstMode), (80 bytes).
    Removing bluenrg1_i2c.o(i.I2C_DMATxBurstSize), (76 bytes).
    Removing bluenrg1_i2c.o(i.I2C_DeInit), (56 bytes).
    Removing bluenrg1_i2c.o(i.I2C_FillTxFIFO), (44 bytes).
    Removing bluenrg1_i2c.o(i.I2C_FlushRx), (52 bytes).
    Removing bluenrg1_i2c.o(i.I2C_FlushTx), (48 bytes).
    Removing bluenrg1_i2c.o(i.I2C_GeneralCallCmd), (76 bytes).
    Removing bluenrg1_i2c.o(i.I2C_GenerateStopCondition), (52 bytes).
    Removing bluenrg1_i2c.o(i.I2C_GetITPendingBit), (76 bytes).
    Removing bluenrg1_i2c.o(i.I2C_GetITStatus), (76 bytes).
    Removing bluenrg1_i2c.o(i.I2C_GetStatus), (48 bytes).
    Removing bluenrg1_i2c.o(i.I2C_ITConfig), (100 bytes).
    Removing bluenrg1_i2c.o(i.I2C_Init), (324 bytes).
    Removing bluenrg1_i2c.o(i.I2C_ReceiveData), (44 bytes).
    Removing bluenrg1_i2c.o(i.I2C_SetHoldTime), (68 bytes).
    Removing bluenrg1_i2c.o(i.I2C_SetHoldTimeStartCondition), (112 bytes).
    Removing bluenrg1_i2c.o(i.I2C_SetRxThreshold), (72 bytes).
    Removing bluenrg1_i2c.o(i.I2C_SetTxThreshold), (72 bytes).
    Removing bluenrg1_i2c.o(i.I2C_StructInit), (20 bytes).
    Removing bluenrg1_i2c.o(i.I2C_WaitFlushRx), (52 bytes).
    Removing bluenrg1_i2c.o(i.I2C_WaitFlushTx), (52 bytes).
    Removing bluenrg1_i2c.o(.conststring), (68 bytes).
    Removing bluenrg1_i2c.o(.data), (8 bytes).
    Removing bluenrg1_mft.o(.rev16_text), (4 bytes).
    Removing bluenrg1_mft.o(.revsh_text), (4 bytes).
    Removing bluenrg1_mft.o(i.MFT_ClearIT), (68 bytes).
    Removing bluenrg1_mft.o(i.MFT_Cmd), (72 bytes).
    Removing bluenrg1_mft.o(i.MFT_DeInit), (16 bytes).
    Removing bluenrg1_mft.o(i.MFT_EnableIT), (96 bytes).
    Removing bluenrg1_mft.o(i.MFT_GetCounter1), (44 bytes).
    Removing bluenrg1_mft.o(i.MFT_GetCounter2), (44 bytes).
    Removing bluenrg1_mft.o(i.MFT_Init), (264 bytes).
    Removing bluenrg1_mft.o(i.MFT_PulseTrainSoftwareTrigger), (48 bytes).
    Removing bluenrg1_mft.o(i.MFT_PulseTrainTriggerSelect), (72 bytes).
    Removing bluenrg1_mft.o(i.MFT_SelectCapturePin), (108 bytes).
    Removing bluenrg1_mft.o(i.MFT_SetCounter), (48 bytes).
    Removing bluenrg1_mft.o(i.MFT_SetCounter1), (44 bytes).
    Removing bluenrg1_mft.o(i.MFT_SetCounter2), (44 bytes).
    Removing bluenrg1_mft.o(i.MFT_StatusIT), (68 bytes).
    Removing bluenrg1_mft.o(i.MFT_StructInit), (16 bytes).
    Removing bluenrg1_mft.o(i.MFT_TnEDGES), (104 bytes).
    Removing bluenrg1_mft.o(i.MFT_TnXEN), (108 bytes).
    Removing bluenrg1_mft.o(.conststring), (68 bytes).
    Removing bluenrg1_rng.o(.rev16_text), (4 bytes).
    Removing bluenrg1_rng.o(.revsh_text), (4 bytes).
    Removing bluenrg1_rng.o(i.RNG_Cmd), (44 bytes).
    Removing bluenrg1_rng.o(i.RNG_GetFlagStatus), (14 bytes).
    Removing bluenrg1_rng.o(.conststring), (68 bytes).
    Removing bluenrg1_rtc.o(.rev16_text), (4 bytes).
    Removing bluenrg1_rtc.o(.revsh_text), (4 bytes).
    Removing bluenrg1_rtc.o(i.RTC_AutoStart), (48 bytes).
    Removing bluenrg1_rtc.o(i.RTC_ClockwatchCmd), (48 bytes).
    Removing bluenrg1_rtc.o(i.RTC_Cmd), (44 bytes).
    Removing bluenrg1_rtc.o(i.RTC_GetNumberIrqGenerated), (12 bytes).
    Removing bluenrg1_rtc.o(i.RTC_GetTimeDate), (64 bytes).
    Removing bluenrg1_rtc.o(i.RTC_GetTimerValue), (12 bytes).
    Removing bluenrg1_rtc.o(i.RTC_IT_Clear), (36 bytes).
    Removing bluenrg1_rtc.o(i.RTC_IT_Config), (76 bytes).
    Removing bluenrg1_rtc.o(i.RTC_IT_Status), (40 bytes).
    Removing bluenrg1_rtc.o(i.RTC_Init), (116 bytes).
    Removing bluenrg1_rtc.o(i.RTC_SelectTrimmedClock), (48 bytes).
    Removing bluenrg1_rtc.o(i.RTC_SetMatchTimeDate), (252 bytes).
    Removing bluenrg1_rtc.o(i.RTC_SetTimeDate), (248 bytes).
    Removing bluenrg1_rtc.o(.conststring), (68 bytes).
    Removing bluenrg1_spi.o(.rev16_text), (4 bytes).
    Removing bluenrg1_spi.o(.revsh_text), (4 bytes).
    Removing bluenrg1_spi.o(i.SPI_ClearITPendingBit), (44 bytes).
    Removing bluenrg1_spi.o(i.SPI_ClearRXFIFO), (24 bytes).
    Removing bluenrg1_spi.o(i.SPI_ClearTXFIFO), (40 bytes).
    Removing bluenrg1_spi.o(i.SPI_Cmd), (44 bytes).
    Removing bluenrg1_spi.o(i.SPI_CommandSizeConfig), (48 bytes).
    Removing bluenrg1_spi.o(i.SPI_DMACmd), (72 bytes).
    Removing bluenrg1_spi.o(i.SPI_DataSizeConfig), (44 bytes).
    Removing bluenrg1_spi.o(i.SPI_DeInit), (36 bytes).
    Removing bluenrg1_spi.o(i.SPI_DelayBetweenFrames), (60 bytes).
    Removing bluenrg1_spi.o(i.SPI_DelayDataInput), (52 bytes).
    Removing bluenrg1_spi.o(i.SPI_EnableWaitState), (56 bytes).
    Removing bluenrg1_spi.o(i.SPI_EndianFormatReception), (56 bytes).
    Removing bluenrg1_spi.o(i.SPI_EndianFormatTransmission), (60 bytes).
    Removing bluenrg1_spi.o(i.SPI_FrameFormatConfig), (48 bytes).
    Removing bluenrg1_spi.o(i.SPI_GetFlagStatus), (56 bytes).
    Removing bluenrg1_spi.o(i.SPI_GetITStatus), (60 bytes).
    Removing bluenrg1_spi.o(i.SPI_ITConfig), (64 bytes).
    Removing bluenrg1_spi.o(i.SPI_Init), (156 bytes).
    Removing bluenrg1_spi.o(i.SPI_ReceiveData), (12 bytes).
    Removing bluenrg1_spi.o(i.SPI_RxFifoInterruptLevelConfig), (52 bytes).
    Removing bluenrg1_spi.o(i.SPI_SendData), (12 bytes).
    Removing bluenrg1_spi.o(i.SPI_SetBaudrate), (104 bytes).
    Removing bluenrg1_spi.o(i.SPI_SetDummyCharacter), (12 bytes).
    Removing bluenrg1_spi.o(i.SPI_SetMasterCommunicationMode), (56 bytes).
    Removing bluenrg1_spi.o(i.SPI_SetNumFramesToReceive), (12 bytes).
    Removing bluenrg1_spi.o(i.SPI_SetNumFramesToTransmit), (12 bytes).
    Removing bluenrg1_spi.o(i.SPI_SlaveModeOutputCmd), (48 bytes).
    Removing bluenrg1_spi.o(i.SPI_SlaveSwSelection), (48 bytes).
    Removing bluenrg1_spi.o(i.SPI_StructInit), (24 bytes).
    Removing bluenrg1_spi.o(i.SPI_TxFifoInterruptLevelConfig), (56 bytes).
    Removing bluenrg1_spi.o(.conststring), (68 bytes).
    Removing bluenrg1_sysctrl.o(.rev16_text), (4 bytes).
    Removing bluenrg1_sysctrl.o(.revsh_text), (4 bytes).
    Removing bluenrg1_sysctrl.o(i.SysCtrl_DeInit), (52 bytes).
    Removing bluenrg1_sysctrl.o(i.SysCtrl_GetWakeupResetReason), (156 bytes).
    Removing bluenrg1_sysctrl.o(i.SysCtrl_SelectXO), (52 bytes).
    Removing bluenrg1_sysctrl.o(i.SysCtrl_WakeupFromIo), (92 bytes).
    Removing bluenrg1_uart.o(.rev16_text), (4 bytes).
    Removing bluenrg1_uart.o(.revsh_text), (4 bytes).
    Removing bluenrg1_uart.o(i.UART_BreakCmd), (48 bytes).
    Removing bluenrg1_uart.o(i.UART_ClearFlag), (56 bytes).
    Removing bluenrg1_uart.o(i.UART_DMACmd), (68 bytes).
    Removing bluenrg1_uart.o(i.UART_DeInit), (64 bytes).
    Removing bluenrg1_uart.o(i.UART_RequestToSendCmd), (48 bytes).
    Removing bluenrg1_uart.o(i.UART_RxSwFlowControlMode), (56 bytes).
    Removing bluenrg1_uart.o(i.UART_SpecialCharDetect), (48 bytes).
    Removing bluenrg1_uart.o(i.UART_StructInit), (26 bytes).
    Removing bluenrg1_uart.o(i.UART_SwFlowControl), (52 bytes).
    Removing bluenrg1_uart.o(i.UART_TimeoutConfig), (36 bytes).
    Removing bluenrg1_uart.o(i.UART_TxFifoIrqLevelConfig), (68 bytes).
    Removing bluenrg1_uart.o(i.UART_TxSwFlowControlMode), (56 bytes).
    Removing bluenrg1_uart.o(i.UART_Xoff1Char), (44 bytes).
    Removing bluenrg1_uart.o(i.UART_Xoff2Char), (44 bytes).
    Removing bluenrg1_uart.o(i.UART_Xon1Char), (44 bytes).
    Removing bluenrg1_uart.o(i.UART_Xon2Char), (44 bytes).
    Removing bluenrg1_uart.o(i.UART_XonAnyBit), (52 bytes).
    Removing bluenrg1_wdg.o(.rev16_text), (4 bytes).
    Removing bluenrg1_wdg.o(.revsh_text), (4 bytes).
    Removing bluenrg1_wdg.o(i.WDG_ClearITPendingBit), (16 bytes).
    Removing bluenrg1_wdg.o(i.WDG_Enable), (24 bytes).
    Removing bluenrg1_wdg.o(i.WDG_GetCounter), (12 bytes).
    Removing bluenrg1_wdg.o(i.WDG_GetITStatus), (20 bytes).
    Removing bluenrg1_wdg.o(i.WDG_GetWriteAccess), (20 bytes).
    Removing bluenrg1_wdg.o(i.WDG_ITConfig), (48 bytes).
    Removing bluenrg1_wdg.o(i.WDG_SetReload), (28 bytes).
    Removing bluenrg1_wdg.o(i.WDG_SetWriteAccess), (40 bytes).
    Removing bluenrg1_wdg.o(.conststring), (68 bytes).
    Removing misc.o(.rev16_text), (4 bytes).
    Removing misc.o(.revsh_text), (4 bytes).
    Removing misc.o(i.SysTick_State), (104 bytes).
    Removing misc.o(i.SystemSleepCmd), (100 bytes).
    Removing lps25hb.o(.rev16_text), (4 bytes).
    Removing lps25hb.o(.revsh_text), (4 bytes).
    Removing lps25hb.o(i.LPS25HB_GetPressure), (84 bytes).
    Removing lps25hb.o(i.LPS25HB_GetTemperature), (76 bytes).
    Removing lps25hb.o(i.LPS25HB_Init), (204 bytes).
    Removing lps25hb.o(i.LPS25HB_PowerOff), (56 bytes).
    Removing lps25hb.o(i.LPS25HB_ReadID), (28 bytes).
    Removing lps25hb.o(i.LPS25HB_RebootCmd), (56 bytes).
    Removing lps25hb.o(i.LPS25HB_SlaveAddrRemap), (20 bytes).
    Removing lps25hb.o(.data), (52 bytes).
    Removing lps25hb.o(.data), (1 bytes).
    Removing lsm6ds3.o(.rev16_text), (4 bytes).
    Removing lsm6ds3.o(.revsh_text), (4 bytes).
    Removing lsm6ds3.o(i.LSM6DS3_Common_Sensor_Enable), (100 bytes).
    Removing lsm6ds3.o(i.LSM6DS3_Disable_Free_Fall_Detection), (84 bytes).
    Removing lsm6ds3.o(i.LSM6DS3_Enable_Free_Fall_Detection), (188 bytes).
    Removing lsm6ds3.o(i.LSM6DS3_G_GetAxes), (104 bytes).
    Removing lsm6ds3.o(i.LSM6DS3_G_GetAxesRaw), (94 bytes).
    Removing lsm6ds3.o(i.LSM6DS3_G_GetSensitivity), (132 bytes).
    Removing lsm6ds3.o(i.LSM6DS3_G_Get_FS), (132 bytes).
    Removing lsm6ds3.o(i.LSM6DS3_G_Get_ODR), (136 bytes).
    Removing lsm6ds3.o(i.LSM6DS3_G_Set_Axes_Status), (98 bytes).
    Removing lsm6ds3.o(i.LSM6DS3_G_Set_FS), (176 bytes).
    Removing lsm6ds3.o(i.LSM6DS3_G_Set_ODR), (164 bytes).
    Removing lsm6ds3.o(i.LSM6DS3_Get_Status_Free_Fall_Detection), (54 bytes).
    Removing lsm6ds3.o(i.LSM6DS3_Init), (384 bytes).
    Removing lsm6ds3.o(i.LSM6DS3_Read_XG_ID), (20 bytes).
    Removing lsm6ds3.o(i.LSM6DS3_X_GetAxes), (104 bytes).
    Removing lsm6ds3.o(i.LSM6DS3_X_GetAxesRaw), (94 bytes).
    Removing lsm6ds3.o(i.LSM6DS3_X_GetSensitivity), (92 bytes).
    Removing lsm6ds3.o(i.LSM6DS3_X_Get_FS), (84 bytes).
    Removing lsm6ds3.o(i.LSM6DS3_X_Get_ODR), (152 bytes).
    Removing lsm6ds3.o(i.LSM6DS3_X_Set_Axes_Status), (98 bytes).
    Removing lsm6ds3.o(i.LSM6DS3_X_Set_FS), (92 bytes).
    Removing lsm6ds3.o(i.LSM6DS3_X_Set_ODR), (192 bytes).
    Removing lsm6ds3.o(.constdata), (3 bytes).
    Removing lsm6ds3.o(.data), (64 bytes).
    Removing lsm6ds3.o(.data), (12 bytes).
    Removing sdk_eval_button.o(.rev16_text), (4 bytes).
    Removing sdk_eval_button.o(.revsh_text), (4 bytes).
    Removing sdk_eval_button.o(i.Get_ButtonGpioPin), (44 bytes).
    Removing sdk_eval_button.o(i.SdkEvalPushButtonClearITPendingBit), (12 bytes).
    Removing sdk_eval_button.o(i.SdkEvalPushButtonGetITPendingBit), (12 bytes).
    Removing sdk_eval_button.o(i.SdkEvalPushButtonGetState), (18 bytes).
    Removing sdk_eval_button.o(i.SdkEvalPushButtonInit), (38 bytes).
    Removing sdk_eval_button.o(i.SdkEvalPushButtonIrq), (66 bytes).
    Removing sdk_eval_com.o(.rev16_text), (4 bytes).
    Removing sdk_eval_com.o(.revsh_text), (4 bytes).
    Removing sdk_eval_com.o(i.Read_Buffer_Pop), (48 bytes).
    Removing sdk_eval_com.o(i.Read_Buffer_Push), (36 bytes).
    Removing sdk_eval_com.o(i.SdkEvalComIOConfig), (28 bytes).
    Removing sdk_eval_com.o(i.SdkEvalComIOProcessInputData), (26 bytes).
    Removing sdk_eval_com.o(i.SdkEvalComIOReceiveData), (16 bytes).
    Removing sdk_eval_com.o(i.SdkEvalComIOTxFifoNotEmpty), (20 bytes).
    Removing sdk_eval_com.o(i.SdkEvalComIOUartIrqHandler), (42 bytes).
    Removing sdk_eval_com.o(i.__io_getcharNonBlocking), (28 bytes).
    Removing sdk_eval_com.o(i.fgetc), (18 bytes).
    Removing sdk_eval_com.o(.bss), (1024 bytes).
    Removing sdk_eval_com.o(.data), (16 bytes).
    Removing sdk_eval_config.o(.rev16_text), (4 bytes).
    Removing sdk_eval_config.o(.revsh_text), (4 bytes).
    Removing sdk_eval_config.o(.constdata), (8 bytes).
    Removing sdk_eval_config.o(.constdata), (4 bytes).
    Removing sdk_eval_config.o(.constdata), (4 bytes).
    Removing sdk_eval_config.o(.constdata), (4 bytes).
    Removing sdk_eval_config.o(.constdata), (4 bytes).
    Removing sdk_eval_config.o(.constdata), (4 bytes).
    Removing sdk_eval_config.o(.constdata), (4 bytes).
    Removing sdk_eval_config.o(.constdata), (4 bytes).
    Removing sdk_eval_config.o(.constdata), (12 bytes).
    Removing sdk_eval_config.o(.constdata), (4 bytes).
    Removing sdk_eval_config.o(.constdata), (4 bytes).
    Removing sdk_eval_config.o(.constdata), (4 bytes).
    Removing sdk_eval_config.o(.constdata), (4 bytes).
    Removing sdk_eval_config.o(.constdata), (4 bytes).
    Removing sdk_eval_config.o(.constdata), (4 bytes).
    Removing sdk_eval_config.o(.constdata), (4 bytes).
    Removing sdk_eval_config.o(.constdata), (4 bytes).
    Removing sdk_eval_config.o(.constdata), (4 bytes).
    Removing sdk_eval_config.o(.constdata), (4 bytes).
    Removing sdk_eval_config.o(.constdata), (4 bytes).
    Removing sdk_eval_config.o(.data), (4 bytes).
    Removing sdk_eval_config.o(.data), (4 bytes).
    Removing sdk_eval_config.o(.data), (4 bytes).
    Removing sdk_eval_i2c.o(.rev16_text), (4 bytes).
    Removing sdk_eval_i2c.o(.revsh_text), (4 bytes).
    Removing sdk_eval_i2c.o(i.DmaI2CHandlerCallback), (152 bytes).
    Removing sdk_eval_i2c.o(i.IrqI2CHandlerCallback), (68 bytes).
    Removing sdk_eval_i2c.o(i.SdkEvalI2CDmaInit), (404 bytes).
    Removing sdk_eval_i2c.o(i.SdkEvalI2CDmaRead), (392 bytes).
    Removing sdk_eval_i2c.o(i.SdkEvalI2CDmaWrite), (236 bytes).
    Removing sdk_eval_i2c.o(i.SdkEvalI2CInit), (220 bytes).
    Removing sdk_eval_i2c.o(i.SdkEvalI2CIrqInit), (252 bytes).
    Removing sdk_eval_i2c.o(i.SdkEvalI2CIrqRead), (216 bytes).
    Removing sdk_eval_i2c.o(i.SdkEvalI2CIrqWrite), (164 bytes).
    Removing sdk_eval_i2c.o(i.SdkEvalI2CRead), (324 bytes).
    Removing sdk_eval_i2c.o(i.SdkEvalI2CWrite), (216 bytes).
    Removing sdk_eval_i2c.o(.bss), (20 bytes).
    Removing sdk_eval_i2c.o(.data), (1 bytes).
    Removing sdk_eval_led.o(.rev16_text), (4 bytes).
    Removing sdk_eval_led.o(.revsh_text), (4 bytes).
    Removing sdk_eval_led.o(i.Get_LedGpioPin), (68 bytes).
    Removing sdk_eval_led.o(i.SdkEvalLedGetState), (22 bytes).
    Removing sdk_eval_led.o(i.SdkEvalLedInit), (46 bytes).
    Removing sdk_eval_led.o(i.SdkEvalLedOff), (14 bytes).
    Removing sdk_eval_led.o(i.SdkEvalLedOn), (14 bytes).
    Removing sdk_eval_led.o(i.SdkEvalLedToggle), (12 bytes).
    Removing sdk_eval_spi.o(.rev16_text), (4 bytes).
    Removing sdk_eval_spi.o(.revsh_text), (4 bytes).
    Removing sdk_eval_spi.o(i.DmaSpiHandlerCallback), (80 bytes).
    Removing sdk_eval_spi.o(i.IrqSpiHandlerCallback), (164 bytes).
    Removing sdk_eval_spi.o(i.SdkEvalSpiDmaInit), (312 bytes).
    Removing sdk_eval_spi.o(i.SdkEvalSpiDmaRead), (140 bytes).
    Removing sdk_eval_spi.o(i.SdkEvalSpiDmaWrite), (108 bytes).
    Removing sdk_eval_spi.o(i.SdkEvalSpiInit), (272 bytes).
    Removing sdk_eval_spi.o(i.SdkEvalSpiIrqInit), (228 bytes).
    Removing sdk_eval_spi.o(i.SdkEvalSpiIrqRead), (104 bytes).
    Removing sdk_eval_spi.o(i.SdkEvalSpiIrqWrite), (104 bytes).
    Removing sdk_eval_spi.o(i.SdkEvalSpiRead), (144 bytes).
    Removing sdk_eval_spi.o(i.SdkEvalSpiWrite), (92 bytes).
    Removing sdk_eval_spi.o(.bss), (20 bytes).
    Removing sdk_eval_spi.o(.data), (12 bytes).
    Removing system_bluenrg1.o(.rev16_text), (4 bytes).
    Removing system_bluenrg1.o(.revsh_text), (4 bytes).
    Removing system_bluenrg1.o(i.ADV_Handler), (2 bytes).
    Removing system_bluenrg1.o(i.BATTERY_LOW_Handler), (2 bytes).
    Removing system_bluenrg1.o(i.HardFault_Handler), (2 bytes).
    Removing system_bluenrg1.o(i.NMI_Handler), (2 bytes).
    Removing system_bluenrg1.o(i.SVC_Handler), (2 bytes).
    Removing system_bluenrg1.o(i.SysTick_Handler), (2 bytes).
    Removing system_bluenrg1.o(i.UART_Handler), (2 bytes).
    Removing system_bluenrg1.o(.ota_sw_activation), (4 bytes).
    Removing bluenrg1_it.o(.rev16_text), (4 bytes).
    Removing bluenrg1_it.o(.revsh_text), (4 bytes).
    Removing uart_interrupt_main.o(.rev16_text), (4 bytes).
    Removing uart_interrupt_main.o(.revsh_text), (4 bytes).
    Removing lsm6ds3.o(i.__ARM_common_switch8), (26 bytes).

347 unused section(s) (total 21867 bytes) removed from the image.

==============================================================================

Image Symbol Table

    Local Symbols

    Symbol Name                              Value     Ov Type        Size  Object(Section)

    ../clib/../cmprslib/zerorunl.c           0x00000000   Number         0  __dczerorl.o ABSOLUTE
    ../clib/angel/boardlib.s                 0x00000000   Number         0  boardinit3.o ABSOLUTE
    ../clib/angel/boardlib.s                 0x00000000   Number         0  boardshut.o ABSOLUTE
    ../clib/angel/boardlib.s                 0x00000000   Number         0  boardinit2.o ABSOLUTE
    ../clib/angel/boardlib.s                 0x00000000   Number         0  boardinit1.o ABSOLUTE
    ../clib/angel/handlers.s                 0x00000000   Number         0  __scatter_copy.o ABSOLUTE
    ../clib/angel/kernel.s                   0x00000000   Number         0  __rtentry2.o ABSOLUTE
    ../clib/angel/kernel.s                   0x00000000   Number         0  rtexit.o ABSOLUTE
    ../clib/angel/kernel.s                   0x00000000   Number         0  __rtentry.o ABSOLUTE
    ../clib/angel/kernel.s                   0x00000000   Number         0  rtexit2.o ABSOLUTE
    ../clib/angel/kernel.s                   0x00000000   Number         0  __rtentry4.o ABSOLUTE
    ../clib/angel/kernel.s                   0x00000000   Number         0  __rtentry6.o ABSOLUTE
    ../clib/angel/rt.s                       0x00000000   Number         0  aeabi_idiv0.o ABSOLUTE
    ../clib/angel/rt.s                       0x00000000   Number         0  aeabi_idiv0_sigfpe.o ABSOLUTE
    ../clib/angel/rt.s                       0x00000000   Number         0  rt_div0.o ABSOLUTE
    ../clib/angel/rt.s                       0x00000000   Number         0  rt_raise.o ABSOLUTE
    ../clib/angel/scatterp.s                 0x00000000   Number         0  __scatter.o ABSOLUTE
    ../clib/angel/startup.s                  0x00000000   Number         0  __main.o ABSOLUTE
    ../clib/angel/sys.s                      0x00000000   Number         0  sys_stackheap_outer.o ABSOLUTE
    ../clib/angel/sys.s                      0x00000000   Number         0  libspace.o ABSOLUTE
    ../clib/angel/sys.s                      0x00000000   Number         0  sys_stackheap.o ABSOLUTE
    ../clib/angel/sys.s                      0x00000000   Number         0  use_no_semi.o ABSOLUTE
    ../clib/angel/sys.s                      0x00000000   Number         0  indicate_semi.o ABSOLUTE
    ../clib/angel/sys.s                      0x00000000   Number         0  tempstk.o ABSOLUTE
    ../clib/angel/sysapp.c                   0x00000000   Number         0  sys_command.o ABSOLUTE
    ../clib/angel/sysapp.c                   0x00000000   Number         0  sys_wrch.o ABSOLUTE
    ../clib/angel/sysapp.c                   0x00000000   Number         0  sys_exit.o ABSOLUTE
    ../clib/armsys.c                         0x00000000   Number         0  no_argv.o ABSOLUTE
    ../clib/armsys.c                         0x00000000   Number         0  _get_argv_nomalloc.o ABSOLUTE
    ../clib/armsys.c                         0x00000000   Number         0  argv_veneer.o ABSOLUTE
    ../clib/division.c                       0x00000000   Number         0  rtudiv10.o ABSOLUTE
    ../clib/division.s                       0x00000000   Number         0  aeabi_sdiv_div0.o ABSOLUTE
    ../clib/division.s                       0x00000000   Number         0  aeabi_sdiv.o ABSOLUTE
    ../clib/heapalloc.c                      0x00000000   Number         0  hrguard.o ABSOLUTE
    ../clib/libinit.s                        0x00000000   Number         0  libinit2.o ABSOLUTE
    ../clib/libinit.s                        0x00000000   Number         0  libshutdown.o ABSOLUTE
    ../clib/libinit.s                        0x00000000   Number         0  libshutdown2.o ABSOLUTE
    ../clib/libinit.s                        0x00000000   Number         0  libinit.o ABSOLUTE
    ../clib/libinit.s                        0x00000000   Number         0  libinit4.o ABSOLUTE
    ../clib/memcpset.c                       0x00000000   Number         0  rt_memcpy.o ABSOLUTE
    ../clib/memcpset.c                       0x00000000   Number         0  rt_memcpy.o ABSOLUTE
    ../clib/printf.c                         0x00000000   Number         0  __printf_ss_wp.o ABSOLUTE
    ../clib/printf.c                         0x00000000   Number         0  _printf_char_common.o ABSOLUTE
    ../clib/printf.c                         0x00000000   Number         0  __printf_nopercent.o ABSOLUTE
    ../clib/printf.c                         0x00000000   Number         0  _printf_char_file.o ABSOLUTE
    ../clib/printf.c                         0x00000000   Number         0  _printf_intcommon.o ABSOLUTE
    ../clib/printf.c                         0x00000000   Number         0  __2printf.o ABSOLUTE
    ../clib/printf.c                         0x00000000   Number         0  noretval__2printf.o ABSOLUTE
    ../clib/printf.c                         0x00000000   Number         0  __printf.o ABSOLUTE
    ../clib/printf.c                         0x00000000   Number         0  __printf_flags_ss_wp.o ABSOLUTE
    ../clib/printf.c                         0x00000000   Number         0  _printf_dec.o ABSOLUTE
    ../clib/printf.c                         0x00000000   Number         0  __printf_flags_wp.o ABSOLUTE
    ../clib/printf.c                         0x00000000   Number         0  __printf_flags.o ABSOLUTE
    ../clib/printf.c                         0x00000000   Number         0  __printf_ss.o ABSOLUTE
    ../clib/printf.c                         0x00000000   Number         0  __printf_flags_ss.o ABSOLUTE
    ../clib/printf.c                         0x00000000   Number         0  __printf_wp.o ABSOLUTE
    ../clib/printf_percent.s                 0x00000000   Number         0  _printf_d.o ABSOLUTE
    ../clib/printf_percent.s                 0x00000000   Number         0  _printf_percent.o ABSOLUTE
    ../clib/printf_percent.s                 0x00000000   Number         0  _printf_percent_end.o ABSOLUTE
    ../clib/signal.c                         0x00000000   Number         0  defsig_rtred_inner.o ABSOLUTE
    ../clib/signal.c                         0x00000000   Number         0  defsig_other.o ABSOLUTE
    ../clib/signal.c                         0x00000000   Number         0  defsig_segv_inner.o ABSOLUTE
    ../clib/signal.c                         0x00000000   Number         0  __raise.o ABSOLUTE
    ../clib/signal.c                         0x00000000   Number         0  defsig_cppl_inner.o ABSOLUTE
    ../clib/signal.c                         0x00000000   Number         0  defsig_pvfn_inner.o ABSOLUTE
    ../clib/signal.c                         0x00000000   Number         0  defsig_rtmem_outer.o ABSOLUTE
    ../clib/signal.c                         0x00000000   Number         0  defsig_stak_inner.o ABSOLUTE
    ../clib/signal.c                         0x00000000   Number         0  defsig_general.o ABSOLUTE
    ../clib/signal.c                         0x00000000   Number         0  defsig_fpe_outer.o ABSOLUTE
    ../clib/signal.c                         0x00000000   Number         0  defsig_fpe_formal.o ABSOLUTE
    ../clib/signal.c                         0x00000000   Number         0  defsig_rtmem_formal.o ABSOLUTE
    ../clib/signal.c                         0x00000000   Number         0  defsig_abrt_inner.o ABSOLUTE
    ../clib/signal.c                         0x00000000   Number         0  defsig_exit.o ABSOLUTE
    ../clib/signal.c                         0x00000000   Number         0  defsig_fpe_inner.o ABSOLUTE
    ../clib/signal.c                         0x00000000   Number         0  defsig_rtmem_inner.o ABSOLUTE
    ../clib/signal.s                         0x00000000   Number         0  defsig.o ABSOLUTE
    ../clib/stdio.c                          0x00000000   Number         0  ferror_locked.o ABSOLUTE
    ../clib/stdio.c                          0x00000000   Number         0  ferror.o ABSOLUTE
    ../clib/stdlib.c                         0x00000000   Number         0  exit.o ABSOLUTE
    ../fplib/cfplib/d2f.c                    0x00000000   Number         0  d2f.o ABSOLUTE
    ../fplib/cfplib/daddsub.c                0x00000000   Number         0  daddsub.o ABSOLUTE
    ../fplib/cfplib/dmul.c                   0x00000000   Number         0  dmul.o ABSOLUTE
    ../fplib/cfplib/f2d.c                    0x00000000   Number         0  f2d.o ABSOLUTE
    ../fplib/cfplib/fdiv.c                   0x00000000   Number         0  fdiv.o ABSOLUTE
    ../fplib/cfplib/ffix.c                   0x00000000   Number         0  ffixi.o ABSOLUTE
    ../fplib/cfplib/fflt.c                   0x00000000   Number         0  fflti.o ABSOLUTE
    ../fplib/cfplib/fpinit.c                 0x00000000   Number         0  fpinit.o ABSOLUTE
    ../fplib/cfplib/scalbn.c                 0x00000000   Number         0  fscalbn.o ABSOLUTE
    ../fplib/faddsub6m.s                     0x00000000   Number         0  faddsub.o ABSOLUTE
    ../fplib/fmul6m.s                        0x00000000   Number         0  fmul.o ABSOLUTE
    ../fplib/usenofp.s                       0x00000000   Number         0  usenofp.o ABSOLUTE
    ..\..\..\..\..\..\Library\BlueNRG1_Periph_Driver\src\BlueNRG1_adc.c 0x00000000   Number         0  bluenrg1_adc.o ABSOLUTE
    ..\..\..\..\..\..\Library\BlueNRG1_Periph_Driver\src\BlueNRG1_dma.c 0x00000000   Number         0  bluenrg1_dma.o ABSOLUTE
    ..\..\..\..\..\..\Library\BlueNRG1_Periph_Driver\src\BlueNRG1_flash.c 0x00000000   Number         0  bluenrg1_flash.o ABSOLUTE
    ..\..\..\..\..\..\Library\BlueNRG1_Periph_Driver\src\BlueNRG1_gpio.c 0x00000000   Number         0  bluenrg1_gpio.o ABSOLUTE
    ..\..\..\..\..\..\Library\BlueNRG1_Periph_Driver\src\BlueNRG1_i2c.c 0x00000000   Number         0  bluenrg1_i2c.o ABSOLUTE
    ..\..\..\..\..\..\Library\BlueNRG1_Periph_Driver\src\BlueNRG1_mft.c 0x00000000   Number         0  bluenrg1_mft.o ABSOLUTE
    ..\..\..\..\..\..\Library\BlueNRG1_Periph_Driver\src\BlueNRG1_rng.c 0x00000000   Number         0  bluenrg1_rng.o ABSOLUTE
    ..\..\..\..\..\..\Library\BlueNRG1_Periph_Driver\src\BlueNRG1_rtc.c 0x00000000   Number         0  bluenrg1_rtc.o ABSOLUTE
    ..\..\..\..\..\..\Library\BlueNRG1_Periph_Driver\src\BlueNRG1_spi.c 0x00000000   Number         0  bluenrg1_spi.o ABSOLUTE
    ..\..\..\..\..\..\Library\BlueNRG1_Periph_Driver\src\BlueNRG1_sysCtrl.c 0x00000000   Number         0  bluenrg1_sysctrl.o ABSOLUTE
    ..\..\..\..\..\..\Library\BlueNRG1_Periph_Driver\src\BlueNRG1_uart.c 0x00000000   Number         0  bluenrg1_uart.o ABSOLUTE
    ..\..\..\..\..\..\Library\BlueNRG1_Periph_Driver\src\BlueNRG1_wdg.c 0x00000000   Number         0  bluenrg1_wdg.o ABSOLUTE
    ..\..\..\..\..\..\Library\BlueNRG1_Periph_Driver\src\misc.c 0x00000000   Number         0  misc.o ABSOLUTE
    ..\..\..\..\..\..\Library\CMSIS\Device\ST\BlueNRG1\Source\system_bluenrg1.c 0x00000000   Number         0  system_bluenrg1.o ABSOLUTE
    ..\..\..\..\..\..\Library\SDK_Eval_BlueNRG1\src\LPS25HB.c 0x00000000   Number         0  lps25hb.o ABSOLUTE
    ..\..\..\..\..\..\Library\SDK_Eval_BlueNRG1\src\LSM6DS3.c 0x00000000   Number         0  lsm6ds3.o ABSOLUTE
    ..\..\..\..\..\..\Library\SDK_Eval_BlueNRG1\src\SDK_EVAL_Button.c 0x00000000   Number         0  sdk_eval_button.o ABSOLUTE
    ..\..\..\..\..\..\Library\SDK_Eval_BlueNRG1\src\SDK_EVAL_Com.c 0x00000000   Number         0  sdk_eval_com.o ABSOLUTE
    ..\..\..\..\..\..\Library\SDK_Eval_BlueNRG1\src\SDK_EVAL_Config.c 0x00000000   Number         0  sdk_eval_config.o ABSOLUTE
    ..\..\..\..\..\..\Library\SDK_Eval_BlueNRG1\src\SDK_EVAL_I2C.c 0x00000000   Number         0  sdk_eval_i2c.o ABSOLUTE
    ..\..\..\..\..\..\Library\SDK_Eval_BlueNRG1\src\SDK_EVAL_Led.c 0x00000000   Number         0  sdk_eval_led.o ABSOLUTE
    ..\..\..\..\..\..\Library\SDK_Eval_BlueNRG1\src\SDK_EVAL_SPI.c 0x00000000   Number         0  sdk_eval_spi.o ABSOLUTE
    ..\..\BlueNRG1_it.c                      0x00000000   Number         0  bluenrg1_it.o ABSOLUTE
    ..\..\UART_Interrupt_main.c              0x00000000   Number         0  uart_interrupt_main.o ABSOLUTE
    ..\\..\\..\\..\\..\\..\\Library\\BlueNRG1_Periph_Driver\\src\\BlueNRG1_adc.c 0x00000000   Number         0  bluenrg1_adc.o ABSOLUTE
    ..\\..\\..\\..\\..\\..\\Library\\BlueNRG1_Periph_Driver\\src\\BlueNRG1_dma.c 0x00000000   Number         0  bluenrg1_dma.o ABSOLUTE
    ..\\..\\..\\..\\..\\..\\Library\\BlueNRG1_Periph_Driver\\src\\BlueNRG1_flash.c 0x00000000   Number         0  bluenrg1_flash.o ABSOLUTE
    ..\\..\\..\\..\\..\\..\\Library\\BlueNRG1_Periph_Driver\\src\\BlueNRG1_gpio.c 0x00000000   Number         0  bluenrg1_gpio.o ABSOLUTE
    ..\\..\\..\\..\\..\\..\\Library\\BlueNRG1_Periph_Driver\\src\\BlueNRG1_i2c.c 0x00000000   Number         0  bluenrg1_i2c.o ABSOLUTE
    ..\\..\\..\\..\\..\\..\\Library\\BlueNRG1_Periph_Driver\\src\\BlueNRG1_mft.c 0x00000000   Number         0  bluenrg1_mft.o ABSOLUTE
    ..\\..\\..\\..\\..\\..\\Library\\BlueNRG1_Periph_Driver\\src\\BlueNRG1_rng.c 0x00000000   Number         0  bluenrg1_rng.o ABSOLUTE
    ..\\..\\..\\..\\..\\..\\Library\\BlueNRG1_Periph_Driver\\src\\BlueNRG1_rtc.c 0x00000000   Number         0  bluenrg1_rtc.o ABSOLUTE
    ..\\..\\..\\..\\..\\..\\Library\\BlueNRG1_Periph_Driver\\src\\BlueNRG1_spi.c 0x00000000   Number         0  bluenrg1_spi.o ABSOLUTE
    ..\\..\\..\\..\\..\\..\\Library\\BlueNRG1_Periph_Driver\\src\\BlueNRG1_sysCtrl.c 0x00000000   Number         0  bluenrg1_sysctrl.o ABSOLUTE
    ..\\..\\..\\..\\..\\..\\Library\\BlueNRG1_Periph_Driver\\src\\BlueNRG1_uart.c 0x00000000   Number         0  bluenrg1_uart.o ABSOLUTE
    ..\\..\\..\\..\\..\\..\\Library\\BlueNRG1_Periph_Driver\\src\\BlueNRG1_wdg.c 0x00000000   Number         0  bluenrg1_wdg.o ABSOLUTE
    ..\\..\\..\\..\\..\\..\\Library\\BlueNRG1_Periph_Driver\\src\\misc.c 0x00000000   Number         0  misc.o ABSOLUTE
    ..\\..\\..\\..\\..\\..\\Library\\CMSIS\\Device\\ST\\BlueNRG1\\Source\\system_bluenrg1.c 0x00000000   Number         0  system_bluenrg1.o ABSOLUTE
    ..\\..\\..\\..\\..\\..\\Library\\SDK_Eval_BlueNRG1\\src\\LPS25HB.c 0x00000000   Number         0  lps25hb.o ABSOLUTE
    ..\\..\\..\\..\\..\\..\\Library\\SDK_Eval_BlueNRG1\\src\\LSM6DS3.c 0x00000000   Number         0  lsm6ds3.o ABSOLUTE
    ..\\..\\..\\..\\..\\..\\Library\\SDK_Eval_BlueNRG1\\src\\SDK_EVAL_Button.c 0x00000000   Number         0  sdk_eval_button.o ABSOLUTE
    ..\\..\\..\\..\\..\\..\\Library\\SDK_Eval_BlueNRG1\\src\\SDK_EVAL_Com.c 0x00000000   Number         0  sdk_eval_com.o ABSOLUTE
    ..\\..\\..\\..\\..\\..\\Library\\SDK_Eval_BlueNRG1\\src\\SDK_EVAL_Config.c 0x00000000   Number         0  sdk_eval_config.o ABSOLUTE
    ..\\..\\..\\..\\..\\..\\Library\\SDK_Eval_BlueNRG1\\src\\SDK_EVAL_I2C.c 0x00000000   Number         0  sdk_eval_i2c.o ABSOLUTE
    ..\\..\\..\\..\\..\\..\\Library\\SDK_Eval_BlueNRG1\\src\\SDK_EVAL_Led.c 0x00000000   Number         0  sdk_eval_led.o ABSOLUTE
    ..\\..\\..\\..\\..\\..\\Library\\SDK_Eval_BlueNRG1\\src\\SDK_EVAL_SPI.c 0x00000000   Number         0  sdk_eval_spi.o ABSOLUTE
    ..\\..\\..\\..\\..\\..\\Library\\hal\\src\\context_switch.s 0x00000000   Number         0  context_switch.o ABSOLUTE
    ..\\..\\BlueNRG1_it.c                    0x00000000   Number         0  bluenrg1_it.o ABSOLUTE
    ..\\..\\UART_Interrupt_main.c            0x00000000   Number         0  uart_interrupt_main.o ABSOLUTE
    dc.s                                     0x00000000   Number         0  dc.o ABSOLUTE
    .intvec                                  0x10040000   Section      192  system_bluenrg1.o(.intvec)
    __tagsym$$used                           0x10040000   Number         0  system_bluenrg1.o(.intvec)
    !!!main                                  0x100400c0   Section        8  __main.o(!!!main)
    !!!scatter                               0x100400c8   Section       60  __scatter.o(!!!scatter)
    !!handler_copy                           0x10040104   Section       26  __scatter_copy.o(!!handler_copy)
    . text                                   0x10040120   Section      108  context_switch.o(. text)
    .ARM.Collect$$_printf_percent$$00000000  0x1004018c   Section        2  _printf_percent.o(.ARM.Collect$$_printf_percent$$00000000)
    .ARM.Collect$$_printf_percent$$00000009  0x1004018e   Section       10  _printf_d.o(.ARM.Collect$$_printf_percent$$00000009)
    .ARM.Collect$$_printf_percent$$00000017  0x10040198   Section        4  _printf_percent_end.o(.ARM.Collect$$_printf_percent$$00000017)
    .ARM.Collect$$libinit$$00000000          0x1004019c   Section        2  libinit.o(.ARM.Collect$$libinit$$00000000)
    .ARM.Collect$$libinit$$00000002          0x1004019e   Section        0  libinit2.o(.ARM.Collect$$libinit$$00000002)
    .ARM.Collect$$libinit$$00000004          0x1004019e   Section        0  libinit2.o(.ARM.Collect$$libinit$$00000004)
    .ARM.Collect$$libinit$$0000000A          0x1004019e   Section        0  libinit2.o(.ARM.Collect$$libinit$$0000000A)
    .ARM.Collect$$libinit$$0000000C          0x1004019e   Section        0  libinit2.o(.ARM.Collect$$libinit$$0000000C)
    .ARM.Collect$$libinit$$0000000E          0x1004019e   Section        0  libinit2.o(.ARM.Collect$$libinit$$0000000E)
    .ARM.Collect$$libinit$$00000011          0x1004019e   Section        0  libinit2.o(.ARM.Collect$$libinit$$00000011)
    .ARM.Collect$$libinit$$00000013          0x1004019e   Section        0  libinit2.o(.ARM.Collect$$libinit$$00000013)
    .ARM.Collect$$libinit$$00000015          0x1004019e   Section        0  libinit2.o(.ARM.Collect$$libinit$$00000015)
    .ARM.Collect$$libinit$$00000017          0x1004019e   Section        0  libinit2.o(.ARM.Collect$$libinit$$00000017)
    .ARM.Collect$$libinit$$00000019          0x1004019e   Section        0  libinit2.o(.ARM.Collect$$libinit$$00000019)
    .ARM.Collect$$libinit$$0000001B          0x1004019e   Section        0  libinit2.o(.ARM.Collect$$libinit$$0000001B)
    .ARM.Collect$$libinit$$0000001D          0x1004019e   Section        0  libinit2.o(.ARM.Collect$$libinit$$0000001D)
    .ARM.Collect$$libinit$$0000001F          0x1004019e   Section        0  libinit2.o(.ARM.Collect$$libinit$$0000001F)
    .ARM.Collect$$libinit$$00000021          0x1004019e   Section        0  libinit2.o(.ARM.Collect$$libinit$$00000021)
    .ARM.Collect$$libinit$$00000023          0x1004019e   Section        0  libinit2.o(.ARM.Collect$$libinit$$00000023)
    .ARM.Collect$$libinit$$00000025          0x1004019e   Section        0  libinit2.o(.ARM.Collect$$libinit$$00000025)
    .ARM.Collect$$libinit$$0000002C          0x1004019e   Section        0  libinit2.o(.ARM.Collect$$libinit$$0000002C)
    .ARM.Collect$$libinit$$0000002E          0x1004019e   Section        0  libinit2.o(.ARM.Collect$$libinit$$0000002E)
    .ARM.Collect$$libinit$$00000030          0x1004019e   Section        0  libinit2.o(.ARM.Collect$$libinit$$00000030)
    .ARM.Collect$$libinit$$00000032          0x1004019e   Section        0  libinit2.o(.ARM.Collect$$libinit$$00000032)
    .ARM.Collect$$libinit$$00000033          0x1004019e   Section        2  libinit2.o(.ARM.Collect$$libinit$$00000033)
    .ARM.Collect$$libshutdown$$00000000      0x100401a0   Section        2  libshutdown.o(.ARM.Collect$$libshutdown$$00000000)
    .ARM.Collect$$libshutdown$$00000002      0x100401a2   Section        0  libshutdown2.o(.ARM.Collect$$libshutdown$$00000002)
    .ARM.Collect$$libshutdown$$00000004      0x100401a2   Section        0  libshutdown2.o(.ARM.Collect$$libshutdown$$00000004)
    .ARM.Collect$$libshutdown$$00000007      0x100401a2   Section        0  libshutdown2.o(.ARM.Collect$$libshutdown$$00000007)
    .ARM.Collect$$libshutdown$$0000000A      0x100401a2   Section        0  libshutdown2.o(.ARM.Collect$$libshutdown$$0000000A)
    .ARM.Collect$$libshutdown$$0000000C      0x100401a2   Section        0  libshutdown2.o(.ARM.Collect$$libshutdown$$0000000C)
    .ARM.Collect$$libshutdown$$0000000F      0x100401a2   Section        0  libshutdown2.o(.ARM.Collect$$libshutdown$$0000000F)
    .ARM.Collect$$libshutdown$$00000010      0x100401a2   Section        2  libshutdown2.o(.ARM.Collect$$libshutdown$$00000010)
    .ARM.Collect$$rtentry$$00000000          0x100401a4   Section        0  __rtentry.o(.ARM.Collect$$rtentry$$00000000)
    .ARM.Collect$$rtentry$$00000002          0x100401a4   Section        0  __rtentry2.o(.ARM.Collect$$rtentry$$00000002)
    .ARM.Collect$$rtentry$$00000006          0x100401a4   Section        4  __rtentry6.o(.ARM.Collect$$rtentry$$00000006)
    .ARM.Collect$$rtentry$$00000009          0x100401a8   Section        0  __rtentry2.o(.ARM.Collect$$rtentry$$00000009)
    .ARM.Collect$$rtentry$$0000000A          0x100401a8   Section        4  __rtentry2.o(.ARM.Collect$$rtentry$$0000000A)
    .ARM.Collect$$rtentry$$0000000C          0x100401ac   Section        0  __rtentry2.o(.ARM.Collect$$rtentry$$0000000C)
    .ARM.Collect$$rtentry$$0000000D          0x100401ac   Section        8  __rtentry2.o(.ARM.Collect$$rtentry$$0000000D)
    .ARM.Collect$$rtentry$$00002717          0x100401b4   Section        4  __rtentry6.o(.ARM.Collect$$rtentry$$00002717)
    __lit__00000000                          0x100401b4   Data           4  __rtentry6.o(.ARM.Collect$$rtentry$$00002717)
    .ARM.Collect$$rtexit$$00000000           0x100401b8   Section        2  rtexit.o(.ARM.Collect$$rtexit$$00000000)
    .ARM.Collect$$rtexit$$00000002           0x100401ba   Section        0  rtexit2.o(.ARM.Collect$$rtexit$$00000002)
    .ARM.Collect$$rtexit$$00000003           0x100401ba   Section        4  rtexit2.o(.ARM.Collect$$rtexit$$00000003)
    .ARM.Collect$$rtexit$$00000004           0x100401be   Section        6  rtexit2.o(.ARM.Collect$$rtexit$$00000004)
    .emb_text                                0x100401c4   Section       56  rt_memcpy.o(.emb_text)
    .text                                    0x100401fc   Section        0  noretval__2printf.o(.text)
    .text                                    0x10040218   Section        0  __printf.o(.text)
    .text                                    0x10040284   Section        0  _printf_dec.o(.text)
    .text                                    0x100402f0   Section      346  aeabi_sdiv.o(.text)
    .text                                    0x1004044a   Section        0  _printf_intcommon.o(.text)
    .text                                    0x100404fc   Section        0  _printf_char_file.o(.text)
    .text                                    0x10040524   Section        0  rtudiv10.o(.text)
    .text                                    0x1004054c   Section        0  _printf_char_common.o(.text)
    _printf_input_char                       0x1004054d   Thumb Code    10  _printf_char_common.o(.text)
    .text                                    0x1004057c   Section        0  ferror.o(.text)
    .text                                    0x10040584   Section        0  exit.o(.text)
    .text                                    0x10040594   Section        0  sys_exit.o(.text)
    .text                                    0x100405a0   Section        2  use_no_semi.o(.text)
    .text                                    0x100405a2   Section        0  indicate_semi.o(.text)
    .text                                    0x100405a2   Section        0  __dczerorl.o(.text)
    i.ADC_Handler                            0x100405dc   Section        0  system_bluenrg1.o(i.ADC_Handler)
    i.Blue_Handler                           0x100405de   Section        0  system_bluenrg1.o(i.Blue_Handler)
    i.DMA_Handler                            0x100405e0   Section        0  system_bluenrg1.o(i.DMA_Handler)
    i.DeviceConfiguration                    0x100405e4   Section        0  system_bluenrg1.o(i.DeviceConfiguration)
    i.GPIO_Handler                           0x100406c8   Section        0  system_bluenrg1.o(i.GPIO_Handler)
    i.GPIO_Init                              0x100406cc   Section        0  bluenrg1_gpio.o(i.GPIO_Init)
    i.HardFault_Handler                      0x100407e0   Section        0  bluenrg1_it.o(i.HardFault_Handler)
    i.I2C1_Handler                           0x100407e2   Section        0  system_bluenrg1.o(i.I2C1_Handler)
    i.I2C2_Handler                           0x100407e4   Section        0  system_bluenrg1.o(i.I2C2_Handler)
    i.MFT1A_Handler                          0x100407e6   Section        0  system_bluenrg1.o(i.MFT1A_Handler)
    i.MFT1B_Handler                          0x100407e8   Section        0  system_bluenrg1.o(i.MFT1B_Handler)
    i.MFT2A_Handler                          0x100407ea   Section        0  system_bluenrg1.o(i.MFT2A_Handler)
    i.MFT2B_Handler                          0x100407ec   Section        0  system_bluenrg1.o(i.MFT2B_Handler)
    i.NMI_Handler                            0x100407ee   Section        0  bluenrg1_it.o(i.NMI_Handler)
    i.NVIC_Init                              0x100407f0   Section        0  misc.o(i.NVIC_Init)
    i.NVIC_SetPriority                       0x100408d8   Section        0  system_bluenrg1.o(i.NVIC_SetPriority)
    NVIC_SetPriority                         0x100408d9   Thumb Code    60  system_bluenrg1.o(i.NVIC_SetPriority)
    i.NVM_Handler                            0x1004091c   Section        0  system_bluenrg1.o(i.NVM_Handler)
    i.PKA_Handler                            0x1004091e   Section        0  system_bluenrg1.o(i.PKA_Handler)
    i.PendSV_Handler                         0x10040920   Section        0  system_bluenrg1.o(i.PendSV_Handler)
    i.RESET_HANDLER                          0x10040924   Section        0  system_bluenrg1.o(i.RESET_HANDLER)
    i.RTC_Handler                            0x10040944   Section        0  system_bluenrg1.o(i.RTC_Handler)
    i.SPI_Handler                            0x10040946   Section        0  system_bluenrg1.o(i.SPI_Handler)
    i.SVC_Handler                            0x10040948   Section        0  bluenrg1_it.o(i.SVC_Handler)
    i.SdkEvalComIOSendData                   0x1004094a   Section        0  sdk_eval_com.o(i.SdkEvalComIOSendData)
    i.SdkEvalComUartInit                     0x10040960   Section        0  sdk_eval_com.o(i.SdkEvalComUartInit)
    i.SdkEvalComUartIrqConfig                0x10040a00   Section        0  sdk_eval_com.o(i.SdkEvalComUartIrqConfig)
    i.SdkEvalGetVersion                      0x10040a20   Section        0  sdk_eval_config.o(i.SdkEvalGetVersion)
    i.SdkEvalIdentification                  0x10040a2c   Section        0  sdk_eval_config.o(i.SdkEvalIdentification)
    i.SysCtrl_PeripheralClockCmd             0x10040a38   Section        0  bluenrg1_sysctrl.o(i.SysCtrl_PeripheralClockCmd)
    i.SysTick_Handler                        0x10040a78   Section        0  bluenrg1_it.o(i.SysTick_Handler)
    i.SystemInit                             0x10040a7c   Section        0  system_bluenrg1.o(i.SystemInit)
    i.UART_ClearITPendingBit                 0x10040b34   Section        0  bluenrg1_uart.o(i.UART_ClearITPendingBit)
    i.UART_Cmd                               0x10040b60   Section        0  bluenrg1_uart.o(i.UART_Cmd)
    i.UART_GetFlagStatus                     0x10040b90   Section        0  bluenrg1_uart.o(i.UART_GetFlagStatus)
    i.UART_GetITStatus                       0x10040bf0   Section        0  bluenrg1_uart.o(i.UART_GetITStatus)
    i.UART_Handler                           0x10040c20   Section        0  bluenrg1_it.o(i.UART_Handler)
    i.UART_ITConfig                          0x10040c54   Section        0  bluenrg1_uart.o(i.UART_ITConfig)
    i.UART_Init                              0x10040c98   Section        0  bluenrg1_uart.o(i.UART_Init)
    i.UART_ReceiveData                       0x10040e64   Section        0  bluenrg1_uart.o(i.UART_ReceiveData)
    i.UART_RxFifoIrqLevelConfig              0x10040e70   Section        0  bluenrg1_uart.o(i.UART_RxFifoIrqLevelConfig)
    i.UART_SendData                          0x10040eb4   Section        0  bluenrg1_uart.o(i.UART_SendData)
    i.WDG_Handler                            0x10040ee0   Section        0  system_bluenrg1.o(i.WDG_Handler)
    i.__low_level_init                       0x10040ee4   Section        0  system_bluenrg1.o(i.__low_level_init)
    i.assert_failed                          0x10040f14   Section        0  uart_interrupt_main.o(i.assert_failed)
    i.fputc                                  0x10040f16   Section        0  sdk_eval_com.o(i.fputc)
    i.main                                   0x10040f22   Section        0  uart_interrupt_main.o(i.main)
    .constdata                               0x10040f3c   Section        4  sdk_eval_config.o(.constdata)
    .constdata                               0x10040f40   Section        4  sdk_eval_config.o(.constdata)
    .constdata                               0x10040f44   Section        4  sdk_eval_config.o(.constdata)
    .constdata                               0x10040f48   Section        4  sdk_eval_config.o(.constdata)
    .conststring                             0x10040f4c   Section       69  bluenrg1_gpio.o(.conststring)
    .conststring                             0x10040f94   Section       72  bluenrg1_sysctrl.o(.conststring)
    .conststring                             0x10040fdc   Section       69  bluenrg1_uart.o(.conststring)
    .savedMSP                                0x20000008   Section        4  system_bluenrg1.o(.savedMSP)
    __tagsym$$used                           0x20000008   Number         0  system_bluenrg1.o(.savedMSP)
    .wakeupFromSleepFlag                     0x2000000c   Section        1  system_bluenrg1.o(.wakeupFromSleepFlag)
    __tagsym$$used                           0x2000000c   Number         0  system_bluenrg1.o(.wakeupFromSleepFlag)
    .app_base                                0x20000010   Section        4  system_bluenrg1.o(.app_base)
    __tagsym$$used                           0x20000010   Number         0  system_bluenrg1.o(.app_base)
    .__blueflag_RAM                          0x20000030   Section        4  system_bluenrg1.o(.__blueflag_RAM)
    __tagsym$$used                           0x20000030   Number         0  system_bluenrg1.o(.__blueflag_RAM)
    .bss.__blue_RAM                          0x200000c0   Section      524  system_bluenrg1.o(.bss.__blue_RAM)
    __blue_RAM                               0x200000c0   Data         524  system_bluenrg1.o(.bss.__blue_RAM)
    __tagsym$$used                           0x200000c0   Number         0  system_bluenrg1.o(.bss.__blue_RAM)
    .data                                    0x200002cc   Section        4  sdk_eval_com.o(.data)
    .data                                    0x200002d0   Section        1  sdk_eval_config.o(.data)
    s_SdkEvalVersion                         0x200002d0   Data           1  sdk_eval_config.o(.data)
    .data                                    0x200002d4   Section        4  system_bluenrg1.o(.data)
    .data                                    0x200002d8   Section        4  system_bluenrg1.o(.data)
    .data                                    0x200002dc   Section        4  system_bluenrg1.o(.data)

    Global Symbols

    Symbol Name                              Value     Ov Type        Size  Object(Section)

    BuildAttributes$$THM_ISAv3M$S$PE$A:L22$X:L11$S22$IEEE1$IW$USESV6$~STKCKD$USESV7$~SHL$OSPACE$ROPI$EBA8$UX$STANDARDLIB$REQ8$EABIv2 0x00000000   Number         0  anon$$obj.o ABSOLUTE
    __ARM_use_no_argv                        0x00000000   Number         0  uart_interrupt_main.o ABSOLUTE
    Image$$ZI$$Limit                          - Undefined Weak Reference
    __ARM_exceptions_init                     - Undefined Weak Reference
    __alloca_initialize                       - Undefined Weak Reference
    __arm_preinit_                            - Undefined Weak Reference
    __cpp_initialize__aeabi_                  - Undefined Weak Reference
    __cxa_finalize                            - Undefined Weak Reference
    __rt_locale                               - Undefined Weak Reference
    __sigvec_lookup                           - Undefined Weak Reference
    _atexit_init                              - Undefined Weak Reference
    _call_atexit_fns                          - Undefined Weak Reference
    _clock_init                               - Undefined Weak Reference
    _fp_trap_init                             - Undefined Weak Reference
    _fp_trap_shutdown                         - Undefined Weak Reference
    _get_lc_collate                           - Undefined Weak Reference
    _get_lc_ctype                             - Undefined Weak Reference
    _get_lc_monetary                          - Undefined Weak Reference
    _get_lc_numeric                           - Undefined Weak Reference
    _get_lc_time                              - Undefined Weak Reference
    _getenv_init                              - Undefined Weak Reference
    _handle_redirection                       - Undefined Weak Reference
    _init_alloc                               - Undefined Weak Reference
    _init_user_alloc                          - Undefined Weak Reference
    _initio                                   - Undefined Weak Reference
    _mutex_acquire                            - Undefined Weak Reference
    _mutex_release                            - Undefined Weak Reference
    _printf_post_padding                      - Undefined Weak Reference
    _printf_pre_padding                       - Undefined Weak Reference
    _printf_truncate_signed                   - Undefined Weak Reference
    _printf_truncate_unsigned                 - Undefined Weak Reference
    _rand_init                                - Undefined Weak Reference
    _signal_finish                            - Undefined Weak Reference
    _signal_init                              - Undefined Weak Reference
    _terminate_alloc                          - Undefined Weak Reference
    _terminate_user_alloc                     - Undefined Weak Reference
    _terminateio                              - Undefined Weak Reference
    __vector_table                           0x10040000   Data         192  system_bluenrg1.o(.intvec)
    __main                                   0x100400c1   Thumb Code     8  __main.o(!!!main)
    __scatterload                            0x100400c9   Thumb Code     0  __scatter.o(!!!scatter)
    __scatterload_rt2                        0x100400c9   Thumb Code    52  __scatter.o(!!!scatter)
    __scatterload_rt2_thumb_only             0x100400c9   Thumb Code     0  __scatter.o(!!!scatter)
    __scatterload_null                       0x100400d9   Thumb Code     0  __scatter.o(!!!scatter)
    __scatterload_copy                       0x10040105   Thumb Code    26  __scatter_copy.o(!!handler_copy)
    CS_contextSave                           0x10040121   Thumb Code    50  context_switch.o(. text)
    CS_contextRestore                        0x10040153   Thumb Code    20  context_switch.o(. text)
    BlueNRG_IdleSleep                        0x10040167   Thumb Code     8  context_switch.o(. text)
    _printf_percent                          0x1004018d   Thumb Code     0  _printf_percent.o(.ARM.Collect$$_printf_percent$$00000000)
    _printf_d                                0x1004018f   Thumb Code     0  _printf_d.o(.ARM.Collect$$_printf_percent$$00000009)
    _printf_percent_end                      0x10040199   Thumb Code     0  _printf_percent_end.o(.ARM.Collect$$_printf_percent$$00000017)
    __rt_lib_init                            0x1004019d   Thumb Code     0  libinit.o(.ARM.Collect$$libinit$$00000000)
    __rt_lib_init_alloca_1                   0x1004019f   Thumb Code     0  libinit2.o(.ARM.Collect$$libinit$$0000002E)
    __rt_lib_init_argv_1                     0x1004019f   Thumb Code     0  libinit2.o(.ARM.Collect$$libinit$$0000002C)
    __rt_lib_init_atexit_1                   0x1004019f   Thumb Code     0  libinit2.o(.ARM.Collect$$libinit$$0000001B)
    __rt_lib_init_clock_1                    0x1004019f   Thumb Code     0  libinit2.o(.ARM.Collect$$libinit$$00000021)
    __rt_lib_init_cpp_1                      0x1004019f   Thumb Code     0  libinit2.o(.ARM.Collect$$libinit$$00000032)
    __rt_lib_init_exceptions_1               0x1004019f   Thumb Code     0  libinit2.o(.ARM.Collect$$libinit$$00000030)
    __rt_lib_init_fp_1                       0x1004019f   Thumb Code     0  libinit2.o(.ARM.Collect$$libinit$$00000002)
    __rt_lib_init_fp_trap_1                  0x1004019f   Thumb Code     0  libinit2.o(.ARM.Collect$$libinit$$0000001F)
    __rt_lib_init_getenv_1                   0x1004019f   Thumb Code     0  libinit2.o(.ARM.Collect$$libinit$$00000023)
    __rt_lib_init_heap_1                     0x1004019f   Thumb Code     0  libinit2.o(.ARM.Collect$$libinit$$0000000A)
    __rt_lib_init_lc_collate_1               0x1004019f   Thumb Code     0  libinit2.o(.ARM.Collect$$libinit$$00000011)
    __rt_lib_init_lc_ctype_1                 0x1004019f   Thumb Code     0  libinit2.o(.ARM.Collect$$libinit$$00000013)
    __rt_lib_init_lc_monetary_1              0x1004019f   Thumb Code     0  libinit2.o(.ARM.Collect$$libinit$$00000015)
    __rt_lib_init_lc_numeric_1               0x1004019f   Thumb Code     0  libinit2.o(.ARM.Collect$$libinit$$00000017)
    __rt_lib_init_lc_time_1                  0x1004019f   Thumb Code     0  libinit2.o(.ARM.Collect$$libinit$$00000019)
    __rt_lib_init_preinit_1                  0x1004019f   Thumb Code     0  libinit2.o(.ARM.Collect$$libinit$$00000004)
    __rt_lib_init_rand_1                     0x1004019f   Thumb Code     0  libinit2.o(.ARM.Collect$$libinit$$0000000E)
    __rt_lib_init_return                     0x1004019f   Thumb Code     0  libinit2.o(.ARM.Collect$$libinit$$00000033)
    __rt_lib_init_signal_1                   0x1004019f   Thumb Code     0  libinit2.o(.ARM.Collect$$libinit$$0000001D)
    __rt_lib_init_stdio_1                    0x1004019f   Thumb Code     0  libinit2.o(.ARM.Collect$$libinit$$00000025)
    __rt_lib_init_user_alloc_1               0x1004019f   Thumb Code     0  libinit2.o(.ARM.Collect$$libinit$$0000000C)
    __rt_lib_shutdown                        0x100401a1   Thumb Code     0  libshutdown.o(.ARM.Collect$$libshutdown$$00000000)
    __rt_lib_shutdown_cpp_1                  0x100401a3   Thumb Code     0  libshutdown2.o(.ARM.Collect$$libshutdown$$00000002)
    __rt_lib_shutdown_fp_trap_1              0x100401a3   Thumb Code     0  libshutdown2.o(.ARM.Collect$$libshutdown$$00000007)
    __rt_lib_shutdown_heap_1                 0x100401a3   Thumb Code     0  libshutdown2.o(.ARM.Collect$$libshutdown$$0000000F)
    __rt_lib_shutdown_return                 0x100401a3   Thumb Code     0  libshutdown2.o(.ARM.Collect$$libshutdown$$00000010)
    __rt_lib_shutdown_signal_1               0x100401a3   Thumb Code     0  libshutdown2.o(.ARM.Collect$$libshutdown$$0000000A)
    __rt_lib_shutdown_stdio_1                0x100401a3   Thumb Code     0  libshutdown2.o(.ARM.Collect$$libshutdown$$00000004)
    __rt_lib_shutdown_user_alloc_1           0x100401a3   Thumb Code     0  libshutdown2.o(.ARM.Collect$$libshutdown$$0000000C)
    __rt_entry                               0x100401a5   Thumb Code     0  __rtentry.o(.ARM.Collect$$rtentry$$00000000)
    __rt_entry_presh_1                       0x100401a5   Thumb Code     0  __rtentry2.o(.ARM.Collect$$rtentry$$00000002)
    __rt_entry_sh                            0x100401a5   Thumb Code     0  __rtentry6.o(.ARM.Collect$$rtentry$$00000006)
    __rt_entry_li                            0x100401a9   Thumb Code     0  __rtentry2.o(.ARM.Collect$$rtentry$$0000000A)
    __rt_entry_postsh_1                      0x100401a9   Thumb Code     0  __rtentry2.o(.ARM.Collect$$rtentry$$00000009)
    __rt_entry_main                          0x100401ad   Thumb Code     0  __rtentry2.o(.ARM.Collect$$rtentry$$0000000D)
    __rt_entry_postli_1                      0x100401ad   Thumb Code     0  __rtentry2.o(.ARM.Collect$$rtentry$$0000000C)
    __rt_exit                                0x100401b9   Thumb Code     0  rtexit.o(.ARM.Collect$$rtexit$$00000000)
    __rt_exit_ls                             0x100401bb   Thumb Code     0  rtexit2.o(.ARM.Collect$$rtexit$$00000003)
    __rt_exit_prels_1                        0x100401bb   Thumb Code     0  rtexit2.o(.ARM.Collect$$rtexit$$00000002)
    __rt_exit_exit                           0x100401bf   Thumb Code     0  rtexit2.o(.ARM.Collect$$rtexit$$00000004)
    __aeabi_memcpy4                          0x100401c5   Thumb Code    56  rt_memcpy.o(.emb_text)
    __aeabi_memcpy8                          0x100401c5   Thumb Code     0  rt_memcpy.o(.emb_text)
    __2printf                                0x100401fd   Thumb Code    22  noretval__2printf.o(.text)
    __printf                                 0x10040219   Thumb Code   108  __printf.o(.text)
    _printf_int_dec                          0x10040285   Thumb Code    90  _printf_dec.o(.text)
    __aeabi_uidiv                            0x100402f1   Thumb Code     0  aeabi_sdiv.o(.text)
    __aeabi_uidivmod                         0x100402f1   Thumb Code    20  aeabi_sdiv.o(.text)
    __aeabi_idiv                             0x10040305   Thumb Code     0  aeabi_sdiv.o(.text)
    __aeabi_idivmod                          0x10040305   Thumb Code   326  aeabi_sdiv.o(.text)
    _printf_int_common                       0x1004044b   Thumb Code   176  _printf_intcommon.o(.text)
    _printf_char_file                        0x100404fd   Thumb Code    34  _printf_char_file.o(.text)
    __rt_udiv10                              0x10040525   Thumb Code    40  rtudiv10.o(.text)
    _printf_char_common                      0x10040557   Thumb Code    32  _printf_char_common.o(.text)
    ferror                                   0x1004057d   Thumb Code     8  ferror.o(.text)
    exit                                     0x10040585   Thumb Code    16  exit.o(.text)
    _sys_exit                                0x10040595   Thumb Code     8  sys_exit.o(.text)
    __I$use$semihosting                      0x100405a1   Thumb Code     0  use_no_semi.o(.text)
    __use_no_semihosting_swi                 0x100405a1   Thumb Code     2  use_no_semi.o(.text)
    __decompress                             0x100405a3   Thumb Code     0  __dczerorl.o(.text)
    __decompress0                            0x100405a3   Thumb Code    58  __dczerorl.o(.text)
    __semihosting_library_function           0x100405a3   Thumb Code     0  indicate_semi.o(.text)
    ADC_Handler                              0x100405dd   Thumb Code     2  system_bluenrg1.o(i.ADC_Handler)
    Blue_Handler                             0x100405df   Thumb Code     2  system_bluenrg1.o(i.Blue_Handler)
    DMA_Handler                              0x100405e1   Thumb Code     2  system_bluenrg1.o(i.DMA_Handler)
    DeviceConfiguration                      0x100405e5   Thumb Code   180  system_bluenrg1.o(i.DeviceConfiguration)
    GPIO_Handler                             0x100406c9   Thumb Code     2  system_bluenrg1.o(i.GPIO_Handler)
    GPIO_Init                                0x100406cd   Thumb Code   272  bluenrg1_gpio.o(i.GPIO_Init)
    HardFault_Handler                        0x100407e1   Thumb Code     2  bluenrg1_it.o(i.HardFault_Handler)
    I2C1_Handler                             0x100407e3   Thumb Code     2  system_bluenrg1.o(i.I2C1_Handler)
    I2C2_Handler                             0x100407e5   Thumb Code     2  system_bluenrg1.o(i.I2C2_Handler)
    MFT1A_Handler                            0x100407e7   Thumb Code     2  system_bluenrg1.o(i.MFT1A_Handler)
    MFT1B_Handler                            0x100407e9   Thumb Code     2  system_bluenrg1.o(i.MFT1B_Handler)
    MFT2A_Handler                            0x100407eb   Thumb Code     2  system_bluenrg1.o(i.MFT2A_Handler)
    MFT2B_Handler                            0x100407ed   Thumb Code     2  system_bluenrg1.o(i.MFT2B_Handler)
    NMI_Handler                              0x100407ef   Thumb Code     2  bluenrg1_it.o(i.NMI_Handler)
    NVIC_Init                                0x100407f1   Thumb Code   158  misc.o(i.NVIC_Init)
    NVM_Handler                              0x1004091d   Thumb Code     2  system_bluenrg1.o(i.NVM_Handler)
    PKA_Handler                              0x1004091f   Thumb Code     2  system_bluenrg1.o(i.PKA_Handler)
    PendSV_Handler                           0x10040921   Thumb Code     2  system_bluenrg1.o(i.PendSV_Handler)
    RESET_HANDLER                            0x10040925   Thumb Code    28  system_bluenrg1.o(i.RESET_HANDLER)
    RTC_Handler                              0x10040945   Thumb Code     2  system_bluenrg1.o(i.RTC_Handler)
    SPI_Handler                              0x10040947   Thumb Code     2  system_bluenrg1.o(i.SPI_Handler)
    SVC_Handler                              0x10040949   Thumb Code     2  bluenrg1_it.o(i.SVC_Handler)
    SdkEvalComIOSendData                     0x1004094b   Thumb Code    22  sdk_eval_com.o(i.SdkEvalComIOSendData)
    SdkEvalComUartInit                       0x10040961   Thumb Code   144  sdk_eval_com.o(i.SdkEvalComUartInit)
    SdkEvalComUartIrqConfig                  0x10040a01   Thumb Code    32  sdk_eval_com.o(i.SdkEvalComUartIrqConfig)
    SdkEvalGetVersion                        0x10040a21   Thumb Code     6  sdk_eval_config.o(i.SdkEvalGetVersion)
    SdkEvalIdentification                    0x10040a2d   Thumb Code     8  sdk_eval_config.o(i.SdkEvalIdentification)
    SysCtrl_PeripheralClockCmd               0x10040a39   Thumb Code    52  bluenrg1_sysctrl.o(i.SysCtrl_PeripheralClockCmd)
    SysTick_Handler                          0x10040a79   Thumb Code     2  bluenrg1_it.o(i.SysTick_Handler)
    SystemInit                               0x10040a7d   Thumb Code   170  system_bluenrg1.o(i.SystemInit)
    UART_ClearITPendingBit                   0x10040b35   Thumb Code    30  bluenrg1_uart.o(i.UART_ClearITPendingBit)
    UART_Cmd                                 0x10040b61   Thumb Code    38  bluenrg1_uart.o(i.UART_Cmd)
    UART_GetFlagStatus                       0x10040b91   Thumb Code    82  bluenrg1_uart.o(i.UART_GetFlagStatus)
    UART_GetITStatus                         0x10040bf1   Thumb Code    36  bluenrg1_uart.o(i.UART_GetITStatus)
    UART_Handler                             0x10040c21   Thumb Code    42  bluenrg1_it.o(i.UART_Handler)
    UART_ITConfig                            0x10040c55   Thumb Code    56  bluenrg1_uart.o(i.UART_ITConfig)
    UART_Init                                0x10040c99   Thumb Code   444  bluenrg1_uart.o(i.UART_Init)
    UART_ReceiveData                         0x10040e65   Thumb Code     8  bluenrg1_uart.o(i.UART_ReceiveData)
    UART_RxFifoIrqLevelConfig                0x10040e71   Thumb Code    58  bluenrg1_uart.o(i.UART_RxFifoIrqLevelConfig)
    UART_SendData                            0x10040eb5   Thumb Code    30  bluenrg1_uart.o(i.UART_SendData)
    WDG_Handler                              0x10040ee1   Thumb Code     2  system_bluenrg1.o(i.WDG_Handler)
    __low_level_init                         0x10040ee5   Thumb Code    34  system_bluenrg1.o(i.__low_level_init)
    assert_failed                            0x10040f15   Thumb Code     2  uart_interrupt_main.o(i.assert_failed)
    fputc                                    0x10040f17   Thumb Code    12  sdk_eval_com.o(i.fputc)
    main                                     0x10040f23   Thumb Code    24  uart_interrupt_main.o(i.main)
    s_UartTxPinVersion                       0x10040f3c   Data           4  sdk_eval_config.o(.constdata)
    s_UartTxModeVersion                      0x10040f40   Data           4  sdk_eval_config.o(.constdata)
    s_UartRxPinVersion                       0x10040f44   Data           4  sdk_eval_config.o(.constdata)
    s_UartRxModeVersion                      0x10040f48   Data           4  sdk_eval_config.o(.constdata)
    Region$$Table$$Base                      0x10041024   Number         0  anon$$obj.o(Region$$Table)
    Region$$Table$$Limit                     0x10041084   Number         0  anon$$obj.o(Region$$Table)
    savedMSP                                 0x20000008   Data           4  system_bluenrg1.o(.savedMSP)
    wakeupFromSleepFlag                      0x2000000c   Data           1  system_bluenrg1.o(.wakeupFromSleepFlag)
    app_base                                 0x20000010   Data           4  system_bluenrg1.o(.app_base)
    __blueflag_RAM                           0x20000030   Data           4  system_bluenrg1.o(.__blueflag_RAM)
    __stdout                                 0x200002cc   Data           4  sdk_eval_com.o(.data)
    savedICSR                                0x200002d4   Data           4  system_bluenrg1.o(.data)
    savedSHCSR                               0x200002d8   Data           4  system_bluenrg1.o(.data)
    savedNVIC_ISPR                           0x200002dc   Data           4  system_bluenrg1.o(.data)
    Image$$ARM_LIB_STACKHEAP$$ZI$$Base       0x20005400   Number         0  anon$$obj.o ABSOLUTE
    Image$$ARM_LIB_STACKHEAP$$ZI$$Limit      0x20006000   Number         0  anon$$obj.o ABSOLUTE



==============================================================================

Memory Map of the image

  Image Entry point : 0x100400c1

  Load Region LR_IROM2 (Base: 0x10040000, Size: 0x00000000, Max: 0x00000000, ABSOLUTE)

    Execution Region REGION_FLASH_BOOTLOADER (Base: 0x10040000, Size: 0x00000000, Max: 0x00000000, ABSOLUTE)

    **** No section assigned to this execution region ****



  Load Region LR_IROM1 (Base: 0x10040000, Size: 0x000012b4, Max: 0x00028000, ABSOLUTE, COMPRESSED[0x000010b0])

    Execution Region REGION_ROM (Base: 0x10000000, Size: 0x00000800, Max: 0x00000800, ABSOLUTE)

    Base Addr    Size         Type   Attr      Idx    E Section Name        Object

    0x10000000   0x00000800   Zero   RW            1    REGION_ROM.bss      anon$$obj.o


    Execution Region REGION_FLASH (Base: 0x10040000, Size: 0x00001084, Max: 0x00026fff, ABSOLUTE)

    Base Addr    Size         Type   Attr      Idx    E Section Name        Object

    0x10040000   0x000000c0   Data   RO         2077    .intvec             system_bluenrg1.o
    0x100400c0   0x00000008   Code   RO         2390  * !!!main             c_p.l(__main.o)
    0x100400c8   0x0000003c   Code   RO         2613    !!!scatter          c_p.l(__scatter.o)
    0x10040104   0x0000001a   Code   RO         2615    !!handler_copy      c_p.l(__scatter_copy.o)
    0x1004011e   0x00000002   PAD
    0x10040120   0x0000006c   Code   RO         2037    . text              context_switch.o
    0x1004018c   0x00000002   Code   RO         2381    .ARM.Collect$$_printf_percent$$00000000  c_p.l(_printf_percent.o)
    0x1004018e   0x0000000a   Code   RO         2380    .ARM.Collect$$_printf_percent$$00000009  c_p.l(_printf_d.o)
    0x10040198   0x00000004   Code   RO         2426    .ARM.Collect$$_printf_percent$$00000017  c_p.l(_printf_percent_end.o)
    0x1004019c   0x00000002   Code   RO         2474    .ARM.Collect$$libinit$$00000000  c_p.l(libinit.o)
    0x1004019e   0x00000000   Code   RO         2490    .ARM.Collect$$libinit$$00000002  c_p.l(libinit2.o)
    0x1004019e   0x00000000   Code   RO         2492    .ARM.Collect$$libinit$$00000004  c_p.l(libinit2.o)
    0x1004019e   0x00000000   Code   RO         2495    .ARM.Collect$$libinit$$0000000A  c_p.l(libinit2.o)
    0x1004019e   0x00000000   Code   RO         2497    .ARM.Collect$$libinit$$0000000C  c_p.l(libinit2.o)
    0x1004019e   0x00000000   Code   RO         2499    .ARM.Collect$$libinit$$0000000E  c_p.l(libinit2.o)
    0x1004019e   0x00000000   Code   RO         2502    .ARM.Collect$$libinit$$00000011  c_p.l(libinit2.o)
    0x1004019e   0x00000000   Code   RO         2504    .ARM.Collect$$libinit$$00000013  c_p.l(libinit2.o)
    0x1004019e   0x00000000   Code   RO         2506    .ARM.Collect$$libinit$$00000015  c_p.l(libinit2.o)
    0x1004019e   0x00000000   Code   RO         2508    .ARM.Collect$$libinit$$00000017  c_p.l(libinit2.o)
    0x1004019e   0x00000000   Code   RO         2510    .ARM.Collect$$libinit$$00000019  c_p.l(libinit2.o)
    0x1004019e   0x00000000   Code   RO         2512    .ARM.Collect$$libinit$$0000001B  c_p.l(libinit2.o)
    0x1004019e   0x00000000   Code   RO         2514    .ARM.Collect$$libinit$$0000001D  c_p.l(libinit2.o)
    0x1004019e   0x00000000   Code   RO         2516    .ARM.Collect$$libinit$$0000001F  c_p.l(libinit2.o)
    0x1004019e   0x00000000   Code   RO         2518    .ARM.Collect$$libinit$$00000021  c_p.l(libinit2.o)
    0x1004019e   0x00000000   Code   RO         2520    .ARM.Collect$$libinit$$00000023  c_p.l(libinit2.o)
    0x1004019e   0x00000000   Code   RO         2522    .ARM.Collect$$libinit$$00000025  c_p.l(libinit2.o)
    0x1004019e   0x00000000   Code   RO         2526    .ARM.Collect$$libinit$$0000002C  c_p.l(libinit2.o)
    0x1004019e   0x00000000   Code   RO         2528    .ARM.Collect$$libinit$$0000002E  c_p.l(libinit2.o)
    0x1004019e   0x00000000   Code   RO         2530    .ARM.Collect$$libinit$$00000030  c_p.l(libinit2.o)
    0x1004019e   0x00000000   Code   RO         2532    .ARM.Collect$$libinit$$00000032  c_p.l(libinit2.o)
    0x1004019e   0x00000002   Code   RO         2533    .ARM.Collect$$libinit$$00000033  c_p.l(libinit2.o)
    0x100401a0   0x00000002   Code   RO         2568    .ARM.Collect$$libshutdown$$00000000  c_p.l(libshutdown.o)
    0x100401a2   0x00000000   Code   RO         2594    .ARM.Collect$$libshutdown$$00000002  c_p.l(libshutdown2.o)
    0x100401a2   0x00000000   Code   RO         2596    .ARM.Collect$$libshutdown$$00000004  c_p.l(libshutdown2.o)
    0x100401a2   0x00000000   Code   RO         2599    .ARM.Collect$$libshutdown$$00000007  c_p.l(libshutdown2.o)
    0x100401a2   0x00000000   Code   RO         2602    .ARM.Collect$$libshutdown$$0000000A  c_p.l(libshutdown2.o)
    0x100401a2   0x00000000   Code   RO         2604    .ARM.Collect$$libshutdown$$0000000C  c_p.l(libshutdown2.o)
    0x100401a2   0x00000000   Code   RO         2607    .ARM.Collect$$libshutdown$$0000000F  c_p.l(libshutdown2.o)
    0x100401a2   0x00000002   Code   RO         2608    .ARM.Collect$$libshutdown$$00000010  c_p.l(libshutdown2.o)
    0x100401a4   0x00000000   Code   RO         2417    .ARM.Collect$$rtentry$$00000000  c_p.l(__rtentry.o)
    0x100401a4   0x00000000   Code   RO         2431    .ARM.Collect$$rtentry$$00000002  c_p.l(__rtentry2.o)
    0x100401a4   0x00000004   Code   RO         2445    .ARM.Collect$$rtentry$$00000006  c_p.l(__rtentry6.o)
    0x100401a8   0x00000000   Code   RO         2433    .ARM.Collect$$rtentry$$00000009  c_p.l(__rtentry2.o)
    0x100401a8   0x00000004   Code   RO         2434    .ARM.Collect$$rtentry$$0000000A  c_p.l(__rtentry2.o)
    0x100401ac   0x00000000   Code   RO         2436    .ARM.Collect$$rtentry$$0000000C  c_p.l(__rtentry2.o)
    0x100401ac   0x00000008   Code   RO         2437    .ARM.Collect$$rtentry$$0000000D  c_p.l(__rtentry2.o)
    0x100401b4   0x00000004   Code   RO         2446    .ARM.Collect$$rtentry$$00002717  c_p.l(__rtentry6.o)
    0x100401b8   0x00000002   Code   RO         2481    .ARM.Collect$$rtexit$$00000000  c_p.l(rtexit.o)
    0x100401ba   0x00000000   Code   RO         2544    .ARM.Collect$$rtexit$$00000002  c_p.l(rtexit2.o)
    0x100401ba   0x00000004   Code   RO         2545    .ARM.Collect$$rtexit$$00000003  c_p.l(rtexit2.o)
    0x100401be   0x00000006   Code   RO         2546    .ARM.Collect$$rtexit$$00000004  c_p.l(rtexit2.o)
    0x100401c4   0x00000038   Code   RO         2382    .emb_text           c_p.l(rt_memcpy.o)
    0x100401fc   0x0000001c   Code   RO         2354    .text               c_p.l(noretval__2printf.o)
    0x10040218   0x0000006c   Code   RO         2356    .text               c_p.l(__printf.o)
    0x10040284   0x0000006c   Code   RO         2358    .text               c_p.l(_printf_dec.o)
    0x100402f0   0x0000015a   Code   RO         2386    .text               c_p.l(aeabi_sdiv.o)
    0x1004044a   0x000000b0   Code   RO         2422    .text               c_p.l(_printf_intcommon.o)
    0x100404fa   0x00000002   PAD
    0x100404fc   0x00000028   Code   RO         2424    .text               c_p.l(_printf_char_file.o)
    0x10040524   0x00000028   Code   RO         2427    .text               c_p.l(rtudiv10.o)
    0x1004054c   0x00000030   Code   RO         2452    .text               c_p.l(_printf_char_common.o)
    0x1004057c   0x00000008   Code   RO         2454    .text               c_p.l(ferror.o)
    0x10040584   0x00000010   Code   RO         2463    .text               c_p.l(exit.o)
    0x10040594   0x0000000c   Code   RO         2538    .text               c_p.l(sys_exit.o)
    0x100405a0   0x00000002   Code   RO         2540    .text               c_p.l(use_no_semi.o)
    0x100405a2   0x00000000   Code   RO         2542    .text               c_p.l(indicate_semi.o)
    0x100405a2   0x0000003a   Code   RO         2611    .text               c_p.l(__dczerorl.o)
    0x100405dc   0x00000002   Code   RO         2043    i.ADC_Handler       system_bluenrg1.o
    0x100405de   0x00000002   Code   RO         2046    i.Blue_Handler      system_bluenrg1.o
    0x100405e0   0x00000002   Code   RO         2047    i.DMA_Handler       system_bluenrg1.o
    0x100405e2   0x00000002   PAD
    0x100405e4   0x000000e4   Code   RO         2048    i.DeviceConfiguration  system_bluenrg1.o
    0x100406c8   0x00000002   Code   RO         2049    i.GPIO_Handler      system_bluenrg1.o
    0x100406ca   0x00000002   PAD
    0x100406cc   0x00000114   Code   RO          353    i.GPIO_Init         bluenrg1_gpio.o
    0x100407e0   0x00000002   Code   RO         2245    i.HardFault_Handler  bluenrg1_it.o
    0x100407e2   0x00000002   Code   RO         2051    i.I2C1_Handler      system_bluenrg1.o
    0x100407e4   0x00000002   Code   RO         2052    i.I2C2_Handler      system_bluenrg1.o
    0x100407e6   0x00000002   Code   RO         2053    i.MFT1A_Handler     system_bluenrg1.o
    0x100407e8   0x00000002   Code   RO         2054    i.MFT1B_Handler     system_bluenrg1.o
    0x100407ea   0x00000002   Code   RO         2055    i.MFT2A_Handler     system_bluenrg1.o
    0x100407ec   0x00000002   Code   RO         2056    i.MFT2B_Handler     system_bluenrg1.o
    0x100407ee   0x00000002   Code   RO         2246    i.NMI_Handler       bluenrg1_it.o
    0x100407f0   0x000000e8   Code   RO         1350    i.NVIC_Init         misc.o
    0x100408d8   0x00000044   Code   RO         2058    i.NVIC_SetPriority  system_bluenrg1.o
    0x1004091c   0x00000002   Code   RO         2059    i.NVM_Handler       system_bluenrg1.o
    0x1004091e   0x00000002   Code   RO         2060    i.PKA_Handler       system_bluenrg1.o
    0x10040920   0x00000002   Code   RO         2061    i.PendSV_Handler    system_bluenrg1.o
    0x10040922   0x00000002   PAD
    0x10040924   0x00000020   Code   RO         2062    i.RESET_HANDLER     system_bluenrg1.o
    0x10040944   0x00000002   Code   RO         2063    i.RTC_Handler       system_bluenrg1.o
    0x10040946   0x00000002   Code   RO         2064    i.SPI_Handler       system_bluenrg1.o
    0x10040948   0x00000002   Code   RO         2247    i.SVC_Handler       bluenrg1_it.o
    0x1004094a   0x00000016   Code   RO         1670    i.SdkEvalComIOSendData  sdk_eval_com.o
    0x10040960   0x000000a0   Code   RO         1673    i.SdkEvalComUartInit  sdk_eval_com.o
    0x10040a00   0x00000020   Code   RO         1674    i.SdkEvalComUartIrqConfig  sdk_eval_com.o
    0x10040a20   0x0000000c   Code   RO         1763    i.SdkEvalGetVersion  sdk_eval_config.o
    0x10040a2c   0x0000000c   Code   RO         1764    i.SdkEvalIdentification  sdk_eval_config.o
    0x10040a38   0x00000040   Code   RO         1064    i.SysCtrl_PeripheralClockCmd  bluenrg1_sysctrl.o
    0x10040a78   0x00000002   Code   RO         2248    i.SysTick_Handler   bluenrg1_it.o
    0x10040a7a   0x00000002   PAD
    0x10040a7c   0x000000b8   Code   RO         2067    i.SystemInit        system_bluenrg1.o
    0x10040b34   0x0000002c   Code   RO         1112    i.UART_ClearITPendingBit  bluenrg1_uart.o
    0x10040b60   0x00000030   Code   RO         1113    i.UART_Cmd          bluenrg1_uart.o
    0x10040b90   0x00000060   Code   RO         1116    i.UART_GetFlagStatus  bluenrg1_uart.o
    0x10040bf0   0x00000030   Code   RO         1117    i.UART_GetITStatus  bluenrg1_uart.o
    0x10040c20   0x00000034   Code   RO         2249    i.UART_Handler      bluenrg1_it.o
    0x10040c54   0x00000044   Code   RO         1118    i.UART_ITConfig     bluenrg1_uart.o
    0x10040c98   0x000001cc   Code   RO         1119    i.UART_Init         bluenrg1_uart.o
    0x10040e64   0x0000000c   Code   RO         1120    i.UART_ReceiveData  bluenrg1_uart.o
    0x10040e70   0x00000044   Code   RO         1122    i.UART_RxFifoIrqLevelConfig  bluenrg1_uart.o
    0x10040eb4   0x0000002c   Code   RO         1124    i.UART_SendData     bluenrg1_uart.o
    0x10040ee0   0x00000002   Code   RO         2069    i.WDG_Handler       system_bluenrg1.o
    0x10040ee2   0x00000002   PAD
    0x10040ee4   0x00000030   Code   RO         2070    i.__low_level_init  system_bluenrg1.o
    0x10040f14   0x00000002   Code   RO         2295    i.assert_failed     uart_interrupt_main.o
    0x10040f16   0x0000000c   Code   RO         1677    i.fputc             sdk_eval_com.o
    0x10040f22   0x00000018   Code   RO         2296    i.main              uart_interrupt_main.o
    0x10040f3a   0x00000002   PAD
    0x10040f3c   0x00000004   Data   RO         1766    .constdata          sdk_eval_config.o
    0x10040f40   0x00000004   Data   RO         1767    .constdata          sdk_eval_config.o
    0x10040f44   0x00000004   Data   RO         1768    .constdata          sdk_eval_config.o
    0x10040f48   0x00000004   Data   RO         1769    .constdata          sdk_eval_config.o
    0x10040f4c   0x00000045   Data   RO          361    .conststring        bluenrg1_gpio.o
    0x10040f91   0x00000003   PAD
    0x10040f94   0x00000048   Data   RO         1067    .conststring        bluenrg1_sysctrl.o
    0x10040fdc   0x00000045   Data   RO         1136    .conststring        bluenrg1_uart.o
    0x10041021   0x00000003   PAD
    0x10041024   0x00000060   Data   RO         2609    Region$$Table       anon$$obj.o


    Execution Region BLOCK_STACKLIB_FLASH_DATA (Base: 0x10067000, Size: 0x00000000, Max: 0x00001000, ABSOLUTE, UNINIT)

    **** No section assigned to this execution region ****


    Execution Region ota_sw_activation_block (Base: 0x20000004, Size: 0x00000000, Max: 0x00000004, ABSOLUTE, UNINIT)

    **** No section assigned to this execution region ****


    Execution Region savedMSP_block (Base: 0x20000008, Size: 0x00000004, Max: 0x00000004, ABSOLUTE)

    Base Addr    Size         Type   Attr      Idx    E Section Name        Object

    0x20000008   0x00000004   Data   RW         2079    .savedMSP           system_bluenrg1.o


    Execution Region wakeupFromSleepFlag_block (Base: 0x2000000c, Size: 0x00000004, Max: 0x00000004, ABSOLUTE)

    Base Addr    Size         Type   Attr      Idx    E Section Name        Object

    0x2000000c   0x00000001   Data   RW         2080    .wakeupFromSleepFlag  system_bluenrg1.o


    Execution Region app_base_block (Base: 0x20000010, Size: 0x00000004, Max: 0x00000004, ABSOLUTE)

    Base Addr    Size         Type   Attr      Idx    E Section Name        Object

    0x20000010   0x00000004   Data   RW         2072    .app_base           system_bluenrg1.o


    Execution Region Blue_Flag_Ram_block (Base: 0x20000030, Size: 0x00000004, Max: 0x00000004, ABSOLUTE)

    Base Addr    Size         Type   Attr      Idx    E Section Name        Object

    0x20000030   0x00000004   Data   RW         2071    .__blueflag_RAM     system_bluenrg1.o


    Execution Region Crash_Info_block (Base: 0x20000034, Size: 0x00000000, Max: 0x00000028, ABSOLUTE, UNINIT)

    **** No section assigned to this execution region ****


    Execution Region BLUE (Base: 0x200000c0, Size: 0x0000020c, Max: 0x0000020c, ABSOLUTE, COMPRESSED[0x00000008])

    Base Addr    Size         Type   Attr      Idx    E Section Name        Object

    0x200000c0   0x0000020c   Data   RW         2073    .bss.__blue_RAM     system_bluenrg1.o


    Execution Region REGION_RAM2 (Base: 0x200002cc, Size: 0x00000014, Max: 0x00005d34, ABSOLUTE)

    Base Addr    Size         Type   Attr      Idx    E Section Name        Object

    0x200002cc   0x00000004   Data   RW         1680    .data               sdk_eval_com.o
    0x200002d0   0x00000001   Data   RW         1789    .data               sdk_eval_config.o
    0x200002d1   0x00000003   PAD
    0x200002d4   0x00000004   Data   RW         2074    .data               system_bluenrg1.o
    0x200002d8   0x00000004   Data   RW         2075    .data               system_bluenrg1.o
    0x200002dc   0x00000004   Data   RW         2076    .data               system_bluenrg1.o


    Execution Region ARM_LIB_STACKHEAP (Base: 0x20005400, Size: 0x00000c00, Max: 0x00000c00, ABSOLUTE)

    Base Addr    Size         Type   Attr      Idx    E Section Name        Object

    0x20005400   0x00000c00   Zero   RW            2    ARM_LIB_STACKHEAP.bss  anon$$obj.o


==============================================================================

Image component sizes


      Code (inc. data)   RO Data    RW Data    ZI Data      Debug   Object Name

         0          0          0          0          0      26832   bluenrg1_adc.o
       276          4         69          0          0       8428   bluenrg1_gpio.o
        60         10          0          0          0       2405   bluenrg1_it.o
        64         12         72          0          0        809   bluenrg1_sysctrl.o
       888        106         69          0          0      11259   bluenrg1_uart.o
       108         30          0          0          0        620   context_switch.o
         0          0          0          0          0        664   lps25hb.o
       232         74          0          0          0       7892   misc.o
       226         16          0          4          0       5724   sdk_eval_com.o
        24         10         16          1          0       4001   sdk_eval_config.o
       592         88        192        549          0      17057   system_bluenrg1.o
        26          0          0          0          0       1559   uart_interrupt_main.o

    ----------------------------------------------------------------------
      2508        350        520        560       5120      87250   Object Totals
         0          0         96          0       5120          0   (incl. Generated)
        12          0          6          6          0          0   (incl. Padding)

    ----------------------------------------------------------------------

      Code (inc. data)   RO Data    RW Data    ZI Data      Debug   Library Member Name

        58          0          0          0          0          0   __dczerorl.o
         8          0          0          0          0         68   __main.o
       108          0          0          0          0         76   __printf.o
         0          0          0          0          0          0   __rtentry.o
        12          0          0          0          0          0   __rtentry2.o
         8          4          0          0          0          0   __rtentry6.o
        60          8          0          0          0          0   __scatter.o
        26          0          0          0          0          0   __scatter_copy.o
        48          6          0          0          0         88   _printf_char_common.o
        40          6          0          0          0         72   _printf_char_file.o
        10          0          0          0          0          0   _printf_d.o
       108         18          0          0          0         76   _printf_dec.o
       176          0          0          0          0         84   _printf_intcommon.o
         2          0          0          0          0          0   _printf_percent.o
         4          0          0          0          0          0   _printf_percent_end.o
       346          0          0          0          0         92   aeabi_sdiv.o
        16          0          0          0          0         68   exit.o
         8          0          0          0          0         60   ferror.o
         0          0          0          0          0          0   indicate_semi.o
         2          0          0          0          0          0   libinit.o
         2          0          0          0          0          0   libinit2.o
         2          0          0          0          0          0   libshutdown.o
         2          0          0          0          0          0   libshutdown2.o
        28          6          0          0          0         84   noretval__2printf.o
        56          0          0          0          0         68   rt_memcpy.o
         2          0          0          0          0          0   rtexit.o
        10          0          0          0          0          0   rtexit2.o
        40          0          0          0          0         60   rtudiv10.o
        12          4          0          0          0         60   sys_exit.o
         2          0          0          0          0         68   use_no_semi.o

    ----------------------------------------------------------------------
      1200         52          0          0          0       1024   Library Totals
         4          0          0          0          0          0   (incl. Padding)

    ----------------------------------------------------------------------

      Code (inc. data)   RO Data    RW Data    ZI Data      Debug   Library Name

      1196         52          0          0          0       1024   c_p.l

    ----------------------------------------------------------------------
      1200         52          0          0          0       1024   Library Totals

    ----------------------------------------------------------------------

==============================================================================


      Code (inc. data)   RO Data    RW Data    ZI Data      Debug   

      3708        402        520        560       5120      85986   Grand Totals
      3708        402        520         44       5120      85986   ELF Image Totals (compressed)
      3708        402        520         44          0          0   ROM Totals

==============================================================================

    Total RO  Size (Code + RO Data)                 4228 (   4.13kB)
    Total RW  Size (RW Data + ZI Data)              5680 (   5.55kB)
    Total ROM Size (Code + RO Data + RW Data)       4272 (   4.17kB)

==============================================================================

