<html>
<body>
<pre>
<h1>µVision Build Log</h1>
<h2>Tool Versions:</h2>
IDE-Version: ¦ÌVision V5.23.0.0
Copyright (C) 2017 ARM Ltd and ARM Germany GmbH. All rights reserved.
License Information: hdihai fsfa, fsf, LIC=7YKJJ-U4SLQ-D1XPR-K27CQ-PD1AC-0PKJ4
 
Tool Versions:
Toolchain:       MDK-ARM Professional  Version: 5.23
Toolchain Path:  D:\Software\keil\ARM\ARMCC\Bin
C Compiler:      Armcc.exe V5.06 update 4 (build 422)
Assembler:       Armasm.exe V5.06 update 4 (build 422)
Linker/Locator:  ArmLink.exe V5.06 update 4 (build 422)
Library Manager: ArmAr.exe V5.06 update 4 (build 422)
Hex Converter:   FromElf.exe V5.06 update 4 (build 422)
CPU DLL:         SARMCM3.DLL V5.23
Dialog DLL:      DARMCM1.DLL V1.17.0.0
Target DLL:      STLink\ST-LINKIII-KEIL_SWO.dll V2.0.18.0
Dialog DLL:      TARMCM1.DLL V1.12.0.0
 
<h2>Project:</h2>
D:\Program Files (x86)\STMicroelectronics\BlueNRG-1_2 DK 2.5.0\Project\BlueNRG1_Periph_Examples\UART\Polling\MDK-ARM\BlueNRG-1\Polling.uvprojx
Project File Date:  06/27/2017

<h2>Output:</h2>
*** Using Compiler 'V5.06 update 4 (build 422)', folder: 'D:\Software\keil\ARM\ARMCC\Bin'
Build target 'Release'
compiling BlueNRG1_dma.c...
compiling BlueNRG1_adc.c...
compiling BlueNRG1_flash.c...
compiling BlueNRG1_gpio.c...
compiling BlueNRG1_mft.c...
compiling BlueNRG1_i2c.c...
compiling BlueNRG1_rng.c...
compiling BlueNRG1_rtc.c...
compiling BlueNRG1_spi.c...
compiling BlueNRG1_sysCtrl.c...
compiling BlueNRG1_uart.c...
compiling BlueNRG1_wdg.c...
compiling misc.c...
compiling LPS25HB.c...
compiling LSM6DS3.c...
compiling SDK_EVAL_Button.c...
compiling SDK_EVAL_Com.c...
compiling SDK_EVAL_Config.c...
compiling SDK_EVAL_I2C.c...
compiling SDK_EVAL_Led.c...
compiling SDK_EVAL_SPI.c...
assembling context_switch.s...
compiling system_bluenrg1.c...
compiling BlueNRG1_it.c...
compiling UART_Polling_main.c...
linking...
.\BlueNRG1.sct(114): warning: L6329W: Pattern *.o(.ota_sw_activation) only matches removed unused sections.
Program Size: Code=2656 RO-data=520 RW-data=556 ZI-data=5120  
Finished: 0 information, 1 warning and 0 error messages.
FromELF: creating hex file...
".\Objects\Polling.axf" - 0 Error(s), 1 Warning(s).

<h2>Collection of Component include folders:</h2>
  .\RTE\_Release

<h2>Collection of Component Files used:</h2>
Build Time Elapsed:  00:01:53
</pre>
</body>
</html>
